2026-09-06T11:53:29.1525396+08:00 pid=69024 tid=1 word-addin-loaded pid=69024 assembly=C:\Users\pojian_liao\AppData\Local\VisualTeX\office\remediation-builds\AD48C2DA4301A3C7FE6FFA009D8F400DAF7D98DBB640B9CB7023AAA94ECF84C5\VisualTeX.WordVsto.dll mvid=cd101794-15d9-4ef5-a5f3-35faf3094203
2026-09-06T11:53:29.4439292+08:00 pid=69024 tid=1 hook-started handle=0x13F77
2026-09-06T11:53:29.6424674+08:00 pid=69024 tid=9 mathtype-native-preview-shared-prewarm-complete
2026-09-06T11:53:50.3276147+08:00 pid=69024 tid=11 left-down x=1083 y=2146 wordForeground=True
2026-09-06T11:54:06.8796929+08:00 pid=69024 tid=11 left-down x=1984 y=1086 wordForeground=False
2026-09-06T11:54:45.4884821+08:00 pid=69024 tid=1 word-undo-begin name=VisualTeX 重绘 LaTeX 公式 recording=False level=0
2026-09-06T11:54:45.4884821+08:00 pid=69024 tid=1 word-undo-started name=VisualTeX 重绘 LaTeX 公式 recording=True level=1
2026-09-06T11:54:46.9893567+08:00 pid=69024 tid=1 word-undo-end recording=False level=0
2026-09-06T11:56:53.7308474+08:00 pid=69024 tid=11 left-down x=2024 y=1187 wordForeground=True
2026-09-06T11:56:55.2884113+08:00 pid=69024 tid=1 word-undo-begin name=VisualTeX Insert Equation Reference recording=False level=0
2026-09-06T11:56:55.2894112+08:00 pid=69024 tid=1 word-undo-started name=VisualTeX Insert Equation Reference recording=True level=1
2026-09-06T11:56:55.3764133+08:00 pid=69024 tid=1 word-undo-end recording=True level=1
2026-09-06T11:57:01.3620642+08:00 pid=69024 tid=11 left-down x=1838 y=818 wordForeground=True
2026-09-06T11:57:02.0992224+08:00 pid=69024 tid=1 word-undo-begin name=VisualTeX Set Equation Number Format recording=False level=0
2026-09-06T11:57:02.0992224+08:00 pid=69024 tid=1 word-undo-started name=VisualTeX Set Equation Number Format recording=True level=1
2026-09-06T11:57:02.2641023+08:00 pid=69024 tid=1 word-undo-end recording=False level=0
2026-09-06T12:09:32.0057478+08:00 pid=69024 tid=11 left-down x=2024 y=1187 wordForeground=True
2026-09-06T12:10:06.3930833+08:00 pid=69024 tid=11 left-down x=1838 y=688 wordForeground=True
2026-09-06T12:10:48.5055688+08:00 pid=69024 tid=11 left-down x=1151 y=1515 wordForeground=True
2026-09-06T12:10:49.1370537+08:00 pid=69024 tid=11 left-down x=1151 y=1515 wordForeground=True
2026-09-06T12:12:07.1467606+08:00 pid=69024 tid=11 left-down x=1838 y=774 wordForeground=True
2026-09-06T12:12:58.5463103+08:00 pid=69024 tid=11 left-down x=1170 y=1320 wordForeground=True
2026-09-06T12:12:59.0533398+08:00 pid=69024 tid=11 left-down x=1170 y=1320 wordForeground=True
2026-09-06T12:16:37.9736242+08:00 pid=69024 tid=11 left-down x=801 y=814 wordForeground=True
2026-09-06T12:16:39.7802164+08:00 pid=69024 tid=11 left-down x=1006 y=849 wordForeground=False
2026-09-06T12:19:29.3842264+08:00 pid=69024 tid=11 left-down x=2024 y=1187 wordForeground=True
2026-09-06T12:19:37.2832631+08:00 pid=69024 tid=11 left-down x=1838 y=688 wordForeground=True
2026-09-06T12:30:32.4842468+08:00 pid=69024 tid=11 left-down x=2024 y=1187 wordForeground=True
2026-09-06T12:36:36.4654423+08:00 pid=69024 tid=11 left-down x=2024 y=1187 wordForeground=True
2026-09-06T12:38:55.9514099+08:00 pid=69024 tid=11 left-down x=2024 y=1187 wordForeground=True
2026-09-06T12:40:48.3609795+08:00 pid=69024 tid=11 left-down x=1838 y=860 wordForeground=True
2026-09-06T12:41:32.3318458+08:00 pid=69024 tid=11 left-down x=1183 y=1627 wordForeground=True
2026-09-06T12:41:32.9577373+08:00 pid=69024 tid=11 left-down x=1183 y=1627 wordForeground=True
2026-09-06T12:42:48.2705483+08:00 pid=69024 tid=11 left-down x=1838 y=732 wordForeground=True
2026-09-06T12:44:28.9665124+08:00 pid=69024 tid=11 left-down x=1838 y=688 wordForeground=True
2026-09-06T12:51:11.3838095+08:00 pid=69024 tid=11 left-down x=1302 y=747 wordForeground=False
2026-09-06T12:52:21.7740040+08:00 pid=69024 tid=11 left-down x=2058 y=1197 wordForeground=True
2026-09-06T12:59:16.6973035+08:00 pid=69024 tid=11 left-down x=1302 y=747 wordForeground=False
2026-09-06T13:00:33.4838105+08:00 pid=69024 tid=11 left-down x=2024 y=1163 wordForeground=True
2026-09-06T13:03:49.5309608+08:00 pid=69024 tid=11 left-down x=846 y=1216 wordForeground=True
2026-09-06T13:04:06.3271111+08:00 pid=69024 tid=11 left-down x=1992 y=1336 wordForeground=False
2026-09-06T13:04:08.4159281+08:00 pid=69024 tid=11 left-down x=1947 y=1234 wordForeground=True
2026-09-06T13:04:10.1837509+08:00 pid=69024 tid=11 left-down x=1796 y=1396 wordForeground=True
2026-09-06T13:04:11.3673108+08:00 pid=69024 tid=11 left-down x=1602 y=1458 wordForeground=True
2026-09-06T13:05:18.1175924+08:00 pid=69024 tid=11 left-down x=851 y=1174 wordForeground=True
2026-09-06T13:06:17.2774439+08:00 pid=69024 tid=11 left-down x=1302 y=747 wordForeground=False
2026-09-06T13:08:47.8878785+08:00 pid=69024 tid=11 left-down x=1302 y=747 wordForeground=True
2026-09-06T13:09:21.3554348+08:00 pid=69024 tid=11 left-down x=807 y=1221 wordForeground=True
2026-09-06T13:09:26.4366342+08:00 pid=69024 tid=11 left-down x=2025 y=1437 wordForeground=False
2026-09-06T13:09:27.9722024+08:00 pid=69024 tid=11 left-down x=1854 y=1262 wordForeground=True
2026-09-06T13:09:29.0874062+08:00 pid=69024 tid=11 left-down x=1605 y=1330 wordForeground=True
2026-09-06T13:11:25.3234310+08:00 pid=69024 tid=11 left-down x=2024 y=1163 wordForeground=True
2026-09-06T13:14:21.3787645+08:00 pid=69024 tid=11 left-down x=801 y=1230 wordForeground=True
2026-09-06T13:14:41.4959760+08:00 pid=69024 tid=11 left-down x=909 y=1354 wordForeground=False
2026-09-06T13:16:12.7318245+08:00 pid=69024 tid=11 left-down x=854 y=1380 wordForeground=True
2026-09-06T13:16:14.7379170+08:00 pid=69024 tid=11 left-down x=1838 y=1436 wordForeground=False
2026-09-06T13:20:47.6924344+08:00 pid=69024 tid=11 left-down x=897 y=1337 wordForeground=True
2026-09-06T13:22:16.4722362+08:00 pid=69024 tid=11 left-down x=1079 y=2134 wordForeground=True
2026-09-06T13:23:30.9239148+08:00 pid=69024 tid=11 left-down x=912 y=1198 wordForeground=True
2026-09-06T13:23:56.2604338+08:00 pid=69024 tid=11 left-down x=300 y=15 wordForeground=False
2026-09-06T13:25:29.1064418+08:00 pid=69024 tid=11 left-down x=832 y=1274 wordForeground=True
2026-09-06T13:28:26.0530125+08:00 pid=69024 tid=11 left-down x=663 y=1262 wordForeground=True
2026-09-06T13:28:52.7957325+08:00 pid=69024 tid=11 left-down x=1317 y=747 wordForeground=False
2026-09-06T13:28:56.1796665+08:00 pid=69024 tid=11 left-down x=1792 y=747 wordForeground=False
2026-09-06T13:29:58.7025727+08:00 pid=69024 tid=11 left-down x=1317 y=747 wordForeground=False
2026-09-06T13:30:02.1714024+08:00 pid=69024 tid=11 left-down x=1792 y=747 wordForeground=False
2026-09-06T13:31:56.5552845+08:00 pid=69024 tid=11 left-down x=2024 y=1187 wordForeground=True
2026-09-06T13:33:21.2530476+08:00 pid=69024 tid=11 left-down x=895 y=904 wordForeground=True
2026-09-06T13:34:33.4996701+08:00 pid=69024 tid=11 left-down x=1838 y=860 wordForeground=True
2026-09-06T13:35:08.5983513+08:00 pid=69024 tid=11 left-down x=766 y=1265 wordForeground=True
2026-09-06T13:40:46.0504549+08:00 pid=69024 tid=11 left-down x=1317 y=747 wordForeground=False
2026-09-06T13:40:49.5377796+08:00 pid=69024 tid=11 left-down x=1792 y=747 wordForeground=False
2026-09-06T13:41:57.9541593+08:00 pid=69024 tid=11 left-down x=1317 y=747 wordForeground=False
2026-09-06T13:42:01.2620667+08:00 pid=69024 tid=11 left-down x=1792 y=747 wordForeground=False
2026-09-06T13:43:10.3946184+08:00 pid=69024 tid=11 left-down x=2024 y=1187 wordForeground=True
2026-09-06T13:51:23.1116636+08:00 pid=69024 tid=11 left-down x=1172 y=1508 wordForeground=True
2026-09-06T13:51:23.6839855+08:00 pid=69024 tid=11 left-down x=1172 y=1508 wordForeground=True
2026-09-06T13:52:14.4218241+08:00 pid=69024 tid=11 left-down x=1172 y=1088 wordForeground=True
2026-09-06T13:52:15.0652567+08:00 pid=69024 tid=11 left-down x=1172 y=1088 wordForeground=True
2026-09-06T13:56:10.5687274+08:00 pid=69024 tid=11 left-down x=1317 y=747 wordForeground=False
2026-09-06T13:56:13.9422725+08:00 pid=69024 tid=11 left-down x=1792 y=747 wordForeground=False
2026-09-06T13:57:06.2605285+08:00 pid=69024 tid=11 left-down x=1317 y=747 wordForeground=False
2026-09-06T13:57:09.7367828+08:00 pid=69024 tid=11 left-down x=1792 y=747 wordForeground=False
2026-09-06T13:58:06.0789689+08:00 pid=69024 tid=11 left-down x=2024 y=1187 wordForeground=True
2026-09-06T14:03:32.7893906+08:00 pid=69024 tid=11 left-down x=1317 y=747 wordForeground=False
2026-09-06T14:03:36.0638723+08:00 pid=69024 tid=11 left-down x=1792 y=747 wordForeground=False
2026-09-06T14:04:16.5999296+08:00 pid=69024 tid=11 left-down x=1317 y=747 wordForeground=False
2026-09-06T14:04:20.0679192+08:00 pid=69024 tid=11 left-down x=1792 y=747 wordForeground=False
2026-09-06T14:05:24.7610393+08:00 pid=69024 tid=11 left-down x=2024 y=1187 wordForeground=True
2026-09-06T14:07:17.0145053+08:00 pid=69024 tid=11 left-down x=1838 y=688 wordForeground=True
2026-09-06T14:08:16.6601782+08:00 pid=69024 tid=11 left-down x=1141 y=1508 wordForeground=True
2026-09-06T14:08:17.2795000+08:00 pid=69024 tid=11 left-down x=1141 y=1508 wordForeground=True
2026-09-06T14:13:46.6956620+08:00 pid=69024 tid=11 left-down x=1141 y=1508 wordForeground=True
2026-09-06T14:13:47.2621984+08:00 pid=69024 tid=11 left-down x=1141 y=1508 wordForeground=True
2026-09-06T14:16:20.3506577+08:00 pid=69024 tid=11 left-down x=1317 y=747 wordForeground=False
2026-09-06T14:16:23.6749326+08:00 pid=69024 tid=11 left-down x=1792 y=747 wordForeground=False
2026-09-06T14:17:35.4075446+08:00 pid=69024 tid=11 left-down x=1317 y=747 wordForeground=False
2026-09-06T14:17:38.9226889+08:00 pid=69024 tid=11 left-down x=1792 y=747 wordForeground=False
2026-09-06T14:18:31.4478553+08:00 pid=69024 tid=11 left-down x=2024 y=1187 wordForeground=True
2026-09-06T14:20:28.4804140+08:00 pid=69024 tid=11 left-down x=1838 y=860 wordForeground=True
2026-09-06T14:21:51.1056691+08:00 pid=69024 tid=11 left-down x=1172 y=1568 wordForeground=True
2026-09-06T14:21:51.6359795+08:00 pid=69024 tid=11 left-down x=1172 y=1568 wordForeground=True
2026-09-06T14:22:32.9540412+08:00 pid=69024 tid=11 left-down x=1382 y=1120 wordForeground=False
2026-09-06T14:22:35.4374778+08:00 pid=69024 tid=11 left-down x=2178 y=458 wordForeground=False
2026-09-06T14:22:38.0885757+08:00 pid=69024 tid=11 left-down x=2492 y=460 wordForeground=False
2026-09-06T14:30:54.6125286+08:00 pid=69024 tid=11 left-down x=1382 y=1120 wordForeground=False
2026-09-06T14:30:56.9295533+08:00 pid=69024 tid=11 left-down x=2178 y=458 wordForeground=False
2026-09-06T14:30:59.2636268+08:00 pid=69024 tid=11 left-down x=2492 y=460 wordForeground=False
2026-09-06T14:32:40.2838843+08:00 pid=69024 tid=11 left-down x=2332 y=460 wordForeground=False
2026-09-06T14:37:40.6879257+08:00 pid=69024 tid=11 left-down x=1382 y=1120 wordForeground=False
2026-09-06T14:37:43.3314374+08:00 pid=69024 tid=11 left-down x=2332 y=460 wordForeground=False
2026-09-06T14:37:45.7630441+08:00 pid=69024 tid=11 left-down x=2492 y=460 wordForeground=False
2026-09-06T14:39:06.5107304+08:00 pid=69024 tid=11 left-down x=2024 y=1259 wordForeground=True
2026-09-06T14:39:15.0405240+08:00 pid=69024 tid=11 left-down x=1838 y=688 wordForeground=True
2026-09-06T14:46:02.3228989+08:00 pid=69024 tid=11 left-down x=1838 y=860 wordForeground=True
2026-09-06T14:46:11.0747436+08:00 pid=69024 tid=11 left-down x=1382 y=1120 wordForeground=False
2026-09-06T14:47:27.7488991+08:00 pid=69024 tid=11 left-down x=2332 y=460 wordForeground=False
2026-09-06T14:47:30.4727232+08:00 pid=69024 tid=11 left-down x=2492 y=460 wordForeground=False
2026-09-06T14:48:35.6323829+08:00 pid=69024 tid=11 left-down x=2024 y=1259 wordForeground=True
2026-09-06T14:48:44.0410690+08:00 pid=69024 tid=11 left-down x=1838 y=688 wordForeground=True
2026-09-06T14:49:32.3217229+08:00 pid=69024 tid=11 left-down x=1136 y=1941 wordForeground=True
2026-09-06T14:49:32.9945328+08:00 pid=69024 tid=11 left-down x=1136 y=1941 wordForeground=True
2026-09-06T14:50:12.4471258+08:00 pid=69024 tid=11 left-down x=1838 y=860 wordForeground=True
2026-09-06T14:53:20.8976362+08:00 pid=69024 tid=11 left-down x=1838 y=688 wordForeground=True
2026-09-06T14:53:29.7544835+08:00 pid=69024 tid=11 left-down x=1382 y=1120 wordForeground=False
2026-09-06T14:53:32.5486687+08:00 pid=69024 tid=11 left-down x=2332 y=460 wordForeground=False
2026-09-06T14:53:34.9514985+08:00 pid=69024 tid=11 left-down x=2492 y=460 wordForeground=False
2026-09-06T14:55:35.3023643+08:00 pid=69024 tid=11 left-down x=2024 y=1187 wordForeground=True
2026-09-06T14:59:39.7912473+08:00 pid=69024 tid=11 left-down x=1776 y=1270 wordForeground=False
2026-09-06T15:07:01.1752774+08:00 pid=69024 tid=11 left-down x=1140 y=1245 wordForeground=True
2026-09-06T15:07:01.6221565+08:00 pid=69024 tid=11 left-down x=1140 y=1245 wordForeground=True
2026-09-06T15:07:01.6243090+08:00 pid=69024 tid=11 double-click elapsedMs=447.017 withinX=True withinY=True nativeOleTarget=False suppressSecondDown=False dispatchCallback=True
2026-09-06T15:07:01.7183092+08:00 pid=69024 tid=5 callback-begin interceptedNativeOle=False x=1140 y=1245
2026-09-06T15:07:01.7191730+08:00 pid=69024 tid=5 addin-callback-received interceptedNativeOle=False x=1140 y=1245
2026-09-06T15:07:01.7216877+08:00 pid=69024 tid=5 callback-end
2026-09-06T15:07:01.7506876+08:00 pid=69024 tid=1 addin-coordinate-selection formulaId=<null> objectMode=<null>
2026-09-06T15:09:35.1563724+08:00 pid=69024 tid=11 left-down x=1776 y=1270 wordForeground=False
2026-09-06T15:21:10.3503239+08:00 pid=69024 tid=11 left-down x=1838 y=688 wordForeground=True
2026-09-06T15:21:34.7726556+08:00 pid=69024 tid=11 left-down x=1382 y=1120 wordForeground=False
2026-09-06T15:21:37.5513692+08:00 pid=69024 tid=11 left-down x=2332 y=460 wordForeground=False
2026-09-06T15:21:39.9677600+08:00 pid=69024 tid=11 left-down x=2492 y=460 wordForeground=False
2026-09-06T15:22:32.1705449+08:00 pid=69024 tid=11 left-down x=2024 y=1187 wordForeground=True
2026-09-06T15:26:36.3537183+08:00 pid=69024 tid=11 left-down x=1140 y=1088 wordForeground=True
2026-09-06T15:26:37.0105377+08:00 pid=69024 tid=11 left-down x=1140 y=1088 wordForeground=True
2026-09-06T15:27:08.7752650+08:00 pid=69024 tid=11 left-down x=1838 y=688 wordForeground=True
2026-09-06T15:27:51.2714377+08:00 pid=69024 tid=11 left-down x=1382 y=1120 wordForeground=False
2026-09-06T15:27:54.2231952+08:00 pid=69024 tid=11 left-down x=2332 y=460 wordForeground=False
2026-09-06T15:27:56.4580613+08:00 pid=69024 tid=11 left-down x=2492 y=460 wordForeground=False
2026-09-06T15:29:56.8620049+08:00 pid=69024 tid=11 left-down x=1776 y=1270 wordForeground=False
2026-09-06T15:30:42.9437711+08:00 pid=69024 tid=11 left-down x=2024 y=1187 wordForeground=True
2026-09-06T15:31:48.1749407+08:00 pid=69024 tid=11 left-down x=698 y=1234 wordForeground=False
2026-09-06T15:31:52.0188180+08:00 pid=69024 tid=11 left-down x=1685 y=1610 wordForeground=True
2026-09-06T15:33:02.9413810+08:00 pid=69024 tid=11 left-down x=1838 y=860 wordForeground=True
2026-09-06T15:33:48.0339988+08:00 pid=69024 tid=11 left-down x=219 y=1479 wordForeground=False
2026-09-06T15:33:54.3488692+08:00 pid=69024 tid=11 left-down x=1323 y=1598 wordForeground=False
2026-09-06T15:35:00.1572315+08:00 pid=69024 tid=11 left-down x=1170 y=1088 wordForeground=True
2026-09-06T15:35:00.8315134+08:00 pid=69024 tid=11 left-down x=1170 y=1088 wordForeground=True
2026-09-06T15:35:43.1148721+08:00 pid=69024 tid=11 left-down x=837 y=1166 wordForeground=False
2026-09-06T15:35:59.8070216+08:00 pid=69024 tid=11 left-down x=2078 y=1366 wordForeground=True
2026-09-06T15:37:04.9638489+08:00 pid=69024 tid=11 left-down x=1776 y=1270 wordForeground=False
2026-09-06T15:46:36.7166248+08:00 pid=69024 tid=11 left-down x=1838 y=688 wordForeground=True
2026-09-06T15:46:45.4894934+08:00 pid=69024 tid=11 left-down x=1382 y=1120 wordForeground=False
2026-09-06T15:46:48.6124381+08:00 pid=69024 tid=11 left-down x=2332 y=460 wordForeground=False
2026-09-06T15:46:50.7393335+08:00 pid=69024 tid=11 left-down x=2492 y=460 wordForeground=False
2026-09-06T15:49:12.5645936+08:00 pid=69024 tid=11 left-down x=1776 y=1270 wordForeground=False
2026-09-06T15:50:00.5815773+08:00 pid=69024 tid=11 left-down x=2024 y=1187 wordForeground=True
2026-09-06T15:50:09.6245072+08:00 pid=69024 tid=11 left-down x=1838 y=860 wordForeground=True
2026-09-06T15:54:09.0094074+08:00 pid=69024 tid=11 left-down x=1170 y=1118 wordForeground=True
2026-09-06T15:54:09.7376923+08:00 pid=69024 tid=11 left-down x=1170 y=1118 wordForeground=True
2026-09-06T15:54:20.2287858+08:00 pid=69024 tid=11 left-down x=1776 y=1270 wordForeground=False
2026-09-06T15:55:18.9024174+08:00 pid=69024 tid=11 left-down x=758 y=1250 wordForeground=False
2026-09-06T15:55:44.6442485+08:00 pid=69024 tid=11 left-down x=820 y=1253 wordForeground=False
2026-09-06T15:55:56.4894288+08:00 pid=69024 tid=11 left-down x=2051 y=1093 wordForeground=True
2026-09-06T15:57:04.4491523+08:00 pid=69024 tid=11 left-down x=763 y=1216 wordForeground=False
2026-09-06T15:57:06.7576693+08:00 pid=69024 tid=11 left-down x=2028 y=1110 wordForeground=True
2026-09-06T15:57:09.7176859+08:00 pid=69024 tid=11 left-down x=770 y=1090 wordForeground=False
2026-09-06T15:57:11.4735802+08:00 pid=69024 tid=11 left-down x=618 y=1046 wordForeground=False
2026-09-06T15:57:15.4223635+08:00 pid=69024 tid=11 left-down x=1892 y=402 wordForeground=False
2026-09-06T15:57:20.3885651+08:00 pid=69024 tid=11 left-down x=1965 y=1091 wordForeground=True
2026-09-06T15:57:23.8852716+08:00 pid=69024 tid=11 left-down x=717 y=1085 wordForeground=False
2026-09-06T15:57:26.0844164+08:00 pid=69024 tid=11 left-down x=620 y=1012 wordForeground=False
2026-09-06T15:57:28.8554952+08:00 pid=69024 tid=11 left-down x=1896 y=398 wordForeground=False
2026-09-06T15:57:33.5506027+08:00 pid=69024 tid=11 left-down x=1979 y=1077 wordForeground=True
2026-09-06T16:04:19.2013929+08:00 pid=69024 tid=11 left-down x=153 y=1448 wordForeground=False
2026-09-06T16:04:22.4139783+08:00 pid=69024 tid=11 left-down x=963 y=1227 wordForeground=False
2026-09-06T16:05:05.1065762+08:00 pid=69024 tid=11 left-down x=1838 y=688 wordForeground=True
2026-09-06T16:05:13.7316226+08:00 pid=69024 tid=11 left-down x=1382 y=1120 wordForeground=False
2026-09-06T16:05:16.5734807+08:00 pid=69024 tid=11 left-down x=2332 y=460 wordForeground=False
2026-09-06T16:05:19.0774582+08:00 pid=69024 tid=11 left-down x=2492 y=460 wordForeground=False
2026-09-06T16:06:52.0825702+08:00 pid=69024 tid=11 left-down x=1776 y=1270 wordForeground=False
2026-09-06T16:07:59.7888931+08:00 pid=69024 tid=11 left-down x=2024 y=1187 wordForeground=True
2026-09-06T16:08:20.5933473+08:00 pid=69024 tid=11 left-down x=1838 y=860 wordForeground=True
2026-09-06T16:12:07.8203740+08:00 pid=69024 tid=11 left-down x=1776 y=1270 wordForeground=False
2026-09-06T16:15:15.5495320+08:00 pid=69024 tid=11 left-down x=772 y=1266 wordForeground=False
2026-09-06T16:15:24.5864262+08:00 pid=69024 tid=11 left-down x=1844 y=1725 wordForeground=True
2026-09-06T16:18:11.3335134+08:00 pid=69024 tid=11 left-down x=1776 y=1270 wordForeground=False
2026-09-06T16:26:33.5859916+08:00 pid=69024 tid=11 left-down x=1382 y=1120 wordForeground=False
2026-09-06T16:26:36.2980229+08:00 pid=69024 tid=11 left-down x=2332 y=460 wordForeground=False
2026-09-06T16:26:38.5417413+08:00 pid=69024 tid=11 left-down x=2492 y=460 wordForeground=False
2026-09-06T16:27:40.9000316+08:00 pid=69024 tid=11 left-down x=713 y=1227 wordForeground=False
2026-09-06T16:27:46.6867169+08:00 pid=69024 tid=11 left-down x=1874 y=1436 wordForeground=True
2026-09-06T16:27:57.2343558+08:00 pid=69024 tid=11 left-down x=700 y=1238 wordForeground=False
2026-09-06T16:28:02.4470284+08:00 pid=69024 tid=11 left-down x=1742 y=1814 wordForeground=True
2026-09-06T16:28:19.7172037+08:00 pid=69024 tid=11 left-down x=2024 y=1187 wordForeground=True
2026-09-06T16:29:39.6810195+08:00 pid=69024 tid=11 left-down x=1172 y=1836 wordForeground=True
2026-09-06T16:29:40.3030006+08:00 pid=69024 tid=11 left-down x=1172 y=1836 wordForeground=True
2026-09-06T16:30:24.4662010+08:00 pid=69024 tid=11 left-down x=739 y=1231 wordForeground=False
2026-09-06T16:30:35.6627684+08:00 pid=69024 tid=11 left-down x=1776 y=1270 wordForeground=False
2026-09-06T16:40:50.0927346+08:00 pid=69024 tid=11 left-down x=1382 y=1120 wordForeground=False
2026-09-06T16:40:52.7447452+08:00 pid=69024 tid=11 left-down x=2332 y=460 wordForeground=False
2026-09-06T16:40:55.2033052+08:00 pid=69024 tid=11 left-down x=2492 y=460 wordForeground=False
2026-09-06T16:43:15.4575626+08:00 pid=69024 tid=11 left-down x=1776 y=1270 wordForeground=False
2026-09-06T16:44:46.2522280+08:00 pid=69024 tid=11 left-down x=2024 y=1187 wordForeground=True
2026-09-06T16:45:51.0914983+08:00 pid=69024 tid=11 left-down x=691 y=1252 wordForeground=False
2026-09-06T16:46:00.7637179+08:00 pid=69024 tid=11 left-down x=191 y=1485 wordForeground=False
2026-09-06T16:46:03.6046629+08:00 pid=69024 tid=11 left-down x=2508 y=1121 wordForeground=True
2026-09-06T16:47:31.5321332+08:00 pid=69024 tid=11 left-down x=776 y=1255 wordForeground=False
2026-09-06T16:47:44.5959228+08:00 pid=69024 tid=11 left-down x=710 y=994 wordForeground=False
2026-09-06T16:47:46.5724457+08:00 pid=69024 tid=11 left-down x=699 y=1023 wordForeground=False
2026-09-06T16:47:48.2132856+08:00 pid=69024 tid=11 left-down x=743 y=1042 wordForeground=False
2026-09-06T16:47:50.6858210+08:00 pid=69024 tid=11 left-down x=764 y=1021 wordForeground=False
2026-09-06T16:47:54.7492410+08:00 pid=69024 tid=11 left-down x=831 y=1077 wordForeground=False
2026-09-06T16:48:05.0466431+08:00 pid=69024 tid=11 left-down x=1046 y=1329 wordForeground=False
2026-09-06T16:48:39.0858202+08:00 pid=69024 tid=11 left-down x=271 y=1440 wordForeground=False
2026-09-06T16:48:40.9332911+08:00 pid=69024 tid=11 left-down x=253 y=1462 wordForeground=False
2026-09-06T16:48:44.3138734+08:00 pid=69024 tid=11 left-down x=270 y=1333 wordForeground=False
2026-09-06T16:48:46.9863323+08:00 pid=69024 tid=11 left-down x=196 y=705 wordForeground=False
2026-09-06T16:48:51.2065919+08:00 pid=69024 tid=11 left-down x=135 y=384 wordForeground=False
2026-09-06T16:58:19.0619030+08:00 pid=69024 tid=11 left-down x=1382 y=1120 wordForeground=False
2026-09-06T16:58:22.0359800+08:00 pid=69024 tid=11 left-down x=2332 y=460 wordForeground=False
2026-09-06T16:58:24.4382899+08:00 pid=69024 tid=11 left-down x=2492 y=460 wordForeground=False
2026-09-06T16:59:24.1094281+08:00 pid=69024 tid=11 left-down x=1776 y=1270 wordForeground=False
2026-09-06T17:00:18.7861398+08:00 pid=69024 tid=11 left-down x=2024 y=1187 wordForeground=True
2026-09-06T17:03:54.7940672+08:00 pid=69024 tid=11 left-down x=711 y=1181 wordForeground=False
2026-09-06T17:04:02.5224394+08:00 pid=69024 tid=11 left-down x=2039 y=1034 wordForeground=True
2026-09-06T17:04:12.0947394+08:00 pid=69024 tid=11 left-down x=759 y=1233 wordForeground=False
2026-09-06T17:06:41.0930721+08:00 pid=69024 tid=11 left-down x=672 y=1256 wordForeground=False
2026-09-06T17:06:49.8753776+08:00 pid=69024 tid=11 left-down x=250 y=1460 wordForeground=False
2026-09-06T17:06:52.8627011+08:00 pid=69024 tid=11 left-down x=902 y=1143 wordForeground=False
2026-09-06T17:08:07.2361945+08:00 pid=69024 tid=11 left-down x=1382 y=1120 wordForeground=False
2026-09-06T17:08:09.9866085+08:00 pid=69024 tid=11 left-down x=2332 y=460 wordForeground=False
2026-09-06T17:08:12.5299332+08:00 pid=69024 tid=11 left-down x=2492 y=460 wordForeground=False
2026-09-06T17:08:27.9864868+08:00 pid=69024 tid=11 left-down x=1776 y=1270 wordForeground=False
2026-09-06T17:08:41.0390357+08:00 pid=69024 tid=11 left-down x=2024 y=1187 wordForeground=True
2026-09-06T17:09:36.0668844+08:00 pid=69024 tid=11 left-down x=841 y=1058 wordForeground=False
2026-09-06T17:10:30.0878907+08:00 pid=69024 tid=11 left-down x=1945 y=1414 wordForeground=True
2026-09-06T17:10:34.1075071+08:00 pid=69024 tid=11 left-down x=782 y=1229 wordForeground=False
2026-09-06T17:10:37.5528312+08:00 pid=69024 tid=11 left-down x=720 y=1078 wordForeground=False
2026-09-06T17:10:40.6853229+08:00 pid=69024 tid=11 left-down x=607 y=974 wordForeground=False
2026-09-06T17:10:44.1788178+08:00 pid=69024 tid=11 left-down x=1871 y=407 wordForeground=False
2026-09-06T17:10:48.2780255+08:00 pid=69024 tid=11 left-down x=2301 y=1453 wordForeground=True
2026-09-06T17:11:36.7889500+08:00 pid=69024 tid=11 left-down x=1776 y=1270 wordForeground=False
2026-09-06T17:13:19.0071948+08:00 pid=69024 tid=11 left-down x=837 y=1224 wordForeground=False
2026-09-06T17:14:15.5070222+08:00 pid=69024 tid=11 left-down x=1838 y=688 wordForeground=True
2026-09-06T17:15:24.0077799+08:00 pid=69024 tid=11 left-down x=1141 y=1087 wordForeground=True
2026-09-06T17:15:24.5453501+08:00 pid=69024 tid=11 left-down x=1141 y=1087 wordForeground=True
2026-09-06T17:16:49.8459025+08:00 pid=69024 tid=11 left-down x=779 y=1278 wordForeground=False
2026-09-06T17:18:48.6432025+08:00 pid=69024 tid=11 left-down x=770 y=1201 wordForeground=False
2026-09-06T17:18:55.7888325+08:00 pid=69024 tid=11 left-down x=2258 y=1350 wordForeground=True
2026-09-06T17:20:33.7407910+08:00 pid=69024 tid=11 left-down x=1382 y=1120 wordForeground=False
2026-09-06T17:20:36.3078185+08:00 pid=69024 tid=11 left-down x=2332 y=460 wordForeground=False
2026-09-06T17:20:39.0277095+08:00 pid=69024 tid=11 left-down x=2492 y=460 wordForeground=False
2026-09-06T17:22:10.2208028+08:00 pid=69024 tid=11 left-down x=1935 y=1345 wordForeground=True
2026-09-06T17:22:13.5710302+08:00 pid=69024 tid=11 left-down x=1808 y=1615 wordForeground=True
2026-09-06T17:23:04.7444807+08:00 pid=69024 tid=11 left-down x=1776 y=1270 wordForeground=False
2026-09-06T17:23:32.9151368+08:00 pid=69024 tid=11 left-down x=2024 y=1187 wordForeground=True
2026-09-06T17:32:00.9937051+08:00 pid=69024 tid=11 left-down x=868 y=930 wordForeground=False
2026-09-06T17:32:12.6139035+08:00 pid=69024 tid=11 left-down x=716 y=707 wordForeground=False
2026-09-06T17:32:15.1441893+08:00 pid=69024 tid=11 left-down x=653 y=533 wordForeground=False
2026-09-06T17:32:18.4446112+08:00 pid=69024 tid=11 left-down x=1891 y=416 wordForeground=False
2026-09-06T17:34:01.7481944+08:00 pid=69024 tid=11 left-down x=1382 y=1120 wordForeground=False
2026-09-06T17:34:04.7321490+08:00 pid=69024 tid=11 left-down x=2332 y=460 wordForeground=False
2026-09-06T17:34:07.3954281+08:00 pid=69024 tid=11 left-down x=2492 y=460 wordForeground=False
2026-09-06T17:35:39.6255206+08:00 pid=69024 tid=11 left-down x=675 y=1190 wordForeground=False
2026-09-06T17:35:46.3091280+08:00 pid=69024 tid=11 left-down x=1961 y=1652 wordForeground=True
2026-09-06T17:35:49.4116520+08:00 pid=69024 tid=11 left-down x=1986 y=1555 wordForeground=True
2026-09-06T17:36:01.3454591+08:00 pid=69024 tid=11 left-down x=1382 y=1120 wordForeground=False
2026-09-06T17:36:04.1252508+08:00 pid=69024 tid=11 left-down x=2332 y=460 wordForeground=False
2026-09-06T17:36:06.8244295+08:00 pid=69024 tid=11 left-down x=2492 y=460 wordForeground=False
2026-09-06T17:38:54.2450302+08:00 pid=69024 tid=11 left-down x=813 y=1058 wordForeground=False
2026-09-06T17:39:06.1842600+08:00 pid=69024 tid=11 left-down x=2050 y=1012 wordForeground=True
2026-09-06T17:39:09.8375954+08:00 pid=69024 tid=11 left-down x=255 y=1492 wordForeground=False
2026-09-06T17:39:12.7565699+08:00 pid=69024 tid=11 left-down x=961 y=1043 wordForeground=False
2026-09-06T17:40:57.1852933+08:00 pid=69024 tid=11 left-down x=1382 y=1120 wordForeground=False
2026-09-06T17:40:59.7430708+08:00 pid=69024 tid=11 left-down x=2332 y=460 wordForeground=False
2026-09-06T17:41:02.0969048+08:00 pid=69024 tid=11 left-down x=2492 y=460 wordForeground=False
2026-09-06T17:41:58.5853336+08:00 pid=69024 tid=11 left-down x=1776 y=1270 wordForeground=False
2026-09-06T17:42:17.0289452+08:00 pid=69024 tid=11 left-down x=2024 y=1187 wordForeground=True
2026-09-06T17:44:01.0453503+08:00 pid=69024 tid=11 left-down x=596 y=1205 wordForeground=False
2026-09-06T17:44:21.7205435+08:00 pid=69024 tid=11 left-down x=2094 y=1018 wordForeground=True
2026-09-06T17:44:25.0355667+08:00 pid=69024 tid=11 left-down x=763 y=1215 wordForeground=False
2026-09-06T17:45:09.3288645+08:00 pid=69024 tid=11 left-down x=737 y=1273 wordForeground=False
2026-09-06T17:45:12.9754275+08:00 pid=69024 tid=11 left-down x=2357 y=1096 wordForeground=False
2026-09-06T17:47:34.0145337+08:00 pid=69024 tid=11 left-down x=894 y=1217 wordForeground=False
2026-09-06T17:47:53.2494297+08:00 pid=69024 tid=11 left-down x=1382 y=1120 wordForeground=False
2026-09-06T17:47:55.9981219+08:00 pid=69024 tid=11 left-down x=2332 y=460 wordForeground=False
2026-09-06T17:47:58.6676871+08:00 pid=69024 tid=11 left-down x=2492 y=460 wordForeground=False
2026-09-06T17:48:43.9210932+08:00 pid=69024 tid=11 left-down x=1776 y=1270 wordForeground=False
2026-09-06T17:48:59.4464683+08:00 pid=69024 tid=11 left-down x=2024 y=1187 wordForeground=True
2026-09-06T17:50:39.2182800+08:00 pid=69024 tid=11 left-down x=836 y=1237 wordForeground=False
2026-09-06T17:50:43.0708877+08:00 pid=69024 tid=11 left-down x=2059 y=1068 wordForeground=True
2026-09-06T17:51:48.4890979+08:00 pid=69024 tid=11 left-down x=607 y=1205 wordForeground=False
2026-09-06T17:51:51.8174326+08:00 pid=69024 tid=11 left-down x=1466 y=1103 wordForeground=False
2026-09-06T17:54:23.3677464+08:00 pid=69024 tid=11 left-down x=1382 y=1120 wordForeground=False
2026-09-06T17:54:26.6087613+08:00 pid=69024 tid=11 left-down x=2332 y=460 wordForeground=False
2026-09-06T17:54:29.4289652+08:00 pid=69024 tid=11 left-down x=2492 y=460 wordForeground=False
2026-09-06T17:55:24.0457097+08:00 pid=69024 tid=11 left-down x=1776 y=1270 wordForeground=False
2026-09-06T17:55:39.8856271+08:00 pid=69024 tid=11 left-down x=2024 y=1211 wordForeground=True
2026-09-06T17:57:00.4547278+08:00 pid=69024 tid=11 left-down x=808 y=1255 wordForeground=False
2026-09-06T17:57:09.4174023+08:00 pid=69024 tid=11 left-down x=1866 y=1723 wordForeground=True
2026-09-06T17:57:19.1946607+08:00 pid=69024 tid=11 left-down x=1905 y=1516 wordForeground=True
2026-09-06T17:58:43.1947715+08:00 pid=69024 tid=11 left-down x=1948 y=1269 wordForeground=True
2026-09-06T17:58:46.9310165+08:00 pid=69024 tid=11 left-down x=1778 y=1476 wordForeground=True
2026-09-06T17:58:50.9757653+08:00 pid=69024 tid=11 left-down x=1141 y=1482 wordForeground=True
2026-09-06T17:58:51.9284671+08:00 pid=69024 tid=11 left-down x=1141 y=1482 wordForeground=True
2026-09-06T17:59:18.5712552+08:00 pid=69024 tid=11 left-down x=1776 y=1270 wordForeground=False
2026-09-06T18:00:01.5159427+08:00 pid=69024 tid=11 left-down x=853 y=1268 wordForeground=False
2026-09-06T18:00:04.9078665+08:00 pid=69024 tid=11 left-down x=2132 y=1445 wordForeground=True
2026-09-06T18:02:53.2166805+08:00 pid=69024 tid=11 left-down x=705 y=1242 wordForeground=False
2026-09-06T18:02:58.0101437+08:00 pid=69024 tid=11 left-down x=2064 y=1539 wordForeground=True
2026-09-06T18:03:23.0576773+08:00 pid=69024 tid=11 left-down x=1776 y=1270 wordForeground=False
2026-09-06T18:08:47.8538743+08:00 pid=69024 tid=11 left-down x=765 y=1027 wordForeground=False
2026-09-06T18:08:52.0875495+08:00 pid=69024 tid=11 left-down x=247 y=1478 wordForeground=False
2026-09-06T18:08:55.7720803+08:00 pid=69024 tid=11 left-down x=664 y=936 wordForeground=False
2026-09-06T18:08:59.7945422+08:00 pid=69024 tid=11 left-down x=1877 y=399 wordForeground=False
2026-09-06T18:11:21.4257307+08:00 pid=69024 tid=11 left-down x=822 y=1270 wordForeground=False
2026-09-06T18:11:31.2862574+08:00 pid=69024 tid=11 left-down x=1265 y=1795 wordForeground=True
2026-09-06T18:13:08.7406868+08:00 pid=69024 tid=11 left-down x=1317 y=747 wordForeground=False
2026-09-06T18:13:11.1379838+08:00 pid=69024 tid=11 left-down x=1602 y=747 wordForeground=False
2026-09-06T18:13:27.5932857+08:00 pid=69024 tid=11 left-down x=1382 y=1120 wordForeground=False
2026-09-06T18:13:30.6605422+08:00 pid=69024 tid=11 left-down x=2332 y=460 wordForeground=False
2026-09-06T18:13:33.0907505+08:00 pid=69024 tid=11 left-down x=2492 y=460 wordForeground=False
2026-09-06T18:14:34.7892430+08:00 pid=69024 tid=11 left-down x=806 y=1212 wordForeground=False
2026-09-06T18:14:51.8837306+08:00 pid=69024 tid=11 left-down x=815 y=1228 wordForeground=False
2026-09-06T18:14:58.6959102+08:00 pid=69024 tid=11 left-down x=2177 y=1494 wordForeground=True
2026-09-06T18:15:02.5138319+08:00 pid=69024 tid=11 left-down x=2100 y=1471 wordForeground=True
2026-09-06T18:15:04.1857569+08:00 pid=69024 tid=11 left-down x=2019 y=1474 wordForeground=True
2026-09-06T18:15:04.6518451+08:00 pid=69024 tid=11 left-down x=2019 y=1475 wordForeground=True
2026-09-06T18:15:04.6528458+08:00 pid=69024 tid=11 double-click elapsedMs=466.607 withinX=True withinY=True nativeOleTarget=False suppressSecondDown=False dispatchCallback=True
2026-09-06T18:15:04.7471558+08:00 pid=69024 tid=5 callback-begin interceptedNativeOle=False x=2019 y=1475
2026-09-06T18:15:04.7471558+08:00 pid=69024 tid=5 addin-callback-received interceptedNativeOle=False x=2019 y=1475
2026-09-06T18:15:04.7481545+08:00 pid=69024 tid=5 callback-end
2026-09-06T18:15:04.7481545+08:00 pid=69024 tid=1 addin-coordinate-selection formulaId=<null> objectMode=<null>
2026-09-06T18:15:13.0917729+08:00 pid=69024 tid=11 left-down x=2639 y=748 wordForeground=True
2026-09-06T18:15:17.8427814+08:00 pid=69024 tid=11 left-down x=835 y=1292 wordForeground=False
2026-09-06T18:15:19.8757120+08:00 pid=69024 tid=11 left-down x=848 y=1359 wordForeground=False
2026-09-06T18:15:21.9992473+08:00 pid=69024 tid=11 left-down x=863 y=1433 wordForeground=False
2026-09-06T18:15:57.1580437+08:00 pid=69024 tid=11 left-down x=218 y=1472 wordForeground=False
2026-09-06T18:18:01.0129878+08:00 pid=69024 tid=11 left-down x=1317 y=747 wordForeground=False
2026-09-06T18:18:18.8972107+08:00 pid=69024 tid=11 left-down x=1382 y=1120 wordForeground=False
2026-09-06T18:18:22.3111918+08:00 pid=69024 tid=11 left-down x=2332 y=460 wordForeground=False
2026-09-06T18:18:24.9989985+08:00 pid=69024 tid=11 left-down x=2492 y=460 wordForeground=False
2026-09-06T18:19:41.8026093+08:00 pid=69024 tid=11 left-down x=1776 y=1270 wordForeground=False
2026-09-06T18:19:55.7848781+08:00 pid=69024 tid=11 left-down x=2024 y=1211 wordForeground=True
2026-09-06T18:22:19.5883216+08:00 pid=69024 tid=11 left-down x=2067 y=1076 wordForeground=True
2026-09-06T18:22:25.4789320+08:00 pid=69024 tid=11 left-down x=1136 y=1362 wordForeground=False
2026-09-06T18:22:56.0535605+08:00 pid=69024 tid=11 left-down x=2228 y=1331 wordForeground=False
2026-09-06T18:23:01.7046961+08:00 pid=69024 tid=11 left-down x=684 y=811 wordForeground=False
2026-09-06T18:23:04.1182802+08:00 pid=69024 tid=11 left-down x=677 y=753 wordForeground=False
2026-09-06T18:23:10.3672160+08:00 pid=69024 tid=11 left-down x=1890 y=411 wordForeground=False
2026-09-06T18:23:16.2278144+08:00 pid=69024 tid=11 left-down x=1381 y=2159 wordForeground=False
2026-09-06T18:23:25.1339149+08:00 pid=69024 tid=11 left-down x=803 y=1363 wordForeground=False
2026-09-06T18:25:28.0421394+08:00 pid=69024 tid=11 left-down x=1245 y=1142 wordForeground=False
2026-09-06T18:25:33.3062629+08:00 pid=69024 tid=11 left-down x=227 y=1461 wordForeground=False
2026-09-06T18:25:38.8414972+08:00 pid=69024 tid=11 left-down x=830 y=1233 wordForeground=False
