2026-09-06T17:33:03.5305996+08:00 pid=85192 tid=1 word-addin-loaded pid=85192 assembly=C:\Users\pojian_liao\AppData\Local\VisualTeX\office\remediation-builds\5219C2264FBEDBDE9CF9290702E491EE144FACD393738EE5B76BE639501073B7\VisualTeX.WordVsto.dll mvid=1376b2ac-e166-416b-b16a-d871fe547162
2026-09-06T17:33:03.9867708+08:00 pid=85192 tid=1 hook-started handle=0x26B7E
2026-09-06T17:33:04.2291096+08:00 pid=85192 tid=10 mathtype-native-preview-shared-prewarm-complete
2026-09-06T17:33:14.3554441+08:00 pid=85192 tid=1 bulk-import bulk-import-start
2026-09-06T17:33:14.4275247+08:00 pid=85192 tid=5 bulk-import bulk-import-ui-created sessionId=7d7d9464-d94b-405b-bcc6-3d96e5ed7d15
2026-09-06T17:33:14.4315260+08:00 pid=85192 tid=5 bulk-import bulk-import-ui-opened sessionId=7d7d9464-d94b-405b-bcc6-3d96e5ed7d15
2026-09-06T17:34:00.2000813+08:00 pid=85192 tid=12 left-down x=1382 y=1120 wordForeground=False
2026-09-06T17:34:03.4785384+08:00 pid=85192 tid=12 left-down x=2332 y=460 wordForeground=False
2026-09-06T17:34:06.0322459+08:00 pid=85192 tid=12 left-down x=2492 y=460 wordForeground=False
2026-09-06T17:34:09.1128313+08:00 pid=85192 tid=6 bulk-import bulk-import-ui-finished sessionId=7d7d9464-d94b-405b-bcc6-3d96e5ed7d15 status=committing error=<null>
2026-09-06T17:34:09.1208401+08:00 pid=85192 tid=6 bulk-import parsed blocks=15 formulas=6 mode=Omml fontSizePt=10.5
2026-09-06T17:34:09.1396138+08:00 pid=85192 tid=6 bulk-import render-prepare index=1/6 display=inline latex=\sqrt{E-u\left(x\right)}=\frac{1}{f\left(\omega\right)v_{ph}\left(\omega,x\right)}
2026-09-06T17:34:09.1426155+08:00 pid=85192 tid=6 bulk-import converter-create display=inline mode=wordOmml latex=\sqrt{E-u\left(x\right)}=\frac{1}{f\left(\omega\right)v_{ph}\left(\omega,x\right)}
2026-09-06T17:34:09.1506157+08:00 pid=85192 tid=6 bulk-import converter-created sessionId=b4c56848-c4a1-40a4-ae10-c7bea071ee8c
2026-09-06T17:34:09.1516160+08:00 pid=85192 tid=6 bulk-import render-prepare index=2/6 display=block latex=\begin{cases}\frac{\mathrm{d}}{\mathrm{d}\omega}\left(\omega f\left(\omega\right)\right)=0 \\ \frac{\omega f\left(\omega\right)}{2}\frac{\mathrm{d}E\left(\omega\right)}{\mathrm{d}\omega}=\sqrt{\frac{m}{2}} \end{cases}
2026-09-06T17:34:09.1516160+08:00 pid=85192 tid=6 bulk-import converter-create display=block mode=wordOmml latex=\begin{cases}\frac{\mathrm{d}}{\mathrm{d}\omega}\left(\omega f\left(\omega\right)\right)=0 \\ \frac{\omega f\left(\omega\right)}{2}\frac{\mathrm{d}E\left(\omega\right)}{\mathrm{d}\omega}=\sqrt{\frac{m}{2}} \end{cases}
2026-09-06T17:34:09.1546156+08:00 pid=85192 tid=5 bulk-import converter-created sessionId=11f74ce5-f9ca-4803-afa1-68a737464ca1
2026-09-06T17:34:09.1556149+08:00 pid=85192 tid=5 bulk-import render-prepare index=3/6 display=block latex=\sqrt{\frac{m}{2\left(E\left(\omega\right)-U\right)}}=\frac{\mathrm{d}}{\mathrm{d}\omega}\left(\omega\cdot f\left(\omega\right)\sqrt{\left(E\left(\omega\right)-U\right)}\right)
2026-09-06T17:34:09.1556149+08:00 pid=85192 tid=5 bulk-import converter-create display=block mode=wordOmml latex=\sqrt{\frac{m}{2\left(E\left(\omega\right)-U\right)}}=\frac{\mathrm{d}}{\mathrm{d}\omega}\left(\omega\cdot f\left(\omega\right)\sqrt{\left(E\left(\omega\right)-U\right)}\right)
2026-09-06T17:34:09.1606140+08:00 pid=85192 tid=6 bulk-import converter-created sessionId=e55f2394-6e8b-4cc8-aee9-b623942b304b
2026-09-06T17:34:09.1608031+08:00 pid=85192 tid=6 bulk-import render-prepare index=4/6 display=block latex=i\hbar \frac{\partial}{\partial t}\psi(\mathbf{r},t) = \left[ -\frac{\hbar^2}{2m}\nabla^2 + V(\mathbf{r},t) \right]\psi(\mathbf{r},t)
2026-09-06T17:34:09.1613245+08:00 pid=85192 tid=6 bulk-import converter-create display=block mode=wordOmml latex=i\hbar \frac{\partial}{\partial t}\psi(\mathbf{r},t) = \left[ -\frac{\hbar^2}{2m}\nabla^2 + V(\mathbf{r},t) \right]\psi(\mathbf{r},t)
2026-09-06T17:34:09.1638436+08:00 pid=85192 tid=5 bulk-import converter-created sessionId=a205835a-c46c-4e60-925e-6a5751ecc103
2026-09-06T17:34:09.1648434+08:00 pid=85192 tid=5 bulk-import render-prepare index=5/6 display=block latex=\frac{\partial}{\partial t}\psi ^*\left( \vec{r} \right) \psi \left( \vec{r} \right) =\frac{i\hbar}{2m}\nabla \cdot \left[ \psi ^*\left( \vec{r} \right) \nabla \psi \left( \vec{r} \right) -\psi \left( \vec{r} \right) \nabla \psi ^*\left( r \right) \right]
2026-09-06T17:34:09.1648434+08:00 pid=85192 tid=5 bulk-import converter-create display=block mode=wordOmml latex=\frac{\partial}{\partial t}\psi ^*\left( \vec{r} \right) \psi \left( \vec{r} \right) =\frac{i\hbar}{2m}\nabla \cdot \left[ \psi ^*\left( \vec{r} \right) \nabla \psi \left( \vec{r} \right) -\psi \left( \vec{r} \right) \nabla \psi ^*\left( r \right) \right]
2026-09-06T17:34:09.1678461+08:00 pid=85192 tid=6 bulk-import converter-created sessionId=7aa340a6-6b1c-438e-8c85-299bba0108c1
2026-09-06T17:34:09.1688444+08:00 pid=85192 tid=6 bulk-import render-prepare index=6/6 display=block latex=\frac{\partial}{\partial t}\rho \left( \vec{r},t \right) +\nabla \cdot \vec{j}=0
2026-09-06T17:34:09.1688444+08:00 pid=85192 tid=6 bulk-import converter-create display=block mode=wordOmml latex=\frac{\partial}{\partial t}\rho \left( \vec{r},t \right) +\nabla \cdot \vec{j}=0
2026-09-06T17:34:09.1729070+08:00 pid=85192 tid=5 bulk-import converter-created sessionId=1d36fa86-b138-44f1-aa2f-a47956388c81
2026-09-06T17:34:09.1729070+08:00 pid=85192 tid=5 bulk-import render-batch-start unique=6 total=6
2026-09-06T17:34:09.2100682+08:00 pid=85192 tid=6 bulk-import render-batch-item sessionId=b4c56848-c4a1-40a4-ae10-c7bea071ee8c status=committing display=inline
2026-09-06T17:34:09.2120672+08:00 pid=85192 tid=5 bulk-import render-batch-item sessionId=11f74ce5-f9ca-4803-afa1-68a737464ca1 status=committing display=block
2026-09-06T17:34:09.2170667+08:00 pid=85192 tid=6 bulk-import render-batch-item sessionId=e55f2394-6e8b-4cc8-aee9-b623942b304b status=committing display=block
2026-09-06T17:34:09.2558429+08:00 pid=85192 tid=6 bulk-import render-batch-item sessionId=a205835a-c46c-4e60-925e-6a5751ecc103 status=committing display=block
2026-09-06T17:34:09.2578434+08:00 pid=85192 tid=5 bulk-import render-batch-item sessionId=7aa340a6-6b1c-438e-8c85-299bba0108c1 status=committing display=block
2026-09-06T17:34:09.2868435+08:00 pid=85192 tid=5 bulk-import render-batch-item sessionId=1d36fa86-b138-44f1-aa2f-a47956388c81 status=committing display=block
2026-09-06T17:34:09.2878421+08:00 pid=85192 tid=5 bulk-import render-batch-complete unique=6 elapsedMs=114
2026-09-06T17:34:09.3598416+08:00 pid=85192 tid=1 word-undo-begin name=VisualTeX 批量导入 recording=False level=0
2026-09-06T17:34:09.3608416+08:00 pid=85192 tid=1 word-undo-started name=VisualTeX 批量导入 recording=True level=1
2026-09-06T17:34:11.9264635+08:00 pid=85192 tid=1 word-xml-incomplete-export document=文档146 attempt=1 maths=0/6 oles=0/0
2026-09-06T17:34:28.3649011+08:00 pid=85192 tid=1 bulk-import-ole-identities-finalized repaired=0
2026-09-06T17:34:28.3658953+08:00 pid=85192 tid=1 word-undo-end recording=False level=0
2026-09-06T17:34:28.3658953+08:00 pid=85192 tid=9 bulk-import bulk-insert-complete blocks=15 formulas=6 elapsedMs=19076
2026-09-06T17:34:28.3668959+08:00 pid=85192 tid=9 bulk-import bulk-import-complete blocks=15 formulas=6 elapsedMs=74010
2026-09-06T17:34:28.3668959+08:00 pid=85192 tid=9 bulk-import bulk-operation-gate-released
2026-09-06T17:34:28.4118794+08:00 pid=85192 tid=16 office-session-finalization-complete sessions=7 completed=True
2026-09-06T17:34:52.5462409+08:00 pid=85192 tid=1 format-conversion-start sourceMode=wordOmml targetMode=mathTypeOle wholeDocument=True
2026-09-06T17:34:57.3426069+08:00 pid=85192 tid=1 format-conversion-plan sourceMode=wordOmml targetMode=mathTypeOle targets=6
2026-09-06T17:35:00.1357398+08:00 pid=85192 tid=1 format-conversion-render-bypass sourceMode=wordOmml targetMode=mathTypeOle targets=6 reason=source-mathml-ready
2026-09-06T17:35:00.7058605+08:00 pid=85192 tid=1 format-conversion-native-preview-batch-complete formulas=6 elapsedMs=557
2026-09-06T17:35:00.7058605+08:00 pid=85192 tid=1 format-conversion-word-apply-start sourceMode=wordOmml targetMode=mathTypeOle targets=6
2026-09-06T17:35:03.6796006+08:00 pid=85192 tid=1 format-conversion-runtime assembly=C:\Users\pojian_liao\AppData\Local\VisualTeX\office\remediation-builds\5219C2264FBEDBDE9CF9290702E491EE144FACD393738EE5B76BE639501073B7\VisualTeX.WordVsto.dll source=wordOmml target=mathTypeOle targetIsVisualTeX=False targetIsMathType=True
2026-09-06T17:35:03.8645926+08:00 pid=85192 tid=1 format-conversion-reference-counts-fast-path source=wordOmml formulas=5
2026-09-06T17:35:04.8254366+08:00 pid=85192 tid=1 word-undo-begin name=VisualTeX Convert Formula Format recording=False level=0
2026-09-06T17:35:04.8264371+08:00 pid=85192 tid=1 word-undo-started name=VisualTeX Convert Formula Format recording=True level=1
2026-09-06T17:35:04.8264371+08:00 pid=85192 tid=1 format-conversion-undo-state stage=before-preferences document=文档146 recording=True level=1
2026-09-06T17:35:04.8274385+08:00 pid=85192 tid=1 format-conversion-transaction-start targets=6
2026-09-06T17:35:04.8274385+08:00 pid=85192 tid=1 format-conversion-undo-state stage=after-preferences document=文档146 recording=True level=1
2026-09-06T17:35:04.8274385+08:00 pid=85192 tid=1 format-conversion-undo-state stage=before-source-delete document=文档146 recording=True level=1
2026-09-06T17:35:05.9158674+08:00 pid=85192 tid=1 format-conversion-direct-numbered-omml-delete formulaId=ae506d14-6bc5-4f3b-8e47-f9ea7aef9522 start=619
2026-09-06T17:35:05.9168673+08:00 pid=85192 tid=1 format-conversion-perf stage=delete-source-host formulaId=ae506d14-6bc5-4f3b-8e47-f9ea7aef9522 numbered=True deltaMs=1089 totalMs=1089
2026-09-06T17:35:05.9168673+08:00 pid=85192 tid=1 format-conversion-undo-state stage=after-source-delete document=文档146 recording=False level=0
2026-09-06T17:35:05.9728671+08:00 pid=85192 tid=1 word-undo-begin name=VisualTeX Insert MathType OLE Numbered Display Formula recording=False level=0
2026-09-06T17:35:05.9738671+08:00 pid=85192 tid=1 word-undo-started name=VisualTeX Insert MathType OLE Numbered Display Formula recording=True level=1
2026-09-06T17:35:06.0765299+08:00 pid=85192 tid=1 mathtype-insert-perf stage=resolve-insertion numbered=True inline=False deltaMs=103 totalMs=103
2026-09-06T17:35:06.0785298+08:00 pid=85192 tid=1 mathtype-insert-perf stage=clear-incomplete-number-row numbered=True inline=False deltaMs=2 totalMs=105
2026-09-06T17:35:06.0805298+08:00 pid=85192 tid=1 mathtype-insert-perf stage=number-template-heading-state numbered=True inline=False deltaMs=2 totalMs=107
2026-09-06T17:35:06.0855299+08:00 pid=85192 tid=1 mathtype-insert-perf stage=prepare-display-row numbered=True inline=False deltaMs=5 totalMs=112
2026-09-06T17:35:06.1075298+08:00 pid=85192 tid=1 mathtype-insert-perf stage=build-flat-opc numbered=True inline=False deltaMs=21 totalMs=133
2026-09-06T17:35:06.1075298+08:00 pid=85192 tid=1 mathtype-insert-perf stage=pre-insert-bookkeeping numbered=True inline=False deltaMs=1 totalMs=134
2026-09-06T17:35:06.1561582+08:00 pid=85192 tid=1 mathtype-insert-perf stage=insert-flat-opc numbered=True inline=False deltaMs=48 totalMs=182
2026-09-06T17:35:06.3352557+08:00 pid=85192 tid=1 mathtype-insert-perf stage=resolve-new-shape numbered=True inline=False deltaMs=180 totalMs=362
2026-09-06T17:35:06.3372565+08:00 pid=85192 tid=1 mathtype-insert-perf stage=set-shape-geometry numbered=True inline=False deltaMs=2 totalMs=364
2026-09-06T17:35:06.3382562+08:00 pid=85192 tid=1 mathtype-insert-perf stage=repair-inline-paragraph numbered=True inline=False deltaMs=0 totalMs=364
2026-09-06T17:35:06.3382562+08:00 pid=85192 tid=1 mathtype-insert-perf stage=refresh-native-shape numbered=True inline=False deltaMs=1 totalMs=365
2026-09-06T17:35:06.5560571+08:00 pid=85192 tid=1 mathtype-insert-perf stage=bind-created-object-identity numbered=True inline=False deltaMs=218 totalMs=583
2026-09-06T17:35:06.5570575+08:00 pid=85192 tid=1 mathtype-insert-perf stage=complete numbered=True inline=False deltaMs=0 totalMs=583
2026-09-06T17:35:06.5570575+08:00 pid=85192 tid=1 word-undo-end recording=True level=1
2026-09-06T17:35:06.5580577+08:00 pid=85192 tid=1 format-conversion-perf stage=insert-target formulaId=ae506d14-6bc5-4f3b-8e47-f9ea7aef9522 numbered=True deltaMs=641 totalMs=1730
2026-09-06T17:35:06.5580577+08:00 pid=85192 tid=1 format-conversion-undo-state stage=after-target-insert document=文档146 recording=False level=0
2026-09-06T17:35:06.5610572+08:00 pid=85192 tid=1 format-conversion-bookmarked-target-stable formulaId=ae506d14-6bc5-4f3b-8e47-f9ea7aef9522 bookmark=VTMT_734ff85fb30b4078ae65cc202c195d29 range=620:646 elapsedMs=1
2026-09-06T17:35:06.5620575+08:00 pid=85192 tid=1 format-conversion-direct-managed-omml-metadata-deleted formulaId=ae506d14-6bc5-4f3b-8e47-f9ea7aef9522 numbered=True
2026-09-06T17:35:06.5620575+08:00 pid=85192 tid=1 format-conversion-perf stage=verify-target formulaId=ae506d14-6bc5-4f3b-8e47-f9ea7aef9522 numbered=True deltaMs=4 totalMs=1734
2026-09-06T17:35:06.5630574+08:00 pid=85192 tid=1 format-conversion-undo-state stage=before-source-delete document=文档146 recording=False level=0
2026-09-06T17:35:07.9208612+08:00 pid=85192 tid=1 format-conversion-direct-numbered-omml-delete formulaId=e930860a-4474-46df-af3a-216641879145 start=467
2026-09-06T17:35:07.9218611+08:00 pid=85192 tid=1 format-conversion-perf stage=delete-source-host formulaId=e930860a-4474-46df-af3a-216641879145 numbered=True deltaMs=1358 totalMs=1358
2026-09-06T17:35:07.9218611+08:00 pid=85192 tid=1 format-conversion-undo-state stage=after-source-delete document=文档146 recording=False level=0
2026-09-06T17:35:08.0078631+08:00 pid=85192 tid=1 word-undo-begin name=VisualTeX Insert MathType OLE Numbered Display Formula recording=False level=0
2026-09-06T17:35:08.0078631+08:00 pid=85192 tid=1 word-undo-started name=VisualTeX Insert MathType OLE Numbered Display Formula recording=True level=1
2026-09-06T17:35:08.0914754+08:00 pid=85192 tid=1 mathtype-insert-perf stage=resolve-insertion numbered=True inline=False deltaMs=84 totalMs=84
2026-09-06T17:35:08.0934736+08:00 pid=85192 tid=1 mathtype-insert-perf stage=clear-incomplete-number-row numbered=True inline=False deltaMs=1 totalMs=85
2026-09-06T17:35:08.0934736+08:00 pid=85192 tid=1 mathtype-insert-perf stage=number-template-heading-state numbered=True inline=False deltaMs=0 totalMs=85
2026-09-06T17:35:08.0974767+08:00 pid=85192 tid=1 mathtype-insert-perf stage=prepare-display-row numbered=True inline=False deltaMs=5 totalMs=90
2026-09-06T17:35:08.1044750+08:00 pid=85192 tid=1 mathtype-insert-perf stage=build-flat-opc numbered=True inline=False deltaMs=6 totalMs=96
2026-09-06T17:35:08.1044750+08:00 pid=85192 tid=1 mathtype-insert-perf stage=pre-insert-bookkeeping numbered=True inline=False deltaMs=0 totalMs=96
2026-09-06T17:35:08.1457055+08:00 pid=85192 tid=1 mathtype-insert-perf stage=insert-flat-opc numbered=True inline=False deltaMs=42 totalMs=138
2026-09-06T17:35:08.1487084+08:00 pid=85192 tid=1 mathtype-insert-perf stage=resolve-new-shape numbered=True inline=False deltaMs=3 totalMs=141
2026-09-06T17:35:08.1507067+08:00 pid=85192 tid=1 mathtype-insert-perf stage=set-shape-geometry numbered=True inline=False deltaMs=1 totalMs=142
2026-09-06T17:35:08.1507067+08:00 pid=85192 tid=1 mathtype-insert-perf stage=repair-inline-paragraph numbered=True inline=False deltaMs=0 totalMs=142
2026-09-06T17:35:08.1527063+08:00 pid=85192 tid=1 mathtype-insert-perf stage=refresh-native-shape numbered=True inline=False deltaMs=2 totalMs=144
2026-09-06T17:35:08.2263771+08:00 pid=85192 tid=1 mathtype-insert-perf stage=bind-created-object-identity numbered=True inline=False deltaMs=74 totalMs=218
2026-09-06T17:35:08.2263771+08:00 pid=85192 tid=1 mathtype-insert-perf stage=complete numbered=True inline=False deltaMs=0 totalMs=218
2026-09-06T17:35:08.2273868+08:00 pid=85192 tid=1 word-undo-end recording=True level=1
2026-09-06T17:35:08.2273868+08:00 pid=85192 tid=1 format-conversion-perf stage=insert-target formulaId=e930860a-4474-46df-af3a-216641879145 numbered=True deltaMs=306 totalMs=1664
2026-09-06T17:35:08.2283872+08:00 pid=85192 tid=1 format-conversion-undo-state stage=after-target-insert document=文档146 recording=False level=0
2026-09-06T17:35:08.2303885+08:00 pid=85192 tid=1 format-conversion-bookmarked-target-stable formulaId=e930860a-4474-46df-af3a-216641879145 bookmark=VTMT_9402c4f08f4c4fd0b4b86d02e2b012c3 range=468:494 elapsedMs=1
2026-09-06T17:35:08.2303885+08:00 pid=85192 tid=1 format-conversion-direct-managed-omml-metadata-deleted formulaId=e930860a-4474-46df-af3a-216641879145 numbered=True
2026-09-06T17:35:08.2313862+08:00 pid=85192 tid=1 format-conversion-perf stage=verify-target formulaId=e930860a-4474-46df-af3a-216641879145 numbered=True deltaMs=4 totalMs=1668
2026-09-06T17:35:08.2323886+08:00 pid=85192 tid=1 format-conversion-undo-state stage=before-source-delete document=文档146 recording=False level=0
2026-09-06T17:35:09.3703654+08:00 pid=85192 tid=1 format-conversion-direct-numbered-omml-delete formulaId=54a285d0-badd-4be9-a710-59826f71ca95 start=349
2026-09-06T17:35:09.3713650+08:00 pid=85192 tid=1 format-conversion-perf stage=delete-source-host formulaId=54a285d0-badd-4be9-a710-59826f71ca95 numbered=True deltaMs=1139 totalMs=1139
2026-09-06T17:35:09.3713650+08:00 pid=85192 tid=1 format-conversion-undo-state stage=after-source-delete document=文档146 recording=False level=0
2026-09-06T17:35:09.4475931+08:00 pid=85192 tid=1 word-undo-begin name=VisualTeX Insert MathType OLE Numbered Display Formula recording=False level=0
2026-09-06T17:35:09.4475931+08:00 pid=85192 tid=1 word-undo-started name=VisualTeX Insert MathType OLE Numbered Display Formula recording=True level=1
2026-09-06T17:35:09.5275805+08:00 pid=85192 tid=1 mathtype-insert-perf stage=resolve-insertion numbered=True inline=False deltaMs=79 totalMs=79
2026-09-06T17:35:09.5285803+08:00 pid=85192 tid=1 mathtype-insert-perf stage=clear-incomplete-number-row numbered=True inline=False deltaMs=1 totalMs=80
2026-09-06T17:35:09.5285803+08:00 pid=85192 tid=1 mathtype-insert-perf stage=number-template-heading-state numbered=True inline=False deltaMs=1 totalMs=81
2026-09-06T17:35:09.5315801+08:00 pid=85192 tid=1 mathtype-insert-perf stage=prepare-display-row numbered=True inline=False deltaMs=2 totalMs=83
2026-09-06T17:35:09.5375799+08:00 pid=85192 tid=1 mathtype-insert-perf stage=build-flat-opc numbered=True inline=False deltaMs=7 totalMs=90
2026-09-06T17:35:09.5385802+08:00 pid=85192 tid=1 mathtype-insert-perf stage=pre-insert-bookkeeping numbered=True inline=False deltaMs=0 totalMs=90
2026-09-06T17:35:09.5823754+08:00 pid=85192 tid=1 mathtype-insert-perf stage=insert-flat-opc numbered=True inline=False deltaMs=45 totalMs=135
2026-09-06T17:35:09.5853757+08:00 pid=85192 tid=1 mathtype-insert-perf stage=resolve-new-shape numbered=True inline=False deltaMs=2 totalMs=137
2026-09-06T17:35:09.5863757+08:00 pid=85192 tid=1 mathtype-insert-perf stage=set-shape-geometry numbered=True inline=False deltaMs=2 totalMs=139
2026-09-06T17:35:09.5873762+08:00 pid=85192 tid=1 mathtype-insert-perf stage=repair-inline-paragraph numbered=True inline=False deltaMs=0 totalMs=139
2026-09-06T17:35:09.5873762+08:00 pid=85192 tid=1 mathtype-insert-perf stage=refresh-native-shape numbered=True inline=False deltaMs=1 totalMs=140
2026-09-06T17:35:09.6473754+08:00 pid=85192 tid=1 mathtype-insert-perf stage=bind-created-object-identity numbered=True inline=False deltaMs=59 totalMs=199
2026-09-06T17:35:09.6473754+08:00 pid=85192 tid=1 mathtype-insert-perf stage=complete numbered=True inline=False deltaMs=1 totalMs=200
2026-09-06T17:35:09.6483758+08:00 pid=85192 tid=1 word-undo-end recording=True level=1
2026-09-06T17:35:09.6483758+08:00 pid=85192 tid=1 format-conversion-perf stage=insert-target formulaId=54a285d0-badd-4be9-a710-59826f71ca95 numbered=True deltaMs=277 totalMs=1416
2026-09-06T17:35:09.6493754+08:00 pid=85192 tid=1 format-conversion-undo-state stage=after-target-insert document=文档146 recording=False level=0
2026-09-06T17:35:09.6503759+08:00 pid=85192 tid=1 format-conversion-bookmarked-target-stable formulaId=54a285d0-badd-4be9-a710-59826f71ca95 bookmark=VTMT_a654d02528fd4871b23ff8315f0d61bc range=350:376 elapsedMs=0
2026-09-06T17:35:09.6523773+08:00 pid=85192 tid=1 format-conversion-direct-managed-omml-metadata-deleted formulaId=54a285d0-badd-4be9-a710-59826f71ca95 numbered=True
2026-09-06T17:35:09.6523773+08:00 pid=85192 tid=1 format-conversion-perf stage=verify-target formulaId=54a285d0-badd-4be9-a710-59826f71ca95 numbered=True deltaMs=4 totalMs=1420
2026-09-06T17:35:09.6533772+08:00 pid=85192 tid=1 format-conversion-undo-state stage=before-source-delete document=文档146 recording=False level=0
2026-09-06T17:35:10.9618371+08:00 pid=85192 tid=1 format-conversion-direct-numbered-omml-delete formulaId=8c15ddca-ddd7-4532-a72b-b978b5ae1547 start=218
2026-09-06T17:35:10.9628372+08:00 pid=85192 tid=1 format-conversion-perf stage=delete-source-host formulaId=8c15ddca-ddd7-4532-a72b-b978b5ae1547 numbered=True deltaMs=1309 totalMs=1309
2026-09-06T17:35:10.9628372+08:00 pid=85192 tid=1 format-conversion-undo-state stage=after-source-delete document=文档146 recording=False level=0
2026-09-06T17:35:11.0178373+08:00 pid=85192 tid=1 word-undo-begin name=VisualTeX Insert MathType OLE Numbered Display Formula recording=False level=0
2026-09-06T17:35:11.0178373+08:00 pid=85192 tid=1 word-undo-started name=VisualTeX Insert MathType OLE Numbered Display Formula recording=True level=1
2026-09-06T17:35:11.0663487+08:00 pid=85192 tid=1 mathtype-insert-perf stage=resolve-insertion numbered=True inline=False deltaMs=49 totalMs=49
2026-09-06T17:35:11.0683481+08:00 pid=85192 tid=1 mathtype-insert-perf stage=clear-incomplete-number-row numbered=True inline=False deltaMs=1 totalMs=50
2026-09-06T17:35:11.0683481+08:00 pid=85192 tid=1 mathtype-insert-perf stage=number-template-heading-state numbered=True inline=False deltaMs=1 totalMs=51
2026-09-06T17:35:11.0713484+08:00 pid=85192 tid=1 mathtype-insert-perf stage=prepare-display-row numbered=True inline=False deltaMs=2 totalMs=53
2026-09-06T17:35:11.0773485+08:00 pid=85192 tid=1 mathtype-insert-perf stage=build-flat-opc numbered=True inline=False deltaMs=6 totalMs=59
2026-09-06T17:35:11.0773485+08:00 pid=85192 tid=1 mathtype-insert-perf stage=pre-insert-bookkeeping numbered=True inline=False deltaMs=1 totalMs=60
2026-09-06T17:35:11.1154456+08:00 pid=85192 tid=1 mathtype-insert-perf stage=insert-flat-opc numbered=True inline=False deltaMs=37 totalMs=97
2026-09-06T17:35:11.1174456+08:00 pid=85192 tid=1 mathtype-insert-perf stage=resolve-new-shape numbered=True inline=False deltaMs=2 totalMs=99
2026-09-06T17:35:11.1184459+08:00 pid=85192 tid=1 mathtype-insert-perf stage=set-shape-geometry numbered=True inline=False deltaMs=2 totalMs=101
2026-09-06T17:35:11.1194458+08:00 pid=85192 tid=1 mathtype-insert-perf stage=repair-inline-paragraph numbered=True inline=False deltaMs=0 totalMs=101
2026-09-06T17:35:11.1214459+08:00 pid=85192 tid=1 mathtype-insert-perf stage=refresh-native-shape numbered=True inline=False deltaMs=2 totalMs=103
2026-09-06T17:35:11.1784458+08:00 pid=85192 tid=1 mathtype-insert-perf stage=bind-created-object-identity numbered=True inline=False deltaMs=58 totalMs=161
2026-09-06T17:35:11.1794456+08:00 pid=85192 tid=1 mathtype-insert-perf stage=complete numbered=True inline=False deltaMs=0 totalMs=161
2026-09-06T17:35:11.1794456+08:00 pid=85192 tid=1 word-undo-end recording=True level=1
2026-09-06T17:35:11.1804463+08:00 pid=85192 tid=1 format-conversion-perf stage=insert-target formulaId=8c15ddca-ddd7-4532-a72b-b978b5ae1547 numbered=True deltaMs=217 totalMs=1526
2026-09-06T17:35:11.1804463+08:00 pid=85192 tid=1 format-conversion-undo-state stage=after-target-insert document=文档146 recording=False level=0
2026-09-06T17:35:11.1824459+08:00 pid=85192 tid=1 format-conversion-bookmarked-target-stable formulaId=8c15ddca-ddd7-4532-a72b-b978b5ae1547 bookmark=VTMT_86c1645ad8244f00855d83c95a559827 range=219:245 elapsedMs=0
2026-09-06T17:35:11.1834484+08:00 pid=85192 tid=1 format-conversion-direct-managed-omml-metadata-deleted formulaId=8c15ddca-ddd7-4532-a72b-b978b5ae1547 numbered=True
2026-09-06T17:35:11.1834484+08:00 pid=85192 tid=1 format-conversion-perf stage=verify-target formulaId=8c15ddca-ddd7-4532-a72b-b978b5ae1547 numbered=True deltaMs=4 totalMs=1530
2026-09-06T17:35:11.1844464+08:00 pid=85192 tid=1 format-conversion-undo-state stage=before-source-delete document=文档146 recording=False level=0
2026-09-06T17:35:11.8639558+08:00 pid=85192 tid=1 format-conversion-direct-numbered-omml-delete formulaId=6c6a6184-fdc8-4058-9cfd-f9b34567f1d0 start=94
2026-09-06T17:35:11.8639558+08:00 pid=85192 tid=1 format-conversion-perf stage=delete-source-host formulaId=6c6a6184-fdc8-4058-9cfd-f9b34567f1d0 numbered=True deltaMs=679 totalMs=679
2026-09-06T17:35:11.8639558+08:00 pid=85192 tid=1 format-conversion-undo-state stage=after-source-delete document=文档146 recording=False level=0
2026-09-06T17:35:11.8949560+08:00 pid=85192 tid=1 word-undo-begin name=VisualTeX Insert MathType OLE Numbered Display Formula recording=False level=0
2026-09-06T17:35:11.8959573+08:00 pid=85192 tid=1 word-undo-started name=VisualTeX Insert MathType OLE Numbered Display Formula recording=True level=1
2026-09-06T17:35:11.9099551+08:00 pid=85192 tid=1 mathtype-insert-perf stage=resolve-insertion numbered=True inline=False deltaMs=14 totalMs=14
2026-09-06T17:35:11.9099551+08:00 pid=85192 tid=1 mathtype-insert-perf stage=clear-incomplete-number-row numbered=True inline=False deltaMs=1 totalMs=15
2026-09-06T17:35:11.9109554+08:00 pid=85192 tid=1 mathtype-insert-perf stage=number-template-heading-state numbered=True inline=False deltaMs=0 totalMs=15
2026-09-06T17:35:11.9109554+08:00 pid=85192 tid=1 mathtype-insert-perf stage=prepare-display-row numbered=True inline=False deltaMs=1 totalMs=16
2026-09-06T17:35:11.9179551+08:00 pid=85192 tid=1 mathtype-insert-perf stage=build-flat-opc numbered=True inline=False deltaMs=6 totalMs=22
2026-09-06T17:35:11.9179551+08:00 pid=85192 tid=1 mathtype-insert-perf stage=pre-insert-bookkeeping numbered=True inline=False deltaMs=0 totalMs=22
2026-09-06T17:35:11.9559553+08:00 pid=85192 tid=1 mathtype-insert-perf stage=insert-flat-opc numbered=True inline=False deltaMs=38 totalMs=60
2026-09-06T17:35:11.9559553+08:00 pid=85192 tid=1 mathtype-insert-perf stage=resolve-new-shape numbered=True inline=False deltaMs=1 totalMs=61
2026-09-06T17:35:11.9569555+08:00 pid=85192 tid=1 mathtype-insert-perf stage=set-shape-geometry numbered=True inline=False deltaMs=1 totalMs=62
2026-09-06T17:35:11.9569555+08:00 pid=85192 tid=1 mathtype-insert-perf stage=repair-inline-paragraph numbered=True inline=False deltaMs=0 totalMs=62
2026-09-06T17:35:11.9579551+08:00 pid=85192 tid=1 mathtype-insert-perf stage=refresh-native-shape numbered=True inline=False deltaMs=0 totalMs=62
2026-09-06T17:35:11.9669555+08:00 pid=85192 tid=1 mathtype-insert-perf stage=bind-created-object-identity numbered=True inline=False deltaMs=9 totalMs=71
2026-09-06T17:35:11.9669555+08:00 pid=85192 tid=1 mathtype-insert-perf stage=complete numbered=True inline=False deltaMs=1 totalMs=72
2026-09-06T17:35:11.9679558+08:00 pid=85192 tid=1 word-undo-end recording=True level=1
2026-09-06T17:35:11.9679558+08:00 pid=85192 tid=1 format-conversion-perf stage=insert-target formulaId=6c6a6184-fdc8-4058-9cfd-f9b34567f1d0 numbered=True deltaMs=104 totalMs=783
2026-09-06T17:35:11.9679558+08:00 pid=85192 tid=1 format-conversion-undo-state stage=after-target-insert document=文档146 recording=False level=0
2026-09-06T17:35:11.9689553+08:00 pid=85192 tid=1 format-conversion-bookmarked-target-stable formulaId=6c6a6184-fdc8-4058-9cfd-f9b34567f1d0 bookmark=VTMT_80e5d6fb825343cfa4cc31460cb01ee2 range=95:121 elapsedMs=0
2026-09-06T17:35:11.9689553+08:00 pid=85192 tid=1 format-conversion-direct-managed-omml-metadata-deleted formulaId=6c6a6184-fdc8-4058-9cfd-f9b34567f1d0 numbered=True
2026-09-06T17:35:11.9689553+08:00 pid=85192 tid=1 format-conversion-perf stage=verify-target formulaId=6c6a6184-fdc8-4058-9cfd-f9b34567f1d0 numbered=True deltaMs=2 totalMs=785
2026-09-06T17:35:11.9699554+08:00 pid=85192 tid=1 format-conversion-undo-state stage=before-source-delete document=文档146 recording=False level=0
2026-09-06T17:35:12.0140537+08:00 pid=85192 tid=1 format-conversion-perf stage=delete-source-host formulaId=8fc44f58-16b6-4002-90a7-65b0859650f4 numbered=False deltaMs=43 totalMs=43
2026-09-06T17:35:12.0140537+08:00 pid=85192 tid=1 format-conversion-undo-state stage=after-source-delete document=文档146 recording=False level=0
2026-09-06T17:35:12.0370539+08:00 pid=85192 tid=1 word-undo-begin name=VisualTeX Insert MathType OLE Inline Formula recording=False level=0
2026-09-06T17:35:12.0370539+08:00 pid=85192 tid=1 word-undo-started name=VisualTeX Insert MathType OLE Inline Formula recording=True level=1
2026-09-06T17:35:12.0437804+08:00 pid=85192 tid=1 mathtype-insert-perf stage=resolve-insertion numbered=False inline=True deltaMs=7 totalMs=7
2026-09-06T17:35:12.0507800+08:00 pid=85192 tid=1 mathtype-insert-perf stage=build-flat-opc numbered=False inline=True deltaMs=7 totalMs=14
2026-09-06T17:35:12.0517804+08:00 pid=85192 tid=1 mathtype-insert-perf stage=pre-insert-bookkeeping numbered=False inline=True deltaMs=0 totalMs=14
2026-09-06T17:35:12.0894070+08:00 pid=85192 tid=1 mathtype-insert-perf stage=insert-flat-opc numbered=False inline=True deltaMs=38 totalMs=52
2026-09-06T17:35:12.0904077+08:00 pid=85192 tid=1 mathtype-insert-perf stage=resolve-new-shape numbered=False inline=True deltaMs=1 totalMs=53
2026-09-06T17:35:12.0914064+08:00 pid=85192 tid=1 mathtype-insert-perf stage=set-shape-geometry numbered=False inline=True deltaMs=1 totalMs=54
2026-09-06T17:35:12.0924062+08:00 pid=85192 tid=1 mathtype-insert-perf stage=repair-inline-paragraph numbered=False inline=True deltaMs=1 totalMs=55
2026-09-06T17:35:12.0924062+08:00 pid=85192 tid=1 mathtype-insert-perf stage=refresh-native-shape numbered=False inline=True deltaMs=0 totalMs=55
2026-09-06T17:35:12.0934064+08:00 pid=85192 tid=1 mathtype-insert-perf stage=set-native-baseline numbered=False inline=True deltaMs=1 totalMs=56
2026-09-06T17:35:12.0982917+08:00 pid=85192 tid=1 mathtype-insert-perf stage=restore-typing-baseline numbered=False inline=True deltaMs=5 totalMs=61
2026-09-06T17:35:12.0992920+08:00 pid=85192 tid=1 mathtype-insert-perf stage=bind-created-object-identity numbered=False inline=True deltaMs=1 totalMs=62
2026-09-06T17:35:12.0992920+08:00 pid=85192 tid=1 mathtype-insert-perf stage=complete numbered=False inline=True deltaMs=0 totalMs=62
2026-09-06T17:35:12.0992920+08:00 pid=85192 tid=1 word-undo-end recording=True level=1
2026-09-06T17:35:12.1002920+08:00 pid=85192 tid=1 format-conversion-perf stage=insert-target formulaId=8fc44f58-16b6-4002-90a7-65b0859650f4 numbered=False deltaMs=87 totalMs=130
2026-09-06T17:35:12.1002920+08:00 pid=85192 tid=1 format-conversion-undo-state stage=after-target-insert document=文档146 recording=False level=0
2026-09-06T17:35:12.1002920+08:00 pid=85192 tid=1 format-conversion-bookmarked-target-stable formulaId=8fc44f58-16b6-4002-90a7-65b0859650f4 bookmark=VTMT_acf4c902b5a7447ca6343c4bfd3d77f4 range=54:80 elapsedMs=0
2026-09-06T17:35:12.1002920+08:00 pid=85192 tid=1 format-conversion-perf stage=verify-target formulaId=8fc44f58-16b6-4002-90a7-65b0859650f4 numbered=False deltaMs=0 totalMs=130
2026-09-06T17:35:12.1012927+08:00 pid=85192 tid=1 format-conversion-finalize-perf stage=source-residual-check sourceMode=wordOmml targetMode=mathTypeOle deltaMs=0 totalMs=0
2026-09-06T17:35:12.1032916+08:00 pid=85192 tid=1 format-conversion-finalize-perf stage=target-count-check sourceMode=wordOmml targetMode=mathTypeOle deltaMs=1 totalMs=1
2026-09-06T17:35:12.1471030+08:00 pid=85192 tid=1 format-conversion-finalize-perf stage=numbering-reconcile sourceMode=wordOmml targetMode=mathTypeOle deltaMs=44 totalMs=45
2026-09-06T17:35:12.1491652+08:00 pid=85192 tid=1 format-conversion-finalize-perf stage=omml-fingerprint-refresh sourceMode=wordOmml targetMode=mathTypeOle deltaMs=2 totalMs=47
2026-09-06T17:35:12.1517538+08:00 pid=85192 tid=1 format-conversion-transaction-completed targets=6
2026-09-06T17:35:12.1530065+08:00 pid=85192 tid=1 format-conversion-word-apply-finished sourceMode=wordOmml targetMode=mathTypeOle converted=6 failed=0
2026-09-06T17:35:12.1545152+08:00 pid=85192 tid=1 format-conversion-complete source=OMML target=MathType converted=6 failed=0
2026-09-06T17:35:38.3014098+08:00 pid=85192 tid=12 left-down x=675 y=1190 wordForeground=True
2026-09-06T17:35:44.9403380+08:00 pid=85192 tid=12 left-down x=1961 y=1652 wordForeground=False
2026-09-06T17:35:47.8465081+08:00 pid=85192 tid=12 left-down x=1986 y=1555 wordForeground=True
2026-09-06T17:35:55.5220255+08:00 pid=85192 tid=1 bulk-import bulk-import-start
2026-09-06T17:35:55.5421755+08:00 pid=85192 tid=21 bulk-import bulk-import-ui-created sessionId=ea3f788a-6616-41f6-b339-9a8d8c800871
2026-09-06T17:35:55.5481777+08:00 pid=85192 tid=21 bulk-import bulk-import-ui-opened sessionId=ea3f788a-6616-41f6-b339-9a8d8c800871
2026-09-06T17:35:59.5221283+08:00 pid=85192 tid=12 left-down x=1382 y=1120 wordForeground=False
2026-09-06T17:36:02.8123004+08:00 pid=85192 tid=12 left-down x=2332 y=460 wordForeground=False
2026-09-06T17:36:05.3910423+08:00 pid=85192 tid=12 left-down x=2492 y=460 wordForeground=False
2026-09-06T17:36:08.4861531+08:00 pid=85192 tid=16 bulk-import bulk-import-ui-finished sessionId=ea3f788a-6616-41f6-b339-9a8d8c800871 status=committing error=<null>
2026-09-06T17:36:08.4891513+08:00 pid=85192 tid=16 bulk-import parsed blocks=15 formulas=6 mode=Omml fontSizePt=10.5
2026-09-06T17:36:08.5081518+08:00 pid=85192 tid=16 bulk-import render-prepare index=1/6 display=inline latex=\sqrt{E-u\left(x\right)}=\frac{1}{f\left(\omega\right)v_{ph}\left(\omega,x\right)}
2026-09-06T17:36:08.5091514+08:00 pid=85192 tid=16 bulk-import converter-create display=inline mode=wordOmml latex=\sqrt{E-u\left(x\right)}=\frac{1}{f\left(\omega\right)v_{ph}\left(\omega,x\right)}
2026-09-06T17:36:08.5121537+08:00 pid=85192 tid=16 bulk-import converter-created sessionId=2cdc1f60-7c88-461b-a114-48e567a59470
2026-09-06T17:36:08.5131530+08:00 pid=85192 tid=16 bulk-import render-prepare index=2/6 display=block latex=\begin{cases}\frac{\mathrm{d}}{\mathrm{d}\omega}\left(\omega f\left(\omega\right)\right)=0 \\ \frac{\omega f\left(\omega\right)}{2}\frac{\mathrm{d}E\left(\omega\right)}{\mathrm{d}\omega}=\sqrt{\frac{m}{2}} \end{cases}
2026-09-06T17:36:08.5141538+08:00 pid=85192 tid=16 bulk-import converter-create display=block mode=wordOmml latex=\begin{cases}\frac{\mathrm{d}}{\mathrm{d}\omega}\left(\omega f\left(\omega\right)\right)=0 \\ \frac{\omega f\left(\omega\right)}{2}\frac{\mathrm{d}E\left(\omega\right)}{\mathrm{d}\omega}=\sqrt{\frac{m}{2}} \end{cases}
2026-09-06T17:36:08.5171530+08:00 pid=85192 tid=16 bulk-import converter-created sessionId=f9c7295c-0a58-4692-95a6-a52a22b6d290
2026-09-06T17:36:08.5181520+08:00 pid=85192 tid=16 bulk-import render-prepare index=3/6 display=block latex=\sqrt{\frac{m}{2\left(E\left(\omega\right)-U\right)}}=\frac{\mathrm{d}}{\mathrm{d}\omega}\left(\omega\cdot f\left(\omega\right)\sqrt{\left(E\left(\omega\right)-U\right)}\right)
2026-09-06T17:36:08.5181520+08:00 pid=85192 tid=16 bulk-import converter-create display=block mode=wordOmml latex=\sqrt{\frac{m}{2\left(E\left(\omega\right)-U\right)}}=\frac{\mathrm{d}}{\mathrm{d}\omega}\left(\omega\cdot f\left(\omega\right)\sqrt{\left(E\left(\omega\right)-U\right)}\right)
2026-09-06T17:36:08.5221540+08:00 pid=85192 tid=16 bulk-import converter-created sessionId=b8900ea2-c81d-4eda-acfe-31c713156c5b
2026-09-06T17:36:08.5231535+08:00 pid=85192 tid=16 bulk-import render-prepare index=4/6 display=block latex=i\hbar \frac{\partial}{\partial t}\psi(\mathbf{r},t) = \left[ -\frac{\hbar^2}{2m}\nabla^2 + V(\mathbf{r},t) \right]\psi(\mathbf{r},t)
2026-09-06T17:36:08.5241516+08:00 pid=85192 tid=16 bulk-import converter-create display=block mode=wordOmml latex=i\hbar \frac{\partial}{\partial t}\psi(\mathbf{r},t) = \left[ -\frac{\hbar^2}{2m}\nabla^2 + V(\mathbf{r},t) \right]\psi(\mathbf{r},t)
2026-09-06T17:36:08.5271542+08:00 pid=85192 tid=16 bulk-import converter-created sessionId=0484b7c6-7c03-4dc6-9046-b0df059615e1
2026-09-06T17:36:08.5281523+08:00 pid=85192 tid=16 bulk-import render-prepare index=5/6 display=block latex=\frac{\partial}{\partial t}\psi ^*\left( \vec{r} \right) \psi \left( \vec{r} \right) =\frac{i\hbar}{2m}\nabla \cdot \left[ \psi ^*\left( \vec{r} \right) \nabla \psi \left( \vec{r} \right) -\psi \left( \vec{r} \right) \nabla \psi ^*\left( r \right) \right]
2026-09-06T17:36:08.5291514+08:00 pid=85192 tid=16 bulk-import converter-create display=block mode=wordOmml latex=\frac{\partial}{\partial t}\psi ^*\left( \vec{r} \right) \psi \left( \vec{r} \right) =\frac{i\hbar}{2m}\nabla \cdot \left[ \psi ^*\left( \vec{r} \right) \nabla \psi \left( \vec{r} \right) -\psi \left( \vec{r} \right) \nabla \psi ^*\left( r \right) \right]
2026-09-06T17:36:08.5321536+08:00 pid=85192 tid=16 bulk-import converter-created sessionId=3b17c659-7f9a-40d9-870b-50bccebb7405
2026-09-06T17:36:08.5331537+08:00 pid=85192 tid=16 bulk-import render-prepare index=6/6 display=block latex=\frac{\partial}{\partial t}\rho \left( \vec{r},t \right) +\nabla \cdot \vec{j}=0
2026-09-06T17:36:08.5341515+08:00 pid=85192 tid=16 bulk-import converter-create display=block mode=wordOmml latex=\frac{\partial}{\partial t}\rho \left( \vec{r},t \right) +\nabla \cdot \vec{j}=0
2026-09-06T17:36:08.5371524+08:00 pid=85192 tid=16 bulk-import converter-created sessionId=e0de431e-2f9c-4510-8e13-ccdbbe412a25
2026-09-06T17:36:08.5381518+08:00 pid=85192 tid=16 bulk-import render-batch-start unique=6 total=6
2026-09-06T17:36:08.5771551+08:00 pid=85192 tid=16 bulk-import render-batch-item sessionId=2cdc1f60-7c88-461b-a114-48e567a59470 status=committing display=inline
2026-09-06T17:36:08.5781514+08:00 pid=85192 tid=21 bulk-import render-batch-item sessionId=f9c7295c-0a58-4692-95a6-a52a22b6d290 status=committing display=block
2026-09-06T17:36:08.5791523+08:00 pid=85192 tid=16 bulk-import render-batch-item sessionId=b8900ea2-c81d-4eda-acfe-31c713156c5b status=committing display=block
2026-09-06T17:36:08.5831505+08:00 pid=85192 tid=21 bulk-import render-batch-item sessionId=0484b7c6-7c03-4dc6-9046-b0df059615e1 status=committing display=block
2026-09-06T17:36:08.5871515+08:00 pid=85192 tid=16 bulk-import render-batch-item sessionId=3b17c659-7f9a-40d9-870b-50bccebb7405 status=committing display=block
2026-09-06T17:36:08.6241514+08:00 pid=85192 tid=16 bulk-import render-batch-item sessionId=e0de431e-2f9c-4510-8e13-ccdbbe412a25 status=committing display=block
2026-09-06T17:36:08.6241514+08:00 pid=85192 tid=16 bulk-import render-batch-complete unique=6 elapsedMs=85
2026-09-06T17:36:08.6761532+08:00 pid=85192 tid=1 word-undo-begin name=VisualTeX 批量导入 recording=False level=0
2026-09-06T17:36:08.6771517+08:00 pid=85192 tid=1 word-undo-started name=VisualTeX 批量导入 recording=True level=1
2026-09-06T17:36:10.6255360+08:00 pid=85192 tid=1 word-xml-incomplete-export document=文档147 attempt=1 maths=0/6 oles=0/0
2026-09-06T17:36:28.3582301+08:00 pid=85192 tid=1 word-undo-end recording=False level=0
2026-09-06T17:36:29.2145491+08:00 pid=85192 tid=1 word-undo-history-recovery original=0 current=948 owned=948
2026-09-06T17:37:59.1370087+08:00 pid=85192 tid=1 format-conversion-recovery afterUndoBodyMatches=True
2026-09-06T17:37:59.1650099+08:00 pid=85192 tid=1 format-conversion-recovery-verified body=True mathFont=True metadata=True variables=True
2026-09-06T17:37:59.2260456+08:00 pid=85192 tid=60 office-session-finalization-complete sessions=7 completed=False
2026-09-06T17:37:59.2260456+08:00 pid=85192 tid=60 bulk-import bulk-import-failed System.IO.InvalidDataException: Office MathML conversion did not produce an m:oMath node.
   在 VisualTeX.WordVsto.WordOmmlConverter.ExtractSingleOMath(String omml)
   在 VisualTeX.WordVsto.WordOmmlConverter.HasVisualTeXDirectSequenceEquationNumber(String wordOpenXml, String formulaId)
   在 VisualTeX.WordVsto.WordOmmlFormulaStore.NumberedFormulaIdentityMatchesEquationRange(Document document, String formulaId, FormulaMetadata metadata, Range equationRange)
   在 VisualTeX.WordVsto.WordOmmlFormulaStore.ResolveEquationIdentity(Document document, Bookmark bookmark, String formulaId, FormulaMetadata metadata, Boolean captureCurrentContent)
   在 VisualTeX.WordVsto.WordOmmlFormulaStore.GetEquationRange(Bookmark bookmark)
   在 VisualTeX.WordVsto.WordOmmlFormulaStore.EstimateHeightPoints(Bookmark bookmark)
   在 VisualTeX.WordVsto.WordEquationNumbering.Reconcile(Document document)
   在 VisualTeX.WordVsto.WordEquationNumbering.UpdateEquationNumbers(Document document, IReadOnlyCollection`1 expectedNumberedFormulaIds)
   在 VisualTeX.WordVsto.WordFormulaService.InsertBulkDocumentCore(WordBulkImportDocument source, IReadOnlyDictionary`2 prepared, String expectedDocumentId, String sourceObjectId)
   在 VisualTeX.WordVsto.WordFormulaService.<>c__DisplayClass104_0.<InsertBulkDocument>b__0()
   在 VisualTeX.WordVsto.WordFormulaService.ExecuteDocumentEdit[T](Document document, String name, Func`1 edit)
   在 VisualTeX.WordVsto.WordFormulaService.InsertBulkDocument(WordBulkImportDocument source, IReadOnlyDictionary`2 prepared, String expectedDocumentId, String sourceObjectId)
   在 VisualTeX.WordVsto.ThisAddIn.<>c__DisplayClass131_2.<BulkImportAsync>b__7()
   在 VisualTeX.WordVsto.OfficeUiDispatcher.<>c__DisplayClass4_0`1.<InvokeAsync>g__Execute|0()
--- 引发异常的上一位置中堆栈跟踪的末尾 ---
   在 System.Runtime.ExceptionServices.ExceptionDispatchInfo.Throw()
   在 System.Runtime.CompilerServices.TaskAwaiter.HandleNonSuccessAndDebuggerNotification(Task task)
   在 System.Runtime.CompilerServices.ConfiguredTaskAwaitable`1.ConfiguredTaskAwaiter.GetResult()
   在 VisualTeX.WordVsto.ThisAddIn.<BulkImportAsync>d__131.MoveNext()
2026-09-06T17:37:59.2260456+08:00 pid=85192 tid=60 bulk-import bulk-operation-gate-released
2026-09-06T17:38:52.8632380+08:00 pid=85192 tid=12 left-down x=813 y=1058 wordForeground=True
2026-09-06T17:39:04.9409347+08:00 pid=85192 tid=12 left-down x=2050 y=1012 wordForeground=False
2026-09-06T17:39:08.5394656+08:00 pid=85192 tid=12 left-down x=255 y=1492 wordForeground=True
2026-09-06T17:39:11.5280074+08:00 pid=85192 tid=12 left-down x=961 y=1043 wordForeground=False
2026-09-06T17:40:55.1911824+08:00 pid=85192 tid=12 left-down x=1382 y=1120 wordForeground=False
2026-09-06T17:40:58.2678844+08:00 pid=85192 tid=12 left-down x=2332 y=460 wordForeground=False
2026-09-06T17:41:00.6665400+08:00 pid=85192 tid=12 left-down x=2492 y=460 wordForeground=False
2026-09-06T17:41:57.0560759+08:00 pid=85192 tid=12 left-down x=1776 y=1270 wordForeground=False
2026-09-06T17:42:15.5329635+08:00 pid=85192 tid=12 left-down x=2024 y=1187 wordForeground=True
2026-09-06T17:43:59.5954492+08:00 pid=85192 tid=12 left-down x=596 y=1205 wordForeground=True
2026-09-06T17:44:20.4078719+08:00 pid=85192 tid=12 left-down x=2094 y=1018 wordForeground=False
2026-09-06T17:44:23.9019187+08:00 pid=85192 tid=12 left-down x=763 y=1215 wordForeground=True
2026-09-06T17:45:07.5868960+08:00 pid=85192 tid=12 left-down x=737 y=1273 wordForeground=True
2026-09-06T17:45:12.7487157+08:00 pid=85192 tid=12 left-down x=2357 y=1096 wordForeground=False
2026-09-06T17:47:32.5404887+08:00 pid=85192 tid=12 left-down x=894 y=1217 wordForeground=True
2026-09-06T17:47:51.7004479+08:00 pid=85192 tid=12 left-down x=1382 y=1120 wordForeground=False
2026-09-06T17:47:54.6159541+08:00 pid=85192 tid=12 left-down x=2332 y=460 wordForeground=False
2026-09-06T17:47:57.3055890+08:00 pid=85192 tid=12 left-down x=2492 y=460 wordForeground=False
2026-09-06T17:48:42.5900424+08:00 pid=85192 tid=12 left-down x=1776 y=1270 wordForeground=False
2026-09-06T17:48:57.9714340+08:00 pid=85192 tid=12 left-down x=2024 y=1187 wordForeground=True
2026-09-06T17:50:37.6699070+08:00 pid=85192 tid=12 left-down x=836 y=1237 wordForeground=True
2026-09-06T17:50:41.7666855+08:00 pid=85192 tid=12 left-down x=2059 y=1068 wordForeground=False
2026-09-06T17:51:47.0451391+08:00 pid=85192 tid=12 left-down x=607 y=1205 wordForeground=True
2026-09-06T17:51:50.5077956+08:00 pid=85192 tid=12 left-down x=1466 y=1103 wordForeground=False
2026-09-06T17:54:22.0090502+08:00 pid=85192 tid=12 left-down x=1382 y=1120 wordForeground=False
2026-09-06T17:54:25.3748736+08:00 pid=85192 tid=12 left-down x=2332 y=460 wordForeground=False
2026-09-06T17:54:27.9419149+08:00 pid=85192 tid=12 left-down x=2492 y=460 wordForeground=False
2026-09-06T17:55:22.6896638+08:00 pid=85192 tid=12 left-down x=1776 y=1270 wordForeground=False
2026-09-06T17:55:38.3443481+08:00 pid=85192 tid=12 left-down x=2024 y=1211 wordForeground=True
2026-09-06T17:56:59.0408782+08:00 pid=85192 tid=12 left-down x=808 y=1255 wordForeground=True
2026-09-06T17:57:08.1151648+08:00 pid=85192 tid=12 left-down x=1866 y=1723 wordForeground=False
2026-09-06T17:57:17.8927650+08:00 pid=85192 tid=12 left-down x=1905 y=1516 wordForeground=True
2026-09-06T17:58:41.9400020+08:00 pid=85192 tid=12 left-down x=1948 y=1269 wordForeground=True
2026-09-06T17:58:45.6673013+08:00 pid=85192 tid=12 left-down x=1778 y=1476 wordForeground=True
2026-09-06T17:58:49.5299269+08:00 pid=85192 tid=12 left-down x=1141 y=1482 wordForeground=True
2026-09-06T17:58:50.2001785+08:00 pid=85192 tid=12 left-down x=1141 y=1482 wordForeground=True
2026-09-06T17:59:16.9398753+08:00 pid=85192 tid=12 left-down x=1776 y=1270 wordForeground=False
2026-09-06T17:59:59.9246710+08:00 pid=85192 tid=12 left-down x=853 y=1268 wordForeground=True
2026-09-06T18:00:03.6134163+08:00 pid=85192 tid=12 left-down x=2132 y=1445 wordForeground=False
2026-09-06T18:02:51.7175868+08:00 pid=85192 tid=12 left-down x=705 y=1242 wordForeground=True
2026-09-06T18:02:56.1293370+08:00 pid=85192 tid=12 left-down x=2064 y=1539 wordForeground=True
2026-09-06T18:03:21.6435008+08:00 pid=85192 tid=12 left-down x=1776 y=1270 wordForeground=False
2026-09-06T18:08:46.2355803+08:00 pid=85192 tid=12 left-down x=765 y=1027 wordForeground=True
2026-09-06T18:08:50.6935969+08:00 pid=85192 tid=12 left-down x=247 y=1478 wordForeground=False
2026-09-06T18:08:54.4903243+08:00 pid=85192 tid=12 left-down x=664 y=936 wordForeground=False
2026-09-06T18:08:58.4042158+08:00 pid=85192 tid=12 left-down x=1877 y=399 wordForeground=False
2026-09-06T18:11:20.0393481+08:00 pid=85192 tid=12 left-down x=822 y=1270 wordForeground=True
2026-09-06T18:11:29.9379288+08:00 pid=85192 tid=12 left-down x=1265 y=1795 wordForeground=False
2026-09-06T18:13:07.0932520+08:00 pid=85192 tid=12 left-down x=1317 y=747 wordForeground=False
2026-09-06T18:13:09.6727505+08:00 pid=85192 tid=12 left-down x=1602 y=747 wordForeground=False
2026-09-06T18:13:25.9291290+08:00 pid=85192 tid=12 left-down x=1382 y=1120 wordForeground=False
2026-09-06T18:13:29.2378616+08:00 pid=85192 tid=12 left-down x=2332 y=460 wordForeground=False
2026-09-06T18:13:31.7147935+08:00 pid=85192 tid=12 left-down x=2492 y=460 wordForeground=False
2026-09-06T18:14:33.1892117+08:00 pid=85192 tid=12 left-down x=806 y=1212 wordForeground=False
2026-09-06T18:14:50.1011231+08:00 pid=85192 tid=12 left-down x=815 y=1228 wordForeground=False
2026-09-06T18:14:57.2544735+08:00 pid=85192 tid=12 left-down x=2177 y=1494 wordForeground=False
2026-09-06T18:15:00.8308108+08:00 pid=85192 tid=12 left-down x=2100 y=1471 wordForeground=True
2026-09-06T18:15:02.6349434+08:00 pid=85192 tid=12 left-down x=2019 y=1474 wordForeground=True
2026-09-06T18:15:03.2432027+08:00 pid=85192 tid=12 left-down x=2019 y=1475 wordForeground=True
2026-09-06T18:15:11.4727529+08:00 pid=85192 tid=12 left-down x=2639 y=748 wordForeground=False
2026-09-06T18:15:16.1264908+08:00 pid=85192 tid=12 left-down x=835 y=1292 wordForeground=True
2026-09-06T18:15:18.6314492+08:00 pid=85192 tid=12 left-down x=848 y=1359 wordForeground=False
2026-09-06T18:15:20.6069542+08:00 pid=85192 tid=12 left-down x=863 y=1433 wordForeground=False
2026-09-06T18:15:55.8771631+08:00 pid=85192 tid=12 left-down x=218 y=1472 wordForeground=False
2026-09-06T18:17:59.5060477+08:00 pid=85192 tid=12 left-down x=1317 y=747 wordForeground=False
2026-09-06T18:18:17.5403030+08:00 pid=85192 tid=12 left-down x=1382 y=1120 wordForeground=False
2026-09-06T18:18:20.9401571+08:00 pid=85192 tid=12 left-down x=2332 y=460 wordForeground=False
2026-09-06T18:18:23.5244420+08:00 pid=85192 tid=12 left-down x=2492 y=460 wordForeground=False
2026-09-06T18:19:40.3981620+08:00 pid=85192 tid=12 left-down x=1776 y=1270 wordForeground=False
2026-09-06T18:19:54.3038785+08:00 pid=85192 tid=12 left-down x=2024 y=1211 wordForeground=True
2026-09-06T18:22:18.0957153+08:00 pid=85192 tid=12 left-down x=2067 y=1076 wordForeground=True
2026-09-06T18:22:24.0939156+08:00 pid=85192 tid=12 left-down x=1136 y=1362 wordForeground=True
2026-09-06T18:22:56.0457917+08:00 pid=85192 tid=12 left-down x=2228 y=1331 wordForeground=False
2026-09-06T18:23:01.6980455+08:00 pid=85192 tid=12 left-down x=684 y=811 wordForeground=False
2026-09-06T18:23:02.6769053+08:00 pid=85192 tid=12 left-down x=677 y=753 wordForeground=False
2026-09-06T18:23:08.6617040+08:00 pid=85192 tid=12 left-down x=1890 y=411 wordForeground=False
2026-09-06T18:23:16.1942915+08:00 pid=85192 tid=12 left-down x=1381 y=2159 wordForeground=False
2026-09-06T18:23:23.5810010+08:00 pid=85192 tid=12 left-down x=803 y=1363 wordForeground=False
2026-09-06T18:25:26.2838300+08:00 pid=85192 tid=12 left-down x=1245 y=1142 wordForeground=False
2026-09-06T18:25:31.7224545+08:00 pid=85192 tid=12 left-down x=227 y=1461 wordForeground=False
2026-09-06T18:25:37.0727154+08:00 pid=85192 tid=12 left-down x=830 y=1233 wordForeground=False
