2026-09-06T03:30:26.4085478+08:00 pid=27256 tid=1 word-addin-loaded pid=27256 assembly=C:\Users\pojian_liao\AppData\Local\VisualTeX\office\remediation-builds\E8F2B08712C68E74E278270EFA169A73BF0D85CD12B889730136C3C05FA3306E\VisualTeX.WordVsto.dll mvid=28a98287-7445-4ed8-9b5d-fc80b151a488
2026-09-06T03:30:26.8110711+08:00 pid=27256 tid=1 hook-started handle=0x3116B
2026-09-06T03:30:26.9846602+08:00 pid=27256 tid=10 mathtype-native-preview-shared-prewarm-complete
2026-09-06T03:31:24.6860198+08:00 pid=27256 tid=12 left-down x=1382 y=1120 wordForeground=False
2026-09-06T03:31:32.8923099+08:00 pid=27256 tid=12 left-down x=2178 y=458 wordForeground=False
2026-09-06T03:31:40.9348827+08:00 pid=27256 tid=12 left-down x=2492 y=460 wordForeground=False
2026-09-06T03:42:58.8065540+08:00 pid=27256 tid=12 left-down x=1382 y=1120 wordForeground=False
2026-09-06T03:43:07.3175752+08:00 pid=27256 tid=12 left-down x=2178 y=458 wordForeground=False
2026-09-06T03:43:15.6839566+08:00 pid=27256 tid=12 left-down x=2492 y=460 wordForeground=False
2026-09-06T03:47:42.3358339+08:00 pid=27256 tid=12 left-down x=1382 y=1120 wordForeground=False
2026-09-06T03:47:50.7809579+08:00 pid=27256 tid=12 left-down x=2178 y=458 wordForeground=False
2026-09-06T03:47:59.3540331+08:00 pid=27256 tid=12 left-down x=2492 y=460 wordForeground=False
2026-09-06T03:50:46.3215087+08:00 pid=27256 tid=12 left-down x=1382 y=1120 wordForeground=False
2026-09-06T03:50:54.8471169+08:00 pid=27256 tid=12 left-down x=2178 y=458 wordForeground=False
2026-09-06T03:51:03.5413277+08:00 pid=27256 tid=12 left-down x=2492 y=460 wordForeground=False
2026-09-06T03:53:36.5663434+08:00 pid=27256 tid=12 left-down x=1190 y=747 wordForeground=False
2026-09-06T03:54:40.4454319+08:00 pid=27256 tid=12 left-down x=1190 y=747 wordForeground=False
2026-09-06T03:55:47.1788924+08:00 pid=27256 tid=12 left-down x=1190 y=747 wordForeground=False
2026-09-06T09:16:55.5748025+08:00 pid=27256 tid=12 left-down x=566 y=1060 wordForeground=True
2026-09-06T09:17:06.5168182+08:00 pid=27256 tid=12 left-down x=1730 y=1214 wordForeground=False
2026-09-06T09:17:08.6829289+08:00 pid=27256 tid=12 left-down x=1392 y=883 wordForeground=False
2026-09-06T09:17:10.1608077+08:00 pid=27256 tid=12 left-down x=1304 y=857 wordForeground=False
2026-09-06T09:17:11.0539223+08:00 pid=27256 tid=12 left-down x=1362 y=865 wordForeground=False
2026-09-06T09:17:17.9566741+08:00 pid=27256 tid=12 left-down x=1386 y=615 wordForeground=False
2026-09-06T09:17:19.2051304+08:00 pid=27256 tid=12 left-down x=1171 y=1361 wordForeground=False
2026-09-06T09:18:27.6190724+08:00 pid=27256 tid=12 left-down x=747 y=235 wordForeground=False
2026-09-06T09:18:35.9187965+08:00 pid=27256 tid=12 left-down x=3276 y=35 wordForeground=False
2026-09-06T09:18:38.1783936+08:00 pid=27256 tid=12 left-down x=160 y=85 wordForeground=False
2026-09-06T09:18:50.4615324+08:00 pid=27256 tid=12 left-down x=1591 y=571 wordForeground=False
2026-09-06T09:18:54.3337811+08:00 pid=27256 tid=12 left-down x=10 y=77 wordForeground=False
2026-09-06T09:18:56.0657126+08:00 pid=27256 tid=12 left-down x=1433 y=1125 wordForeground=False
2026-09-06T09:18:58.9205754+08:00 pid=27256 tid=12 left-down x=312 y=269 wordForeground=False
2026-09-06T09:19:01.4109542+08:00 pid=27256 tid=12 left-down x=61 y=268 wordForeground=False
2026-09-06T09:19:06.9984816+08:00 pid=27256 tid=12 left-down x=830 y=2130 wordForeground=False
2026-09-06T09:19:08.1605771+08:00 pid=27256 tid=12 left-down x=843 y=2128 wordForeground=False
2026-09-06T09:19:09.6480859+08:00 pid=27256 tid=12 left-down x=1727 y=788 wordForeground=False
2026-09-06T09:19:10.8035676+08:00 pid=27256 tid=12 left-down x=2529 y=475 wordForeground=False
2026-09-06T09:19:12.4530126+08:00 pid=27256 tid=12 left-down x=1057 y=2115 wordForeground=False
2026-09-06T09:19:16.5659648+08:00 pid=27256 tid=12 left-down x=642 y=1201 wordForeground=False
2026-09-06T09:19:35.1941520+08:00 pid=27256 tid=12 left-down x=1552 y=2118 wordForeground=True
2026-09-06T09:19:36.9710889+08:00 pid=27256 tid=12 left-down x=1869 y=1144 wordForeground=False
2026-09-06T09:19:38.3842978+08:00 pid=27256 tid=12 left-down x=1776 y=1078 wordForeground=True
2026-09-06T09:19:40.2978756+08:00 pid=27256 tid=12 left-down x=1504 y=2113 wordForeground=True
2026-09-06T09:19:42.2154902+08:00 pid=27256 tid=12 left-down x=1255 y=1089 wordForeground=False
2026-09-06T09:20:16.2686993+08:00 pid=27256 tid=12 left-down x=1190 y=747 wordForeground=False
2026-09-06T09:21:20.4325362+08:00 pid=27256 tid=12 left-down x=1190 y=747 wordForeground=False
2026-09-06T09:22:26.0650540+08:00 pid=27256 tid=12 left-down x=1190 y=747 wordForeground=False
2026-09-06T09:35:48.7788596+08:00 pid=27256 tid=12 left-down x=1190 y=747 wordForeground=False
2026-09-06T09:37:41.8352154+08:00 pid=27256 tid=12 left-down x=1190 y=747 wordForeground=False
2026-09-06T09:38:47.3795774+08:00 pid=27256 tid=12 left-down x=1190 y=747 wordForeground=False
2026-09-06T09:42:19.3566740+08:00 pid=27256 tid=12 left-down x=730 y=1076 wordForeground=True
2026-09-06T09:42:20.9419136+08:00 pid=27256 tid=12 left-down x=621 y=1023 wordForeground=False
2026-09-06T09:42:22.7645843+08:00 pid=27256 tid=12 left-down x=1900 y=425 wordForeground=False
2026-09-06T09:42:36.3490451+08:00 pid=27256 tid=12 left-down x=1349 y=992 wordForeground=False
2026-09-06T09:42:51.0978992+08:00 pid=27256 tid=12 left-down x=2155 y=1353 wordForeground=False
2026-09-06T09:42:51.7694526+08:00 pid=27256 tid=12 left-down x=2155 y=1353 wordForeground=True
2026-09-06T09:47:00.6298539+08:00 pid=27256 tid=12 left-down x=783 y=846 wordForeground=True
2026-09-06T09:49:37.1938386+08:00 pid=27256 tid=12 left-down x=1190 y=747 wordForeground=False
2026-09-06T09:51:34.4281419+08:00 pid=27256 tid=12 left-down x=1190 y=747 wordForeground=False
2026-09-06T09:52:42.2194746+08:00 pid=27256 tid=12 left-down x=1190 y=747 wordForeground=False
2026-09-06T10:02:12.9563281+08:00 pid=27256 tid=12 left-down x=1190 y=747 wordForeground=False
2026-09-06T10:02:28.0774736+08:00 pid=27256 tid=12 left-down x=1190 y=747 wordForeground=False
2026-09-06T10:03:32.6617420+08:00 pid=27256 tid=12 left-down x=1190 y=747 wordForeground=False
2026-09-06T10:07:32.2739716+08:00 pid=27256 tid=12 left-down x=1190 y=747 wordForeground=False
2026-09-06T10:07:46.6510367+08:00 pid=27256 tid=12 left-down x=1190 y=747 wordForeground=False
2026-09-06T10:08:01.0575312+08:00 pid=27256 tid=12 left-down x=1190 y=747 wordForeground=False
2026-09-06T10:17:39.6838493+08:00 pid=27256 tid=12 left-down x=1190 y=747 wordForeground=False
2026-09-06T10:17:54.2341171+08:00 pid=27256 tid=12 left-down x=1190 y=747 wordForeground=False
2026-09-06T10:18:08.7765421+08:00 pid=27256 tid=12 left-down x=1190 y=747 wordForeground=False
2026-09-06T10:20:29.6039756+08:00 pid=27256 tid=12 left-down x=784 y=903 wordForeground=True
2026-09-06T10:21:09.3014938+08:00 pid=27256 tid=12 left-down x=1190 y=747 wordForeground=False
2026-09-06T10:21:23.9661556+08:00 pid=27256 tid=12 left-down x=1190 y=747 wordForeground=False
2026-09-06T10:21:38.6767943+08:00 pid=27256 tid=12 left-down x=1190 y=747 wordForeground=False
2026-09-06T10:24:30.9953046+08:00 pid=27256 tid=12 left-down x=1190 y=747 wordForeground=False
2026-09-06T10:24:45.7763913+08:00 pid=27256 tid=12 left-down x=1190 y=747 wordForeground=False
2026-09-06T10:25:00.8346070+08:00 pid=27256 tid=12 left-down x=1190 y=747 wordForeground=False
2026-09-06T10:29:30.6598475+08:00 pid=27256 tid=12 left-down x=1190 y=747 wordForeground=False
2026-09-06T10:29:45.3905945+08:00 pid=27256 tid=12 left-down x=1190 y=747 wordForeground=False
2026-09-06T10:30:00.2065299+08:00 pid=27256 tid=12 left-down x=1190 y=747 wordForeground=False
2026-09-06T10:30:16.2182875+08:00 pid=27256 tid=12 left-down x=2058 y=1221 wordForeground=True
2026-09-06T10:31:36.0046382+08:00 pid=27256 tid=12 left-down x=1225 y=1553 wordForeground=True
2026-09-06T10:31:36.4452640+08:00 pid=27256 tid=12 left-down x=1225 y=1553 wordForeground=True
2026-09-06T10:31:36.4462660+08:00 pid=27256 tid=12 double-click elapsedMs=440.759 withinX=True withinY=True nativeOleTarget=False suppressSecondDown=False dispatchCallback=True
2026-09-06T10:31:36.5401276+08:00 pid=27256 tid=8 callback-begin interceptedNativeOle=False x=1225 y=1553
2026-09-06T10:31:36.5411278+08:00 pid=27256 tid=8 addin-callback-received interceptedNativeOle=False x=1225 y=1553
2026-09-06T10:31:36.5411278+08:00 pid=27256 tid=8 callback-end
2026-09-06T10:31:36.5501267+08:00 pid=27256 tid=1 addin-coordinate-selection formulaId=<null> objectMode=<null>
2026-09-06T10:33:01.0068894+08:00 pid=27256 tid=12 left-down x=1225 y=1553 wordForeground=True
2026-09-06T10:33:01.3736158+08:00 pid=27256 tid=12 left-down x=1225 y=1553 wordForeground=True
2026-09-06T10:33:01.3736158+08:00 pid=27256 tid=12 double-click elapsedMs=365.867 withinX=True withinY=True nativeOleTarget=False suppressSecondDown=False dispatchCallback=True
2026-09-06T10:33:01.4671850+08:00 pid=27256 tid=13 callback-begin interceptedNativeOle=False x=1225 y=1553
2026-09-06T10:33:01.4671850+08:00 pid=27256 tid=13 addin-callback-received interceptedNativeOle=False x=1225 y=1553
2026-09-06T10:33:01.4681853+08:00 pid=27256 tid=13 callback-end
2026-09-06T10:33:01.4756436+08:00 pid=27256 tid=1 addin-coordinate-selection formulaId=<null> objectMode=<null>
2026-09-06T10:35:54.9986338+08:00 pid=27256 tid=12 left-down x=1190 y=747 wordForeground=False
2026-09-06T10:36:09.1695777+08:00 pid=27256 tid=12 left-down x=2024 y=1163 wordForeground=True
2026-09-06T10:37:17.4551804+08:00 pid=27256 tid=12 left-down x=1838 y=688 wordForeground=True
2026-09-06T10:40:12.0071497+08:00 pid=27256 tid=12 left-down x=843 y=1255 wordForeground=False
2026-09-06T10:40:17.7831101+08:00 pid=27256 tid=12 left-down x=2308 y=1243 wordForeground=True
2026-09-06T10:40:18.8678880+08:00 pid=27256 tid=12 left-down x=2215 y=1257 wordForeground=True
2026-09-06T10:42:03.2078244+08:00 pid=27256 tid=12 left-down x=1190 y=747 wordForeground=False
2026-09-06T10:42:17.4469188+08:00 pid=27256 tid=12 left-down x=2024 y=1163 wordForeground=True
2026-09-06T10:44:29.7447347+08:00 pid=27256 tid=12 left-down x=1190 y=747 wordForeground=False
2026-09-06T10:44:43.9152951+08:00 pid=27256 tid=12 left-down x=2024 y=1163 wordForeground=True
2026-09-06T10:48:05.5645790+08:00 pid=27256 tid=12 left-down x=791 y=1268 wordForeground=False
2026-09-06T10:48:11.1047326+08:00 pid=27256 tid=12 left-down x=2071 y=1230 wordForeground=True
2026-09-06T10:48:32.3683688+08:00 pid=27256 tid=12 left-down x=111 y=1474 wordForeground=False
2026-09-06T10:48:48.0075227+08:00 pid=27256 tid=12 left-down x=2025 y=1235 wordForeground=True
2026-09-06T10:48:49.0513571+08:00 pid=27256 tid=12 left-down x=1893 y=1130 wordForeground=True
2026-09-06T10:48:49.8017298+08:00 pid=27256 tid=12 left-down x=1897 y=1126 wordForeground=True
2026-09-06T10:48:50.2390556+08:00 pid=27256 tid=12 left-down x=1897 y=1126 wordForeground=True
2026-09-06T10:48:50.2390556+08:00 pid=27256 tid=12 double-click elapsedMs=437.725 withinX=True withinY=True nativeOleTarget=False suppressSecondDown=False dispatchCallback=True
2026-09-06T10:48:50.3351953+08:00 pid=27256 tid=13 callback-begin interceptedNativeOle=False x=1897 y=1126
2026-09-06T10:48:50.3351953+08:00 pid=27256 tid=13 addin-callback-received interceptedNativeOle=False x=1897 y=1126
2026-09-06T10:48:50.3351953+08:00 pid=27256 tid=13 callback-end
2026-09-06T10:48:50.3371964+08:00 pid=27256 tid=1 addin-coordinate-selection formulaId=<null> objectMode=<null>
2026-09-06T10:48:54.1425762+08:00 pid=27256 tid=12 left-down x=1156 y=742 wordForeground=False
2026-09-06T10:48:55.7565460+08:00 pid=27256 tid=12 left-down x=2609 y=687 wordForeground=False
2026-09-06T10:48:57.4065000+08:00 pid=27256 tid=12 left-down x=1819 y=1111 wordForeground=True
2026-09-06T10:48:57.8943182+08:00 pid=27256 tid=12 left-down x=1819 y=1111 wordForeground=True
2026-09-06T10:48:57.8943182+08:00 pid=27256 tid=12 double-click elapsedMs=487.167 withinX=True withinY=True nativeOleTarget=False suppressSecondDown=False dispatchCallback=True
2026-09-06T10:48:57.9900484+08:00 pid=27256 tid=13 callback-begin interceptedNativeOle=False x=1819 y=1111
2026-09-06T10:48:57.9900484+08:00 pid=27256 tid=13 addin-callback-received interceptedNativeOle=False x=1819 y=1111
2026-09-06T10:48:57.9910553+08:00 pid=27256 tid=13 callback-end
2026-09-06T10:48:57.9910553+08:00 pid=27256 tid=1 addin-coordinate-selection formulaId=<null> objectMode=<null>
2026-09-06T10:49:00.2895967+08:00 pid=27256 tid=12 left-down x=1153 y=749 wordForeground=True
2026-09-06T10:49:01.6483589+08:00 pid=27256 tid=12 left-down x=1173 y=746 wordForeground=False
2026-09-06T10:49:02.9766617+08:00 pid=27256 tid=12 left-down x=1173 y=746 wordForeground=False
2026-09-06T10:49:04.6859114+08:00 pid=27256 tid=12 left-down x=2602 y=698 wordForeground=False
2026-09-06T10:49:06.2701928+08:00 pid=27256 tid=12 left-down x=1483 y=1251 wordForeground=True
2026-09-06T10:49:08.6233748+08:00 pid=27256 tid=12 left-down x=1883 y=1126 wordForeground=True
2026-09-06T10:49:09.6995360+08:00 pid=27256 tid=12 left-down x=1243 y=1261 wordForeground=True
2026-09-06T10:49:14.9608269+08:00 pid=27256 tid=12 left-down x=883 y=1241 wordForeground=False
2026-09-06T10:49:17.3581921+08:00 pid=27256 tid=12 left-down x=2108 y=1267 wordForeground=True
2026-09-06T10:49:19.6562089+08:00 pid=27256 tid=12 left-down x=1773 y=689 wordForeground=True
2026-09-06T10:49:21.3906573+08:00 pid=27256 tid=12 left-down x=2148 y=1488 wordForeground=True
2026-09-06T10:49:24.1397427+08:00 pid=27256 tid=12 left-down x=1764 y=686 wordForeground=True
2026-09-06T10:49:26.4430655+08:00 pid=27256 tid=12 left-down x=1903 y=1084 wordForeground=True
2026-09-06T10:49:28.1993186+08:00 pid=27256 tid=12 left-down x=2182 y=1500 wordForeground=True
2026-09-06T10:49:29.5410146+08:00 pid=27256 tid=12 left-down x=2182 y=1500 wordForeground=True
2026-09-06T10:49:32.5331880+08:00 pid=27256 tid=12 left-down x=1852 y=1134 wordForeground=True
2026-09-06T10:49:34.9944871+08:00 pid=27256 tid=12 left-down x=1270 y=663 wordForeground=True
2026-09-06T10:49:37.6138071+08:00 pid=27256 tid=12 left-down x=1252 y=659 wordForeground=True
2026-09-06T10:49:39.6298231+08:00 pid=27256 tid=12 left-down x=1352 y=2123 wordForeground=False
2026-09-06T10:49:40.5921478+08:00 pid=27256 tid=12 left-down x=1440 y=2033 wordForeground=False
2026-09-06T10:49:43.5342792+08:00 pid=27256 tid=12 left-down x=2607 y=696 wordForeground=False
2026-09-06T10:49:45.0197044+08:00 pid=27256 tid=12 left-down x=1324 y=1255 wordForeground=True
2026-09-06T10:49:47.0767807+08:00 pid=27256 tid=12 left-down x=727 y=1092 wordForeground=False
2026-09-06T10:49:48.4065193+08:00 pid=27256 tid=12 left-down x=682 y=1050 wordForeground=False
2026-09-06T10:49:50.4385199+08:00 pid=27256 tid=12 left-down x=1899 y=397 wordForeground=False
2026-09-06T10:49:52.3877826+08:00 pid=27256 tid=12 left-down x=2093 y=1262 wordForeground=True
2026-09-06T10:50:39.3200516+08:00 pid=27256 tid=12 left-down x=1190 y=747 wordForeground=False
2026-09-06T10:50:53.3445144+08:00 pid=27256 tid=12 left-down x=2024 y=1163 wordForeground=True
2026-09-06T10:51:40.8913616+08:00 pid=27256 tid=12 left-down x=779 y=1223 wordForeground=False
2026-09-06T10:51:49.7801205+08:00 pid=27256 tid=12 left-down x=2076 y=1278 wordForeground=True
2026-09-06T10:52:36.0447826+08:00 pid=27256 tid=12 left-down x=1190 y=747 wordForeground=False
2026-09-06T10:52:50.1959316+08:00 pid=27256 tid=12 left-down x=2024 y=1163 wordForeground=True
2026-09-06T10:54:55.8813106+08:00 pid=27256 tid=12 left-down x=736 y=1258 wordForeground=False
2026-09-06T10:54:58.6003844+08:00 pid=27256 tid=12 left-down x=2120 y=899 wordForeground=False
2026-09-06T10:54:59.0319561+08:00 pid=27256 tid=12 left-down x=1190 y=747 wordForeground=False
2026-09-06T10:55:14.0900149+08:00 pid=27256 tid=12 left-down x=2024 y=1163 wordForeground=True
2026-09-06T10:56:55.7855394+08:00 pid=27256 tid=12 left-down x=1190 y=747 wordForeground=False
2026-09-06T10:57:10.1067483+08:00 pid=27256 tid=12 left-down x=2024 y=1163 wordForeground=True
2026-09-06T10:58:01.0029268+08:00 pid=27256 tid=12 left-down x=1140 y=1210 wordForeground=True
2026-09-06T10:58:01.6771032+08:00 pid=27256 tid=12 left-down x=1140 y=1210 wordForeground=True
2026-09-06T10:59:31.9720159+08:00 pid=27256 tid=12 left-down x=846 y=1203 wordForeground=False
2026-09-06T10:59:35.0256992+08:00 pid=27256 tid=12 left-down x=2211 y=1232 wordForeground=True
2026-09-06T10:59:37.7067903+08:00 pid=27256 tid=12 left-down x=1718 y=1090 wordForeground=True
2026-09-06T10:59:38.9019057+08:00 pid=27256 tid=12 left-down x=1634 y=1069 wordForeground=True
2026-09-06T10:59:43.3788146+08:00 pid=27256 tid=12 left-down x=1838 y=818 wordForeground=True
2026-09-06T11:00:22.1918673+08:00 pid=27256 tid=12 left-down x=1155 y=1210 wordForeground=True
2026-09-06T11:00:22.8252047+08:00 pid=27256 tid=12 left-down x=1155 y=1210 wordForeground=True
2026-09-06T11:01:26.1226038+08:00 pid=27256 tid=12 left-down x=1155 y=1060 wordForeground=True
2026-09-06T11:01:26.7425410+08:00 pid=27256 tid=12 left-down x=1155 y=1060 wordForeground=True
2026-09-06T11:03:20.3714336+08:00 pid=27256 tid=12 left-down x=872 y=865 wordForeground=False
2026-09-06T11:03:29.6682455+08:00 pid=27256 tid=12 left-down x=1190 y=747 wordForeground=False
2026-09-06T11:03:44.3583472+08:00 pid=27256 tid=12 left-down x=2024 y=1163 wordForeground=True
2026-09-06T11:04:28.7771560+08:00 pid=27256 tid=12 left-down x=1155 y=1210 wordForeground=True
2026-09-06T11:04:29.4788402+08:00 pid=27256 tid=12 left-down x=1155 y=1210 wordForeground=True
2026-09-06T11:04:49.1254641+08:00 pid=27256 tid=12 left-down x=1838 y=688 wordForeground=True
2026-09-06T11:05:33.4275591+08:00 pid=27256 tid=12 left-down x=1140 y=1207 wordForeground=True
2026-09-06T11:05:34.1119076+08:00 pid=27256 tid=12 left-down x=1140 y=1207 wordForeground=True
2026-09-06T11:06:57.5873694+08:00 pid=27256 tid=12 left-down x=1382 y=1120 wordForeground=False
2026-09-06T11:07:00.4268763+08:00 pid=27256 tid=12 left-down x=2178 y=458 wordForeground=False
2026-09-06T11:07:02.8118268+08:00 pid=27256 tid=12 left-down x=2492 y=460 wordForeground=False
2026-09-06T11:07:53.2116877+08:00 pid=27256 tid=12 left-down x=795 y=1222 wordForeground=False
2026-09-06T11:07:57.9633592+08:00 pid=27256 tid=12 left-down x=2315 y=1180 wordForeground=True
2026-09-06T11:09:30.4484203+08:00 pid=27256 tid=12 left-down x=2178 y=458 wordForeground=False
2026-09-06T11:10:07.5582280+08:00 pid=27256 tid=12 left-down x=1382 y=1120 wordForeground=False
2026-09-06T11:10:10.3355939+08:00 pid=27256 tid=12 left-down x=2492 y=460 wordForeground=False
2026-09-06T11:14:03.7779212+08:00 pid=27256 tid=12 left-down x=1190 y=747 wordForeground=False
2026-09-06T11:14:07.2112814+08:00 pid=27256 tid=12 left-down x=1665 y=747 wordForeground=False
2026-09-06T11:14:21.8953147+08:00 pid=27256 tid=12 left-down x=1190 y=747 wordForeground=False
2026-09-06T11:14:25.0732815+08:00 pid=27256 tid=12 left-down x=1665 y=747 wordForeground=False
2026-09-06T11:14:39.2862555+08:00 pid=27256 tid=12 left-down x=1190 y=747 wordForeground=False
2026-09-06T11:15:52.2567045+08:00 pid=27256 tid=12 left-down x=2024 y=1187 wordForeground=True
2026-09-06T11:17:35.3150413+08:00 pid=27256 tid=12 left-down x=1838 y=774 wordForeground=True
2026-09-06T11:20:19.2234147+08:00 pid=27256 tid=12 left-down x=1072 y=2130 wordForeground=False
2026-09-06T11:20:23.0177729+08:00 pid=27256 tid=12 left-down x=2255 y=1372 wordForeground=True
2026-09-06T11:20:24.1297941+08:00 pid=27256 tid=12 left-down x=2198 y=1441 wordForeground=True
2026-09-06T11:21:15.7946073+08:00 pid=27256 tid=12 left-down x=795 y=1238 wordForeground=False
2026-09-06T11:21:18.1330019+08:00 pid=27256 tid=12 left-down x=2192 y=1367 wordForeground=True
2026-09-06T11:21:19.2234029+08:00 pid=27256 tid=12 left-down x=740 y=1215 wordForeground=False
2026-09-06T11:22:20.7804471+08:00 pid=27256 tid=12 left-down x=1190 y=747 wordForeground=False
2026-09-06T11:22:23.7443925+08:00 pid=27256 tid=12 left-down x=1665 y=747 wordForeground=False
2026-09-06T11:22:37.6382327+08:00 pid=27256 tid=12 left-down x=1190 y=747 wordForeground=False
2026-09-06T11:22:41.3644601+08:00 pid=27256 tid=12 left-down x=1665 y=747 wordForeground=False
2026-09-06T11:22:55.1702298+08:00 pid=27256 tid=12 left-down x=1190 y=747 wordForeground=False
2026-09-06T11:23:11.7458819+08:00 pid=27256 tid=12 left-down x=2024 y=1187 wordForeground=True
2026-09-06T11:24:09.7505078+08:00 pid=27256 tid=12 left-down x=809 y=1245 wordForeground=False
2026-09-06T11:24:16.5705436+08:00 pid=27256 tid=12 left-down x=199 y=1498 wordForeground=False
2026-09-06T11:24:17.3481422+08:00 pid=27256 tid=12 left-down x=206 y=1485 wordForeground=False
2026-09-06T11:24:19.3130462+08:00 pid=27256 tid=12 left-down x=2049 y=1405 wordForeground=True
2026-09-06T11:30:09.0171060+08:00 pid=27256 tid=12 left-down x=1838 y=688 wordForeground=True
2026-09-06T11:30:56.9405721+08:00 pid=27256 tid=12 left-down x=1155 y=1337 wordForeground=True
2026-09-06T11:30:57.5435096+08:00 pid=27256 tid=12 left-down x=1155 y=1337 wordForeground=True
2026-09-06T11:42:00.5419852+08:00 pid=27256 tid=12 left-down x=806 y=1112 wordForeground=False
2026-09-06T11:42:44.5876737+08:00 pid=27256 tid=12 left-down x=239 y=1463 wordForeground=False
2026-09-06T11:42:48.4377182+08:00 pid=27256 tid=12 left-down x=1500 y=1569 wordForeground=True
2026-09-06T11:42:49.8086661+08:00 pid=27256 tid=12 left-down x=661 y=1211 wordForeground=False
2026-09-06T11:42:51.9578908+08:00 pid=27256 tid=12 left-down x=1925 y=1462 wordForeground=False
2026-09-06T11:42:57.7808406+08:00 pid=27256 tid=12 left-down x=1927 y=477 wordForeground=False
2026-09-06T11:43:13.8454810+08:00 pid=27256 tid=12 left-down x=2392 y=184 wordForeground=False
2026-09-06T11:43:16.4257646+08:00 pid=27256 tid=12 left-down x=145 y=94 wordForeground=False
2026-09-06T11:43:19.8956757+08:00 pid=27256 tid=12 left-down x=343 y=307 wordForeground=False
2026-09-06T11:43:22.7154066+08:00 pid=27256 tid=12 left-down x=1441 y=2145 wordForeground=False
2026-09-06T11:43:25.0497978+08:00 pid=27256 tid=12 left-down x=1057 y=2123 wordForeground=False
2026-09-06T11:43:26.2403910+08:00 pid=27256 tid=12 left-down x=1355 y=2138 wordForeground=False
2026-09-06T11:43:41.0515232+08:00 pid=27256 tid=12 left-down x=1076 y=1158 wordForeground=False
2026-09-06T11:43:49.2881235+08:00 pid=27256 tid=12 left-down x=1360 y=2079 wordForeground=False
2026-09-06T11:44:01.9632168+08:00 pid=27256 tid=12 left-down x=1353 y=2049 wordForeground=False
2026-09-06T11:44:04.2150870+08:00 pid=27256 tid=12 left-down x=1902 y=1224 wordForeground=True
2026-09-06T11:44:05.8853124+08:00 pid=27256 tid=12 left-down x=1620 y=1535 wordForeground=True
2026-09-06T11:44:07.9779632+08:00 pid=27256 tid=12 left-down x=880 y=1260 wordForeground=False
2026-09-06T11:48:43.8942303+08:00 pid=27256 tid=12 left-down x=1618 y=1245 wordForeground=True
2026-09-06T11:48:46.1448872+08:00 pid=27256 tid=12 left-down x=788 y=1222 wordForeground=False
2026-09-06T11:48:50.5727705+08:00 pid=27256 tid=12 left-down x=1329 y=1606 wordForeground=True
2026-09-06T11:48:55.4390847+08:00 pid=27256 tid=12 left-down x=780 y=1237 wordForeground=False
2026-09-06T11:48:59.3794758+08:00 pid=27256 tid=12 left-down x=1347 y=1604 wordForeground=True
2026-09-06T11:53:50.6124154+08:00 pid=27256 tid=12 left-down x=1083 y=2146 wordForeground=False
2026-09-06T11:54:07.3012036+08:00 pid=27256 tid=12 left-down x=1984 y=1086 wordForeground=True
2026-09-06T11:56:54.3095124+08:00 pid=27256 tid=12 left-down x=2024 y=1187 wordForeground=True
2026-09-06T11:57:02.0085033+08:00 pid=27256 tid=12 left-down x=1838 y=818 wordForeground=True
2026-09-06T12:09:32.5588497+08:00 pid=27256 tid=12 left-down x=2024 y=1187 wordForeground=True
2026-09-06T12:10:06.8627111+08:00 pid=27256 tid=12 left-down x=1838 y=688 wordForeground=True
2026-09-06T12:10:49.0595811+08:00 pid=27256 tid=12 left-down x=1151 y=1515 wordForeground=True
2026-09-06T12:10:49.5546449+08:00 pid=27256 tid=12 left-down x=1151 y=1515 wordForeground=True
2026-09-06T12:10:49.5556453+08:00 pid=27256 tid=12 double-click elapsedMs=495.582 withinX=True withinY=True nativeOleTarget=False suppressSecondDown=False dispatchCallback=True
2026-09-06T12:10:49.6572090+08:00 pid=27256 tid=13 callback-begin interceptedNativeOle=False x=1151 y=1515
2026-09-06T12:10:49.6572090+08:00 pid=27256 tid=13 addin-callback-received interceptedNativeOle=False x=1151 y=1515
2026-09-06T12:10:49.6572090+08:00 pid=27256 tid=13 callback-end
2026-09-06T12:10:49.6682105+08:00 pid=27256 tid=1 addin-coordinate-selection formulaId=<null> objectMode=<null>
2026-09-06T12:12:07.6375218+08:00 pid=27256 tid=12 left-down x=1838 y=774 wordForeground=True
2026-09-06T12:12:58.9337410+08:00 pid=27256 tid=12 left-down x=1170 y=1320 wordForeground=True
2026-09-06T12:12:59.5650997+08:00 pid=27256 tid=12 left-down x=1170 y=1320 wordForeground=True
2026-09-06T12:16:38.5753235+08:00 pid=27256 tid=12 left-down x=801 y=814 wordForeground=False
2026-09-06T12:16:40.2706291+08:00 pid=27256 tid=12 left-down x=1006 y=849 wordForeground=False
2026-09-06T12:19:30.0371795+08:00 pid=27256 tid=12 left-down x=2024 y=1187 wordForeground=True
2026-09-06T12:19:37.7935603+08:00 pid=27256 tid=12 left-down x=1838 y=688 wordForeground=True
2026-09-06T12:30:33.3246304+08:00 pid=27256 tid=12 left-down x=2024 y=1187 wordForeground=True
2026-09-06T12:36:36.9312970+08:00 pid=27256 tid=12 left-down x=2024 y=1187 wordForeground=True
2026-09-06T12:38:56.3993675+08:00 pid=27256 tid=12 left-down x=2024 y=1187 wordForeground=True
2026-09-06T12:40:48.9135844+08:00 pid=27256 tid=12 left-down x=1838 y=860 wordForeground=True
2026-09-06T12:41:32.7787900+08:00 pid=27256 tid=12 left-down x=1183 y=1627 wordForeground=True
2026-09-06T12:41:33.4914548+08:00 pid=27256 tid=12 left-down x=1183 y=1627 wordForeground=True
2026-09-06T12:42:48.8607779+08:00 pid=27256 tid=12 left-down x=1838 y=732 wordForeground=True
2026-09-06T12:44:29.4286251+08:00 pid=27256 tid=12 left-down x=1838 y=688 wordForeground=True
2026-09-06T12:51:11.8218356+08:00 pid=27256 tid=12 left-down x=1302 y=747 wordForeground=False
2026-09-06T12:52:22.1972567+08:00 pid=27256 tid=12 left-down x=2058 y=1197 wordForeground=True
2026-09-06T12:59:17.3934755+08:00 pid=27256 tid=12 left-down x=1302 y=747 wordForeground=False
2026-09-06T13:00:33.9591495+08:00 pid=27256 tid=12 left-down x=2024 y=1163 wordForeground=True
2026-09-06T13:03:50.1188412+08:00 pid=27256 tid=12 left-down x=846 y=1216 wordForeground=False
2026-09-06T13:04:06.9709060+08:00 pid=27256 tid=12 left-down x=1992 y=1336 wordForeground=True
2026-09-06T13:04:09.0019504+08:00 pid=27256 tid=12 left-down x=1947 y=1234 wordForeground=True
2026-09-06T13:04:10.6855978+08:00 pid=27256 tid=12 left-down x=1796 y=1396 wordForeground=True
2026-09-06T13:04:11.8840205+08:00 pid=27256 tid=12 left-down x=1602 y=1458 wordForeground=True
2026-09-06T13:05:18.7974343+08:00 pid=27256 tid=12 left-down x=851 y=1174 wordForeground=False
2026-09-06T13:06:18.1643153+08:00 pid=27256 tid=12 left-down x=1302 y=747 wordForeground=False
2026-09-06T13:08:48.5088518+08:00 pid=27256 tid=12 left-down x=1302 y=747 wordForeground=True
2026-09-06T13:09:21.8846237+08:00 pid=27256 tid=12 left-down x=807 y=1221 wordForeground=False
2026-09-06T13:09:26.9908937+08:00 pid=27256 tid=12 left-down x=2025 y=1437 wordForeground=True
2026-09-06T13:09:28.4265232+08:00 pid=27256 tid=12 left-down x=1854 y=1262 wordForeground=True
2026-09-06T13:09:29.5610021+08:00 pid=27256 tid=12 left-down x=1605 y=1330 wordForeground=True
2026-09-06T13:11:25.8335917+08:00 pid=27256 tid=12 left-down x=2024 y=1163 wordForeground=True
2026-09-06T13:14:21.9839161+08:00 pid=27256 tid=12 left-down x=801 y=1230 wordForeground=False
2026-09-06T13:14:42.2422497+08:00 pid=27256 tid=12 left-down x=909 y=1354 wordForeground=False
2026-09-06T13:16:13.2994266+08:00 pid=27256 tid=12 left-down x=854 y=1380 wordForeground=False
2026-09-06T13:16:15.6117880+08:00 pid=27256 tid=12 left-down x=1838 y=1436 wordForeground=False
2026-09-06T13:20:48.7766931+08:00 pid=27256 tid=12 left-down x=897 y=1337 wordForeground=False
2026-09-06T13:22:16.6400667+08:00 pid=27256 tid=12 left-down x=1079 y=2134 wordForeground=False
2026-09-06T13:23:31.3898354+08:00 pid=27256 tid=12 left-down x=912 y=1198 wordForeground=False
2026-09-06T13:23:56.7495075+08:00 pid=27256 tid=12 left-down x=300 y=15 wordForeground=False
2026-09-06T13:25:29.6353996+08:00 pid=27256 tid=12 left-down x=832 y=1274 wordForeground=False
2026-09-06T13:28:26.7641802+08:00 pid=27256 tid=12 left-down x=663 y=1262 wordForeground=False
2026-09-06T13:28:53.4563547+08:00 pid=27256 tid=12 left-down x=1317 y=747 wordForeground=False
2026-09-06T13:28:56.9334515+08:00 pid=27256 tid=12 left-down x=1792 y=747 wordForeground=False
2026-09-06T13:29:59.2256452+08:00 pid=27256 tid=12 left-down x=1317 y=747 wordForeground=False
2026-09-06T13:30:02.7191751+08:00 pid=27256 tid=12 left-down x=1792 y=747 wordForeground=False
2026-09-06T13:31:57.2003710+08:00 pid=27256 tid=12 left-down x=2024 y=1187 wordForeground=True
2026-09-06T13:33:21.8214992+08:00 pid=27256 tid=12 left-down x=895 y=904 wordForeground=False
2026-09-06T13:34:34.0019281+08:00 pid=27256 tid=12 left-down x=1838 y=860 wordForeground=True
2026-09-06T13:35:09.2910309+08:00 pid=27256 tid=12 left-down x=766 y=1265 wordForeground=False
2026-09-06T13:40:46.5873781+08:00 pid=27256 tid=12 left-down x=1317 y=747 wordForeground=False
2026-09-06T13:40:50.0542528+08:00 pid=27256 tid=12 left-down x=1792 y=747 wordForeground=False
2026-09-06T13:41:58.4668913+08:00 pid=27256 tid=12 left-down x=1317 y=747 wordForeground=False
2026-09-06T13:42:01.7157156+08:00 pid=27256 tid=12 left-down x=1792 y=747 wordForeground=False
2026-09-06T13:43:10.8581188+08:00 pid=27256 tid=12 left-down x=2024 y=1187 wordForeground=True
2026-09-06T13:51:23.6359866+08:00 pid=27256 tid=12 left-down x=1172 y=1508 wordForeground=True
2026-09-06T13:51:24.3544778+08:00 pid=27256 tid=12 left-down x=1172 y=1508 wordForeground=True
2026-09-06T13:52:15.0043647+08:00 pid=27256 tid=12 left-down x=1172 y=1088 wordForeground=True
2026-09-06T13:52:15.6212958+08:00 pid=27256 tid=12 left-down x=1172 y=1088 wordForeground=True
2026-09-06T13:56:11.1838224+08:00 pid=27256 tid=12 left-down x=1317 y=747 wordForeground=False
2026-09-06T13:56:14.4996896+08:00 pid=27256 tid=12 left-down x=1792 y=747 wordForeground=False
2026-09-06T13:57:06.7493451+08:00 pid=27256 tid=12 left-down x=1317 y=747 wordForeground=False
2026-09-06T13:57:10.2432780+08:00 pid=27256 tid=12 left-down x=1792 y=747 wordForeground=False
2026-09-06T13:58:06.6561901+08:00 pid=27256 tid=12 left-down x=2024 y=1187 wordForeground=True
2026-09-06T14:03:33.6720458+08:00 pid=27256 tid=12 left-down x=1317 y=747 wordForeground=False
2026-09-06T14:03:36.6901086+08:00 pid=27256 tid=12 left-down x=1792 y=747 wordForeground=False
2026-09-06T14:04:17.1551344+08:00 pid=27256 tid=12 left-down x=1317 y=747 wordForeground=False
2026-09-06T14:04:20.5310255+08:00 pid=27256 tid=12 left-down x=1792 y=747 wordForeground=False
2026-09-06T14:05:25.6677343+08:00 pid=27256 tid=12 left-down x=2024 y=1187 wordForeground=True
2026-09-06T14:07:17.4847254+08:00 pid=27256 tid=12 left-down x=1838 y=688 wordForeground=True
2026-09-06T14:08:17.2825000+08:00 pid=27256 tid=12 left-down x=1141 y=1508 wordForeground=True
2026-09-06T14:08:17.8133326+08:00 pid=27256 tid=12 left-down x=1141 y=1508 wordForeground=True
2026-09-06T14:13:47.3232079+08:00 pid=27256 tid=12 left-down x=1141 y=1508 wordForeground=True
2026-09-06T14:13:47.8434754+08:00 pid=27256 tid=12 left-down x=1141 y=1508 wordForeground=True
2026-09-06T14:16:21.2666079+08:00 pid=27256 tid=12 left-down x=1317 y=747 wordForeground=False
2026-09-06T14:16:24.3695705+08:00 pid=27256 tid=12 left-down x=1792 y=747 wordForeground=False
2026-09-06T14:17:36.0105452+08:00 pid=27256 tid=12 left-down x=1317 y=747 wordForeground=False
2026-09-06T14:17:39.6182735+08:00 pid=27256 tid=12 left-down x=1792 y=747 wordForeground=False
2026-09-06T14:18:31.9827066+08:00 pid=27256 tid=12 left-down x=2024 y=1187 wordForeground=True
2026-09-06T14:20:29.0721605+08:00 pid=27256 tid=12 left-down x=1838 y=860 wordForeground=True
2026-09-06T14:21:51.7756097+08:00 pid=27256 tid=12 left-down x=1172 y=1568 wordForeground=True
2026-09-06T14:21:52.2799809+08:00 pid=27256 tid=12 left-down x=1172 y=1568 wordForeground=True
2026-09-06T14:22:33.7528330+08:00 pid=27256 tid=12 left-down x=1382 y=1120 wordForeground=False
2026-09-06T14:22:36.0587311+08:00 pid=27256 tid=12 left-down x=2178 y=458 wordForeground=False
2026-09-06T14:22:38.5977384+08:00 pid=27256 tid=12 left-down x=2492 y=460 wordForeground=False
2026-09-06T14:30:55.3206709+08:00 pid=27256 tid=12 left-down x=1382 y=1120 wordForeground=False
2026-09-06T14:30:57.5671730+08:00 pid=27256 tid=12 left-down x=2178 y=458 wordForeground=False
2026-09-06T14:30:59.7660259+08:00 pid=27256 tid=12 left-down x=2492 y=460 wordForeground=False
2026-09-06T14:32:40.7555950+08:00 pid=27256 tid=12 left-down x=2332 y=460 wordForeground=False
2026-09-06T14:37:41.4129649+08:00 pid=27256 tid=12 left-down x=1382 y=1120 wordForeground=False
2026-09-06T14:37:43.8840560+08:00 pid=27256 tid=12 left-down x=2332 y=460 wordForeground=False
2026-09-06T14:37:46.3319151+08:00 pid=27256 tid=12 left-down x=2492 y=460 wordForeground=False
2026-09-06T14:39:07.1075244+08:00 pid=27256 tid=12 left-down x=2024 y=1259 wordForeground=True
2026-09-06T14:39:15.7706850+08:00 pid=27256 tid=12 left-down x=1838 y=688 wordForeground=True
2026-09-06T14:46:03.6402712+08:00 pid=27256 tid=12 left-down x=1838 y=860 wordForeground=True
2026-09-06T14:46:11.8239306+08:00 pid=27256 tid=12 left-down x=1382 y=1120 wordForeground=False
2026-09-06T14:47:28.2429393+08:00 pid=27256 tid=12 left-down x=2332 y=460 wordForeground=False
2026-09-06T14:47:31.0360208+08:00 pid=27256 tid=12 left-down x=2492 y=460 wordForeground=False
2026-09-06T14:48:36.4965204+08:00 pid=27256 tid=12 left-down x=2024 y=1259 wordForeground=True
2026-09-06T14:48:44.6850090+08:00 pid=27256 tid=12 left-down x=1838 y=688 wordForeground=True
2026-09-06T14:49:33.0595501+08:00 pid=27256 tid=12 left-down x=1136 y=1941 wordForeground=True
2026-09-06T14:49:33.5799193+08:00 pid=27256 tid=12 left-down x=1136 y=1941 wordForeground=True
2026-09-06T14:50:13.1091047+08:00 pid=27256 tid=12 left-down x=1838 y=860 wordForeground=True
2026-09-06T14:53:21.6292628+08:00 pid=27256 tid=12 left-down x=1838 y=688 wordForeground=True
2026-09-06T14:53:30.5455548+08:00 pid=27256 tid=12 left-down x=1382 y=1120 wordForeground=False
2026-09-06T14:53:33.3970892+08:00 pid=27256 tid=12 left-down x=2332 y=460 wordForeground=False
2026-09-06T14:53:35.4382961+08:00 pid=27256 tid=12 left-down x=2492 y=460 wordForeground=False
2026-09-06T14:55:35.7930508+08:00 pid=27256 tid=12 left-down x=2024 y=1187 wordForeground=True
2026-09-06T14:59:40.4357154+08:00 pid=27256 tid=12 left-down x=1776 y=1270 wordForeground=False
2026-09-06T15:07:02.0157563+08:00 pid=27256 tid=12 left-down x=1140 y=1245 wordForeground=True
2026-09-06T15:07:02.3571235+08:00 pid=27256 tid=12 left-down x=1140 y=1245 wordForeground=True
2026-09-06T15:07:02.3571235+08:00 pid=27256 tid=12 double-click elapsedMs=340.862 withinX=True withinY=True nativeOleTarget=False suppressSecondDown=False dispatchCallback=True
2026-09-06T15:07:02.4503004+08:00 pid=27256 tid=13 callback-begin interceptedNativeOle=False x=1140 y=1245
2026-09-06T15:07:02.4503004+08:00 pid=27256 tid=13 addin-callback-received interceptedNativeOle=False x=1140 y=1245
2026-09-06T15:07:02.4513011+08:00 pid=27256 tid=13 callback-end
2026-09-06T15:07:02.4523013+08:00 pid=27256 tid=1 addin-coordinate-selection formulaId=<null> objectMode=<null>
2026-09-06T15:09:35.8875764+08:00 pid=27256 tid=12 left-down x=1776 y=1270 wordForeground=False
2026-09-06T15:21:11.1563941+08:00 pid=27256 tid=12 left-down x=1838 y=688 wordForeground=True
2026-09-06T15:21:35.3855725+08:00 pid=27256 tid=12 left-down x=1382 y=1120 wordForeground=False
2026-09-06T15:21:38.2108349+08:00 pid=27256 tid=12 left-down x=2332 y=460 wordForeground=False
2026-09-06T15:21:40.7271480+08:00 pid=27256 tid=12 left-down x=2492 y=460 wordForeground=False
2026-09-06T15:22:32.9389397+08:00 pid=27256 tid=12 left-down x=2024 y=1187 wordForeground=True
2026-09-06T15:26:37.0594358+08:00 pid=27256 tid=12 left-down x=1140 y=1088 wordForeground=True
2026-09-06T15:26:37.5713515+08:00 pid=27256 tid=12 left-down x=1140 y=1088 wordForeground=True
2026-09-06T15:27:09.7111021+08:00 pid=27256 tid=12 left-down x=1838 y=688 wordForeground=True
2026-09-06T15:27:52.1161883+08:00 pid=27256 tid=12 left-down x=1382 y=1120 wordForeground=False
2026-09-06T15:27:54.9549806+08:00 pid=27256 tid=12 left-down x=2332 y=460 wordForeground=False
2026-09-06T15:27:57.3485883+08:00 pid=27256 tid=12 left-down x=2492 y=460 wordForeground=False
2026-09-06T15:29:57.6825331+08:00 pid=27256 tid=12 left-down x=1776 y=1270 wordForeground=False
2026-09-06T15:30:43.7550153+08:00 pid=27256 tid=12 left-down x=2024 y=1187 wordForeground=True
2026-09-06T15:31:48.9729643+08:00 pid=27256 tid=12 left-down x=698 y=1234 wordForeground=False
2026-09-06T15:31:52.5358004+08:00 pid=27256 tid=12 left-down x=1685 y=1610 wordForeground=True
2026-09-06T15:33:03.7746193+08:00 pid=27256 tid=12 left-down x=1838 y=860 wordForeground=True
2026-09-06T15:33:48.7921410+08:00 pid=27256 tid=12 left-down x=219 y=1479 wordForeground=False
2026-09-06T15:33:54.3638696+08:00 pid=27256 tid=12 left-down x=1323 y=1598 wordForeground=False
2026-09-06T15:35:00.9866911+08:00 pid=27256 tid=12 left-down x=1170 y=1088 wordForeground=True
2026-09-06T15:35:01.5105054+08:00 pid=27256 tid=12 left-down x=1170 y=1088 wordForeground=True
2026-09-06T15:35:43.6687954+08:00 pid=27256 tid=12 left-down x=837 y=1166 wordForeground=False
2026-09-06T15:36:00.5840069+08:00 pid=27256 tid=12 left-down x=2078 y=1366 wordForeground=True
2026-09-06T15:37:05.9865539+08:00 pid=27256 tid=12 left-down x=1776 y=1270 wordForeground=False
2026-09-06T15:46:37.5737787+08:00 pid=27256 tid=12 left-down x=1838 y=688 wordForeground=True
2026-09-06T15:46:46.2393330+08:00 pid=27256 tid=12 left-down x=1382 y=1120 wordForeground=False
2026-09-06T15:46:49.4131446+08:00 pid=27256 tid=12 left-down x=2332 y=460 wordForeground=False
2026-09-06T15:46:51.4250100+08:00 pid=27256 tid=12 left-down x=2492 y=460 wordForeground=False
2026-09-06T15:49:13.2704843+08:00 pid=27256 tid=12 left-down x=1776 y=1270 wordForeground=False
2026-09-06T15:50:01.3758036+08:00 pid=27256 tid=12 left-down x=2024 y=1187 wordForeground=True
2026-09-06T15:50:10.3247163+08:00 pid=27256 tid=12 left-down x=1838 y=860 wordForeground=True
2026-09-06T15:54:09.7856901+08:00 pid=27256 tid=12 left-down x=1170 y=1118 wordForeground=True
2026-09-06T15:54:10.3365871+08:00 pid=27256 tid=12 left-down x=1170 y=1118 wordForeground=True
2026-09-06T15:54:20.8473690+08:00 pid=27256 tid=12 left-down x=1776 y=1270 wordForeground=False
2026-09-06T15:55:19.5615582+08:00 pid=27256 tid=12 left-down x=758 y=1250 wordForeground=False
2026-09-06T15:55:45.6920192+08:00 pid=27256 tid=12 left-down x=820 y=1253 wordForeground=False
2026-09-06T15:55:57.2682395+08:00 pid=27256 tid=12 left-down x=2051 y=1093 wordForeground=True
2026-09-06T15:57:05.1865955+08:00 pid=27256 tid=12 left-down x=763 y=1216 wordForeground=False
2026-09-06T15:57:07.2921303+08:00 pid=27256 tid=12 left-down x=2028 y=1110 wordForeground=True
2026-09-06T15:57:10.2817459+08:00 pid=27256 tid=12 left-down x=770 y=1090 wordForeground=False
2026-09-06T15:57:12.1275019+08:00 pid=27256 tid=12 left-down x=618 y=1046 wordForeground=False
2026-09-06T15:57:16.2507288+08:00 pid=27256 tid=12 left-down x=1892 y=402 wordForeground=False
2026-09-06T15:57:21.2574766+08:00 pid=27256 tid=12 left-down x=1965 y=1091 wordForeground=True
2026-09-06T15:57:24.6318019+08:00 pid=27256 tid=12 left-down x=717 y=1085 wordForeground=False
2026-09-06T15:57:27.0003916+08:00 pid=27256 tid=12 left-down x=620 y=1012 wordForeground=False
2026-09-06T15:57:29.5065854+08:00 pid=27256 tid=12 left-down x=1896 y=398 wordForeground=False
2026-09-06T15:57:34.1051115+08:00 pid=27256 tid=12 left-down x=1979 y=1077 wordForeground=True
2026-09-06T16:04:19.8416195+08:00 pid=27256 tid=12 left-down x=153 y=1448 wordForeground=False
2026-09-06T16:04:23.2681239+08:00 pid=27256 tid=12 left-down x=963 y=1227 wordForeground=False
2026-09-06T16:05:05.9880570+08:00 pid=27256 tid=12 left-down x=1838 y=688 wordForeground=True
2026-09-06T16:05:14.4756966+08:00 pid=27256 tid=12 left-down x=1382 y=1120 wordForeground=False
2026-09-06T16:05:17.1647418+08:00 pid=27256 tid=12 left-down x=2332 y=460 wordForeground=False
2026-09-06T16:05:19.7550603+08:00 pid=27256 tid=12 left-down x=2492 y=460 wordForeground=False
2026-09-06T16:06:52.6692483+08:00 pid=27256 tid=12 left-down x=1776 y=1270 wordForeground=False
2026-09-06T16:08:00.7287287+08:00 pid=27256 tid=12 left-down x=2024 y=1187 wordForeground=True
2026-09-06T16:08:21.3771263+08:00 pid=27256 tid=12 left-down x=1838 y=860 wordForeground=True
2026-09-06T16:12:08.5939911+08:00 pid=27256 tid=12 left-down x=1776 y=1270 wordForeground=False
2026-09-06T16:15:16.4545331+08:00 pid=27256 tid=12 left-down x=772 y=1266 wordForeground=False
2026-09-06T16:15:25.3868385+08:00 pid=27256 tid=12 left-down x=1844 y=1725 wordForeground=True
2026-09-06T16:18:12.2731281+08:00 pid=27256 tid=12 left-down x=1776 y=1270 wordForeground=False
2026-09-06T16:26:34.5662587+08:00 pid=27256 tid=12 left-down x=1382 y=1120 wordForeground=False
2026-09-06T16:26:37.1221271+08:00 pid=27256 tid=12 left-down x=2332 y=460 wordForeground=False
2026-09-06T16:26:39.4518235+08:00 pid=27256 tid=12 left-down x=2492 y=460 wordForeground=False
2026-09-06T16:27:41.7919598+08:00 pid=27256 tid=12 left-down x=713 y=1227 wordForeground=False
2026-09-06T16:27:47.3743486+08:00 pid=27256 tid=12 left-down x=1874 y=1436 wordForeground=True
2026-09-06T16:27:58.1618657+08:00 pid=27256 tid=12 left-down x=700 y=1238 wordForeground=False
2026-09-06T16:28:03.3402523+08:00 pid=27256 tid=12 left-down x=1742 y=1814 wordForeground=True
2026-09-06T16:28:20.8812150+08:00 pid=27256 tid=12 left-down x=2024 y=1187 wordForeground=True
2026-09-06T16:29:40.6682888+08:00 pid=27256 tid=12 left-down x=1172 y=1836 wordForeground=True
2026-09-06T16:29:41.5278005+08:00 pid=27256 tid=12 left-down x=1172 y=1836 wordForeground=True
2026-09-06T16:30:25.2335997+08:00 pid=27256 tid=12 left-down x=739 y=1231 wordForeground=False
2026-09-06T16:30:36.8918398+08:00 pid=27256 tid=12 left-down x=1776 y=1270 wordForeground=False
2026-09-06T16:40:51.0099302+08:00 pid=27256 tid=12 left-down x=1382 y=1120 wordForeground=False
2026-09-06T16:40:53.5624100+08:00 pid=27256 tid=12 left-down x=2332 y=460 wordForeground=False
2026-09-06T16:40:55.8172070+08:00 pid=27256 tid=12 left-down x=2492 y=460 wordForeground=False
2026-09-06T16:43:16.1871140+08:00 pid=27256 tid=12 left-down x=1776 y=1270 wordForeground=False
2026-09-06T16:44:46.8868372+08:00 pid=27256 tid=12 left-down x=2024 y=1187 wordForeground=True
2026-09-06T16:45:51.9190037+08:00 pid=27256 tid=12 left-down x=691 y=1252 wordForeground=False
2026-09-06T16:46:01.4823870+08:00 pid=27256 tid=12 left-down x=191 y=1485 wordForeground=False
2026-09-06T16:46:04.5883730+08:00 pid=27256 tid=12 left-down x=2508 y=1121 wordForeground=True
2026-09-06T16:47:32.1102933+08:00 pid=27256 tid=12 left-down x=776 y=1255 wordForeground=False
2026-09-06T16:47:45.5389567+08:00 pid=27256 tid=12 left-down x=710 y=994 wordForeground=False
2026-09-06T16:47:47.1200526+08:00 pid=27256 tid=12 left-down x=699 y=1023 wordForeground=False
2026-09-06T16:47:48.8415982+08:00 pid=27256 tid=12 left-down x=743 y=1042 wordForeground=False
2026-09-06T16:47:51.4336505+08:00 pid=27256 tid=12 left-down x=764 y=1021 wordForeground=False
2026-09-06T16:47:55.3016573+08:00 pid=27256 tid=12 left-down x=831 y=1077 wordForeground=False
2026-09-06T16:48:05.6592836+08:00 pid=27256 tid=12 left-down x=1046 y=1329 wordForeground=False
2026-09-06T16:48:39.8368492+08:00 pid=27256 tid=12 left-down x=271 y=1440 wordForeground=False
2026-09-06T16:48:41.5718653+08:00 pid=27256 tid=12 left-down x=253 y=1462 wordForeground=False
2026-09-06T16:48:45.6773608+08:00 pid=27256 tid=12 left-down x=270 y=1333 wordForeground=False
2026-09-06T16:48:47.6329228+08:00 pid=27256 tid=12 left-down x=196 y=705 wordForeground=False
2026-09-06T16:48:52.6153692+08:00 pid=27256 tid=12 left-down x=135 y=384 wordForeground=False
2026-09-06T16:58:20.1143772+08:00 pid=27256 tid=12 left-down x=1382 y=1120 wordForeground=False
2026-09-06T16:58:22.8610230+08:00 pid=27256 tid=12 left-down x=2332 y=460 wordForeground=False
2026-09-06T16:58:25.6491819+08:00 pid=27256 tid=12 left-down x=2492 y=460 wordForeground=False
2026-09-06T16:59:25.3817695+08:00 pid=27256 tid=12 left-down x=1776 y=1270 wordForeground=False
2026-09-06T17:00:19.6496919+08:00 pid=27256 tid=12 left-down x=2024 y=1187 wordForeground=True
2026-09-06T17:03:55.3787107+08:00 pid=27256 tid=12 left-down x=711 y=1181 wordForeground=False
2026-09-06T17:04:03.3414759+08:00 pid=27256 tid=12 left-down x=2039 y=1034 wordForeground=True
2026-09-06T17:04:13.0884909+08:00 pid=27256 tid=12 left-down x=759 y=1233 wordForeground=False
2026-09-06T17:06:42.1029545+08:00 pid=27256 tid=12 left-down x=672 y=1256 wordForeground=False
2026-09-06T17:06:50.6414833+08:00 pid=27256 tid=12 left-down x=250 y=1460 wordForeground=False
2026-09-06T17:06:53.7961159+08:00 pid=27256 tid=12 left-down x=902 y=1143 wordForeground=False
2026-09-06T17:08:08.2886772+08:00 pid=27256 tid=12 left-down x=1382 y=1120 wordForeground=False
2026-09-06T17:08:10.7086240+08:00 pid=27256 tid=12 left-down x=2332 y=460 wordForeground=False
2026-09-06T17:08:13.1998019+08:00 pid=27256 tid=12 left-down x=2492 y=460 wordForeground=False
2026-09-06T17:08:28.7952913+08:00 pid=27256 tid=12 left-down x=1776 y=1270 wordForeground=False
2026-09-06T17:08:41.6806357+08:00 pid=27256 tid=12 left-down x=2024 y=1187 wordForeground=True
2026-09-06T17:09:37.4142320+08:00 pid=27256 tid=12 left-down x=841 y=1058 wordForeground=True
2026-09-06T17:10:30.7908009+08:00 pid=27256 tid=12 left-down x=1945 y=1414 wordForeground=True
2026-09-06T17:10:35.1797282+08:00 pid=27256 tid=12 left-down x=782 y=1229 wordForeground=False
2026-09-06T17:10:38.1783343+08:00 pid=27256 tid=12 left-down x=720 y=1078 wordForeground=False
2026-09-06T17:10:41.3232101+08:00 pid=27256 tid=12 left-down x=607 y=974 wordForeground=False
2026-09-06T17:10:44.8836902+08:00 pid=27256 tid=12 left-down x=1871 y=407 wordForeground=False
2026-09-06T17:10:49.1000225+08:00 pid=27256 tid=12 left-down x=2301 y=1453 wordForeground=True
2026-09-06T17:11:37.6776301+08:00 pid=27256 tid=12 left-down x=1776 y=1270 wordForeground=False
2026-09-06T17:13:19.6294100+08:00 pid=27256 tid=12 left-down x=837 y=1224 wordForeground=False
2026-09-06T17:14:16.2821473+08:00 pid=27256 tid=12 left-down x=1838 y=688 wordForeground=True
2026-09-06T17:15:24.8686632+08:00 pid=27256 tid=12 left-down x=1141 y=1087 wordForeground=True
2026-09-06T17:15:25.3616047+08:00 pid=27256 tid=12 left-down x=1141 y=1087 wordForeground=True
2026-09-06T17:15:25.3636051+08:00 pid=27256 tid=12 double-click elapsedMs=492.273 withinX=True withinY=True nativeOleTarget=False suppressSecondDown=False dispatchCallback=True
2026-09-06T17:15:25.4676045+08:00 pid=27256 tid=13 callback-begin interceptedNativeOle=False x=1141 y=1087
2026-09-06T17:15:25.4676045+08:00 pid=27256 tid=13 addin-callback-received interceptedNativeOle=False x=1141 y=1087
2026-09-06T17:15:25.4686049+08:00 pid=27256 tid=13 callback-end
2026-09-06T17:15:25.4866047+08:00 pid=27256 tid=1 addin-coordinate-selection formulaId=<null> objectMode=<null>
2026-09-06T17:16:50.8379732+08:00 pid=27256 tid=12 left-down x=779 y=1278 wordForeground=False
2026-09-06T17:18:49.5150588+08:00 pid=27256 tid=12 left-down x=770 y=1201 wordForeground=False
2026-09-06T17:18:56.4459654+08:00 pid=27256 tid=12 left-down x=2258 y=1350 wordForeground=True
2026-09-06T17:20:34.8703178+08:00 pid=27256 tid=12 left-down x=1382 y=1120 wordForeground=False
2026-09-06T17:20:37.0960199+08:00 pid=27256 tid=12 left-down x=2332 y=460 wordForeground=False
2026-09-06T17:20:39.8322958+08:00 pid=27256 tid=12 left-down x=2492 y=460 wordForeground=False
2026-09-06T17:22:10.9531936+08:00 pid=27256 tid=12 left-down x=1935 y=1345 wordForeground=True
2026-09-06T17:22:14.2329218+08:00 pid=27256 tid=12 left-down x=1808 y=1615 wordForeground=True
2026-09-06T17:23:05.9799178+08:00 pid=27256 tid=12 left-down x=1776 y=1270 wordForeground=False
2026-09-06T17:23:33.9937906+08:00 pid=27256 tid=12 left-down x=2024 y=1187 wordForeground=True
2026-09-06T17:32:01.7423006+08:00 pid=27256 tid=12 left-down x=868 y=930 wordForeground=False
2026-09-06T17:32:13.3810054+08:00 pid=27256 tid=12 left-down x=716 y=707 wordForeground=False
2026-09-06T17:32:16.1332932+08:00 pid=27256 tid=12 left-down x=653 y=533 wordForeground=False
2026-09-06T17:32:19.4717405+08:00 pid=27256 tid=12 left-down x=1891 y=416 wordForeground=False
2026-09-06T17:34:02.7866761+08:00 pid=27256 tid=12 left-down x=1382 y=1120 wordForeground=False
2026-09-06T17:34:05.3994039+08:00 pid=27256 tid=12 left-down x=2332 y=460 wordForeground=False
2026-09-06T17:34:08.0619573+08:00 pid=27256 tid=12 left-down x=2492 y=460 wordForeground=False
2026-09-06T17:35:40.6923747+08:00 pid=27256 tid=12 left-down x=675 y=1190 wordForeground=False
2026-09-06T17:35:47.1795601+08:00 pid=27256 tid=12 left-down x=1961 y=1652 wordForeground=True
2026-09-06T17:35:50.1521440+08:00 pid=27256 tid=12 left-down x=1986 y=1555 wordForeground=True
2026-09-06T17:36:02.4093537+08:00 pid=27256 tid=12 left-down x=1382 y=1120 wordForeground=False
2026-09-06T17:36:04.9040332+08:00 pid=27256 tid=12 left-down x=2332 y=460 wordForeground=False
2026-09-06T17:36:07.8369724+08:00 pid=27256 tid=12 left-down x=2492 y=460 wordForeground=False
2026-09-06T17:38:55.2718161+08:00 pid=27256 tid=12 left-down x=813 y=1058 wordForeground=False
2026-09-06T17:39:06.9550507+08:00 pid=27256 tid=12 left-down x=2050 y=1012 wordForeground=True
2026-09-06T17:39:10.5181359+08:00 pid=27256 tid=12 left-down x=255 y=1492 wordForeground=False
2026-09-06T17:39:13.5015320+08:00 pid=27256 tid=12 left-down x=961 y=1043 wordForeground=False
2026-09-06T17:40:58.4238847+08:00 pid=27256 tid=12 left-down x=1382 y=1120 wordForeground=False
2026-09-06T17:41:00.9546622+08:00 pid=27256 tid=12 left-down x=2332 y=460 wordForeground=False
2026-09-06T17:41:02.9615029+08:00 pid=27256 tid=12 left-down x=2492 y=460 wordForeground=False
2026-09-06T17:41:59.8228948+08:00 pid=27256 tid=12 left-down x=1776 y=1270 wordForeground=False
2026-09-06T17:42:18.0355510+08:00 pid=27256 tid=12 left-down x=2024 y=1187 wordForeground=True
2026-09-06T17:44:01.7599570+08:00 pid=27256 tid=12 left-down x=596 y=1205 wordForeground=False
2026-09-06T17:44:22.5678674+08:00 pid=27256 tid=12 left-down x=2094 y=1018 wordForeground=True
2026-09-06T17:44:25.7530388+08:00 pid=27256 tid=12 left-down x=763 y=1215 wordForeground=False
2026-09-06T17:45:10.2905973+08:00 pid=27256 tid=12 left-down x=737 y=1273 wordForeground=False
2026-09-06T17:45:13.0214257+08:00 pid=27256 tid=12 left-down x=2357 y=1096 wordForeground=False
2026-09-06T17:47:34.8687443+08:00 pid=27256 tid=12 left-down x=894 y=1217 wordForeground=False
2026-09-06T17:47:54.3982228+08:00 pid=27256 tid=12 left-down x=1382 y=1120 wordForeground=False
2026-09-06T17:47:56.6951547+08:00 pid=27256 tid=12 left-down x=2332 y=460 wordForeground=False
2026-09-06T17:47:59.5715949+08:00 pid=27256 tid=12 left-down x=2492 y=460 wordForeground=False
2026-09-06T17:48:44.7724813+08:00 pid=27256 tid=12 left-down x=1776 y=1270 wordForeground=False
2026-09-06T17:49:00.1657122+08:00 pid=27256 tid=12 left-down x=2024 y=1187 wordForeground=True
2026-09-06T17:50:40.1160294+08:00 pid=27256 tid=12 left-down x=836 y=1237 wordForeground=False
2026-09-06T17:50:43.8531019+08:00 pid=27256 tid=12 left-down x=2059 y=1068 wordForeground=True
2026-09-06T17:51:49.3565878+08:00 pid=27256 tid=12 left-down x=607 y=1205 wordForeground=False
2026-09-06T17:51:52.7051043+08:00 pid=27256 tid=12 left-down x=1466 y=1103 wordForeground=False
2026-09-06T17:54:24.5484450+08:00 pid=27256 tid=12 left-down x=1382 y=1120 wordForeground=False
2026-09-06T17:54:27.6147783+08:00 pid=27256 tid=12 left-down x=2332 y=460 wordForeground=False
2026-09-06T17:54:30.3969006+08:00 pid=27256 tid=12 left-down x=2492 y=460 wordForeground=False
2026-09-06T17:55:25.1568570+08:00 pid=27256 tid=12 left-down x=1776 y=1270 wordForeground=False
2026-09-06T17:55:40.5027274+08:00 pid=27256 tid=12 left-down x=2024 y=1211 wordForeground=True
2026-09-06T17:57:01.3287783+08:00 pid=27256 tid=12 left-down x=808 y=1255 wordForeground=False
2026-09-06T17:57:10.3455397+08:00 pid=27256 tid=12 left-down x=1866 y=1723 wordForeground=True
2026-09-06T17:57:20.0174490+08:00 pid=27256 tid=12 left-down x=1905 y=1516 wordForeground=True
2026-09-06T17:58:43.8735726+08:00 pid=27256 tid=12 left-down x=1948 y=1269 wordForeground=True
2026-09-06T17:58:47.6871698+08:00 pid=27256 tid=12 left-down x=1778 y=1476 wordForeground=True
2026-09-06T17:58:52.2560948+08:00 pid=27256 tid=12 left-down x=1141 y=1482 wordForeground=True
2026-09-06T17:58:53.0454212+08:00 pid=27256 tid=12 left-down x=1141 y=1482 wordForeground=True
2026-09-06T17:59:19.9595496+08:00 pid=27256 tid=12 left-down x=1776 y=1270 wordForeground=False
2026-09-06T18:00:02.1885922+08:00 pid=27256 tid=12 left-down x=853 y=1268 wordForeground=False
2026-09-06T18:00:05.7885128+08:00 pid=27256 tid=12 left-down x=2132 y=1445 wordForeground=True
2026-09-06T18:02:54.1563805+08:00 pid=27256 tid=12 left-down x=705 y=1242 wordForeground=False
2026-09-06T18:02:58.9037076+08:00 pid=27256 tid=12 left-down x=2064 y=1539 wordForeground=True
2026-09-06T18:03:24.4034177+08:00 pid=27256 tid=12 left-down x=1776 y=1270 wordForeground=False
2026-09-06T18:08:49.0284353+08:00 pid=27256 tid=12 left-down x=765 y=1027 wordForeground=False
2026-09-06T18:08:52.8103958+08:00 pid=27256 tid=12 left-down x=247 y=1478 wordForeground=False
2026-09-06T18:08:56.5311555+08:00 pid=27256 tid=12 left-down x=664 y=936 wordForeground=False
2026-09-06T18:09:00.7122333+08:00 pid=27256 tid=12 left-down x=1877 y=399 wordForeground=False
2026-09-06T18:11:22.4601205+08:00 pid=27256 tid=12 left-down x=822 y=1270 wordForeground=False
2026-09-06T18:11:32.0779585+08:00 pid=27256 tid=12 left-down x=1265 y=1795 wordForeground=True
2026-09-06T18:13:09.8505344+08:00 pid=27256 tid=12 left-down x=1317 y=747 wordForeground=False
2026-09-06T18:13:11.9639252+08:00 pid=27256 tid=12 left-down x=1602 y=747 wordForeground=False
2026-09-06T18:13:28.5425157+08:00 pid=27256 tid=12 left-down x=1382 y=1120 wordForeground=False
2026-09-06T18:13:31.5332999+08:00 pid=27256 tid=12 left-down x=2332 y=460 wordForeground=False
2026-09-06T18:13:34.0515674+08:00 pid=27256 tid=12 left-down x=2492 y=460 wordForeground=False
2026-09-06T18:14:35.4966943+08:00 pid=27256 tid=12 left-down x=806 y=1212 wordForeground=False
2026-09-06T18:14:52.8107634+08:00 pid=27256 tid=12 left-down x=815 y=1228 wordForeground=False
2026-09-06T18:15:00.2390534+08:00 pid=27256 tid=12 left-down x=2177 y=1494 wordForeground=True
2026-09-06T18:15:03.8480681+08:00 pid=27256 tid=12 left-down x=2100 y=1471 wordForeground=True
2026-09-06T18:15:05.5596364+08:00 pid=27256 tid=12 left-down x=2019 y=1474 wordForeground=True
2026-09-06T18:15:05.9412665+08:00 pid=27256 tid=12 left-down x=2019 y=1475 wordForeground=False
2026-09-06T18:15:14.3314354+08:00 pid=27256 tid=12 left-down x=2639 y=748 wordForeground=True
2026-09-06T18:15:18.8061202+08:00 pid=27256 tid=12 left-down x=835 y=1292 wordForeground=False
2026-09-06T18:15:20.7389963+08:00 pid=27256 tid=12 left-down x=848 y=1359 wordForeground=False
2026-09-06T18:15:22.7413407+08:00 pid=27256 tid=12 left-down x=863 y=1433 wordForeground=False
2026-09-06T18:15:58.0023729+08:00 pid=27256 tid=12 left-down x=218 y=1472 wordForeground=False
2026-09-06T18:18:01.8709982+08:00 pid=27256 tid=12 left-down x=1317 y=747 wordForeground=False
2026-09-06T18:18:20.0302803+08:00 pid=27256 tid=12 left-down x=1382 y=1120 wordForeground=False
2026-09-06T18:18:23.2797737+08:00 pid=27256 tid=12 left-down x=2332 y=460 wordForeground=False
2026-09-06T18:18:25.8580702+08:00 pid=27256 tid=12 left-down x=2492 y=460 wordForeground=False
2026-09-06T18:19:43.0012456+08:00 pid=27256 tid=12 left-down x=1776 y=1270 wordForeground=False
2026-09-06T18:19:56.4760272+08:00 pid=27256 tid=12 left-down x=2024 y=1211 wordForeground=True
2026-09-06T18:22:20.2545668+08:00 pid=27256 tid=12 left-down x=2067 y=1076 wordForeground=True
2026-09-06T18:22:26.5344570+08:00 pid=27256 tid=12 left-down x=1136 y=1362 wordForeground=False
2026-09-06T18:22:56.0621844+08:00 pid=27256 tid=12 left-down x=2228 y=1331 wordForeground=False
2026-09-06T18:23:01.7126296+08:00 pid=27256 tid=12 left-down x=684 y=811 wordForeground=False
2026-09-06T18:23:04.8222136+08:00 pid=27256 tid=12 left-down x=677 y=753 wordForeground=False
2026-09-06T18:23:11.1883053+08:00 pid=27256 tid=12 left-down x=1890 y=411 wordForeground=False
2026-09-06T18:23:16.2852670+08:00 pid=27256 tid=12 left-down x=1381 y=2159 wordForeground=False
2026-09-06T18:23:26.0315652+08:00 pid=27256 tid=12 left-down x=803 y=1363 wordForeground=False
2026-09-06T18:25:28.9866482+08:00 pid=27256 tid=12 left-down x=1245 y=1142 wordForeground=False
