2026-09-06T17:40:51.1112997+08:00 bulk-import-start
2026-09-06T17:40:51.1972971+08:00 bulk-import-ui-created sessionId=08cdae60-54fb-4ccc-ad96-58dd67d7086a
2026-09-06T17:40:51.2012998+08:00 bulk-import-ui-opened sessionId=08cdae60-54fb-4ccc-ad96-58dd67d7086a
2026-09-06T17:41:03.6880465+08:00 bulk-import-ui-finished sessionId=08cdae60-54fb-4ccc-ad96-58dd67d7086a status=committing error=<null>
2026-09-06T17:41:03.7021588+08:00 parsed blocks=15 formulas=6 mode=Omml fontSizePt=10.5
2026-09-06T17:41:03.7202265+08:00 render-prepare index=1/6 display=inline latex=\sqrt{E-u\left(x\right)}=\frac{1}{f\left(\omega\right)v_{ph}\left(\omega,x\right)}
2026-09-06T17:41:03.7232262+08:00 converter-create display=inline mode=wordOmml latex=\sqrt{E-u\left(x\right)}=\frac{1}{f\left(\omega\right)v_{ph}\left(\omega,x\right)}
2026-09-06T17:41:03.7332263+08:00 converter-created sessionId=4b85da01-d576-4459-a28f-28827e71cb5f
2026-09-06T17:41:03.7342264+08:00 render-prepare index=2/6 display=block latex=\begin{cases}\frac{\mathrm{d}}{\mathrm{d}\omega}\left(\omega f\left(\omega\right)\right)=0 \\ \frac{\omega f\left(\omega\right)}{2}\frac{\mathrm{d}E\left(\omega\right)}{\mathrm{d}\omega}=\sqrt{\frac{m}{2}} \end{cases}
2026-09-06T17:41:03.7342264+08:00 converter-create display=block mode=wordOmml latex=\begin{cases}\frac{\mathrm{d}}{\mathrm{d}\omega}\left(\omega f\left(\omega\right)\right)=0 \\ \frac{\omega f\left(\omega\right)}{2}\frac{\mathrm{d}E\left(\omega\right)}{\mathrm{d}\omega}=\sqrt{\frac{m}{2}} \end{cases}
2026-09-06T17:41:03.7392267+08:00 converter-created sessionId=f1fb1930-fba7-41f5-8fad-2961848830d0
2026-09-06T17:41:03.7392267+08:00 render-prepare index=3/6 display=block latex=\sqrt{\frac{m}{2\left(E\left(\omega\right)-U\right)}}=\frac{\mathrm{d}}{\mathrm{d}\omega}\left(\omega\cdot f\left(\omega\right)\sqrt{\left(E\left(\omega\right)-U\right)}\right)
2026-09-06T17:41:03.7402264+08:00 converter-create display=block mode=wordOmml latex=\sqrt{\frac{m}{2\left(E\left(\omega\right)-U\right)}}=\frac{\mathrm{d}}{\mathrm{d}\omega}\left(\omega\cdot f\left(\omega\right)\sqrt{\left(E\left(\omega\right)-U\right)}\right)
2026-09-06T17:41:03.7442267+08:00 converter-created sessionId=b6adbcf0-2eee-4c26-a8c9-361bdf942e0f
2026-09-06T17:41:03.7442267+08:00 render-prepare index=4/6 display=block latex=i\hbar \frac{\partial}{\partial t}\psi(\mathbf{r},t) = \left[ -\frac{\hbar^2}{2m}\nabla^2 + V(\mathbf{r},t) \right]\psi(\mathbf{r},t)
2026-09-06T17:41:03.7442267+08:00 converter-create display=block mode=wordOmml latex=i\hbar \frac{\partial}{\partial t}\psi(\mathbf{r},t) = \left[ -\frac{\hbar^2}{2m}\nabla^2 + V(\mathbf{r},t) \right]\psi(\mathbf{r},t)
2026-09-06T17:41:03.7482259+08:00 converter-created sessionId=b46aa909-9309-40cb-a7b3-01a073d9163c
2026-09-06T17:41:03.7492269+08:00 render-prepare index=5/6 display=block latex=\frac{\partial}{\partial t}\psi ^*\left( \vec{r} \right) \psi \left( \vec{r} \right) =\frac{i\hbar}{2m}\nabla \cdot \left[ \psi ^*\left( \vec{r} \right) \nabla \psi \left( \vec{r} \right) -\psi \left( \vec{r} \right) \nabla \psi ^*\left( r \right) \right]
2026-09-06T17:41:03.7492269+08:00 converter-create display=block mode=wordOmml latex=\frac{\partial}{\partial t}\psi ^*\left( \vec{r} \right) \psi \left( \vec{r} \right) =\frac{i\hbar}{2m}\nabla \cdot \left[ \psi ^*\left( \vec{r} \right) \nabla \psi \left( \vec{r} \right) -\psi \left( \vec{r} \right) \nabla \psi ^*\left( r \right) \right]
2026-09-06T17:41:03.7532263+08:00 converter-created sessionId=aa56b819-2a4e-41d7-8de7-e84ae77401c9
2026-09-06T17:41:03.7532263+08:00 render-prepare index=6/6 display=block latex=\frac{\partial}{\partial t}\rho \left( \vec{r},t \right) +\nabla \cdot \vec{j}=0
2026-09-06T17:41:03.7542265+08:00 converter-create display=block mode=wordOmml latex=\frac{\partial}{\partial t}\rho \left( \vec{r},t \right) +\nabla \cdot \vec{j}=0
2026-09-06T17:41:03.7588482+08:00 converter-created sessionId=0d6be26f-1b5c-4543-a599-9126ae799dde
2026-09-06T17:41:03.7593809+08:00 render-batch-start unique=6 total=6
2026-09-06T17:41:03.7974994+08:00 render-batch-item sessionId=4b85da01-d576-4459-a28f-28827e71cb5f status=committing display=inline
2026-09-06T17:41:03.8004990+08:00 render-batch-item sessionId=f1fb1930-fba7-41f5-8fad-2961848830d0 status=committing display=block
2026-09-06T17:41:03.8054991+08:00 render-batch-item sessionId=b6adbcf0-2eee-4c26-a8c9-361bdf942e0f status=committing display=block
2026-09-06T17:41:03.8281032+08:00 render-batch-item sessionId=b46aa909-9309-40cb-a7b3-01a073d9163c status=committing display=block
2026-09-06T17:41:03.9208476+08:00 render-batch-item sessionId=aa56b819-2a4e-41d7-8de7-e84ae77401c9 status=committing display=block
2026-09-06T17:41:03.9228463+08:00 render-batch-item sessionId=0d6be26f-1b5c-4543-a599-9126ae799dde status=committing display=block
2026-09-06T17:41:03.9238466+08:00 render-batch-complete unique=6 elapsedMs=164
2026-09-06T17:41:23.5600928+08:00 bulk-insert-complete blocks=15 formulas=6 elapsedMs=19633
2026-09-06T17:41:23.5600928+08:00 bulk-import-complete blocks=15 formulas=6 elapsedMs=32448
2026-09-06T17:41:23.5600928+08:00 bulk-operation-gate-released
