2026-09-06T20:43:15.8436981+08:00 pid=112840 [perf] update-numbers.health-fail reason=no-parseable-field-codes
2026-09-06T20:44:53.6104208+08:00 pid=112840 [perf] update-numbers.health-fail reason=no-numbering-bookmarks
2026-09-06T20:45:11.5956582+08:00 pid=112840 [perf] direct-row-health-fail formulaId=78eb36b3-7b4e-4c53-a682-044a9f0f43c4 check=table-membership reason=not-in-table
2026-09-06T20:45:12.3923901+08:00 pid=112840 [perf] ConvertedOmmlBatch.inventory: +792ms (792ms)
2026-09-06T20:45:12.5331637+08:00 pid=112840 [perf] ConvertedOmmlBatch.number-plan: +141ms (933ms)
2026-09-06T20:45:12.6660258+08:00 pid=112840 [perf] ConvertedOmmlBatch.locate-target: +133ms (1066ms)
2026-09-06T20:45:12.6760246+08:00 pid=112840 [perf] ConvertedOmmlBatch.true-display-native-resolve-display: +11ms (1077ms)
2026-09-06T20:45:12.7271982+08:00 pid=112840 [perf] ConvertedOmmlBatch.true-display-native-clear-artifacts: +50ms (1127ms)
2026-09-06T20:45:12.8660762+08:00 pid=112840 [perf] ConvertedOmmlBatch.true-display-native-measure-display: +139ms (1266ms)
2026-09-06T20:45:12.9266008+08:00 pid=112840 [perf] ConvertedOmmlBatch.true-display-native-ensure-table: +61ms (1327ms)
2026-09-06T20:45:12.9286013+08:00 pid=112840 [perf] ConvertedOmmlBatch.true-display-native-resolve-table-formula: +2ms (1329ms)
2026-09-06T20:45:12.9286013+08:00 pid=112840 [perf] ConvertedOmmlBatch.true-display-native-height-repair: +0ms (1329ms)
2026-09-06T20:45:13.0833106+08:00 pid=112840 [perf] ConvertedOmmlBatch.true-display-native-geometry: +155ms (1484ms)
2026-09-06T20:45:13.0843104+08:00 pid=112840 [perf] ConvertedOmmlBatch.true-display-native-1x3-table: +0ms (1484ms)
2026-09-06T20:45:13.0853110+08:00 pid=112840 [perf] ConvertedOmmlBatch.true-display-direct-number-plan: +1ms (1485ms)
2026-09-06T20:45:13.3288728+08:00 pid=112840 [perf] ConvertedOmmlBatch.true-display-direct-visible-seq: +244ms (1729ms)
2026-09-06T20:45:13.3979473+08:00 pid=112840 [perf] ConvertedOmmlBatch.true-display-native-post-table-spacing: +69ms (1798ms)
2026-09-06T20:45:13.4503768+08:00 pid=112840 [perf] ConvertedOmmlBatch.true-display-native-wrap-identity: +53ms (1851ms)
2026-09-06T20:45:13.4513752+08:00 pid=112840 [perf] ConvertedOmmlBatch.true-display-host: +0ms (1851ms)
2026-09-06T20:45:13.5427797+08:00 pid=112840 [perf] ConvertedOmmlBatch.repair-identity: +93ms (1944ms)
2026-09-06T20:45:13.7484855+08:00 pid=112840 [perf] ConvertedOmmlBatch.locate-target: +205ms (2149ms)
2026-09-06T20:45:13.7536482+08:00 pid=112840 [perf] ConvertedOmmlBatch.true-display-native-resolve-display: +5ms (2154ms)
2026-09-06T20:45:13.7960671+08:00 pid=112840 [perf] ConvertedOmmlBatch.true-display-native-clear-artifacts: +43ms (2197ms)
2026-09-06T20:45:13.8877228+08:00 pid=112840 [perf] ConvertedOmmlBatch.true-display-native-measure-display: +91ms (2288ms)
2026-09-06T20:45:13.9417197+08:00 pid=112840 [perf] ConvertedOmmlBatch.true-display-native-ensure-table: +54ms (2342ms)
2026-09-06T20:45:13.9437234+08:00 pid=112840 [perf] ConvertedOmmlBatch.true-display-native-resolve-table-formula: +2ms (2344ms)
2026-09-06T20:45:13.9437234+08:00 pid=112840 [perf] ConvertedOmmlBatch.true-display-native-height-repair: +0ms (2344ms)
2026-09-06T20:45:14.1218235+08:00 pid=112840 [perf] ConvertedOmmlBatch.true-display-native-geometry: +178ms (2522ms)
2026-09-06T20:45:14.1228231+08:00 pid=112840 [perf] ConvertedOmmlBatch.true-display-native-1x3-table: +1ms (2523ms)
2026-09-06T20:45:14.1228231+08:00 pid=112840 [perf] ConvertedOmmlBatch.true-display-direct-number-plan: +0ms (2523ms)
2026-09-06T20:45:14.3814753+08:00 pid=112840 [perf] ConvertedOmmlBatch.true-display-direct-visible-seq: +258ms (2781ms)
2026-09-06T20:45:14.4547698+08:00 pid=112840 [perf] ConvertedOmmlBatch.true-display-native-post-table-spacing: +74ms (2855ms)
2026-09-06T20:45:14.5069876+08:00 pid=112840 [perf] ConvertedOmmlBatch.true-display-native-wrap-identity: +53ms (2908ms)
2026-09-06T20:45:14.5079880+08:00 pid=112840 [perf] ConvertedOmmlBatch.true-display-host: +0ms (2908ms)
2026-09-06T20:45:14.6259695+08:00 pid=112840 [perf] ConvertedOmmlBatch.repair-identity: +118ms (3026ms)
2026-09-06T20:45:14.7471637+08:00 pid=112840 [perf] ConvertedOmmlBatch.locate-target: +122ms (3148ms)
2026-09-06T20:45:14.7531623+08:00 pid=112840 [perf] ConvertedOmmlBatch.true-display-native-resolve-display: +6ms (3154ms)
2026-09-06T20:45:14.7991749+08:00 pid=112840 [perf] ConvertedOmmlBatch.true-display-native-clear-artifacts: +46ms (3200ms)
2026-09-06T20:45:14.9214451+08:00 pid=112840 [perf] ConvertedOmmlBatch.true-display-native-measure-display: +122ms (3322ms)
2026-09-06T20:45:14.9696150+08:00 pid=112840 [perf] ConvertedOmmlBatch.true-display-native-ensure-table: +48ms (3370ms)
2026-09-06T20:45:14.9716136+08:00 pid=112840 [perf] ConvertedOmmlBatch.true-display-native-resolve-table-formula: +2ms (3372ms)
2026-09-06T20:45:14.9716136+08:00 pid=112840 [perf] ConvertedOmmlBatch.true-display-native-height-repair: +0ms (3372ms)
2026-09-06T20:45:15.1530029+08:00 pid=112840 [perf] ConvertedOmmlBatch.true-display-native-geometry: +181ms (3553ms)
2026-09-06T20:45:15.1530029+08:00 pid=112840 [perf] ConvertedOmmlBatch.true-display-native-1x3-table: +0ms (3553ms)
2026-09-06T20:45:15.1530029+08:00 pid=112840 [perf] ConvertedOmmlBatch.true-display-direct-number-plan: +1ms (3554ms)
2026-09-06T20:45:15.4066185+08:00 pid=112840 [perf] ConvertedOmmlBatch.true-display-direct-visible-seq: +253ms (3807ms)
2026-09-06T20:45:15.4731867+08:00 pid=112840 [perf] ConvertedOmmlBatch.true-display-native-post-table-spacing: +67ms (3874ms)
2026-09-06T20:45:15.5241858+08:00 pid=112840 [perf] ConvertedOmmlBatch.true-display-native-wrap-identity: +50ms (3924ms)
2026-09-06T20:45:15.5241858+08:00 pid=112840 [perf] ConvertedOmmlBatch.true-display-host: +1ms (3925ms)
2026-09-06T20:45:15.6298116+08:00 pid=112840 [perf] ConvertedOmmlBatch.repair-identity: +105ms (4030ms)
2026-09-06T20:45:15.7352808+08:00 pid=112840 [perf] ConvertedOmmlBatch.locate-target: +106ms (4136ms)
2026-09-06T20:45:15.7426444+08:00 pid=112840 [perf] ConvertedOmmlBatch.true-display-native-resolve-display: +7ms (4143ms)
2026-09-06T20:45:15.7746896+08:00 pid=112840 [perf] ConvertedOmmlBatch.true-display-native-clear-artifacts: +32ms (4175ms)
2026-09-06T20:45:15.8956918+08:00 pid=112840 [perf] ConvertedOmmlBatch.true-display-native-measure-display: +121ms (4296ms)
2026-09-06T20:45:15.9432180+08:00 pid=112840 [perf] ConvertedOmmlBatch.true-display-native-ensure-table: +48ms (4344ms)
2026-09-06T20:45:15.9452179+08:00 pid=112840 [perf] ConvertedOmmlBatch.true-display-native-resolve-table-formula: +2ms (4346ms)
2026-09-06T20:45:15.9462172+08:00 pid=112840 [perf] ConvertedOmmlBatch.true-display-native-height-repair: +0ms (4346ms)
2026-09-06T20:45:16.1135108+08:00 pid=112840 [perf] ConvertedOmmlBatch.true-display-native-geometry: +167ms (4513ms)
2026-09-06T20:45:16.1135108+08:00 pid=112840 [perf] ConvertedOmmlBatch.true-display-native-1x3-table: +1ms (4514ms)
2026-09-06T20:45:16.1135108+08:00 pid=112840 [perf] ConvertedOmmlBatch.true-display-direct-number-plan: +0ms (4514ms)
2026-09-06T20:45:16.3646831+08:00 pid=112840 [perf] ConvertedOmmlBatch.true-display-direct-visible-seq: +251ms (4765ms)
2026-09-06T20:45:16.4285547+08:00 pid=112840 [perf] ConvertedOmmlBatch.true-display-native-post-table-spacing: +64ms (4829ms)
2026-09-06T20:45:16.4805644+08:00 pid=112840 [perf] ConvertedOmmlBatch.true-display-native-wrap-identity: +51ms (4880ms)
2026-09-06T20:45:16.4805644+08:00 pid=112840 [perf] ConvertedOmmlBatch.true-display-host: +1ms (4881ms)
2026-09-06T20:45:16.5705668+08:00 pid=112840 [perf] ConvertedOmmlBatch.repair-identity: +90ms (4971ms)
2026-09-06T20:45:16.6935434+08:00 pid=112840 [perf] ConvertedOmmlBatch.locate-target: +122ms (5093ms)
2026-09-06T20:45:16.6961633+08:00 pid=112840 [perf] ConvertedOmmlBatch.true-display-native-resolve-display: +3ms (5096ms)
2026-09-06T20:45:16.7411815+08:00 pid=112840 [perf] ConvertedOmmlBatch.true-display-native-clear-artifacts: +45ms (5141ms)
2026-09-06T20:45:16.8441838+08:00 pid=112840 [perf] ConvertedOmmlBatch.true-display-native-measure-display: +104ms (5245ms)
2026-09-06T20:45:16.8941840+08:00 pid=112840 [perf] ConvertedOmmlBatch.true-display-native-ensure-table: +50ms (5295ms)
2026-09-06T20:45:16.8971818+08:00 pid=112840 [perf] ConvertedOmmlBatch.true-display-native-resolve-table-formula: +2ms (5297ms)
2026-09-06T20:45:16.8971818+08:00 pid=112840 [perf] ConvertedOmmlBatch.true-display-native-height-repair: +0ms (5297ms)
2026-09-06T20:45:17.0686927+08:00 pid=112840 [perf] ConvertedOmmlBatch.true-display-native-geometry: +172ms (5469ms)
2026-09-06T20:45:17.0696909+08:00 pid=112840 [perf] ConvertedOmmlBatch.true-display-native-1x3-table: +1ms (5470ms)
2026-09-06T20:45:17.0696909+08:00 pid=112840 [perf] ConvertedOmmlBatch.true-display-direct-number-plan: +0ms (5470ms)
2026-09-06T20:45:17.3268124+08:00 pid=112840 [perf] ConvertedOmmlBatch.true-display-direct-visible-seq: +257ms (5727ms)
2026-09-06T20:45:17.3768220+08:00 pid=112840 [perf] ConvertedOmmlBatch.true-display-native-wrap-identity: +50ms (5777ms)
2026-09-06T20:45:17.3768220+08:00 pid=112840 [perf] ConvertedOmmlBatch.true-display-host: +1ms (5778ms)
2026-09-06T20:45:17.4667502+08:00 pid=112840 [perf] ConvertedOmmlBatch.repair-identity: +89ms (5867ms)
2026-09-06T20:45:17.5870352+08:00 pid=112840 [perf] ConvertedOmmlBatch.locate-target: +120ms (5987ms)
2026-09-06T20:45:17.5920945+08:00 pid=112840 [perf] ConvertedOmmlBatch.true-display-native-resolve-display: +5ms (5992ms)
2026-09-06T20:45:17.6294511+08:00 pid=112840 [perf] ConvertedOmmlBatch.true-display-native-clear-artifacts: +38ms (6030ms)
2026-09-06T20:45:17.7461396+08:00 pid=112840 [perf] ConvertedOmmlBatch.true-display-native-measure-display: +117ms (6147ms)
2026-09-06T20:45:17.8054572+08:00 pid=112840 [perf] ConvertedOmmlBatch.true-display-native-ensure-table: +58ms (6205ms)
2026-09-06T20:45:17.8069750+08:00 pid=112840 [perf] ConvertedOmmlBatch.true-display-native-resolve-table-formula: +2ms (6207ms)
2026-09-06T20:45:17.8069750+08:00 pid=112840 [perf] ConvertedOmmlBatch.true-display-native-height-repair: +0ms (6207ms)
2026-09-06T20:45:17.9591276+08:00 pid=112840 [perf] ConvertedOmmlBatch.true-display-native-geometry: +152ms (6359ms)
2026-09-06T20:45:17.9594454+08:00 pid=112840 [perf] ConvertedOmmlBatch.true-display-native-1x3-table: +0ms (6359ms)
2026-09-06T20:45:17.9594454+08:00 pid=112840 [perf] ConvertedOmmlBatch.true-display-direct-number-plan: +1ms (6360ms)
2026-09-06T20:45:18.2176935+08:00 pid=112840 [perf] ConvertedOmmlBatch.true-display-direct-visible-seq: +258ms (6618ms)
2026-09-06T20:45:18.2720941+08:00 pid=112840 [perf] ConvertedOmmlBatch.true-display-native-wrap-identity: +55ms (6673ms)
2026-09-06T20:45:18.2730938+08:00 pid=112840 [perf] ConvertedOmmlBatch.true-display-host: +0ms (6673ms)
2026-09-06T20:45:18.3580938+08:00 pid=112840 [perf] ConvertedOmmlBatch.repair-identity: +85ms (6758ms)
2026-09-06T20:55:17.3305581+08:00 pid=112840 [perf] ConfigureNumbered.tab-paragraph: +13ms (13ms)
2026-09-06T20:55:17.3385576+08:00 pid=112840 [perf] NativeCaption.prepare-paragraph: +6ms (6ms)
2026-09-06T20:55:17.3405579+08:00 pid=112840 [perf] NativeCaption.add-seq: +2ms (8ms)
2026-09-06T20:55:17.3435572+08:00 pid=112840 [perf] NativeCaption.update-seq: +3ms (11ms)
2026-09-06T20:55:17.3455571+08:00 pid=112840 [perf] NativeCaption.bookmarks: +2ms (13ms)
2026-09-06T20:55:17.3745559+08:00 pid=112840 [perf] NativeCaption.style-frame: +29ms (42ms)
2026-09-06T20:55:17.3745559+08:00 pid=112840 [perf] ConfigureNumbered.native-caption: +45ms (58ms)
2026-09-06T20:55:17.3835578+08:00 pid=112840 [perf] VisibleRef.scaffold: +6ms (6ms)
2026-09-06T20:55:17.3915576+08:00 pid=112840 [perf] VisibleRef.add-ref: +7ms (13ms)
2026-09-06T20:55:17.4025591+08:00 pid=112840 [perf] VisibleRef.update-ref: +11ms (24ms)
2026-09-06T20:55:17.4045582+08:00 pid=112840 [perf] VisibleRef.bookmark-format: +3ms (27ms)
2026-09-06T20:55:17.4105556+08:00 pid=112840 [perf] VisibleRef.vertical-align: +6ms (33ms)
2026-09-06T20:55:17.4105556+08:00 pid=112840 [perf] ConfigureNumbered.visible-ref: +36ms (94ms)
2026-09-06T20:55:17.4125567+08:00 pid=112840 [perf] ConfigureNumbered.ole-baseline: +2ms (96ms)
2026-09-06T20:55:17.4365567+08:00 pid=112840 [perf] ConfigureNumbered.tab-paragraph: +13ms (13ms)
2026-09-06T20:55:17.4435589+08:00 pid=112840 [perf] NativeCaption.prepare-paragraph: +6ms (6ms)
2026-09-06T20:55:17.4455574+08:00 pid=112840 [perf] NativeCaption.add-seq: +1ms (7ms)
2026-09-06T20:55:17.4475591+08:00 pid=112840 [perf] NativeCaption.update-seq: +3ms (10ms)
2026-09-06T20:55:17.4495587+08:00 pid=112840 [perf] NativeCaption.bookmarks: +2ms (12ms)
2026-09-06T20:55:17.4775574+08:00 pid=112840 [perf] NativeCaption.style-frame: +28ms (40ms)
2026-09-06T20:55:17.4775574+08:00 pid=112840 [perf] ConfigureNumbered.native-caption: +41ms (54ms)
2026-09-06T20:55:17.4825576+08:00 pid=112840 [perf] VisibleRef.scaffold: +4ms (4ms)
2026-09-06T20:55:17.4885578+08:00 pid=112840 [perf] VisibleRef.add-ref: +6ms (10ms)
2026-09-06T20:55:17.4985573+08:00 pid=112840 [perf] VisibleRef.update-ref: +10ms (20ms)
2026-09-06T20:55:17.4995561+08:00 pid=112840 [perf] VisibleRef.bookmark-format: +1ms (21ms)
2026-09-06T20:55:17.5065565+08:00 pid=112840 [perf] VisibleRef.vertical-align: +7ms (28ms)
2026-09-06T20:55:17.5065565+08:00 pid=112840 [perf] ConfigureNumbered.visible-ref: +28ms (82ms)
2026-09-06T20:55:17.5085560+08:00 pid=112840 [perf] ConfigureNumbered.ole-baseline: +2ms (84ms)
2026-09-06T20:55:17.5395572+08:00 pid=112840 [perf] ConfigureNumbered.tab-paragraph: +19ms (19ms)
2026-09-06T20:55:17.5475576+08:00 pid=112840 [perf] NativeCaption.prepare-paragraph: +7ms (7ms)
2026-09-06T20:55:17.5495568+08:00 pid=112840 [perf] NativeCaption.add-seq: +2ms (9ms)
2026-09-06T20:55:17.5531599+08:00 pid=112840 [perf] NativeCaption.update-seq: +3ms (12ms)
2026-09-06T20:55:17.5551599+08:00 pid=112840 [perf] NativeCaption.bookmarks: +2ms (14ms)
2026-09-06T20:55:17.5829732+08:00 pid=112840 [perf] NativeCaption.style-frame: +28ms (42ms)
2026-09-06T20:55:17.5829732+08:00 pid=112840 [perf] ConfigureNumbered.native-caption: +44ms (63ms)
2026-09-06T20:55:17.5879718+08:00 pid=112840 [perf] VisibleRef.scaffold: +4ms (4ms)
2026-09-06T20:55:17.5929734+08:00 pid=112840 [perf] VisibleRef.add-ref: +5ms (9ms)
2026-09-06T20:55:17.6029728+08:00 pid=112840 [perf] VisibleRef.update-ref: +10ms (19ms)
2026-09-06T20:55:17.6039745+08:00 pid=112840 [perf] VisibleRef.bookmark-format: +1ms (20ms)
2026-09-06T20:55:17.6099732+08:00 pid=112840 [perf] VisibleRef.vertical-align: +6ms (26ms)
2026-09-06T20:55:17.6099732+08:00 pid=112840 [perf] ConfigureNumbered.visible-ref: +27ms (90ms)
2026-09-06T20:55:17.6139723+08:00 pid=112840 [perf] ConfigureNumbered.ole-baseline: +3ms (93ms)
2026-09-06T20:55:17.6459724+08:00 pid=112840 [perf] ConfigureNumbered.tab-paragraph: +18ms (18ms)
2026-09-06T20:55:17.6529722+08:00 pid=112840 [perf] NativeCaption.prepare-paragraph: +7ms (7ms)
2026-09-06T20:55:17.6549742+08:00 pid=112840 [perf] NativeCaption.add-seq: +1ms (8ms)
2026-09-06T20:55:17.6579738+08:00 pid=112840 [perf] NativeCaption.update-seq: +3ms (11ms)
2026-09-06T20:55:17.6599733+08:00 pid=112840 [perf] NativeCaption.bookmarks: +2ms (13ms)
2026-09-06T20:55:17.6899730+08:00 pid=112840 [perf] NativeCaption.style-frame: +30ms (43ms)
2026-09-06T20:55:17.6899730+08:00 pid=112840 [perf] ConfigureNumbered.native-caption: +44ms (62ms)
2026-09-06T20:55:17.6949725+08:00 pid=112840 [perf] VisibleRef.scaffold: +4ms (4ms)
2026-09-06T20:55:17.7009732+08:00 pid=112840 [perf] VisibleRef.add-ref: +6ms (10ms)
2026-09-06T20:55:17.7135451+08:00 pid=112840 [perf] VisibleRef.update-ref: +13ms (23ms)
2026-09-06T20:55:17.7145449+08:00 pid=112840 [perf] VisibleRef.bookmark-format: +1ms (24ms)
2026-09-06T20:55:17.7215484+08:00 pid=112840 [perf] VisibleRef.vertical-align: +7ms (31ms)
2026-09-06T20:55:17.7215484+08:00 pid=112840 [perf] ConfigureNumbered.visible-ref: +32ms (94ms)
2026-09-06T20:55:17.7235469+08:00 pid=112840 [perf] ConfigureNumbered.ole-baseline: +1ms (95ms)
2026-09-06T20:55:17.7436879+08:00 pid=112840 [perf] ConfigureNumbered.tab-paragraph: +17ms (17ms)
2026-09-06T20:55:17.7523087+08:00 pid=112840 [perf] NativeCaption.prepare-paragraph: +8ms (8ms)
2026-09-06T20:55:17.7543099+08:00 pid=112840 [perf] NativeCaption.add-seq: +2ms (10ms)
2026-09-06T20:55:17.7583071+08:00 pid=112840 [perf] NativeCaption.update-seq: +4ms (14ms)
2026-09-06T20:55:17.7603089+08:00 pid=112840 [perf] NativeCaption.bookmarks: +3ms (17ms)
2026-09-06T20:55:17.7983089+08:00 pid=112840 [perf] NativeCaption.style-frame: +37ms (54ms)
2026-09-06T20:55:17.7983089+08:00 pid=112840 [perf] ConfigureNumbered.native-caption: +55ms (72ms)
2026-09-06T20:55:17.8053079+08:00 pid=112840 [perf] VisibleRef.scaffold: +6ms (6ms)
2026-09-06T20:55:17.8133060+08:00 pid=112840 [perf] VisibleRef.add-ref: +8ms (14ms)
2026-09-06T20:55:17.8273076+08:00 pid=112840 [perf] VisibleRef.update-ref: +14ms (28ms)
2026-09-06T20:55:17.8283181+08:00 pid=112840 [perf] VisibleRef.bookmark-format: +1ms (29ms)
2026-09-06T20:55:17.8373063+08:00 pid=112840 [perf] VisibleRef.vertical-align: +9ms (38ms)
2026-09-06T20:55:17.8373063+08:00 pid=112840 [perf] ConfigureNumbered.visible-ref: +39ms (111ms)
2026-09-06T20:55:17.8393079+08:00 pid=112840 [perf] ConfigureNumbered.ole-baseline: +2ms (113ms)
2026-09-06T20:55:17.8734563+08:00 pid=112840 [perf] ConfigureNumbered.tab-paragraph: +20ms (20ms)
2026-09-06T20:55:17.8834584+08:00 pid=112840 [perf] NativeCaption.prepare-paragraph: +9ms (9ms)
2026-09-06T20:55:17.8864572+08:00 pid=112840 [perf] NativeCaption.add-seq: +3ms (12ms)
2026-09-06T20:55:17.8904577+08:00 pid=112840 [perf] NativeCaption.update-seq: +4ms (16ms)
2026-09-06T20:55:17.8934570+08:00 pid=112840 [perf] NativeCaption.bookmarks: +3ms (19ms)
2026-09-06T20:55:17.9324563+08:00 pid=112840 [perf] NativeCaption.style-frame: +39ms (58ms)
2026-09-06T20:55:17.9334576+08:00 pid=112840 [perf] ConfigureNumbered.native-caption: +59ms (79ms)
2026-09-06T20:55:17.9404576+08:00 pid=112840 [perf] VisibleRef.scaffold: +6ms (6ms)
2026-09-06T20:55:17.9484572+08:00 pid=112840 [perf] VisibleRef.add-ref: +8ms (14ms)
2026-09-06T20:55:17.9644574+08:00 pid=112840 [perf] VisibleRef.update-ref: +16ms (30ms)
2026-09-06T20:55:17.9654578+08:00 pid=112840 [perf] VisibleRef.bookmark-format: +1ms (31ms)
2026-09-06T20:55:17.9744563+08:00 pid=112840 [perf] VisibleRef.vertical-align: +9ms (40ms)
2026-09-06T20:55:17.9744563+08:00 pid=112840 [perf] ConfigureNumbered.visible-ref: +41ms (120ms)
2026-09-06T20:55:17.9764588+08:00 pid=112840 [perf] ConfigureNumbered.ole-baseline: +2ms (122ms)
2026-09-06T20:55:17.9854579+08:00 pid=112840 [perf] ConversionFinalize.caption-inventory: +0ms (0ms)
2026-09-06T20:55:18.0194570+08:00 pid=112840 [perf] number-format-batch.plan: +33ms (33ms)
2026-09-06T20:55:18.0354588+08:00 pid=112840 [perf] number-format-batch.direct-table-targets: +16ms (49ms)
2026-09-06T20:55:18.0394579+08:00 pid=112840 [perf] number-format-batch.native-hash-inventory: +3ms (52ms)
2026-09-06T20:55:18.0750529+08:00 pid=112840 [perf] number-format-batch.native-breakdown lookup=0ms code=0ms update=27ms prefix=0ms bookmark=0ms
2026-09-06T20:55:18.0750529+08:00 pid=112840 [perf] number-format-batch.legacy-targets: +37ms (89ms)
2026-09-06T20:55:18.0760546+08:00 pid=112840 [perf] number-format-batch.native-hash-targets: +0ms (89ms)
2026-09-06T20:55:18.1705925+08:00 pid=112840 [perf] number-format-batch.visible-references: +95ms (184ms)
2026-09-06T20:55:18.2666776+08:00 pid=112840 [perf] number-format-batch.extra-references: +96ms (280ms)
2026-09-06T20:55:18.2836801+08:00 pid=112840 [perf] ConversionFinalize.field-batch: +298ms (298ms)
2026-09-06T20:55:18.6262014+08:00 pid=112840 [perf] ConversionFinalize.healthy-refresh: +342ms (640ms)
2026-09-06T20:55:52.3373156+08:00 pid=112840 [perf] ConfigureNumbered.tab-paragraph: +24ms (24ms)
2026-09-06T20:55:52.3940424+08:00 pid=112840 [perf] ConfigureNumbered.native-caption: +56ms (80ms)
2026-09-06T20:55:52.3990420+08:00 pid=112840 [perf] ConfigureNumbered.visible-ref: +5ms (85ms)
2026-09-06T20:55:52.4010426+08:00 pid=112840 [perf] ConfigureNumbered.ole-baseline: +3ms (88ms)
2026-09-06T20:56:49.9929558+08:00 pid=112840 [perf] direct-row-health-fail formulaId=1359af2d-4034-4f1e-8f3f-4d7d710d2261 check=table-membership reason=not-in-table
2026-09-06T20:56:50.8273721+08:00 pid=112840 [perf] ConvertedOmmlBatch.inventory: +832ms (832ms)
2026-09-06T20:56:50.9702647+08:00 pid=112840 [perf] ConvertedOmmlBatch.number-plan: +144ms (976ms)
2026-09-06T20:56:51.0806105+08:00 pid=112840 [perf] ConvertedOmmlBatch.locate-target: +110ms (1086ms)
2026-09-06T20:56:51.0866089+08:00 pid=112840 [perf] ConvertedOmmlBatch.true-display-native-resolve-display: +6ms (1092ms)
2026-09-06T20:56:51.1273795+08:00 pid=112840 [perf] ConvertedOmmlBatch.true-display-native-clear-artifacts: +41ms (1133ms)
2026-09-06T20:56:51.2221971+08:00 pid=112840 [perf] ConvertedOmmlBatch.true-display-native-measure-display: +94ms (1227ms)
2026-09-06T20:56:51.2701996+08:00 pid=112840 [perf] ConvertedOmmlBatch.true-display-native-ensure-table: +49ms (1276ms)
2026-09-06T20:56:51.2731969+08:00 pid=112840 [perf] ConvertedOmmlBatch.true-display-native-resolve-table-formula: +2ms (1278ms)
2026-09-06T20:56:51.2731969+08:00 pid=112840 [perf] ConvertedOmmlBatch.true-display-native-height-repair: +1ms (1279ms)
2026-09-06T20:56:51.4420188+08:00 pid=112840 [perf] ConvertedOmmlBatch.true-display-native-geometry: +169ms (1448ms)
2026-09-06T20:56:51.4420188+08:00 pid=112840 [perf] ConvertedOmmlBatch.true-display-native-1x3-table: +0ms (1448ms)
2026-09-06T20:56:51.4430192+08:00 pid=112840 [perf] ConvertedOmmlBatch.true-display-direct-number-plan: +0ms (1448ms)
2026-09-06T20:56:51.7096003+08:00 pid=112840 [perf] ConvertedOmmlBatch.true-display-direct-visible-seq: +267ms (1715ms)
2026-09-06T20:56:51.7747321+08:00 pid=112840 [perf] ConvertedOmmlBatch.true-display-native-post-table-spacing: +65ms (1780ms)
2026-09-06T20:56:51.8243239+08:00 pid=112840 [perf] ConvertedOmmlBatch.true-display-native-wrap-identity: +50ms (1830ms)
2026-09-06T20:56:51.8243239+08:00 pid=112840 [perf] ConvertedOmmlBatch.true-display-host: +0ms (1830ms)
2026-09-06T20:56:51.9251651+08:00 pid=112840 [perf] ConvertedOmmlBatch.repair-identity: +101ms (1931ms)
2026-09-06T20:56:52.0501115+08:00 pid=112840 [perf] ConvertedOmmlBatch.locate-target: +124ms (2055ms)
2026-09-06T20:56:52.0521129+08:00 pid=112840 [perf] ConvertedOmmlBatch.true-display-native-resolve-display: +3ms (2058ms)
2026-09-06T20:56:52.0931178+08:00 pid=112840 [perf] ConvertedOmmlBatch.true-display-native-clear-artifacts: +41ms (2099ms)
2026-09-06T20:56:52.1777250+08:00 pid=112840 [perf] ConvertedOmmlBatch.true-display-native-measure-display: +84ms (2183ms)
2026-09-06T20:56:52.2297254+08:00 pid=112840 [perf] ConvertedOmmlBatch.true-display-native-ensure-table: +52ms (2235ms)
2026-09-06T20:56:52.2317253+08:00 pid=112840 [perf] ConvertedOmmlBatch.true-display-native-resolve-table-formula: +2ms (2237ms)
2026-09-06T20:56:52.2317253+08:00 pid=112840 [perf] ConvertedOmmlBatch.true-display-native-height-repair: +1ms (2238ms)
2026-09-06T20:56:52.4101605+08:00 pid=112840 [perf] ConvertedOmmlBatch.true-display-native-geometry: +178ms (2416ms)
2026-09-06T20:56:52.4111601+08:00 pid=112840 [perf] ConvertedOmmlBatch.true-display-native-1x3-table: +1ms (2417ms)
2026-09-06T20:56:52.4116485+08:00 pid=112840 [perf] ConvertedOmmlBatch.true-display-direct-number-plan: +0ms (2417ms)
2026-09-06T20:56:52.6975435+08:00 pid=112840 [perf] ConvertedOmmlBatch.true-display-direct-visible-seq: +286ms (2703ms)
2026-09-06T20:56:52.7721244+08:00 pid=112840 [perf] ConvertedOmmlBatch.true-display-native-post-table-spacing: +75ms (2778ms)
2026-09-06T20:56:52.8261962+08:00 pid=112840 [perf] ConvertedOmmlBatch.true-display-native-wrap-identity: +54ms (2832ms)
2026-09-06T20:56:52.8271962+08:00 pid=112840 [perf] ConvertedOmmlBatch.true-display-host: +1ms (2833ms)
2026-09-06T20:56:52.9371867+08:00 pid=112840 [perf] ConvertedOmmlBatch.repair-identity: +110ms (2943ms)
2026-09-06T20:56:53.0582270+08:00 pid=112840 [perf] ConvertedOmmlBatch.locate-target: +120ms (3063ms)
2026-09-06T20:56:53.0622261+08:00 pid=112840 [perf] ConvertedOmmlBatch.true-display-native-resolve-display: +5ms (3068ms)
2026-09-06T20:56:53.1105433+08:00 pid=112840 [perf] ConvertedOmmlBatch.true-display-native-clear-artifacts: +49ms (3117ms)
2026-09-06T20:56:53.2045430+08:00 pid=112840 [perf] ConvertedOmmlBatch.true-display-native-measure-display: +93ms (3210ms)
2026-09-06T20:56:53.2578735+08:00 pid=112840 [perf] ConvertedOmmlBatch.true-display-native-ensure-table: +53ms (3263ms)
2026-09-06T20:56:53.2598760+08:00 pid=112840 [perf] ConvertedOmmlBatch.true-display-native-resolve-table-formula: +3ms (3266ms)
2026-09-06T20:56:53.2608756+08:00 pid=112840 [perf] ConvertedOmmlBatch.true-display-native-height-repair: +0ms (3266ms)
2026-09-06T20:56:53.4199773+08:00 pid=112840 [perf] ConvertedOmmlBatch.true-display-native-geometry: +160ms (3426ms)
2026-09-06T20:56:53.4199773+08:00 pid=112840 [perf] ConvertedOmmlBatch.true-display-native-1x3-table: +0ms (3426ms)
2026-09-06T20:56:53.4209756+08:00 pid=112840 [perf] ConvertedOmmlBatch.true-display-direct-number-plan: +0ms (3426ms)
2026-09-06T20:56:53.6925162+08:00 pid=112840 [perf] ConvertedOmmlBatch.true-display-direct-visible-seq: +272ms (3698ms)
2026-09-06T20:56:53.7720483+08:00 pid=112840 [perf] ConvertedOmmlBatch.true-display-native-post-table-spacing: +80ms (3778ms)
2026-09-06T20:56:53.8272963+08:00 pid=112840 [perf] ConvertedOmmlBatch.true-display-native-wrap-identity: +55ms (3833ms)
2026-09-06T20:56:53.8272963+08:00 pid=112840 [perf] ConvertedOmmlBatch.true-display-host: +0ms (3833ms)
2026-09-06T20:56:53.9430431+08:00 pid=112840 [perf] ConvertedOmmlBatch.repair-identity: +116ms (3949ms)
2026-09-06T20:56:54.0830461+08:00 pid=112840 [perf] ConvertedOmmlBatch.locate-target: +140ms (4089ms)
2026-09-06T20:56:54.0865598+08:00 pid=112840 [perf] ConvertedOmmlBatch.true-display-native-resolve-display: +3ms (4092ms)
2026-09-06T20:56:54.1347670+08:00 pid=112840 [perf] ConvertedOmmlBatch.true-display-native-clear-artifacts: +48ms (4140ms)
2026-09-06T20:56:54.2267455+08:00 pid=112840 [perf] ConvertedOmmlBatch.true-display-native-measure-display: +93ms (4233ms)
2026-09-06T20:56:54.2817425+08:00 pid=112840 [perf] ConvertedOmmlBatch.true-display-native-ensure-table: +54ms (4287ms)
2026-09-06T20:56:54.2837417+08:00 pid=112840 [perf] ConvertedOmmlBatch.true-display-native-resolve-table-formula: +2ms (4289ms)
2026-09-06T20:56:54.2837417+08:00 pid=112840 [perf] ConvertedOmmlBatch.true-display-native-height-repair: +1ms (4290ms)
2026-09-06T20:56:54.4508497+08:00 pid=112840 [perf] ConvertedOmmlBatch.true-display-native-geometry: +166ms (4456ms)
2026-09-06T20:56:54.4518474+08:00 pid=112840 [perf] ConvertedOmmlBatch.true-display-native-1x3-table: +1ms (4457ms)
2026-09-06T20:56:54.4518474+08:00 pid=112840 [perf] ConvertedOmmlBatch.true-display-direct-number-plan: +0ms (4457ms)
2026-09-06T20:56:54.7486051+08:00 pid=112840 [perf] ConvertedOmmlBatch.true-display-direct-visible-seq: +298ms (4755ms)
2026-09-06T20:56:54.8227200+08:00 pid=112840 [perf] ConvertedOmmlBatch.true-display-native-post-table-spacing: +73ms (4828ms)
2026-09-06T20:56:54.8740675+08:00 pid=112840 [perf] ConvertedOmmlBatch.true-display-native-wrap-identity: +52ms (4880ms)
2026-09-06T20:56:54.8750760+08:00 pid=112840 [perf] ConvertedOmmlBatch.true-display-host: +0ms (4880ms)
2026-09-06T20:56:54.9873109+08:00 pid=112840 [perf] ConvertedOmmlBatch.repair-identity: +112ms (4992ms)
2026-09-06T20:56:55.2705507+08:00 pid=112840 [perf] ConvertedOmmlBatch.locate-target: +284ms (5276ms)
2026-09-06T20:56:55.2755500+08:00 pid=112840 [perf] ConvertedOmmlBatch.true-display-native-resolve-display: +5ms (5281ms)
2026-09-06T20:56:55.3240340+08:00 pid=112840 [perf] ConvertedOmmlBatch.true-display-native-clear-artifacts: +49ms (5330ms)
2026-09-06T20:56:55.4400347+08:00 pid=112840 [perf] ConvertedOmmlBatch.true-display-native-measure-display: +115ms (5445ms)
2026-09-06T20:56:55.5000923+08:00 pid=112840 [perf] ConvertedOmmlBatch.true-display-native-ensure-table: +60ms (5505ms)
2026-09-06T20:56:55.5020951+08:00 pid=112840 [perf] ConvertedOmmlBatch.true-display-native-resolve-table-formula: +2ms (5507ms)
2026-09-06T20:56:55.5020951+08:00 pid=112840 [perf] ConvertedOmmlBatch.true-display-native-height-repair: +1ms (5508ms)
2026-09-06T20:56:55.6850119+08:00 pid=112840 [perf] ConvertedOmmlBatch.true-display-native-geometry: +182ms (5690ms)
2026-09-06T20:56:55.6850119+08:00 pid=112840 [perf] ConvertedOmmlBatch.true-display-native-1x3-table: +0ms (5690ms)
2026-09-06T20:56:55.6850119+08:00 pid=112840 [perf] ConvertedOmmlBatch.true-display-direct-number-plan: +1ms (5691ms)
2026-09-06T20:56:55.9433230+08:00 pid=112840 [perf] ConvertedOmmlBatch.true-display-direct-visible-seq: +258ms (5949ms)
2026-09-06T20:56:55.9975773+08:00 pid=112840 [perf] ConvertedOmmlBatch.true-display-native-wrap-identity: +54ms (6003ms)
2026-09-06T20:56:55.9975773+08:00 pid=112840 [perf] ConvertedOmmlBatch.true-display-host: +0ms (6003ms)
2026-09-06T20:56:56.1042437+08:00 pid=112840 [perf] ConvertedOmmlBatch.repair-identity: +107ms (6110ms)
2026-09-06T20:56:56.2214287+08:00 pid=112840 [perf] ConvertedOmmlBatch.locate-target: +117ms (6227ms)
2026-09-06T20:56:56.2244312+08:00 pid=112840 [perf] ConvertedOmmlBatch.true-display-native-resolve-display: +3ms (6230ms)
2026-09-06T20:56:56.2564291+08:00 pid=112840 [perf] ConvertedOmmlBatch.true-display-native-clear-artifacts: +32ms (6262ms)
2026-09-06T20:56:56.3459987+08:00 pid=112840 [perf] ConvertedOmmlBatch.true-display-native-measure-display: +90ms (6352ms)
2026-09-06T20:56:56.3970006+08:00 pid=112840 [perf] ConvertedOmmlBatch.true-display-native-ensure-table: +51ms (6403ms)
2026-09-06T20:56:56.3989999+08:00 pid=112840 [perf] ConvertedOmmlBatch.true-display-native-resolve-table-formula: +1ms (6404ms)
2026-09-06T20:56:56.3989999+08:00 pid=112840 [perf] ConvertedOmmlBatch.true-display-native-height-repair: +0ms (6404ms)
2026-09-06T20:56:56.5339855+08:00 pid=112840 [perf] ConvertedOmmlBatch.true-display-native-geometry: +135ms (6539ms)
2026-09-06T20:56:56.5339855+08:00 pid=112840 [perf] ConvertedOmmlBatch.true-display-native-1x3-table: +1ms (6540ms)
2026-09-06T20:56:56.5339855+08:00 pid=112840 [perf] ConvertedOmmlBatch.true-display-direct-number-plan: +0ms (6540ms)
2026-09-06T20:56:56.7781238+08:00 pid=112840 [perf] ConvertedOmmlBatch.true-display-direct-visible-seq: +244ms (6784ms)
2026-09-06T20:56:56.8239857+08:00 pid=112840 [perf] ConvertedOmmlBatch.true-display-native-wrap-identity: +46ms (6830ms)
2026-09-06T20:56:56.8239857+08:00 pid=112840 [perf] ConvertedOmmlBatch.true-display-host: +0ms (6830ms)
2026-09-06T20:56:56.9144701+08:00 pid=112840 [perf] ConvertedOmmlBatch.repair-identity: +90ms (6920ms)
2026-09-06T21:00:33.3104613+08:00 pid=112840 [perf] ConfigureNumbered.tab-paragraph: +12ms (12ms)
2026-09-06T21:00:33.3174618+08:00 pid=112840 [perf] NativeCaption.prepare-paragraph: +6ms (6ms)
2026-09-06T21:00:33.3194614+08:00 pid=112840 [perf] NativeCaption.add-seq: +1ms (7ms)
2026-09-06T21:00:33.3214628+08:00 pid=112840 [perf] NativeCaption.update-seq: +3ms (10ms)
2026-09-06T21:00:33.3234613+08:00 pid=112840 [perf] NativeCaption.bookmarks: +2ms (12ms)
2026-09-06T21:00:33.3577809+08:00 pid=112840 [perf] NativeCaption.style-frame: +35ms (47ms)
2026-09-06T21:00:33.3587845+08:00 pid=112840 [perf] ConfigureNumbered.native-caption: +48ms (60ms)
2026-09-06T21:00:33.3657807+08:00 pid=112840 [perf] VisibleRef.scaffold: +6ms (6ms)
2026-09-06T21:00:33.3737840+08:00 pid=112840 [perf] VisibleRef.add-ref: +8ms (14ms)
2026-09-06T21:00:33.3907807+08:00 pid=112840 [perf] VisibleRef.update-ref: +17ms (31ms)
2026-09-06T21:00:33.3917808+08:00 pid=112840 [perf] VisibleRef.bookmark-format: +2ms (33ms)
2026-09-06T21:00:33.4027811+08:00 pid=112840 [perf] VisibleRef.vertical-align: +10ms (43ms)
2026-09-06T21:00:33.4027811+08:00 pid=112840 [perf] ConfigureNumbered.visible-ref: +44ms (104ms)
2026-09-06T21:00:33.4047813+08:00 pid=112840 [perf] ConfigureNumbered.ole-baseline: +2ms (106ms)
2026-09-06T21:00:33.4264389+08:00 pid=112840 [perf] ConfigureNumbered.tab-paragraph: +17ms (17ms)
2026-09-06T21:00:33.4344384+08:00 pid=112840 [perf] NativeCaption.prepare-paragraph: +6ms (6ms)
2026-09-06T21:00:33.4364400+08:00 pid=112840 [perf] NativeCaption.add-seq: +2ms (8ms)
2026-09-06T21:00:33.4404403+08:00 pid=112840 [perf] NativeCaption.update-seq: +4ms (12ms)
2026-09-06T21:00:33.4424390+08:00 pid=112840 [perf] NativeCaption.bookmarks: +3ms (15ms)
2026-09-06T21:00:33.4764395+08:00 pid=112840 [perf] NativeCaption.style-frame: +34ms (49ms)
2026-09-06T21:00:33.4774381+08:00 pid=112840 [perf] ConfigureNumbered.native-caption: +51ms (68ms)
2026-09-06T21:00:33.4834388+08:00 pid=112840 [perf] VisibleRef.scaffold: +5ms (5ms)
2026-09-06T21:00:33.4904379+08:00 pid=112840 [perf] VisibleRef.add-ref: +7ms (12ms)
2026-09-06T21:00:33.5034401+08:00 pid=112840 [perf] VisibleRef.update-ref: +14ms (26ms)
2026-09-06T21:00:33.5054400+08:00 pid=112840 [perf] VisibleRef.bookmark-format: +1ms (27ms)
2026-09-06T21:00:33.5154390+08:00 pid=112840 [perf] VisibleRef.vertical-align: +10ms (37ms)
2026-09-06T21:00:33.5154390+08:00 pid=112840 [perf] ConfigureNumbered.visible-ref: +38ms (106ms)
2026-09-06T21:00:33.5174394+08:00 pid=112840 [perf] ConfigureNumbered.ole-baseline: +2ms (108ms)
2026-09-06T21:00:33.5404393+08:00 pid=112840 [perf] ConfigureNumbered.tab-paragraph: +18ms (18ms)
2026-09-06T21:00:33.5494389+08:00 pid=112840 [perf] NativeCaption.prepare-paragraph: +8ms (8ms)
2026-09-06T21:00:33.5514390+08:00 pid=112840 [perf] NativeCaption.add-seq: +2ms (10ms)
2026-09-06T21:00:33.5544390+08:00 pid=112840 [perf] NativeCaption.update-seq: +3ms (13ms)
2026-09-06T21:00:33.5574382+08:00 pid=112840 [perf] NativeCaption.bookmarks: +2ms (15ms)
2026-09-06T21:00:33.5964385+08:00 pid=112840 [perf] NativeCaption.style-frame: +39ms (54ms)
2026-09-06T21:00:33.5964385+08:00 pid=112840 [perf] ConfigureNumbered.native-caption: +56ms (74ms)
2026-09-06T21:00:33.6034378+08:00 pid=112840 [perf] VisibleRef.scaffold: +6ms (6ms)
2026-09-06T21:00:33.6084385+08:00 pid=112840 [perf] VisibleRef.add-ref: +6ms (12ms)
2026-09-06T21:00:33.6214385+08:00 pid=112840 [perf] VisibleRef.update-ref: +12ms (24ms)
2026-09-06T21:00:33.6234385+08:00 pid=112840 [perf] VisibleRef.bookmark-format: +2ms (26ms)
2026-09-06T21:00:33.6344374+08:00 pid=112840 [perf] VisibleRef.vertical-align: +11ms (37ms)
2026-09-06T21:00:33.6344374+08:00 pid=112840 [perf] ConfigureNumbered.visible-ref: +38ms (112ms)
2026-09-06T21:00:33.6394383+08:00 pid=112840 [perf] ConfigureNumbered.ole-baseline: +5ms (117ms)
2026-09-06T21:00:33.6714403+08:00 pid=112840 [perf] ConfigureNumbered.tab-paragraph: +24ms (24ms)
2026-09-06T21:00:33.6794384+08:00 pid=112840 [perf] NativeCaption.prepare-paragraph: +7ms (7ms)
2026-09-06T21:00:33.6814391+08:00 pid=112840 [perf] NativeCaption.add-seq: +3ms (10ms)
2026-09-06T21:00:33.6854365+08:00 pid=112840 [perf] NativeCaption.update-seq: +3ms (13ms)
2026-09-06T21:00:33.6874393+08:00 pid=112840 [perf] NativeCaption.bookmarks: +2ms (15ms)
2026-09-06T21:00:33.7250595+08:00 pid=112840 [perf] NativeCaption.style-frame: +38ms (53ms)
2026-09-06T21:00:33.7260596+08:00 pid=112840 [perf] ConfigureNumbered.native-caption: +54ms (78ms)
2026-09-06T21:00:33.7320590+08:00 pid=112840 [perf] VisibleRef.scaffold: +5ms (5ms)
2026-09-06T21:00:33.7380592+08:00 pid=112840 [perf] VisibleRef.add-ref: +6ms (11ms)
2026-09-06T21:00:33.7510574+08:00 pid=112840 [perf] VisibleRef.update-ref: +13ms (24ms)
2026-09-06T21:00:33.7520587+08:00 pid=112840 [perf] VisibleRef.bookmark-format: +2ms (26ms)
2026-09-06T21:00:33.7630587+08:00 pid=112840 [perf] VisibleRef.vertical-align: +10ms (36ms)
2026-09-06T21:00:33.7630587+08:00 pid=112840 [perf] ConfigureNumbered.visible-ref: +38ms (116ms)
2026-09-06T21:00:33.7650604+08:00 pid=112840 [perf] ConfigureNumbered.ole-baseline: +1ms (117ms)
2026-09-06T21:00:33.7823895+08:00 pid=112840 [perf] ConfigureNumbered.tab-paragraph: +14ms (14ms)
2026-09-06T21:00:33.7903894+08:00 pid=112840 [perf] NativeCaption.prepare-paragraph: +7ms (7ms)
2026-09-06T21:00:33.7923905+08:00 pid=112840 [perf] NativeCaption.add-seq: +2ms (9ms)
2026-09-06T21:00:33.7953881+08:00 pid=112840 [perf] NativeCaption.update-seq: +3ms (12ms)
2026-09-06T21:00:33.7973906+08:00 pid=112840 [perf] NativeCaption.bookmarks: +3ms (15ms)
2026-09-06T21:00:33.8349693+08:00 pid=112840 [perf] NativeCaption.style-frame: +37ms (52ms)
2026-09-06T21:00:33.8349693+08:00 pid=112840 [perf] ConfigureNumbered.native-caption: +52ms (66ms)
2026-09-06T21:00:33.8409692+08:00 pid=112840 [perf] VisibleRef.scaffold: +4ms (4ms)
2026-09-06T21:00:33.8459695+08:00 pid=112840 [perf] VisibleRef.add-ref: +6ms (10ms)
2026-09-06T21:00:33.8600209+08:00 pid=112840 [perf] VisibleRef.update-ref: +13ms (23ms)
2026-09-06T21:00:33.8610288+08:00 pid=112840 [perf] VisibleRef.bookmark-format: +2ms (25ms)
2026-09-06T21:00:33.8720298+08:00 pid=112840 [perf] VisibleRef.vertical-align: +11ms (36ms)
2026-09-06T21:00:33.8720298+08:00 pid=112840 [perf] ConfigureNumbered.visible-ref: +38ms (104ms)
2026-09-06T21:00:33.8740311+08:00 pid=112840 [perf] ConfigureNumbered.ole-baseline: +1ms (105ms)
2026-09-06T21:00:33.8981401+08:00 pid=112840 [perf] ConfigureNumbered.tab-paragraph: +18ms (18ms)
2026-09-06T21:00:33.9080342+08:00 pid=112840 [perf] NativeCaption.prepare-paragraph: +9ms (9ms)
2026-09-06T21:00:33.9110343+08:00 pid=112840 [perf] NativeCaption.add-seq: +3ms (12ms)
2026-09-06T21:00:33.9150349+08:00 pid=112840 [perf] NativeCaption.update-seq: +4ms (16ms)
2026-09-06T21:00:33.9180348+08:00 pid=112840 [perf] NativeCaption.bookmarks: +2ms (18ms)
2026-09-06T21:00:33.9630206+08:00 pid=112840 [perf] NativeCaption.style-frame: +45ms (63ms)
2026-09-06T21:00:33.9630206+08:00 pid=112840 [perf] ConfigureNumbered.native-caption: +65ms (83ms)
2026-09-06T21:00:33.9700218+08:00 pid=112840 [perf] VisibleRef.scaffold: +6ms (6ms)
2026-09-06T21:00:33.9780213+08:00 pid=112840 [perf] VisibleRef.add-ref: +8ms (14ms)
2026-09-06T21:00:33.9930218+08:00 pid=112840 [perf] VisibleRef.update-ref: +15ms (29ms)
2026-09-06T21:00:33.9950228+08:00 pid=112840 [perf] VisibleRef.bookmark-format: +2ms (31ms)
2026-09-06T21:00:34.0063511+08:00 pid=112840 [perf] VisibleRef.vertical-align: +12ms (43ms)
2026-09-06T21:00:34.0073523+08:00 pid=112840 [perf] ConfigureNumbered.visible-ref: +44ms (127ms)
2026-09-06T21:00:34.0093523+08:00 pid=112840 [perf] ConfigureNumbered.ole-baseline: +2ms (129ms)
2026-09-06T21:00:34.0169812+08:00 pid=112840 [perf] ConversionFinalize.caption-inventory: +0ms (0ms)
2026-09-06T21:00:34.0429810+08:00 pid=112840 [perf] number-format-batch.plan: +26ms (26ms)
2026-09-06T21:00:34.0545802+08:00 pid=112840 [perf] number-format-batch.direct-table-targets: +11ms (37ms)
2026-09-06T21:00:34.0545802+08:00 pid=112840 [perf] number-format-batch.native-hash-inventory: +1ms (38ms)
2026-09-06T21:00:34.0861552+08:00 pid=112840 [perf] number-format-batch.native-breakdown lookup=0ms code=0ms update=24ms prefix=0ms bookmark=0ms
2026-09-06T21:00:34.0871626+08:00 pid=112840 [perf] number-format-batch.legacy-targets: +31ms (69ms)
2026-09-06T21:00:34.0871626+08:00 pid=112840 [perf] number-format-batch.native-hash-targets: +1ms (70ms)
2026-09-06T21:00:34.1985689+08:00 pid=112840 [perf] number-format-batch.visible-references: +111ms (181ms)
2026-09-06T21:00:34.2796429+08:00 pid=112840 [perf] number-format-batch.extra-references: +81ms (262ms)
2026-09-06T21:00:34.2806460+08:00 pid=112840 [perf] ConversionFinalize.field-batch: +264ms (264ms)
2026-09-06T21:00:34.6946177+08:00 pid=112840 [perf] ConversionFinalize.healthy-refresh: +414ms (678ms)
2026-09-06T21:01:30.1658889+08:00 pid=112840 [perf] direct-row-health-fail formulaId=20eb5e6a-01e1-40d4-ade2-704439d9d20a check=table-membership reason=not-in-table
2026-09-06T21:01:30.9511774+08:00 pid=112840 [perf] ConvertedOmmlBatch.inventory: +784ms (784ms)
2026-09-06T21:01:31.0849698+08:00 pid=112840 [perf] ConvertedOmmlBatch.number-plan: +134ms (918ms)
2026-09-06T21:01:31.1930234+08:00 pid=112840 [perf] ConvertedOmmlBatch.locate-target: +108ms (1026ms)
2026-09-06T21:01:31.1970236+08:00 pid=112840 [perf] ConvertedOmmlBatch.true-display-native-resolve-display: +4ms (1030ms)
2026-09-06T21:01:31.2320252+08:00 pid=112840 [perf] ConvertedOmmlBatch.true-display-native-clear-artifacts: +35ms (1065ms)
2026-09-06T21:01:31.3093278+08:00 pid=112840 [perf] ConvertedOmmlBatch.true-display-native-measure-display: +77ms (1142ms)
2026-09-06T21:01:31.3583241+08:00 pid=112840 [perf] ConvertedOmmlBatch.true-display-native-ensure-table: +49ms (1191ms)
2026-09-06T21:01:31.3603212+08:00 pid=112840 [perf] ConvertedOmmlBatch.true-display-native-resolve-table-formula: +2ms (1193ms)
2026-09-06T21:01:31.3603212+08:00 pid=112840 [perf] ConvertedOmmlBatch.true-display-native-height-repair: +0ms (1193ms)
2026-09-06T21:01:31.4983213+08:00 pid=112840 [perf] ConvertedOmmlBatch.true-display-native-geometry: +138ms (1331ms)
2026-09-06T21:01:31.4983213+08:00 pid=112840 [perf] ConvertedOmmlBatch.true-display-native-1x3-table: +0ms (1331ms)
2026-09-06T21:01:31.4983213+08:00 pid=112840 [perf] ConvertedOmmlBatch.true-display-direct-number-plan: +0ms (1331ms)
2026-09-06T21:01:31.7331053+08:00 pid=112840 [perf] ConvertedOmmlBatch.true-display-direct-visible-seq: +235ms (1566ms)
2026-09-06T21:01:31.8071050+08:00 pid=112840 [perf] ConvertedOmmlBatch.true-display-native-post-table-spacing: +74ms (1640ms)
2026-09-06T21:01:31.8561057+08:00 pid=112840 [perf] ConvertedOmmlBatch.true-display-native-wrap-identity: +49ms (1689ms)
2026-09-06T21:01:31.8571820+08:00 pid=112840 [perf] ConvertedOmmlBatch.true-display-host: +1ms (1690ms)
2026-09-06T21:01:31.9531276+08:00 pid=112840 [perf] ConvertedOmmlBatch.repair-identity: +96ms (1786ms)
2026-09-06T21:01:32.0914443+08:00 pid=112840 [perf] ConvertedOmmlBatch.locate-target: +138ms (1924ms)
2026-09-06T21:01:32.0934436+08:00 pid=112840 [perf] ConvertedOmmlBatch.true-display-native-resolve-display: +2ms (1926ms)
2026-09-06T21:01:32.1416269+08:00 pid=112840 [perf] ConvertedOmmlBatch.true-display-native-clear-artifacts: +48ms (1974ms)
2026-09-06T21:01:32.2346269+08:00 pid=112840 [perf] ConvertedOmmlBatch.true-display-native-measure-display: +93ms (2067ms)
2026-09-06T21:01:32.2931980+08:00 pid=112840 [perf] ConvertedOmmlBatch.true-display-native-ensure-table: +59ms (2126ms)
2026-09-06T21:01:32.2951981+08:00 pid=112840 [perf] ConvertedOmmlBatch.true-display-native-resolve-table-formula: +2ms (2128ms)
2026-09-06T21:01:32.2951981+08:00 pid=112840 [perf] ConvertedOmmlBatch.true-display-native-height-repair: +0ms (2128ms)
2026-09-06T21:01:32.4609306+08:00 pid=112840 [perf] ConvertedOmmlBatch.true-display-native-geometry: +165ms (2293ms)
2026-09-06T21:01:32.4609306+08:00 pid=112840 [perf] ConvertedOmmlBatch.true-display-native-1x3-table: +0ms (2293ms)
2026-09-06T21:01:32.4609306+08:00 pid=112840 [perf] ConvertedOmmlBatch.true-display-direct-number-plan: +1ms (2294ms)
2026-09-06T21:01:32.7123582+08:00 pid=112840 [perf] ConvertedOmmlBatch.true-display-direct-visible-seq: +252ms (2546ms)
2026-09-06T21:01:32.7916006+08:00 pid=112840 [perf] ConvertedOmmlBatch.true-display-native-post-table-spacing: +79ms (2625ms)
2026-09-06T21:01:32.8402157+08:00 pid=112840 [perf] ConvertedOmmlBatch.true-display-native-wrap-identity: +48ms (2673ms)
2026-09-06T21:01:32.8412152+08:00 pid=112840 [perf] ConvertedOmmlBatch.true-display-host: +1ms (2674ms)
2026-09-06T21:01:32.9381983+08:00 pid=112840 [perf] ConvertedOmmlBatch.repair-identity: +97ms (2771ms)
2026-09-06T21:01:33.1210795+08:00 pid=112840 [perf] ConvertedOmmlBatch.locate-target: +183ms (2954ms)
2026-09-06T21:01:33.1250814+08:00 pid=112840 [perf] ConvertedOmmlBatch.true-display-native-resolve-display: +3ms (2957ms)
2026-09-06T21:01:33.1640798+08:00 pid=112840 [perf] ConvertedOmmlBatch.true-display-native-clear-artifacts: +40ms (2997ms)
2026-09-06T21:01:33.2534573+08:00 pid=112840 [perf] ConvertedOmmlBatch.true-display-native-measure-display: +89ms (3086ms)
2026-09-06T21:01:33.2997349+08:00 pid=112840 [perf] ConvertedOmmlBatch.true-display-native-ensure-table: +47ms (3133ms)
2026-09-06T21:01:33.3017354+08:00 pid=112840 [perf] ConvertedOmmlBatch.true-display-native-resolve-table-formula: +2ms (3135ms)
2026-09-06T21:01:33.3017354+08:00 pid=112840 [perf] ConvertedOmmlBatch.true-display-native-height-repair: +0ms (3135ms)
2026-09-06T21:01:33.4587354+08:00 pid=112840 [perf] ConvertedOmmlBatch.true-display-native-geometry: +157ms (3292ms)
2026-09-06T21:01:33.4597360+08:00 pid=112840 [perf] ConvertedOmmlBatch.true-display-native-1x3-table: +0ms (3292ms)
2026-09-06T21:01:33.4597360+08:00 pid=112840 [perf] ConvertedOmmlBatch.true-display-direct-number-plan: +1ms (3293ms)
2026-09-06T21:01:33.6895472+08:00 pid=112840 [perf] ConvertedOmmlBatch.true-display-direct-visible-seq: +229ms (3522ms)
2026-09-06T21:01:33.7556690+08:00 pid=112840 [perf] ConvertedOmmlBatch.true-display-native-post-table-spacing: +67ms (3589ms)
2026-09-06T21:01:33.8188558+08:00 pid=112840 [perf] ConvertedOmmlBatch.true-display-native-wrap-identity: +63ms (3652ms)
2026-09-06T21:01:33.8198569+08:00 pid=112840 [perf] ConvertedOmmlBatch.true-display-host: +1ms (3653ms)
2026-09-06T21:01:33.9288643+08:00 pid=112840 [perf] ConvertedOmmlBatch.repair-identity: +109ms (3762ms)
2026-09-06T21:01:34.0320499+08:00 pid=112840 [perf] ConvertedOmmlBatch.locate-target: +103ms (3865ms)
2026-09-06T21:01:34.0390515+08:00 pid=112840 [perf] ConvertedOmmlBatch.true-display-native-resolve-display: +6ms (3871ms)
2026-09-06T21:01:34.0726884+08:00 pid=112840 [perf] ConvertedOmmlBatch.true-display-native-clear-artifacts: +35ms (3906ms)
2026-09-06T21:01:34.1648696+08:00 pid=112840 [perf] ConvertedOmmlBatch.true-display-native-measure-display: +92ms (3998ms)
2026-09-06T21:01:34.2071368+08:00 pid=112840 [perf] ConvertedOmmlBatch.true-display-native-ensure-table: +42ms (4040ms)
2026-09-06T21:01:34.2091345+08:00 pid=112840 [perf] ConvertedOmmlBatch.true-display-native-resolve-table-formula: +2ms (4042ms)
2026-09-06T21:01:34.2101342+08:00 pid=112840 [perf] ConvertedOmmlBatch.true-display-native-height-repair: +0ms (4042ms)
2026-09-06T21:01:34.3591345+08:00 pid=112840 [perf] ConvertedOmmlBatch.true-display-native-geometry: +150ms (4192ms)
2026-09-06T21:01:34.3601366+08:00 pid=112840 [perf] ConvertedOmmlBatch.true-display-native-1x3-table: +0ms (4192ms)
2026-09-06T21:01:34.3601366+08:00 pid=112840 [perf] ConvertedOmmlBatch.true-display-direct-number-plan: +1ms (4193ms)
2026-09-06T21:01:34.5940356+08:00 pid=112840 [perf] ConvertedOmmlBatch.true-display-direct-visible-seq: +234ms (4427ms)
2026-09-06T21:01:34.6559659+08:00 pid=112840 [perf] ConvertedOmmlBatch.true-display-native-post-table-spacing: +62ms (4489ms)
2026-09-06T21:01:34.7041561+08:00 pid=112840 [perf] ConvertedOmmlBatch.true-display-native-wrap-identity: +48ms (4537ms)
2026-09-06T21:01:34.7041561+08:00 pid=112840 [perf] ConvertedOmmlBatch.true-display-host: +0ms (4537ms)
2026-09-06T21:01:34.7884607+08:00 pid=112840 [perf] ConvertedOmmlBatch.repair-identity: +84ms (4621ms)
2026-09-06T21:01:34.9027164+08:00 pid=112840 [perf] ConvertedOmmlBatch.locate-target: +114ms (4735ms)
2026-09-06T21:01:34.9101669+08:00 pid=112840 [perf] ConvertedOmmlBatch.true-display-native-resolve-display: +8ms (4743ms)
2026-09-06T21:01:34.9422884+08:00 pid=112840 [perf] ConvertedOmmlBatch.true-display-native-clear-artifacts: +32ms (4775ms)
2026-09-06T21:01:35.0403008+08:00 pid=112840 [perf] ConvertedOmmlBatch.true-display-native-measure-display: +98ms (4873ms)
2026-09-06T21:01:35.0909338+08:00 pid=112840 [perf] ConvertedOmmlBatch.true-display-native-ensure-table: +51ms (4924ms)
2026-09-06T21:01:35.0939359+08:00 pid=112840 [perf] ConvertedOmmlBatch.true-display-native-resolve-table-formula: +2ms (4926ms)
2026-09-06T21:01:35.0939359+08:00 pid=112840 [perf] ConvertedOmmlBatch.true-display-native-height-repair: +1ms (4927ms)
2026-09-06T21:01:35.2596992+08:00 pid=112840 [perf] ConvertedOmmlBatch.true-display-native-geometry: +165ms (5092ms)
2026-09-06T21:01:35.2596992+08:00 pid=112840 [perf] ConvertedOmmlBatch.true-display-native-1x3-table: +0ms (5092ms)
2026-09-06T21:01:35.2596992+08:00 pid=112840 [perf] ConvertedOmmlBatch.true-display-direct-number-plan: +1ms (5093ms)
2026-09-06T21:01:35.5052570+08:00 pid=112840 [perf] ConvertedOmmlBatch.true-display-direct-visible-seq: +245ms (5338ms)
2026-09-06T21:01:35.5871601+08:00 pid=112840 [perf] ConvertedOmmlBatch.true-display-native-wrap-identity: +82ms (5420ms)
2026-09-06T21:01:35.5881614+08:00 pid=112840 [perf] ConvertedOmmlBatch.true-display-host: +1ms (5421ms)
2026-09-06T21:01:35.6816640+08:00 pid=112840 [perf] ConvertedOmmlBatch.repair-identity: +93ms (5514ms)
2026-09-06T21:01:35.8059091+08:00 pid=112840 [perf] ConvertedOmmlBatch.locate-target: +124ms (5638ms)
2026-09-06T21:01:35.8129091+08:00 pid=112840 [perf] ConvertedOmmlBatch.true-display-native-resolve-display: +7ms (5645ms)
2026-09-06T21:01:35.8572706+08:00 pid=112840 [perf] ConvertedOmmlBatch.true-display-native-clear-artifacts: +45ms (5690ms)
2026-09-06T21:01:35.9575655+08:00 pid=112840 [perf] ConvertedOmmlBatch.true-display-native-measure-display: +100ms (5790ms)
2026-09-06T21:01:36.0073534+08:00 pid=112840 [perf] ConvertedOmmlBatch.true-display-native-ensure-table: +50ms (5840ms)
2026-09-06T21:01:36.0083526+08:00 pid=112840 [perf] ConvertedOmmlBatch.true-display-native-resolve-table-formula: +1ms (5841ms)
2026-09-06T21:01:36.0093531+08:00 pid=112840 [perf] ConvertedOmmlBatch.true-display-native-height-repair: +1ms (5842ms)
2026-09-06T21:01:36.1362189+08:00 pid=112840 [perf] ConvertedOmmlBatch.true-display-native-geometry: +127ms (5969ms)
2026-09-06T21:01:36.1367263+08:00 pid=112840 [perf] ConvertedOmmlBatch.true-display-native-1x3-table: +0ms (5969ms)
2026-09-06T21:01:36.1367263+08:00 pid=112840 [perf] ConvertedOmmlBatch.true-display-direct-number-plan: +1ms (5970ms)
2026-09-06T21:01:36.3679971+08:00 pid=112840 [perf] ConvertedOmmlBatch.true-display-direct-visible-seq: +231ms (6201ms)
2026-09-06T21:01:36.4158382+08:00 pid=112840 [perf] ConvertedOmmlBatch.true-display-native-wrap-identity: +48ms (6249ms)
2026-09-06T21:01:36.4168406+08:00 pid=112840 [perf] ConvertedOmmlBatch.true-display-host: +0ms (6249ms)
2026-09-06T21:01:36.4981184+08:00 pid=112840 [perf] ConvertedOmmlBatch.repair-identity: +82ms (6331ms)
