2026-09-06T13:40:11.0409592+08:00 pid=87080 tid=1 word-addin-loaded pid=87080 assembly=C:\Users\pojian_liao\AppData\Local\VisualTeX\office\remediation-builds\89DED2412BAE52F125EF4CEB1501AAA970813C3027B57B30FFFBF19CB01FCA16\VisualTeX.WordVsto.dll mvid=3f2219ce-a2f9-48d9-b472-1069fad7686f
2026-09-06T13:40:11.4319201+08:00 pid=87080 tid=1 hook-started handle=0x24E7B
2026-09-06T13:40:11.6320238+08:00 pid=87080 tid=10 mathtype-native-preview-shared-prewarm-complete
2026-09-06T13:40:45.7184625+08:00 pid=87080 tid=12 left-down x=1317 y=747 wordForeground=False
2026-09-06T13:40:49.0726682+08:00 pid=87080 tid=12 left-down x=1792 y=747 wordForeground=False
2026-09-06T13:40:53.6062529+08:00 pid=87080 tid=1 word-undo-begin name=VisualTeX Insert MathType OLE Numbered Display Formula recording=False level=0
2026-09-06T13:40:53.6072550+08:00 pid=87080 tid=1 word-undo-started name=VisualTeX Insert MathType OLE Numbered Display Formula recording=True level=1
2026-09-06T13:40:53.6172533+08:00 pid=87080 tid=1 mathtype-insert-perf stage=resolve-insertion numbered=True inline=False deltaMs=11 totalMs=11
2026-09-06T13:40:53.6182531+08:00 pid=87080 tid=1 mathtype-insert-perf stage=clear-incomplete-number-row numbered=True inline=False deltaMs=1 totalMs=12
2026-09-06T13:40:53.6282546+08:00 pid=87080 tid=1 mathtype-insert-perf stage=number-template-heading-state numbered=True inline=False deltaMs=10 totalMs=22
2026-09-06T13:40:53.6302548+08:00 pid=87080 tid=1 mathtype-insert-perf stage=prepare-display-row numbered=True inline=False deltaMs=2 totalMs=24
2026-09-06T13:40:53.6492525+08:00 pid=87080 tid=1 mathtype-insert-perf stage=build-flat-opc numbered=True inline=False deltaMs=19 totalMs=43
2026-09-06T13:40:53.6492525+08:00 pid=87080 tid=1 mathtype-insert-perf stage=pre-insert-bookkeeping numbered=True inline=False deltaMs=1 totalMs=44
2026-09-06T13:40:53.6982521+08:00 pid=87080 tid=1 mathtype-insert-perf stage=insert-flat-opc numbered=True inline=False deltaMs=48 totalMs=92
2026-09-06T13:40:53.8361449+08:00 pid=87080 tid=1 mathtype-insert-perf stage=resolve-new-shape numbered=True inline=False deltaMs=138 totalMs=230
2026-09-06T13:40:53.8584692+08:00 pid=87080 tid=1 mathtype-insert-perf stage=set-shape-geometry numbered=True inline=False deltaMs=23 totalMs=253
2026-09-06T13:40:53.8584692+08:00 pid=87080 tid=1 mathtype-insert-perf stage=repair-inline-paragraph numbered=True inline=False deltaMs=0 totalMs=253
2026-09-06T13:40:53.8594704+08:00 pid=87080 tid=1 mathtype-insert-perf stage=refresh-native-shape numbered=True inline=False deltaMs=1 totalMs=254
2026-09-06T13:40:53.8928040+08:00 pid=87080 tid=1 mathtype-insert-perf stage=complete numbered=True inline=False deltaMs=32 totalMs=286
2026-09-06T13:40:53.8938015+08:00 pid=87080 tid=1 word-undo-end recording=False level=0
2026-09-06T13:40:53.9052343+08:00 pid=87080 tid=5 ribbon-session-operation-released sessionId=f027dcdc-3b0e-4331-98c1-43d1736a2cbf
2026-09-06T13:40:53.9132937+08:00 pid=87080 tid=1 cache-active formulaId=<mathType-pending> objectMode=mathTypeOle rect=1794,1177,2023,1303
2026-09-06T13:41:57.6395487+08:00 pid=87080 tid=12 left-down x=1317 y=747 wordForeground=False
2026-09-06T13:42:00.9348611+08:00 pid=87080 tid=12 left-down x=1792 y=747 wordForeground=False
2026-09-06T13:42:05.4138437+08:00 pid=87080 tid=1 word-undo-begin name=VisualTeX Insert MathType OLE Numbered Display Formula recording=False level=0
2026-09-06T13:42:05.4138437+08:00 pid=87080 tid=1 word-undo-started name=VisualTeX Insert MathType OLE Numbered Display Formula recording=True level=1
2026-09-06T13:42:05.4168465+08:00 pid=87080 tid=1 mathtype-insert-perf stage=resolve-insertion numbered=True inline=False deltaMs=3 totalMs=3
2026-09-06T13:42:05.4178447+08:00 pid=87080 tid=1 mathtype-insert-perf stage=clear-incomplete-number-row numbered=True inline=False deltaMs=1 totalMs=4
2026-09-06T13:42:05.4228462+08:00 pid=87080 tid=1 mathtype-insert-perf stage=number-template-heading-state numbered=True inline=False deltaMs=5 totalMs=9
2026-09-06T13:42:05.4228462+08:00 pid=87080 tid=1 mathtype-insert-perf stage=prepare-display-row numbered=True inline=False deltaMs=0 totalMs=9
2026-09-06T13:42:05.4288445+08:00 pid=87080 tid=1 mathtype-insert-perf stage=build-flat-opc numbered=True inline=False deltaMs=6 totalMs=15
2026-09-06T13:42:05.4288445+08:00 pid=87080 tid=1 mathtype-insert-perf stage=pre-insert-bookkeeping numbered=True inline=False deltaMs=0 totalMs=15
2026-09-06T13:42:05.4655935+08:00 pid=87080 tid=1 mathtype-insert-perf stage=insert-flat-opc numbered=True inline=False deltaMs=36 totalMs=51
2026-09-06T13:42:05.4655935+08:00 pid=87080 tid=1 mathtype-insert-perf stage=resolve-new-shape numbered=True inline=False deltaMs=1 totalMs=52
2026-09-06T13:42:05.4845908+08:00 pid=87080 tid=1 mathtype-insert-perf stage=set-shape-geometry numbered=True inline=False deltaMs=19 totalMs=71
2026-09-06T13:42:05.4855918+08:00 pid=87080 tid=1 mathtype-insert-perf stage=repair-inline-paragraph numbered=True inline=False deltaMs=0 totalMs=71
2026-09-06T13:42:05.4855918+08:00 pid=87080 tid=1 mathtype-insert-perf stage=refresh-native-shape numbered=True inline=False deltaMs=1 totalMs=72
2026-09-06T13:42:05.4925912+08:00 pid=87080 tid=1 mathtype-insert-perf stage=relocate-left-mathtype-field-scaffold numbered=True inline=False deltaMs=6 totalMs=78
2026-09-06T13:42:05.5088472+08:00 pid=87080 tid=1 mathtype-insert-perf stage=complete numbered=True inline=False deltaMs=17 totalMs=95
2026-09-06T13:42:05.5088472+08:00 pid=87080 tid=1 word-undo-end recording=False level=0
2026-09-06T13:42:05.5128469+08:00 pid=87080 tid=18 ribbon-session-operation-released sessionId=f1fbbaef-b4f1-4fbb-ae20-e7eab355b596
2026-09-06T13:42:05.5238471+08:00 pid=87080 tid=1 cache-active formulaId=<mathType-pending> objectMode=mathTypeOle rect=1794,1355,2023,1482
2026-09-06T13:43:10.0744795+08:00 pid=87080 tid=12 left-down x=2024 y=1187 wordForeground=True
2026-09-06T13:43:11.9208184+08:00 pid=87080 tid=1 word-xml-incomplete-export document=文档115 attempt=1 maths=0/0 oles=0/2
2026-09-06T13:43:11.9868204+08:00 pid=87080 tid=1 word-undo-begin name=VisualTeX Insert Equation Reference recording=False level=0
2026-09-06T13:43:11.9878180+08:00 pid=87080 tid=1 word-undo-started name=VisualTeX Insert Equation Reference recording=True level=1
2026-09-06T13:43:12.0466087+08:00 pid=87080 tid=1 word-undo-end recording=True level=1
2026-09-06T13:44:01.2121327+08:00 pid=87080 tid=1 format-conversion-start sourceMode=mathTypeOle targetMode=wordOmml wholeDocument=True
2026-09-06T13:44:01.2501624+08:00 pid=87080 tid=1 format-conversion-plan-bulk-ole-snapshot count=2 elapsedMs=33
2026-09-06T13:44:01.2511619+08:00 pid=87080 tid=1 format-conversion-plan-perf stage=shape-access source=mathTypeOle index=1/2 deltaMs=0 totalMs=0
2026-09-06T13:44:01.2521584+08:00 pid=87080 tid=1 format-conversion-plan-perf stage=identify-mathtype source=mathTypeOle index=1/2 deltaMs=0 totalMs=0
2026-09-06T13:44:01.2551597+08:00 pid=87080 tid=1 format-conversion-plan-perf stage=read-mathml-bulk source=mathTypeOle index=1/2 deltaMs=4 totalMs=4
2026-09-06T13:44:01.2621628+08:00 pid=87080 tid=1 format-conversion-plan-perf stage=read-metadata source=mathTypeOle index=1/2 deltaMs=7 totalMs=11
2026-09-06T13:44:01.2631621+08:00 pid=87080 tid=1 format-conversion-plan-perf stage=number-position source=mathTypeOle index=1/2 deltaMs=1 totalMs=12
2026-09-06T13:44:01.2641617+08:00 pid=87080 tid=1 format-conversion-plan-perf stage=shape-range source=mathTypeOle index=1/2 deltaMs=1 totalMs=13
2026-09-06T13:44:01.2757668+08:00 pid=87080 tid=1 format-conversion-plan-perf stage=target-added source=mathTypeOle index=1/2 deltaMs=11 totalMs=24
2026-09-06T13:44:01.2757668+08:00 pid=87080 tid=1 format-conversion-plan-perf stage=shape-access source=mathTypeOle index=2/2 deltaMs=0 totalMs=0
2026-09-06T13:44:01.2767649+08:00 pid=87080 tid=1 format-conversion-plan-perf stage=identify-mathtype source=mathTypeOle index=2/2 deltaMs=0 totalMs=0
2026-09-06T13:44:01.2797665+08:00 pid=87080 tid=1 format-conversion-plan-perf stage=read-mathml-bulk source=mathTypeOle index=2/2 deltaMs=3 totalMs=3
2026-09-06T13:44:01.2797665+08:00 pid=87080 tid=1 format-conversion-plan-perf stage=read-metadata source=mathTypeOle index=2/2 deltaMs=1 totalMs=4
2026-09-06T13:44:01.2807645+08:00 pid=87080 tid=1 format-conversion-plan-perf stage=number-position source=mathTypeOle index=2/2 deltaMs=0 totalMs=4
2026-09-06T13:44:01.2807645+08:00 pid=87080 tid=1 format-conversion-plan-perf stage=shape-range source=mathTypeOle index=2/2 deltaMs=1 totalMs=5
2026-09-06T13:44:01.2877651+08:00 pid=87080 tid=1 format-conversion-plan-perf stage=target-added source=mathTypeOle index=2/2 deltaMs=6 totalMs=11
2026-09-06T13:44:01.2877651+08:00 pid=87080 tid=1 format-conversion-plan sourceMode=mathTypeOle targetMode=wordOmml targets=2
2026-09-06T13:44:04.7130163+08:00 pid=87080 tid=1 format-conversion-render-bypass sourceMode=mathTypeOle targetMode=wordOmml targets=2 reason=source-mathml-ready
2026-09-06T13:44:04.7140136+08:00 pid=87080 tid=1 format-conversion-word-apply-start sourceMode=mathTypeOle targetMode=wordOmml targets=2
2026-09-06T13:44:04.8383877+08:00 pid=87080 tid=1 format-conversion-runtime assembly=C:\Users\pojian_liao\AppData\Local\VisualTeX\office\remediation-builds\89DED2412BAE52F125EF4CEB1501AAA970813C3027B57B30FFFBF19CB01FCA16\VisualTeX.WordVsto.dll source=mathTypeOle target=wordOmml targetIsVisualTeX=False targetIsMathType=False
2026-09-06T13:44:04.9580063+08:00 pid=87080 tid=1 format-conversion-reference-aliases-captured sourceMode=mathTypeOle formulaId=cc8b9329-763a-445b-8917-9f58904cd5a1 aliases=ZEqnNum100364
2026-09-06T13:44:05.3705226+08:00 pid=87080 tid=1 format-conversion-omml-batch-source-created formulas=2 elapsedMs=395
2026-09-06T13:44:05.3967109+08:00 pid=87080 tid=1 word-undo-begin name=VisualTeX Convert Formula Format recording=False level=0
2026-09-06T13:44:05.3977102+08:00 pid=87080 tid=1 word-undo-started name=VisualTeX Convert Formula Format recording=True level=1
2026-09-06T13:44:05.3977102+08:00 pid=87080 tid=1 format-conversion-undo-state stage=before-preferences document=文档115 recording=True level=1
2026-09-06T13:44:05.4772718+08:00 pid=87080 tid=1 format-conversion-transaction-start targets=2
2026-09-06T13:44:05.4782714+08:00 pid=87080 tid=1 format-conversion-undo-state stage=after-preferences document=文档115 recording=True level=1
2026-09-06T13:44:05.4902713+08:00 pid=87080 tid=1 format-conversion-mathtype-source-identity-bound formulaId=cc8b9329-763a-445b-8917-9f58904cd5a1 bookmark=VTFCI_2ca442a3b0f04724a6c385a034929f01 range=500:526
2026-09-06T13:44:05.4902713+08:00 pid=87080 tid=1 format-conversion-undo-state stage=before-source-delete document=文档115 recording=True level=1
2026-09-06T13:44:05.4952717+08:00 pid=87080 tid=1 format-conversion-mathtype-paragraph-atomically-replaced formulaId=cc8b9329-763a-445b-8917-9f58904cd5a1 range=293:293 start=293
2026-09-06T13:44:05.4962740+08:00 pid=87080 tid=1 format-conversion-perf stage=delete-source-host formulaId=cc8b9329-763a-445b-8917-9f58904cd5a1 numbered=True deltaMs=6 totalMs=6
2026-09-06T13:44:05.4962740+08:00 pid=87080 tid=1 format-conversion-undo-state stage=after-source-delete document=文档115 recording=True level=1
2026-09-06T13:44:05.4972725+08:00 pid=87080 tid=1 format-conversion-forward-source-check stage=delete-source formulaId=cc8b9329-763a-445b-8917-9f58904cd5a1 bookmarkMissing=True present=False
2026-09-06T13:44:05.5071382+08:00 pid=87080 tid=1 word-undo-begin name=VisualTeX Insert Word OMML Display Formula recording=True level=1
2026-09-06T13:44:05.5361428+08:00 pid=87080 tid=1 format-conversion-subperf [perf] InsertOmml.detach-mathtype-style: +28ms (28ms total)
2026-09-06T13:44:05.5361428+08:00 pid=87080 tid=1 format-conversion-subperf [perf] InsertOmml.insert-native-omml: +1ms (29ms total)
2026-09-06T13:44:05.5591427+08:00 pid=87080 tid=1 format-conversion-subperf [perf] InsertOmml.post-reconcile-layout: +23ms (52ms total)
2026-09-06T13:44:05.5591427+08:00 pid=87080 tid=1 format-conversion-subperf [perf] InsertOmml.final-fingerprint: +0ms (52ms total)
2026-09-06T13:44:05.5601428+08:00 pid=87080 tid=1 format-conversion-subperf [perf] InsertOmml.final-anchor: +0ms (52ms total)
2026-09-06T13:44:05.5786000+08:00 pid=87080 tid=1 format-conversion-subperf [perf] InsertOmml.final-metadata: +19ms (71ms total)
2026-09-06T13:44:05.5786000+08:00 pid=87080 tid=1 format-conversion-perf stage=insert-target formulaId=cc8b9329-763a-445b-8917-9f58904cd5a1 numbered=True deltaMs=83 totalMs=89
2026-09-06T13:44:05.5796077+08:00 pid=87080 tid=1 format-conversion-undo-state stage=after-target-insert document=文档115 recording=True level=1
2026-09-06T13:44:05.5796077+08:00 pid=87080 tid=1 format-conversion-forward-source-check stage=insert-target formulaId=cc8b9329-763a-445b-8917-9f58904cd5a1 bookmarkMissing=True present=False
2026-09-06T13:44:05.6085994+08:00 pid=87080 tid=1 format-conversion-target-stable formulaId=cc8b9329-763a-445b-8917-9f58904cd5a1 targetMode=wordOmml count=1 elapsedMs=27
2026-09-06T13:44:05.6085994+08:00 pid=87080 tid=1 format-conversion-forward-source-check stage=post-transaction formulaId=cc8b9329-763a-445b-8917-9f58904cd5a1 bookmarkMissing=True present=False
2026-09-06T13:44:05.6095987+08:00 pid=87080 tid=1 format-conversion-perf stage=verify-target formulaId=cc8b9329-763a-445b-8917-9f58904cd5a1 numbered=True deltaMs=30 totalMs=119
2026-09-06T13:44:05.6105990+08:00 pid=87080 tid=1 format-conversion-mathtype-source-identity-bound formulaId=8bd2890e-d634-46b9-9083-0760c0ca1b82 bookmark=VTFCI_e08a92c5935544e79d471eaee711140e range=22:48
2026-09-06T13:44:05.6105990+08:00 pid=87080 tid=1 format-conversion-undo-state stage=before-source-delete document=文档115 recording=True level=1
2026-09-06T13:44:05.6135986+08:00 pid=87080 tid=1 format-conversion-mathtype-paragraph-atomically-replaced formulaId=8bd2890e-d634-46b9-9083-0760c0ca1b82 range=21:21 start=21
2026-09-06T13:44:05.6135986+08:00 pid=87080 tid=1 format-conversion-perf stage=delete-source-host formulaId=8bd2890e-d634-46b9-9083-0760c0ca1b82 numbered=True deltaMs=4 totalMs=4
2026-09-06T13:44:05.6135986+08:00 pid=87080 tid=1 format-conversion-undo-state stage=after-source-delete document=文档115 recording=True level=1
2026-09-06T13:44:05.6146005+08:00 pid=87080 tid=1 format-conversion-forward-source-check stage=delete-source formulaId=8bd2890e-d634-46b9-9083-0760c0ca1b82 bookmarkMissing=True present=False
2026-09-06T13:44:05.6166005+08:00 pid=87080 tid=1 word-undo-begin name=VisualTeX Insert Word OMML Display Formula recording=True level=1
2026-09-06T13:44:05.6315979+08:00 pid=87080 tid=1 format-conversion-subperf [perf] InsertOmml.detach-mathtype-style: +14ms (14ms total)
2026-09-06T13:44:05.6325986+08:00 pid=87080 tid=1 format-conversion-subperf [perf] InsertOmml.insert-native-omml: +1ms (15ms total)
2026-09-06T13:44:05.6636015+08:00 pid=87080 tid=1 format-conversion-subperf [perf] InsertOmml.post-reconcile-layout: +31ms (46ms total)
2026-09-06T13:44:05.6636015+08:00 pid=87080 tid=1 format-conversion-subperf [perf] InsertOmml.final-fingerprint: +0ms (46ms total)
2026-09-06T13:44:05.6646016+08:00 pid=87080 tid=1 format-conversion-subperf [perf] InsertOmml.final-anchor: +1ms (47ms total)
2026-09-06T13:44:05.6656007+08:00 pid=87080 tid=1 format-conversion-subperf [perf] InsertOmml.final-metadata: +1ms (48ms total)
2026-09-06T13:44:05.6665993+08:00 pid=87080 tid=1 format-conversion-perf stage=insert-target formulaId=8bd2890e-d634-46b9-9083-0760c0ca1b82 numbered=True deltaMs=52 totalMs=56
2026-09-06T13:44:05.6665993+08:00 pid=87080 tid=1 format-conversion-undo-state stage=after-target-insert document=文档115 recording=True level=1
2026-09-06T13:44:05.6676009+08:00 pid=87080 tid=1 format-conversion-forward-source-check stage=insert-target formulaId=8bd2890e-d634-46b9-9083-0760c0ca1b82 bookmarkMissing=True present=False
2026-09-06T13:44:05.7016851+08:00 pid=87080 tid=1 format-conversion-target-stable formulaId=8bd2890e-d634-46b9-9083-0760c0ca1b82 targetMode=wordOmml count=2 elapsedMs=34
2026-09-06T13:44:05.7021954+08:00 pid=87080 tid=1 format-conversion-forward-source-check stage=post-transaction formulaId=8bd2890e-d634-46b9-9083-0760c0ca1b82 bookmarkMissing=True present=False
2026-09-06T13:44:05.7021954+08:00 pid=87080 tid=1 format-conversion-perf stage=verify-target formulaId=8bd2890e-d634-46b9-9083-0760c0ca1b82 numbered=True deltaMs=36 totalMs=92
2026-09-06T13:44:05.7021954+08:00 pid=87080 tid=1 format-conversion-finalize-perf stage=source-residual-check sourceMode=mathTypeOle targetMode=wordOmml deltaMs=0 totalMs=0
2026-09-06T13:44:05.7032054+08:00 pid=87080 tid=1 format-conversion-finalize-perf stage=target-count-check sourceMode=mathTypeOle targetMode=wordOmml deltaMs=0 totalMs=0
2026-09-06T13:44:05.7042043+08:00 pid=87080 tid=1 format-conversion-undo-state stage=before-source-window-close-commit document=文档115 recording=True level=1
2026-09-06T13:44:05.7042043+08:00 pid=87080 tid=1 format-conversion-undo-state stage=after-source-window-close-commit document=文档115 recording=False level=0
2026-09-06T13:44:06.1447027+08:00 pid=87080 tid=1 word-undo-begin name=VisualTeX Finalize Formula Conversion recording=False level=0
2026-09-06T13:44:06.1467017+08:00 pid=87080 tid=1 word-undo-started name=VisualTeX Finalize Formula Conversion recording=True level=1
2026-09-06T13:44:06.2506088+08:00 pid=87080 tid=1 word-xml-incomplete-export document=文档115 attempt=1 maths=0/2 oles=0/0
2026-09-06T13:44:06.3080661+08:00 pid=87080 tid=1 format-conversion-undo-state stage=failure-before-end document=文档115 recording=False level=0
2026-09-06T13:44:06.3080661+08:00 pid=87080 tid=1 format-conversion-undo-state stage=failure-after-end document=文档115 recording=False level=0
2026-09-06T13:44:06.3170684+08:00 pid=87080 tid=1 word-undo-history-recovery original=84 current=85 owned=1
2026-09-06T13:44:06.3528241+08:00 pid=87080 tid=1 format-conversion-recovery afterUndoBodyMatches=True
2026-09-06T13:44:06.3898141+08:00 pid=87080 tid=1 format-conversion-recovery-verified body=True mathFont=True metadata=True variables=True
2026-09-06T13:44:06.3948143+08:00 pid=87080 tid=1 format-conversion-rollback-verified targets=2 error=System.IO.InvalidDataException: OMML identity 2a665581-396a-4a7c-8789-f26657e8776e could not be recovered uniquely (2 matching equations).
   在 VisualTeX.WordVsto.WordOmmlNativeSource.IndexConversionEquationIdentities(XElement body, IReadOnlyDictionary`2 expectedFingerprints, Func`2 fingerprint)
   在 VisualTeX.WordVsto.WordOmmlNativeSource.RefreshFingerprintsFromDocumentOpenXml(Document document, IReadOnlyCollection`1 formulaIds, IReadOnlyDictionary`2 freshSourceOmml)
   在 VisualTeX.WordVsto.WordFormulaService.ApplyFormulaFormatConversionPlan(WordFormulaFormatConversionPlan plan, IReadOnlyDictionary`2 prepared)
2026-09-06T13:44:06.3978140+08:00 pid=87080 tid=1 format-conversion-failed sourceMode=mathTypeOle targetMode=wordOmml error=System.IO.InvalidDataException: OMML identity 2a665581-396a-4a7c-8789-f26657e8776e could not be recovered uniquely (2 matching equations).
   在 VisualTeX.WordVsto.WordOmmlNativeSource.IndexConversionEquationIdentities(XElement body, IReadOnlyDictionary`2 expectedFingerprints, Func`2 fingerprint)
   在 VisualTeX.WordVsto.WordOmmlNativeSource.RefreshFingerprintsFromDocumentOpenXml(Document document, IReadOnlyCollection`1 formulaIds, IReadOnlyDictionary`2 freshSourceOmml)
   在 VisualTeX.WordVsto.WordFormulaService.ApplyFormulaFormatConversionPlan(WordFormulaFormatConversionPlan plan, IReadOnlyDictionary`2 prepared)
   在 VisualTeX.WordVsto.OfficeUiDispatcher.<>c__DisplayClass4_0`1.<InvokeAsync>g__Execute|0()
--- 引发异常的上一位置中堆栈跟踪的末尾 ---
   在 System.Runtime.ExceptionServices.ExceptionDispatchInfo.Throw()
   在 System.Runtime.CompilerServices.TaskAwaiter.HandleNonSuccessAndDebuggerNotification(Task task)
   在 System.Runtime.CompilerServices.ConfiguredTaskAwaitable`1.ConfiguredTaskAwaiter.GetResult()
   在 VisualTeX.WordVsto.ThisAddIn.<ConvertFormulaFormatAsync>d__163.MoveNext()
2026-09-06T13:51:22.7940012+08:00 pid=87080 tid=12 left-down x=1172 y=1508 wordForeground=True
2026-09-06T13:51:23.3387366+08:00 pid=87080 tid=12 left-down x=1172 y=1508 wordForeground=True
2026-09-06T13:52:14.1115416+08:00 pid=87080 tid=12 left-down x=1172 y=1088 wordForeground=True
2026-09-06T13:52:14.7454761+08:00 pid=87080 tid=12 left-down x=1172 y=1088 wordForeground=True
2026-09-06T13:56:10.1331603+08:00 pid=87080 tid=12 left-down x=1317 y=747 wordForeground=False
2026-09-06T13:56:13.5077865+08:00 pid=87080 tid=12 left-down x=1792 y=747 wordForeground=False
2026-09-06T13:57:05.9172419+08:00 pid=87080 tid=12 left-down x=1317 y=747 wordForeground=False
2026-09-06T13:57:09.3117519+08:00 pid=87080 tid=12 left-down x=1792 y=747 wordForeground=False
2026-09-06T13:58:05.7614346+08:00 pid=87080 tid=12 left-down x=2024 y=1187 wordForeground=True
2026-09-06T14:03:32.3043396+08:00 pid=87080 tid=12 left-down x=1317 y=747 wordForeground=False
2026-09-06T14:03:35.6271742+08:00 pid=87080 tid=12 left-down x=1792 y=747 wordForeground=False
2026-09-06T14:04:16.2547769+08:00 pid=87080 tid=12 left-down x=1317 y=747 wordForeground=False
2026-09-06T14:04:19.6283565+08:00 pid=87080 tid=12 left-down x=1792 y=747 wordForeground=False
2026-09-06T14:05:24.3322281+08:00 pid=87080 tid=12 left-down x=2024 y=1187 wordForeground=True
2026-09-06T14:07:16.6773566+08:00 pid=87080 tid=12 left-down x=1838 y=688 wordForeground=True
2026-09-06T14:08:16.3350100+08:00 pid=87080 tid=12 left-down x=1141 y=1508 wordForeground=True
2026-09-06T14:08:16.9461588+08:00 pid=87080 tid=12 left-down x=1141 y=1508 wordForeground=True
2026-09-06T14:13:46.3449239+08:00 pid=87080 tid=12 left-down x=1141 y=1508 wordForeground=True
2026-09-06T14:13:46.8882627+08:00 pid=87080 tid=12 left-down x=1141 y=1508 wordForeground=True
2026-09-06T14:16:19.8978852+08:00 pid=87080 tid=12 left-down x=1317 y=747 wordForeground=False
2026-09-06T14:16:23.2734775+08:00 pid=87080 tid=12 left-down x=1792 y=747 wordForeground=False
2026-09-06T14:17:35.0546624+08:00 pid=87080 tid=12 left-down x=1317 y=747 wordForeground=False
2026-09-06T14:17:38.4468828+08:00 pid=87080 tid=12 left-down x=1792 y=747 wordForeground=False
2026-09-06T14:18:31.1190201+08:00 pid=87080 tid=12 left-down x=2024 y=1187 wordForeground=True
2026-09-06T14:20:28.1461503+08:00 pid=87080 tid=12 left-down x=1838 y=860 wordForeground=True
2026-09-06T14:21:50.7825507+08:00 pid=87080 tid=12 left-down x=1172 y=1568 wordForeground=True
2026-09-06T14:21:51.2996929+08:00 pid=87080 tid=12 left-down x=1172 y=1568 wordForeground=True
2026-09-06T14:22:32.5403948+08:00 pid=87080 tid=12 left-down x=1382 y=1120 wordForeground=False
2026-09-06T14:22:35.1040604+08:00 pid=87080 tid=12 left-down x=2178 y=458 wordForeground=False
2026-09-06T14:22:37.7550676+08:00 pid=87080 tid=12 left-down x=2492 y=460 wordForeground=False
2026-09-06T14:30:54.1314324+08:00 pid=87080 tid=12 left-down x=1382 y=1120 wordForeground=False
2026-09-06T14:30:56.5401360+08:00 pid=87080 tid=12 left-down x=2178 y=458 wordForeground=False
2026-09-06T14:30:58.9300391+08:00 pid=87080 tid=12 left-down x=2492 y=460 wordForeground=False
2026-09-06T14:32:39.9425596+08:00 pid=87080 tid=12 left-down x=2332 y=460 wordForeground=False
2026-09-06T14:37:40.2093077+08:00 pid=87080 tid=12 left-down x=1382 y=1120 wordForeground=False
2026-09-06T14:37:42.8688502+08:00 pid=87080 tid=12 left-down x=2332 y=460 wordForeground=False
2026-09-06T14:37:45.4198713+08:00 pid=87080 tid=12 left-down x=2492 y=460 wordForeground=False
2026-09-06T14:39:06.1919961+08:00 pid=87080 tid=12 left-down x=2024 y=1259 wordForeground=True
2026-09-06T14:39:14.6260464+08:00 pid=87080 tid=12 left-down x=1838 y=688 wordForeground=True
2026-09-06T14:46:01.8519109+08:00 pid=87080 tid=12 left-down x=1838 y=860 wordForeground=True
2026-09-06T14:46:10.6826204+08:00 pid=87080 tid=12 left-down x=1382 y=1120 wordForeground=False
2026-09-06T14:47:27.4023744+08:00 pid=87080 tid=12 left-down x=2332 y=460 wordForeground=False
2026-09-06T14:47:30.0319753+08:00 pid=87080 tid=12 left-down x=2492 y=460 wordForeground=False
2026-09-06T14:48:35.2960213+08:00 pid=87080 tid=12 left-down x=2024 y=1259 wordForeground=True
2026-09-06T14:48:43.6585890+08:00 pid=87080 tid=12 left-down x=1838 y=688 wordForeground=True
2026-09-06T14:49:31.9805449+08:00 pid=87080 tid=12 left-down x=1136 y=1941 wordForeground=True
2026-09-06T14:49:32.6141293+08:00 pid=87080 tid=12 left-down x=1136 y=1941 wordForeground=True
2026-09-06T14:50:12.0534073+08:00 pid=87080 tid=12 left-down x=1838 y=860 wordForeground=True
2026-09-06T14:53:20.6612652+08:00 pid=87080 tid=12 left-down x=1838 y=688 wordForeground=True
2026-09-06T14:53:29.5494867+08:00 pid=87080 tid=12 left-down x=1382 y=1120 wordForeground=False
2026-09-06T14:53:32.3836600+08:00 pid=87080 tid=12 left-down x=2332 y=460 wordForeground=False
2026-09-06T14:53:34.7715156+08:00 pid=87080 tid=12 left-down x=2492 y=460 wordForeground=False
2026-09-06T14:55:35.1153080+08:00 pid=87080 tid=12 left-down x=2024 y=1187 wordForeground=True
2026-09-06T14:59:39.4567244+08:00 pid=87080 tid=12 left-down x=1776 y=1270 wordForeground=False
2026-09-06T15:07:00.8308776+08:00 pid=87080 tid=12 left-down x=1140 y=1245 wordForeground=True
2026-09-06T15:07:01.3569249+08:00 pid=87080 tid=12 left-down x=1140 y=1245 wordForeground=True
2026-09-06T15:09:34.6798349+08:00 pid=87080 tid=12 left-down x=1776 y=1270 wordForeground=False
2026-09-06T15:21:09.9616490+08:00 pid=87080 tid=12 left-down x=1838 y=688 wordForeground=True
2026-09-06T15:21:34.2796538+08:00 pid=87080 tid=12 left-down x=1382 y=1120 wordForeground=False
2026-09-06T15:21:37.1348020+08:00 pid=87080 tid=12 left-down x=2332 y=460 wordForeground=False
2026-09-06T15:21:39.6235632+08:00 pid=87080 tid=12 left-down x=2492 y=460 wordForeground=False
2026-09-06T15:22:31.7500341+08:00 pid=87080 tid=12 left-down x=2024 y=1187 wordForeground=True
2026-09-06T15:26:36.0026797+08:00 pid=87080 tid=12 left-down x=1140 y=1088 wordForeground=True
2026-09-06T15:26:36.6148560+08:00 pid=87080 tid=12 left-down x=1140 y=1088 wordForeground=True
2026-09-06T15:27:08.2738665+08:00 pid=87080 tid=12 left-down x=1838 y=688 wordForeground=True
2026-09-06T15:27:50.8818489+08:00 pid=87080 tid=12 left-down x=1382 y=1120 wordForeground=False
2026-09-06T15:27:53.7692373+08:00 pid=87080 tid=12 left-down x=2332 y=460 wordForeground=False
2026-09-06T15:27:56.1011908+08:00 pid=87080 tid=12 left-down x=2492 y=460 wordForeground=False
2026-09-06T15:29:56.3827344+08:00 pid=87080 tid=12 left-down x=1776 y=1270 wordForeground=False
2026-09-06T15:30:42.5619408+08:00 pid=87080 tid=12 left-down x=2024 y=1187 wordForeground=True
2026-09-06T15:31:47.7915582+08:00 pid=87080 tid=12 left-down x=698 y=1234 wordForeground=False
2026-09-06T15:31:51.5976287+08:00 pid=87080 tid=12 left-down x=1685 y=1610 wordForeground=True
2026-09-06T15:33:02.5152265+08:00 pid=87080 tid=12 left-down x=1838 y=860 wordForeground=True
2026-09-06T15:33:47.5232178+08:00 pid=87080 tid=12 left-down x=219 y=1479 wordForeground=False
2026-09-06T15:33:54.3439441+08:00 pid=87080 tid=12 left-down x=1323 y=1598 wordForeground=False
2026-09-06T15:34:59.7938083+08:00 pid=87080 tid=12 left-down x=1170 y=1088 wordForeground=True
2026-09-06T15:35:00.4458984+08:00 pid=87080 tid=12 left-down x=1170 y=1088 wordForeground=True
2026-09-06T15:35:42.6818745+08:00 pid=87080 tid=12 left-down x=837 y=1166 wordForeground=False
2026-09-06T15:35:59.2952762+08:00 pid=87080 tid=12 left-down x=2078 y=1366 wordForeground=True
2026-09-06T15:37:04.5058358+08:00 pid=87080 tid=12 left-down x=1776 y=1270 wordForeground=False
2026-09-06T15:46:36.1722035+08:00 pid=87080 tid=12 left-down x=1838 y=688 wordForeground=True
2026-09-06T15:46:45.1380005+08:00 pid=87080 tid=12 left-down x=1382 y=1120 wordForeground=False
2026-09-06T15:46:48.0437197+08:00 pid=87080 tid=12 left-down x=2332 y=460 wordForeground=False
2026-09-06T15:46:50.3376276+08:00 pid=87080 tid=12 left-down x=2492 y=460 wordForeground=False
2026-09-06T15:49:12.1533584+08:00 pid=87080 tid=12 left-down x=1776 y=1270 wordForeground=False
2026-09-06T15:50:00.2574127+08:00 pid=87080 tid=12 left-down x=2024 y=1187 wordForeground=True
2026-09-06T15:50:09.2734596+08:00 pid=87080 tid=12 left-down x=1838 y=860 wordForeground=True
2026-09-06T15:54:08.4972281+08:00 pid=87080 tid=12 left-down x=1170 y=1118 wordForeground=True
2026-09-06T15:54:09.3567582+08:00 pid=87080 tid=12 left-down x=1170 y=1118 wordForeground=True
2026-09-06T15:54:19.8407749+08:00 pid=87080 tid=12 left-down x=1776 y=1270 wordForeground=False
2026-09-06T15:55:18.4994959+08:00 pid=87080 tid=12 left-down x=758 y=1250 wordForeground=False
2026-09-06T15:55:44.2275537+08:00 pid=87080 tid=12 left-down x=820 y=1253 wordForeground=False
2026-09-06T15:55:56.1027682+08:00 pid=87080 tid=12 left-down x=2051 y=1093 wordForeground=True
2026-09-06T15:57:04.0041585+08:00 pid=87080 tid=12 left-down x=763 y=1216 wordForeground=False
2026-09-06T15:57:06.3763820+08:00 pid=87080 tid=12 left-down x=2028 y=1110 wordForeground=True
2026-09-06T15:57:09.3499395+08:00 pid=87080 tid=12 left-down x=770 y=1090 wordForeground=False
2026-09-06T15:57:11.0993327+08:00 pid=87080 tid=12 left-down x=618 y=1046 wordForeground=False
2026-09-06T15:57:15.0342271+08:00 pid=87080 tid=12 left-down x=1892 y=402 wordForeground=False
2026-09-06T15:57:19.9715834+08:00 pid=87080 tid=12 left-down x=1965 y=1091 wordForeground=True
2026-09-06T15:57:23.5001616+08:00 pid=87080 tid=12 left-down x=717 y=1085 wordForeground=False
2026-09-06T15:57:25.7229662+08:00 pid=87080 tid=12 left-down x=620 y=1012 wordForeground=False
2026-09-06T15:57:28.4480090+08:00 pid=87080 tid=12 left-down x=1896 y=398 wordForeground=False
2026-09-06T15:57:33.1689612+08:00 pid=87080 tid=12 left-down x=1979 y=1077 wordForeground=True
2026-09-06T16:04:18.8242911+08:00 pid=87080 tid=12 left-down x=153 y=1448 wordForeground=False
2026-09-06T16:04:22.0325927+08:00 pid=87080 tid=12 left-down x=963 y=1227 wordForeground=False
2026-09-06T16:05:04.5491123+08:00 pid=87080 tid=12 left-down x=1838 y=688 wordForeground=True
2026-09-06T16:05:13.3689545+08:00 pid=87080 tid=12 left-down x=1382 y=1120 wordForeground=False
2026-09-06T16:05:16.2090532+08:00 pid=87080 tid=12 left-down x=2332 y=460 wordForeground=False
2026-09-06T16:05:18.7236729+08:00 pid=87080 tid=12 left-down x=2492 y=460 wordForeground=False
2026-09-06T16:06:51.7019133+08:00 pid=87080 tid=12 left-down x=1776 y=1270 wordForeground=False
2026-09-06T16:07:59.4162430+08:00 pid=87080 tid=12 left-down x=2024 y=1187 wordForeground=True
2026-09-06T16:08:20.2294472+08:00 pid=87080 tid=12 left-down x=1838 y=860 wordForeground=True
2026-09-06T16:12:07.4300055+08:00 pid=87080 tid=12 left-down x=1776 y=1270 wordForeground=False
2026-09-06T16:15:15.1691855+08:00 pid=87080 tid=12 left-down x=772 y=1266 wordForeground=False
2026-09-06T16:15:24.1739439+08:00 pid=87080 tid=12 left-down x=1844 y=1725 wordForeground=True
2026-09-06T16:18:10.8748375+08:00 pid=87080 tid=12 left-down x=1776 y=1270 wordForeground=False
2026-09-06T16:26:33.0277317+08:00 pid=87080 tid=12 left-down x=1382 y=1120 wordForeground=False
2026-09-06T16:26:35.8436587+08:00 pid=87080 tid=12 left-down x=2332 y=460 wordForeground=False
2026-09-06T16:26:38.1626509+08:00 pid=87080 tid=12 left-down x=2492 y=460 wordForeground=False
2026-09-06T16:27:40.4244332+08:00 pid=87080 tid=12 left-down x=713 y=1227 wordForeground=False
2026-09-06T16:27:46.3193864+08:00 pid=87080 tid=12 left-down x=1874 y=1436 wordForeground=True
2026-09-06T16:27:56.8363622+08:00 pid=87080 tid=12 left-down x=700 y=1238 wordForeground=False
2026-09-06T16:28:02.0239680+08:00 pid=87080 tid=12 left-down x=1742 y=1814 wordForeground=True
2026-09-06T16:28:19.3135474+08:00 pid=87080 tid=12 left-down x=2024 y=1187 wordForeground=True
2026-09-06T16:29:39.1671225+08:00 pid=87080 tid=12 left-down x=1172 y=1836 wordForeground=True
2026-09-06T16:29:39.8582799+08:00 pid=87080 tid=12 left-down x=1172 y=1836 wordForeground=True
2026-09-06T16:30:23.9937040+08:00 pid=87080 tid=12 left-down x=739 y=1231 wordForeground=False
2026-09-06T16:30:35.1752094+08:00 pid=87080 tid=12 left-down x=1776 y=1270 wordForeground=False
2026-09-06T16:40:49.5584964+08:00 pid=87080 tid=12 left-down x=1382 y=1120 wordForeground=False
2026-09-06T16:40:52.3651864+08:00 pid=87080 tid=12 left-down x=2332 y=460 wordForeground=False
2026-09-06T16:40:54.7146762+08:00 pid=87080 tid=12 left-down x=2492 y=460 wordForeground=False
2026-09-06T16:43:15.0236465+08:00 pid=87080 tid=12 left-down x=1776 y=1270 wordForeground=False
2026-09-06T16:44:45.7308229+08:00 pid=87080 tid=12 left-down x=2024 y=1187 wordForeground=True
2026-09-06T16:45:50.5941171+08:00 pid=87080 tid=12 left-down x=691 y=1252 wordForeground=False
2026-09-06T16:46:00.3715816+08:00 pid=87080 tid=12 left-down x=191 y=1485 wordForeground=False
2026-09-06T16:46:03.1954320+08:00 pid=87080 tid=12 left-down x=2508 y=1121 wordForeground=True
2026-09-06T16:47:31.0758557+08:00 pid=87080 tid=12 left-down x=776 y=1255 wordForeground=False
2026-09-06T16:47:44.1935472+08:00 pid=87080 tid=12 left-down x=710 y=994 wordForeground=False
2026-09-06T16:47:46.1963346+08:00 pid=87080 tid=12 left-down x=699 y=1023 wordForeground=False
2026-09-06T16:47:47.8379694+08:00 pid=87080 tid=12 left-down x=743 y=1042 wordForeground=False
2026-09-06T16:47:50.2509267+08:00 pid=87080 tid=12 left-down x=764 y=1021 wordForeground=False
2026-09-06T16:47:54.3530831+08:00 pid=87080 tid=12 left-down x=831 y=1077 wordForeground=False
2026-09-06T16:48:04.6763831+08:00 pid=87080 tid=12 left-down x=1046 y=1329 wordForeground=False
2026-09-06T16:48:38.6894545+08:00 pid=87080 tid=12 left-down x=271 y=1440 wordForeground=False
2026-09-06T16:48:40.5526452+08:00 pid=87080 tid=12 left-down x=253 y=1462 wordForeground=False
2026-09-06T16:48:43.9237749+08:00 pid=87080 tid=12 left-down x=270 y=1333 wordForeground=False
2026-09-06T16:48:46.8102654+08:00 pid=87080 tid=12 left-down x=196 y=705 wordForeground=False
2026-09-06T16:48:50.3055982+08:00 pid=87080 tid=12 left-down x=135 y=384 wordForeground=False
2026-09-06T16:58:18.5983910+08:00 pid=87080 tid=12 left-down x=1382 y=1120 wordForeground=False
2026-09-06T16:58:21.6540726+08:00 pid=87080 tid=12 left-down x=2332 y=460 wordForeground=False
2026-09-06T16:58:24.0294982+08:00 pid=87080 tid=12 left-down x=2492 y=460 wordForeground=False
2026-09-06T16:59:23.6822922+08:00 pid=87080 tid=12 left-down x=1776 y=1270 wordForeground=False
2026-09-06T17:00:18.2141166+08:00 pid=87080 tid=12 left-down x=2024 y=1187 wordForeground=True
2026-09-06T17:03:54.3477051+08:00 pid=87080 tid=12 left-down x=711 y=1181 wordForeground=False
2026-09-06T17:04:02.1110834+08:00 pid=87080 tid=12 left-down x=2039 y=1034 wordForeground=True
2026-09-06T17:04:11.5998888+08:00 pid=87080 tid=12 left-down x=759 y=1233 wordForeground=False
2026-09-06T17:06:40.6363522+08:00 pid=87080 tid=12 left-down x=672 y=1256 wordForeground=False
2026-09-06T17:06:49.4915441+08:00 pid=87080 tid=12 left-down x=250 y=1460 wordForeground=False
2026-09-06T17:06:52.4806557+08:00 pid=87080 tid=12 left-down x=902 y=1143 wordForeground=False
2026-09-06T17:08:06.6751557+08:00 pid=87080 tid=12 left-down x=1382 y=1120 wordForeground=False
2026-09-06T17:08:09.5991197+08:00 pid=87080 tid=12 left-down x=2332 y=460 wordForeground=False
2026-09-06T17:08:12.0004137+08:00 pid=87080 tid=12 left-down x=2492 y=460 wordForeground=False
2026-09-06T17:08:27.5364548+08:00 pid=87080 tid=12 left-down x=1776 y=1270 wordForeground=False
2026-09-06T17:08:40.4701608+08:00 pid=87080 tid=12 left-down x=2024 y=1187 wordForeground=True
2026-09-06T17:09:35.5890156+08:00 pid=87080 tid=12 left-down x=841 y=1058 wordForeground=False
2026-09-06T17:10:29.6387443+08:00 pid=87080 tid=12 left-down x=1945 y=1414 wordForeground=True
2026-09-06T17:10:33.5860214+08:00 pid=87080 tid=12 left-down x=782 y=1229 wordForeground=False
2026-09-06T17:10:37.1355225+08:00 pid=87080 tid=12 left-down x=720 y=1078 wordForeground=False
2026-09-06T17:10:40.2277185+08:00 pid=87080 tid=12 left-down x=607 y=974 wordForeground=False
2026-09-06T17:10:43.7695752+08:00 pid=87080 tid=12 left-down x=1871 y=407 wordForeground=False
2026-09-06T17:10:47.8461135+08:00 pid=87080 tid=12 left-down x=2301 y=1453 wordForeground=True
2026-09-06T17:11:36.2214241+08:00 pid=87080 tid=12 left-down x=1776 y=1270 wordForeground=False
2026-09-06T17:13:18.5576433+08:00 pid=87080 tid=12 left-down x=837 y=1224 wordForeground=False
2026-09-06T17:14:14.9562563+08:00 pid=87080 tid=12 left-down x=1838 y=688 wordForeground=True
2026-09-06T17:15:23.3661206+08:00 pid=87080 tid=12 left-down x=1141 y=1087 wordForeground=True
2026-09-06T17:15:24.1767694+08:00 pid=87080 tid=12 left-down x=1141 y=1087 wordForeground=True
2026-09-06T17:16:49.2737365+08:00 pid=87080 tid=12 left-down x=779 y=1278 wordForeground=False
2026-09-06T17:18:48.1616403+08:00 pid=87080 tid=12 left-down x=770 y=1201 wordForeground=False
2026-09-06T17:18:55.3104671+08:00 pid=87080 tid=12 left-down x=2258 y=1350 wordForeground=True
2026-09-06T17:20:33.1378844+08:00 pid=87080 tid=12 left-down x=1382 y=1120 wordForeground=False
2026-09-06T17:20:35.8961249+08:00 pid=87080 tid=12 left-down x=2332 y=460 wordForeground=False
2026-09-06T17:20:38.4592115+08:00 pid=87080 tid=12 left-down x=2492 y=460 wordForeground=False
2026-09-06T17:22:09.7761421+08:00 pid=87080 tid=12 left-down x=1935 y=1345 wordForeground=True
2026-09-06T17:22:13.1184508+08:00 pid=87080 tid=12 left-down x=1808 y=1615 wordForeground=True
2026-09-06T17:23:04.2647623+08:00 pid=87080 tid=12 left-down x=1776 y=1270 wordForeground=False
2026-09-06T17:23:32.3935471+08:00 pid=87080 tid=12 left-down x=2024 y=1187 wordForeground=True
2026-09-06T17:32:00.4774797+08:00 pid=87080 tid=12 left-down x=868 y=930 wordForeground=False
2026-09-06T17:32:12.1785197+08:00 pid=87080 tid=12 left-down x=716 y=707 wordForeground=False
2026-09-06T17:32:14.6737077+08:00 pid=87080 tid=12 left-down x=653 y=533 wordForeground=False
2026-09-06T17:32:17.9884487+08:00 pid=87080 tid=12 left-down x=1891 y=416 wordForeground=False
2026-09-06T17:34:01.1087488+08:00 pid=87080 tid=12 left-down x=1382 y=1120 wordForeground=False
2026-09-06T17:34:04.3329332+08:00 pid=87080 tid=12 left-down x=2332 y=460 wordForeground=False
2026-09-06T17:34:06.8652223+08:00 pid=87080 tid=12 left-down x=2492 y=460 wordForeground=False
2026-09-06T17:35:39.1361844+08:00 pid=87080 tid=12 left-down x=675 y=1190 wordForeground=False
2026-09-06T17:35:45.8341643+08:00 pid=87080 tid=12 left-down x=1961 y=1652 wordForeground=True
2026-09-06T17:35:48.9498702+08:00 pid=87080 tid=12 left-down x=1986 y=1555 wordForeground=True
2026-09-06T17:36:00.6261281+08:00 pid=87080 tid=12 left-down x=1382 y=1120 wordForeground=False
2026-09-06T17:36:03.6773995+08:00 pid=87080 tid=12 left-down x=2332 y=460 wordForeground=False
2026-09-06T17:36:06.2861852+08:00 pid=87080 tid=12 left-down x=2492 y=460 wordForeground=False
2026-09-06T17:38:53.7931311+08:00 pid=87080 tid=12 left-down x=813 y=1058 wordForeground=False
2026-09-06T17:39:05.7862622+08:00 pid=87080 tid=12 left-down x=2050 y=1012 wordForeground=True
2026-09-06T17:39:09.4016311+08:00 pid=87080 tid=12 left-down x=255 y=1492 wordForeground=False
2026-09-06T17:39:12.3712484+08:00 pid=87080 tid=12 left-down x=961 y=1043 wordForeground=False
2026-09-06T17:40:56.3981474+08:00 pid=87080 tid=12 left-down x=1382 y=1120 wordForeground=False
2026-09-06T17:40:59.1422390+08:00 pid=87080 tid=12 left-down x=2332 y=460 wordForeground=False
2026-09-06T17:41:01.5425782+08:00 pid=87080 tid=12 left-down x=2492 y=460 wordForeground=False
2026-09-06T17:41:58.0679629+08:00 pid=87080 tid=12 left-down x=1776 y=1270 wordForeground=False
2026-09-06T17:42:16.3975281+08:00 pid=87080 tid=12 left-down x=2024 y=1187 wordForeground=True
2026-09-06T17:44:00.5636521+08:00 pid=87080 tid=12 left-down x=596 y=1205 wordForeground=False
2026-09-06T17:44:21.2760812+08:00 pid=87080 tid=12 left-down x=2094 y=1018 wordForeground=True
2026-09-06T17:44:24.6227160+08:00 pid=87080 tid=12 left-down x=763 y=1215 wordForeground=False
2026-09-06T17:45:08.8829109+08:00 pid=87080 tid=12 left-down x=737 y=1273 wordForeground=False
2026-09-06T17:45:12.9704280+08:00 pid=87080 tid=12 left-down x=2357 y=1096 wordForeground=False
2026-09-06T17:47:33.4935941+08:00 pid=87080 tid=12 left-down x=894 y=1217 wordForeground=False
2026-09-06T17:47:52.7123444+08:00 pid=87080 tid=12 left-down x=1382 y=1120 wordForeground=False
2026-09-06T17:47:55.4788344+08:00 pid=87080 tid=12 left-down x=2332 y=460 wordForeground=False
2026-09-06T17:47:58.1237005+08:00 pid=87080 tid=12 left-down x=2492 y=460 wordForeground=False
2026-09-06T17:48:43.4949650+08:00 pid=87080 tid=12 left-down x=1776 y=1270 wordForeground=False
2026-09-06T17:48:58.8568156+08:00 pid=87080 tid=12 left-down x=2024 y=1187 wordForeground=True
2026-09-06T17:50:38.5447304+08:00 pid=87080 tid=12 left-down x=836 y=1237 wordForeground=False
2026-09-06T17:50:42.6623541+08:00 pid=87080 tid=12 left-down x=2059 y=1068 wordForeground=True
2026-09-06T17:51:47.9482598+08:00 pid=87080 tid=12 left-down x=607 y=1205 wordForeground=False
2026-09-06T17:51:51.3629530+08:00 pid=87080 tid=12 left-down x=1466 y=1103 wordForeground=False
2026-09-06T17:54:22.8945062+08:00 pid=87080 tid=12 left-down x=1382 y=1120 wordForeground=False
2026-09-06T17:54:26.1890687+08:00 pid=87080 tid=12 left-down x=2332 y=460 wordForeground=False
2026-09-06T17:54:28.9142609+08:00 pid=87080 tid=12 left-down x=2492 y=460 wordForeground=False
2026-09-06T17:55:23.5868301+08:00 pid=87080 tid=12 left-down x=1776 y=1270 wordForeground=False
2026-09-06T17:55:39.3195809+08:00 pid=87080 tid=12 left-down x=2024 y=1211 wordForeground=True
2026-09-06T17:57:00.0225025+08:00 pid=87080 tid=12 left-down x=808 y=1255 wordForeground=False
2026-09-06T17:57:08.9858008+08:00 pid=87080 tid=12 left-down x=1866 y=1723 wordForeground=True
2026-09-06T17:57:18.7843651+08:00 pid=87080 tid=12 left-down x=1905 y=1516 wordForeground=True
2026-09-06T17:58:42.7750521+08:00 pid=87080 tid=12 left-down x=1948 y=1269 wordForeground=True
2026-09-06T17:58:46.5287540+08:00 pid=87080 tid=12 left-down x=1778 y=1476 wordForeground=True
2026-09-06T17:58:50.4511973+08:00 pid=87080 tid=12 left-down x=1141 y=1482 wordForeground=True
2026-09-06T17:58:51.2079534+08:00 pid=87080 tid=12 left-down x=1141 y=1482 wordForeground=True
2026-09-06T17:59:17.9760831+08:00 pid=87080 tid=12 left-down x=1776 y=1270 wordForeground=False
2026-09-06T18:00:01.1004789+08:00 pid=87080 tid=12 left-down x=853 y=1268 wordForeground=False
2026-09-06T18:00:04.5032376+08:00 pid=87080 tid=12 left-down x=2132 y=1445 wordForeground=True
2026-09-06T18:02:52.7776619+08:00 pid=87080 tid=12 left-down x=705 y=1242 wordForeground=False
2026-09-06T18:02:57.4469576+08:00 pid=87080 tid=12 left-down x=2064 y=1539 wordForeground=True
2026-09-06T18:03:22.5654177+08:00 pid=87080 tid=12 left-down x=1776 y=1270 wordForeground=False
2026-09-06T18:08:47.3730877+08:00 pid=87080 tid=12 left-down x=765 y=1027 wordForeground=False
2026-09-06T18:08:51.6415253+08:00 pid=87080 tid=12 left-down x=247 y=1478 wordForeground=False
2026-09-06T18:08:55.3536694+08:00 pid=87080 tid=12 left-down x=664 y=936 wordForeground=False
2026-09-06T18:08:59.3396012+08:00 pid=87080 tid=12 left-down x=1877 y=399 wordForeground=False
2026-09-06T18:11:21.0169018+08:00 pid=87080 tid=12 left-down x=822 y=1270 wordForeground=False
2026-09-06T18:11:30.8478957+08:00 pid=87080 tid=12 left-down x=1265 y=1795 wordForeground=True
2026-09-06T18:13:08.0407303+08:00 pid=87080 tid=12 left-down x=1317 y=747 wordForeground=False
2026-09-06T18:13:10.5259859+08:00 pid=87080 tid=12 left-down x=1602 y=747 wordForeground=False
2026-09-06T18:13:27.0564719+08:00 pid=87080 tid=12 left-down x=1382 y=1120 wordForeground=False
2026-09-06T18:13:30.0891124+08:00 pid=87080 tid=12 left-down x=2332 y=460 wordForeground=False
2026-09-06T18:13:32.6393596+08:00 pid=87080 tid=12 left-down x=2492 y=460 wordForeground=False
2026-09-06T18:14:34.3624361+08:00 pid=87080 tid=12 left-down x=806 y=1212 wordForeground=False
2026-09-06T18:14:51.2686183+08:00 pid=87080 tid=12 left-down x=815 y=1228 wordForeground=False
2026-09-06T18:14:58.2334461+08:00 pid=87080 tid=12 left-down x=2177 y=1494 wordForeground=True
2026-09-06T18:15:01.9805471+08:00 pid=87080 tid=12 left-down x=2100 y=1471 wordForeground=True
2026-09-06T18:15:03.7153517+08:00 pid=87080 tid=12 left-down x=2019 y=1474 wordForeground=True
2026-09-06T18:15:04.1977568+08:00 pid=87080 tid=12 left-down x=2019 y=1475 wordForeground=True
2026-09-06T18:15:04.1987572+08:00 pid=87080 tid=12 double-click elapsedMs=482.456 withinX=True withinY=True nativeOleTarget=False suppressSecondDown=False dispatchCallback=True
2026-09-06T18:15:04.3064399+08:00 pid=87080 tid=20 callback-begin interceptedNativeOle=False x=2019 y=1475
2026-09-06T18:15:04.3074395+08:00 pid=87080 tid=20 addin-callback-received interceptedNativeOle=False x=2019 y=1475
2026-09-06T18:15:04.3074395+08:00 pid=87080 tid=20 callback-end
2026-09-06T18:15:04.3114380+08:00 pid=87080 tid=1 addin-coordinate-selection formulaId=<null> objectMode=<null>
2026-09-06T18:15:12.5445230+08:00 pid=87080 tid=12 left-down x=2639 y=748 wordForeground=True
2026-09-06T18:15:17.2400269+08:00 pid=87080 tid=12 left-down x=835 y=1292 wordForeground=False
2026-09-06T18:15:19.4290965+08:00 pid=87080 tid=12 left-down x=848 y=1359 wordForeground=False
2026-09-06T18:15:21.5790526+08:00 pid=87080 tid=12 left-down x=863 y=1433 wordForeground=False
2026-09-06T18:15:56.7034371+08:00 pid=87080 tid=12 left-down x=218 y=1472 wordForeground=False
2026-09-06T18:18:00.4833396+08:00 pid=87080 tid=12 left-down x=1317 y=747 wordForeground=False
2026-09-06T18:18:18.4795289+08:00 pid=87080 tid=12 left-down x=1382 y=1120 wordForeground=False
2026-09-06T18:18:21.8215584+08:00 pid=87080 tid=12 left-down x=2332 y=460 wordForeground=False
2026-09-06T18:18:24.4330709+08:00 pid=87080 tid=12 left-down x=2492 y=460 wordForeground=False
2026-09-06T18:19:41.2974832+08:00 pid=87080 tid=12 left-down x=1776 y=1270 wordForeground=False
2026-09-06T18:19:55.3023994+08:00 pid=87080 tid=12 left-down x=2024 y=1211 wordForeground=True
2026-09-06T18:22:19.1591293+08:00 pid=87080 tid=12 left-down x=2067 y=1076 wordForeground=True
2026-09-06T18:22:25.0544774+08:00 pid=87080 tid=12 left-down x=1136 y=1362 wordForeground=False
2026-09-06T18:22:56.0515603+08:00 pid=87080 tid=12 left-down x=2228 y=1331 wordForeground=False
2026-09-06T18:23:01.7020429+08:00 pid=87080 tid=12 left-down x=684 y=811 wordForeground=False
2026-09-06T18:23:03.6633971+08:00 pid=87080 tid=12 left-down x=677 y=753 wordForeground=False
2026-09-06T18:23:09.7497281+08:00 pid=87080 tid=12 left-down x=1890 y=411 wordForeground=False
2026-09-06T18:23:16.2232942+08:00 pid=87080 tid=12 left-down x=1381 y=2159 wordForeground=False
2026-09-06T18:23:24.7025291+08:00 pid=87080 tid=12 left-down x=803 y=1363 wordForeground=False
2026-09-06T18:25:27.3783290+08:00 pid=87080 tid=12 left-down x=1245 y=1142 wordForeground=False
2026-09-06T18:25:32.6905837+08:00 pid=87080 tid=12 left-down x=227 y=1461 wordForeground=False
2026-09-06T18:25:38.2084435+08:00 pid=87080 tid=12 left-down x=830 y=1233 wordForeground=False
