2026-09-06T16:40:18.8686922+08:00 pid=101980 tid=1 word-addin-loaded pid=101980 assembly=C:\Users\pojian_liao\AppData\Local\VisualTeX\office\remediation-builds\FA6A32E23000D34F828C840F615576BE78E6C1C462BFD97FC77BC2E22085F31D\VisualTeX.WordVsto.dll mvid=c8680fd8-e842-4f9c-9c64-5c1bbd176792
2026-09-06T16:40:19.2835760+08:00 pid=101980 tid=1 hook-started handle=0x3627F
2026-09-06T16:40:19.5306257+08:00 pid=101980 tid=10 mathtype-native-preview-shared-prewarm-complete
2026-09-06T16:40:44.7646765+08:00 pid=101980 tid=1 bulk-import bulk-import-start
2026-09-06T16:40:44.8473290+08:00 pid=101980 tid=17 bulk-import bulk-import-ui-created sessionId=c13ac9e1-ce62-4f3a-9ac2-b826f0ba468e
2026-09-06T16:40:44.8513294+08:00 pid=101980 tid=17 bulk-import bulk-import-ui-opened sessionId=c13ac9e1-ce62-4f3a-9ac2-b826f0ba468e
2026-09-06T16:40:48.8442684+08:00 pid=101980 tid=12 left-down x=1382 y=1120 wordForeground=False
2026-09-06T16:40:51.8206131+08:00 pid=101980 tid=12 left-down x=2332 y=460 wordForeground=False
2026-09-06T16:40:54.1622074+08:00 pid=101980 tid=12 left-down x=2492 y=460 wordForeground=False
2026-09-06T16:40:56.8611428+08:00 pid=101980 tid=16 bulk-import bulk-import-ui-finished sessionId=c13ac9e1-ce62-4f3a-9ac2-b826f0ba468e status=committing error=<null>
2026-09-06T16:40:56.8691438+08:00 pid=101980 tid=16 bulk-import parsed blocks=15 formulas=6 mode=Ole fontSizePt=10.5
2026-09-06T16:40:56.8841439+08:00 pid=101980 tid=16 bulk-import render-prepare index=1/6 display=inline latex=\sqrt{E-u\left(x\right)}=\frac{1}{f\left(\omega\right)v_{ph}\left(\omega,x\right)}
2026-09-06T16:40:56.8871451+08:00 pid=101980 tid=16 bulk-import converter-create display=inline mode=nativeOle latex=\sqrt{E-u\left(x\right)}=\frac{1}{f\left(\omega\right)v_{ph}\left(\omega,x\right)}
2026-09-06T16:40:56.8947458+08:00 pid=101980 tid=6 bulk-import converter-created sessionId=97b79e51-60a4-4e1d-87fb-2e15d810c8df
2026-09-06T16:40:56.8957432+08:00 pid=101980 tid=6 bulk-import render-prepare index=2/6 display=block latex=\begin{cases}\frac{\mathrm{d}}{\mathrm{d}\omega}\left(\omega f\left(\omega\right)\right)=0 \\ \frac{\omega f\left(\omega\right)}{2}\frac{\mathrm{d}E\left(\omega\right)}{\mathrm{d}\omega}=\sqrt{\frac{m}{2}} \end{cases}
2026-09-06T16:40:56.8967431+08:00 pid=101980 tid=6 bulk-import converter-create display=block mode=nativeOle latex=\begin{cases}\frac{\mathrm{d}}{\mathrm{d}\omega}\left(\omega f\left(\omega\right)\right)=0 \\ \frac{\omega f\left(\omega\right)}{2}\frac{\mathrm{d}E\left(\omega\right)}{\mathrm{d}\omega}=\sqrt{\frac{m}{2}} \end{cases}
2026-09-06T16:40:56.8997466+08:00 pid=101980 tid=16 bulk-import converter-created sessionId=83ba9fe5-c897-430f-a8ca-c2d895f73df2
2026-09-06T16:40:56.9007446+08:00 pid=101980 tid=16 bulk-import render-prepare index=3/6 display=block latex=\sqrt{\frac{m}{2\left(E\left(\omega\right)-U\right)}}=\frac{\mathrm{d}}{\mathrm{d}\omega}\left(\omega\cdot f\left(\omega\right)\sqrt{\left(E\left(\omega\right)-U\right)}\right)
2026-09-06T16:40:56.9007446+08:00 pid=101980 tid=16 bulk-import converter-create display=block mode=nativeOle latex=\sqrt{\frac{m}{2\left(E\left(\omega\right)-U\right)}}=\frac{\mathrm{d}}{\mathrm{d}\omega}\left(\omega\cdot f\left(\omega\right)\sqrt{\left(E\left(\omega\right)-U\right)}\right)
2026-09-06T16:40:56.9047446+08:00 pid=101980 tid=6 bulk-import converter-created sessionId=9216024c-bd23-428d-a4e7-34be3f1c8af5
2026-09-06T16:40:56.9057432+08:00 pid=101980 tid=6 bulk-import render-prepare index=4/6 display=block latex=i\hbar \frac{\partial}{\partial t}\psi(\mathbf{r},t) = \left[ -\frac{\hbar^2}{2m}\nabla^2 + V(\mathbf{r},t) \right]\psi(\mathbf{r},t)
2026-09-06T16:40:56.9057432+08:00 pid=101980 tid=6 bulk-import converter-create display=block mode=nativeOle latex=i\hbar \frac{\partial}{\partial t}\psi(\mathbf{r},t) = \left[ -\frac{\hbar^2}{2m}\nabla^2 + V(\mathbf{r},t) \right]\psi(\mathbf{r},t)
2026-09-06T16:40:56.9093773+08:00 pid=101980 tid=16 bulk-import converter-created sessionId=4dba428d-bfe1-4082-97ef-3b4e11cc12be
2026-09-06T16:40:56.9093773+08:00 pid=101980 tid=16 bulk-import render-prepare index=5/6 display=block latex=\frac{\partial}{\partial t}\psi ^*\left( \vec{r} \right) \psi \left( \vec{r} \right) =\frac{i\hbar}{2m}\nabla \cdot \left[ \psi ^*\left( \vec{r} \right) \nabla \psi \left( \vec{r} \right) -\psi \left( \vec{r} \right) \nabla \psi ^*\left( r \right) \right]
2026-09-06T16:40:56.9103766+08:00 pid=101980 tid=16 bulk-import converter-create display=block mode=nativeOle latex=\frac{\partial}{\partial t}\psi ^*\left( \vec{r} \right) \psi \left( \vec{r} \right) =\frac{i\hbar}{2m}\nabla \cdot \left[ \psi ^*\left( \vec{r} \right) \nabla \psi \left( \vec{r} \right) -\psi \left( \vec{r} \right) \nabla \psi ^*\left( r \right) \right]
2026-09-06T16:40:56.9133774+08:00 pid=101980 tid=6 bulk-import converter-created sessionId=a30211e2-f749-430e-871e-4bb20bac98cb
2026-09-06T16:40:56.9133774+08:00 pid=101980 tid=6 bulk-import render-prepare index=6/6 display=block latex=\frac{\partial}{\partial t}\rho \left( \vec{r},t \right) +\nabla \cdot \vec{j}=0
2026-09-06T16:40:56.9143772+08:00 pid=101980 tid=6 bulk-import converter-create display=block mode=nativeOle latex=\frac{\partial}{\partial t}\rho \left( \vec{r},t \right) +\nabla \cdot \vec{j}=0
2026-09-06T16:40:56.9173786+08:00 pid=101980 tid=16 bulk-import converter-created sessionId=7e0aab1a-585e-4670-9889-6579ad553b0c
2026-09-06T16:40:56.9173786+08:00 pid=101980 tid=16 bulk-import render-batch-start unique=6 total=6
2026-09-06T16:40:57.0950902+08:00 pid=101980 tid=6 bulk-import render-batch-item sessionId=97b79e51-60a4-4e1d-87fb-2e15d810c8df status=committing display=inline
2026-09-06T16:40:57.2091184+08:00 pid=101980 tid=16 bulk-import render-batch-item sessionId=83ba9fe5-c897-430f-a8ca-c2d895f73df2 status=committing display=block
2026-09-06T16:40:57.3134530+08:00 pid=101980 tid=6 bulk-import render-batch-item sessionId=9216024c-bd23-428d-a4e7-34be3f1c8af5 status=committing display=block
2026-09-06T16:40:57.4229573+08:00 pid=101980 tid=16 bulk-import render-batch-item sessionId=4dba428d-bfe1-4082-97ef-3b4e11cc12be status=committing display=block
2026-09-06T16:40:57.5272969+08:00 pid=101980 tid=6 bulk-import render-batch-item sessionId=a30211e2-f749-430e-871e-4bb20bac98cb status=committing display=block
2026-09-06T16:40:57.6285169+08:00 pid=101980 tid=16 bulk-import render-batch-item sessionId=7e0aab1a-585e-4670-9889-6579ad553b0c status=committing display=block
2026-09-06T16:40:57.6295165+08:00 pid=101980 tid=16 bulk-import render-batch-complete unique=6 elapsedMs=711
2026-09-06T16:40:57.7038604+08:00 pid=101980 tid=1 word-undo-begin name=VisualTeX 批量导入 recording=False level=0
2026-09-06T16:40:57.7048602+08:00 pid=101980 tid=1 word-undo-started name=VisualTeX 批量导入 recording=True level=1
2026-09-06T16:40:58.4488397+08:00 pid=101980 tid=1 word-xml-incomplete-export document=文档138 attempt=1 maths=0/0 oles=0/6
2026-09-06T16:40:59.7589962+08:00 pid=101980 tid=1 bulk-import-ole-identities-finalized repaired=5
2026-09-06T16:40:59.7609976+08:00 pid=101980 tid=1 word-undo-end recording=False level=0
2026-09-06T16:40:59.7609976+08:00 pid=101980 tid=19 bulk-import bulk-insert-complete blocks=15 formulas=6 elapsedMs=2130
2026-09-06T16:40:59.7619981+08:00 pid=101980 tid=19 bulk-import bulk-import-complete blocks=15 formulas=6 elapsedMs=14996
2026-09-06T16:40:59.7619981+08:00 pid=101980 tid=19 bulk-import bulk-operation-gate-released
2026-09-06T16:40:59.8051629+08:00 pid=101980 tid=22 office-session-finalization-complete sessions=7 completed=True
2026-09-06T16:43:14.3135486+08:00 pid=101980 tid=12 left-down x=1776 y=1270 wordForeground=False
2026-09-06T16:43:18.4083610+08:00 pid=101980 tid=1 word-undo-begin name=VisualTeX Convert or Update Native OLE Formula recording=False level=0
2026-09-06T16:43:18.4083610+08:00 pid=101980 tid=1 word-undo-started name=VisualTeX Convert or Update Native OLE Formula recording=True level=1
2026-09-06T16:43:18.4133593+08:00 pid=101980 tid=1 format-conversion-subperf [perf] ReplaceOle.locate-target: +5ms (5ms total)
2026-09-06T16:43:18.4283600+08:00 pid=101980 tid=1 format-conversion-subperf [perf] ReplaceOle.update-native-object: +15ms (20ms total)
2026-09-06T16:43:18.4607934+08:00 pid=101980 tid=1 format-conversion-subperf [perf] ReplaceOle.configure: +32ms (52ms total)
2026-09-06T16:43:18.6349343+08:00 pid=101980 tid=1 format-conversion-subperf [perf] ReplaceOle.reconcile: +174ms (226ms total)
2026-09-06T16:43:18.6349343+08:00 pid=101980 tid=1 format-conversion-subperf [perf] ReplaceOle.selection: +1ms (227ms total)
2026-09-06T16:43:18.6429355+08:00 pid=101980 tid=1 word-undo-end recording=True level=1
2026-09-06T16:43:18.6479350+08:00 pid=101980 tid=28 ribbon-session-operation-released sessionId=3d678db6-e972-480e-9339-9e7090972a04
2026-09-06T16:44:45.1743219+08:00 pid=101980 tid=12 left-down x=2024 y=1187 wordForeground=True
2026-09-06T16:44:51.4005222+08:00 pid=101980 tid=1 word-undo-begin name=VisualTeX Insert Equation Reference recording=False level=0
2026-09-06T16:44:51.4005222+08:00 pid=101980 tid=1 word-undo-started name=VisualTeX Insert Equation Reference recording=True level=1
2026-09-06T16:44:51.4690967+08:00 pid=101980 tid=1 word-undo-end recording=True level=1
2026-09-06T16:44:51.4700939+08:00 pid=101980 tid=1 reference-insertion-complete target=VisualTeX 公式 (0.0-2)
2026-09-06T16:45:49.9027130+08:00 pid=101980 tid=12 left-down x=691 y=1252 wordForeground=True
2026-09-06T16:45:59.7489479+08:00 pid=101980 tid=12 left-down x=191 y=1485 wordForeground=False
2026-09-06T16:46:02.5094015+08:00 pid=101980 tid=12 left-down x=2508 y=1121 wordForeground=False
2026-09-06T16:46:24.2773176+08:00 pid=101980 tid=1 format-conversion-start sourceMode=nativeOle targetMode=wordOmml wholeDocument=True
2026-09-06T16:46:24.2923190+08:00 pid=101980 tid=1 format-conversion-plan-perf stage=shape-access source=nativeOle index=1/6 deltaMs=0 totalMs=0
2026-09-06T16:46:24.2943180+08:00 pid=101980 tid=1 format-conversion-plan-perf stage=shape-range source=nativeOle index=1/6 deltaMs=1 totalMs=1
2026-09-06T16:46:24.3183163+08:00 pid=101980 tid=1 format-conversion-plan-perf stage=target-added source=nativeOle index=1/6 deltaMs=25 totalMs=26
2026-09-06T16:46:24.3193190+08:00 pid=101980 tid=1 format-conversion-plan-perf stage=shape-access source=nativeOle index=2/6 deltaMs=0 totalMs=0
2026-09-06T16:46:24.3203171+08:00 pid=101980 tid=1 format-conversion-plan-perf stage=shape-range source=nativeOle index=2/6 deltaMs=0 totalMs=0
2026-09-06T16:46:24.3543164+08:00 pid=101980 tid=1 format-conversion-plan-perf stage=target-added source=nativeOle index=2/6 deltaMs=35 totalMs=35
2026-09-06T16:46:24.3553173+08:00 pid=101980 tid=1 format-conversion-plan-perf stage=shape-access source=nativeOle index=3/6 deltaMs=0 totalMs=0
2026-09-06T16:46:24.3563166+08:00 pid=101980 tid=1 format-conversion-plan-perf stage=shape-range source=nativeOle index=3/6 deltaMs=0 totalMs=0
2026-09-06T16:46:24.3873211+08:00 pid=101980 tid=1 format-conversion-plan-perf stage=target-added source=nativeOle index=3/6 deltaMs=31 totalMs=31
2026-09-06T16:46:24.3873211+08:00 pid=101980 tid=1 format-conversion-plan-perf stage=shape-access source=nativeOle index=4/6 deltaMs=0 totalMs=0
2026-09-06T16:46:24.3883177+08:00 pid=101980 tid=1 format-conversion-plan-perf stage=shape-range source=nativeOle index=4/6 deltaMs=0 totalMs=0
2026-09-06T16:46:24.4243159+08:00 pid=101980 tid=1 format-conversion-plan-perf stage=target-added source=nativeOle index=4/6 deltaMs=36 totalMs=36
2026-09-06T16:46:24.4253166+08:00 pid=101980 tid=1 format-conversion-plan-perf stage=shape-access source=nativeOle index=5/6 deltaMs=0 totalMs=0
2026-09-06T16:46:24.4263188+08:00 pid=101980 tid=1 format-conversion-plan-perf stage=shape-range source=nativeOle index=5/6 deltaMs=0 totalMs=0
2026-09-06T16:46:24.4543165+08:00 pid=101980 tid=1 format-conversion-plan-perf stage=target-added source=nativeOle index=5/6 deltaMs=29 totalMs=29
2026-09-06T16:46:24.4553161+08:00 pid=101980 tid=1 format-conversion-plan-perf stage=shape-access source=nativeOle index=6/6 deltaMs=0 totalMs=0
2026-09-06T16:46:24.4553161+08:00 pid=101980 tid=1 format-conversion-plan-perf stage=shape-range source=nativeOle index=6/6 deltaMs=0 totalMs=0
2026-09-06T16:46:24.4883162+08:00 pid=101980 tid=1 format-conversion-plan-perf stage=target-added source=nativeOle index=6/6 deltaMs=33 totalMs=33
2026-09-06T16:46:24.4893161+08:00 pid=101980 tid=1 format-conversion-plan sourceMode=nativeOle targetMode=wordOmml targets=6
2026-09-06T16:46:28.3104268+08:00 pid=101980 tid=10 bulk-import converter-create display=inline mode=wordOmml latex=\sqrt{E-u\left(x\right)}=\frac{1}{f\left(\omega\right)v_{ph}\left(\omega,x\right)}
2026-09-06T16:46:28.3144270+08:00 pid=101980 tid=21 bulk-import converter-created sessionId=5027b264-cc20-48ef-abb0-faffff28293c
2026-09-06T16:46:28.3154301+08:00 pid=101980 tid=21 bulk-import converter-create display=block mode=wordOmml latex=\begin{cases}\frac{\mathrm{d}}{\mathrm{d}\omega}\left(\omega f\left(\omega\right)\right)=0 \\ \frac{\omega f\left(\omega\right)}{2}\frac{\mathrm{d}E\left(\omega\right)}{\mathrm{d}\omega}=\sqrt{\frac{m}{2}} \end{cases}
2026-09-06T16:46:28.3186232+08:00 pid=101980 tid=22 bulk-import converter-created sessionId=b070aa4b-0b1b-4ca9-900e-779fae44307d
2026-09-06T16:46:28.3186232+08:00 pid=101980 tid=22 bulk-import converter-create display=block mode=wordOmml latex=E=mc^2
2026-09-06T16:46:28.3226283+08:00 pid=101980 tid=21 bulk-import converter-created sessionId=8a48a5d6-5456-4a3a-8c19-fe4cd2500040
2026-09-06T16:46:28.3226283+08:00 pid=101980 tid=21 bulk-import converter-create display=block mode=wordOmml latex=i\hbar \frac{\partial}{\partial t}\psi(\mathbf{r},t) = \left[ -\frac{\hbar^2}{2m}\nabla^2 + V(\mathbf{r},t) \right]\psi(\mathbf{r},t)
2026-09-06T16:46:28.3256284+08:00 pid=101980 tid=22 bulk-import converter-created sessionId=f8064456-fae1-4493-b19d-885b537ac92f
2026-09-06T16:46:28.3266298+08:00 pid=101980 tid=22 bulk-import converter-create display=block mode=wordOmml latex=\frac{\partial}{\partial t}\psi ^*\left( \vec{r} \right) \psi \left( \vec{r} \right) =\frac{i\hbar}{2m}\nabla \cdot \left[ \psi ^*\left( \vec{r} \right) \nabla \psi \left( \vec{r} \right) -\psi \left( \vec{r} \right) \nabla \psi ^*\left( r \right) \right]
2026-09-06T16:46:28.3296286+08:00 pid=101980 tid=21 bulk-import converter-created sessionId=a5fe9fa3-a9a2-45f3-b9f6-abb178e81178
2026-09-06T16:46:28.3296286+08:00 pid=101980 tid=21 bulk-import converter-create display=block mode=wordOmml latex=\frac{\partial}{\partial t}\rho \left( \vec{r},t \right) +\nabla \cdot \vec{j}=0
2026-09-06T16:46:28.3326284+08:00 pid=101980 tid=22 bulk-import converter-created sessionId=0164e88d-eaa4-4e88-86ad-e59675c0c5be
2026-09-06T16:46:28.3336300+08:00 pid=101980 tid=22 format-conversion-render-start sourceMode=nativeOle targetMode=wordOmml sessions=6
2026-09-06T16:46:28.3673619+08:00 pid=101980 tid=21 format-conversion-rendered sourceMode=nativeOle targetMode=wordOmml sessionId=5027b264-cc20-48ef-abb0-faffff28293c status=committing
2026-09-06T16:46:28.3683604+08:00 pid=101980 tid=22 format-conversion-rendered sourceMode=nativeOle targetMode=wordOmml sessionId=b070aa4b-0b1b-4ca9-900e-779fae44307d status=committing
2026-09-06T16:46:28.3693617+08:00 pid=101980 tid=21 format-conversion-rendered sourceMode=nativeOle targetMode=wordOmml sessionId=8a48a5d6-5456-4a3a-8c19-fe4cd2500040 status=committing
2026-09-06T16:46:28.3733619+08:00 pid=101980 tid=22 format-conversion-rendered sourceMode=nativeOle targetMode=wordOmml sessionId=f8064456-fae1-4493-b19d-885b537ac92f status=committing
2026-09-06T16:46:28.3813607+08:00 pid=101980 tid=21 format-conversion-rendered sourceMode=nativeOle targetMode=wordOmml sessionId=a5fe9fa3-a9a2-45f3-b9f6-abb178e81178 status=committing
2026-09-06T16:46:28.4143621+08:00 pid=101980 tid=21 format-conversion-rendered sourceMode=nativeOle targetMode=wordOmml sessionId=0164e88d-eaa4-4e88-86ad-e59675c0c5be status=committing
2026-09-06T16:46:28.4143621+08:00 pid=101980 tid=21 format-conversion-word-apply-start sourceMode=nativeOle targetMode=wordOmml targets=6
2026-09-06T16:46:28.4763606+08:00 pid=101980 tid=1 format-conversion-runtime assembly=C:\Users\pojian_liao\AppData\Local\VisualTeX\office\remediation-builds\FA6A32E23000D34F828C840F615576BE78E6C1C462BFD97FC77BC2E22085F31D\VisualTeX.WordVsto.dll source=nativeOle target=wordOmml targetIsVisualTeX=False targetIsMathType=False
2026-09-06T16:46:28.4985204+08:00 pid=101980 tid=1 format-conversion-reference-aliases-captured sourceMode=nativeOle formulaId=e75276b4-d2c0-4459-a903-d5dbef82b626 aliases=VTEqNum_e75276b4d2c04459a903d5dbef82b626
2026-09-06T16:46:29.1018646+08:00 pid=101980 tid=1 format-conversion-omml-batch-source-created formulas=6 elapsedMs=558
2026-09-06T16:46:29.1804828+08:00 pid=101980 tid=1 format-conversion-reference-counts-fast-path source=nativeOle formulas=5
2026-09-06T16:46:33.7475723+08:00 pid=101980 tid=1 word-undo-begin name=VisualTeX Convert Formula Format recording=False level=0
2026-09-06T16:46:33.7515731+08:00 pid=101980 tid=1 word-undo-started name=VisualTeX Convert Formula Format recording=True level=1
2026-09-06T16:46:33.7555731+08:00 pid=101980 tid=1 format-conversion-undo-state stage=before-preferences document=文档138 recording=True level=1
2026-09-06T16:46:33.8595027+08:00 pid=101980 tid=1 format-conversion-transaction-start targets=6
2026-09-06T16:46:33.8595027+08:00 pid=101980 tid=1 format-conversion-undo-state stage=after-preferences document=文档138 recording=True level=1
2026-09-06T16:46:33.8615028+08:00 pid=101980 tid=1 format-conversion-undo-state stage=before-source-delete document=文档138 recording=True level=1
2026-09-06T16:46:33.9145032+08:00 pid=101980 tid=1 formula-to-latex-visualtex-paragraph-replaced formulaId=4d74c37a-b6d6-4c5e-a460-5b99c3d3e78f range=776:860
2026-09-06T16:46:33.9185030+08:00 pid=101980 tid=1 format-conversion-perf stage=delete-source-host formulaId=4d74c37a-b6d6-4c5e-a460-5b99c3d3e78f numbered=True deltaMs=57 totalMs=57
2026-09-06T16:46:33.9185030+08:00 pid=101980 tid=1 format-conversion-undo-state stage=after-source-delete document=文档138 recording=True level=1
2026-09-06T16:46:33.9335027+08:00 pid=101980 tid=1 word-undo-begin name=VisualTeX Insert Word OMML Display Formula recording=True level=1
2026-09-06T16:46:33.9529501+08:00 pid=101980 tid=1 format-conversion-subperf [perf] InsertOmml.insert-native-omml: +19ms (19ms total)
2026-09-06T16:46:33.9949504+08:00 pid=101980 tid=1 format-conversion-subperf [perf] InsertOmml.post-reconcile-layout: +41ms (60ms total)
2026-09-06T16:46:33.9949504+08:00 pid=101980 tid=1 format-conversion-subperf [perf] InsertOmml.final-fingerprint: +1ms (61ms total)
2026-09-06T16:46:33.9959522+08:00 pid=101980 tid=1 format-conversion-subperf [perf] InsertOmml.final-anchor: +1ms (62ms total)
2026-09-06T16:46:34.0049513+08:00 pid=101980 tid=1 format-conversion-subperf [perf] InsertOmml.final-metadata: +9ms (71ms total)
2026-09-06T16:46:34.0049513+08:00 pid=101980 tid=1 format-conversion-perf stage=insert-target formulaId=4d74c37a-b6d6-4c5e-a460-5b99c3d3e78f numbered=True deltaMs=87 totalMs=144
2026-09-06T16:46:34.0059521+08:00 pid=101980 tid=1 format-conversion-undo-state stage=after-target-insert document=文档138 recording=True level=1
2026-09-06T16:46:34.0409530+08:00 pid=101980 tid=1 format-conversion-target-stable formulaId=4d74c37a-b6d6-4c5e-a460-5b99c3d3e78f targetMode=wordOmml count=1 elapsedMs=33
2026-09-06T16:46:34.0409530+08:00 pid=101980 tid=1 format-conversion-perf stage=verify-target formulaId=4d74c37a-b6d6-4c5e-a460-5b99c3d3e78f numbered=True deltaMs=37 totalMs=181
2026-09-06T16:46:34.0429506+08:00 pid=101980 tid=1 format-conversion-undo-state stage=before-source-delete document=文档138 recording=True level=1
2026-09-06T16:46:34.2760093+08:00 pid=101980 tid=1 formula-to-latex-visualtex-paragraph-replaced formulaId=8cfdba89-46e2-43c2-b484-0bea2b81997d range=600:859
2026-09-06T16:46:34.2901760+08:00 pid=101980 tid=1 format-conversion-perf stage=delete-source-host formulaId=8cfdba89-46e2-43c2-b484-0bea2b81997d numbered=True deltaMs=248 totalMs=248
2026-09-06T16:46:34.2911754+08:00 pid=101980 tid=1 format-conversion-undo-state stage=after-source-delete document=文档138 recording=True level=1
2026-09-06T16:46:34.2921763+08:00 pid=101980 tid=1 word-undo-begin name=VisualTeX Insert Word OMML Display Formula recording=True level=1
2026-09-06T16:46:34.3134687+08:00 pid=101980 tid=1 format-conversion-subperf [perf] InsertOmml.insert-native-omml: +21ms (21ms total)
2026-09-06T16:46:34.3803528+08:00 pid=101980 tid=1 format-conversion-subperf [perf] InsertOmml.post-reconcile-layout: +67ms (88ms total)
2026-09-06T16:46:34.3803528+08:00 pid=101980 tid=1 format-conversion-subperf [perf] InsertOmml.final-fingerprint: +0ms (88ms total)
2026-09-06T16:46:34.3813529+08:00 pid=101980 tid=1 format-conversion-subperf [perf] InsertOmml.final-anchor: +1ms (89ms total)
2026-09-06T16:46:34.3823532+08:00 pid=101980 tid=1 format-conversion-subperf [perf] InsertOmml.final-metadata: +1ms (90ms total)
2026-09-06T16:46:34.3823532+08:00 pid=101980 tid=1 format-conversion-perf stage=insert-target formulaId=8cfdba89-46e2-43c2-b484-0bea2b81997d numbered=True deltaMs=92 totalMs=340
2026-09-06T16:46:34.3833566+08:00 pid=101980 tid=1 format-conversion-undo-state stage=after-target-insert document=文档138 recording=True level=1
2026-09-06T16:46:34.4170922+08:00 pid=101980 tid=1 format-conversion-target-stable formulaId=8cfdba89-46e2-43c2-b484-0bea2b81997d targetMode=wordOmml count=2 elapsedMs=33
2026-09-06T16:46:34.4180892+08:00 pid=101980 tid=1 format-conversion-perf stage=verify-target formulaId=8cfdba89-46e2-43c2-b484-0bea2b81997d numbered=True deltaMs=36 totalMs=376
2026-09-06T16:46:34.4190931+08:00 pid=101980 tid=1 format-conversion-undo-state stage=before-source-delete document=文档138 recording=True level=1
2026-09-06T16:46:34.6531402+08:00 pid=101980 tid=1 formula-to-latex-visualtex-paragraph-replaced formulaId=8086a117-bc70-4dda-bd94-ddb493038002 range=434:571
2026-09-06T16:46:34.6684680+08:00 pid=101980 tid=1 format-conversion-perf stage=delete-source-host formulaId=8086a117-bc70-4dda-bd94-ddb493038002 numbered=True deltaMs=250 totalMs=250
2026-09-06T16:46:34.6684680+08:00 pid=101980 tid=1 format-conversion-undo-state stage=after-source-delete document=文档138 recording=True level=1
2026-09-06T16:46:34.6694682+08:00 pid=101980 tid=1 word-undo-begin name=VisualTeX Insert Word OMML Display Formula recording=True level=1
2026-09-06T16:46:34.7024292+08:00 pid=101980 tid=1 format-conversion-subperf [perf] InsertOmml.insert-native-omml: +33ms (33ms total)
2026-09-06T16:46:34.7679990+08:00 pid=101980 tid=1 format-conversion-subperf [perf] InsertOmml.post-reconcile-layout: +65ms (98ms total)
2026-09-06T16:46:34.7689988+08:00 pid=101980 tid=1 format-conversion-subperf [perf] InsertOmml.final-fingerprint: +1ms (99ms total)
2026-09-06T16:46:34.7689988+08:00 pid=101980 tid=1 format-conversion-subperf [perf] InsertOmml.final-anchor: +0ms (99ms total)
2026-09-06T16:46:34.7700003+08:00 pid=101980 tid=1 format-conversion-subperf [perf] InsertOmml.final-metadata: +1ms (100ms total)
2026-09-06T16:46:34.7709989+08:00 pid=101980 tid=1 format-conversion-perf stage=insert-target formulaId=8086a117-bc70-4dda-bd94-ddb493038002 numbered=True deltaMs=103 totalMs=353
2026-09-06T16:46:34.7720017+08:00 pid=101980 tid=1 format-conversion-undo-state stage=after-target-insert document=文档138 recording=True level=1
2026-09-06T16:46:34.8094884+08:00 pid=101980 tid=1 format-conversion-target-stable formulaId=8086a117-bc70-4dda-bd94-ddb493038002 targetMode=wordOmml count=3 elapsedMs=36
2026-09-06T16:46:34.8100113+08:00 pid=101980 tid=1 format-conversion-perf stage=verify-target formulaId=8086a117-bc70-4dda-bd94-ddb493038002 numbered=True deltaMs=38 totalMs=391
2026-09-06T16:46:34.8121188+08:00 pid=101980 tid=1 format-conversion-undo-state stage=before-source-delete document=文档138 recording=True level=1
2026-09-06T16:46:35.0421728+08:00 pid=101980 tid=1 formula-to-latex-visualtex-paragraph-replaced formulaId=e75276b4-d2c0-4459-a903-d5dbef82b626 range=247:257
2026-09-06T16:46:35.0521727+08:00 pid=101980 tid=1 format-conversion-perf stage=delete-source-host formulaId=e75276b4-d2c0-4459-a903-d5dbef82b626 numbered=True deltaMs=242 totalMs=242
2026-09-06T16:46:35.0531730+08:00 pid=101980 tid=1 format-conversion-undo-state stage=after-source-delete document=文档138 recording=True level=1
2026-09-06T16:46:35.0531730+08:00 pid=101980 tid=1 word-undo-begin name=VisualTeX Insert Word OMML Display Formula recording=True level=1
2026-09-06T16:46:35.0989513+08:00 pid=101980 tid=1 format-conversion-subperf [perf] InsertOmml.insert-native-omml: +45ms (45ms total)
2026-09-06T16:46:35.1571954+08:00 pid=101980 tid=1 format-conversion-subperf [perf] InsertOmml.post-reconcile-layout: +58ms (103ms total)
2026-09-06T16:46:35.1571954+08:00 pid=101980 tid=1 format-conversion-subperf [perf] InsertOmml.final-fingerprint: +1ms (104ms total)
2026-09-06T16:46:35.1581991+08:00 pid=101980 tid=1 format-conversion-subperf [perf] InsertOmml.final-anchor: +0ms (104ms total)
2026-09-06T16:46:35.1591973+08:00 pid=101980 tid=1 format-conversion-subperf [perf] InsertOmml.final-metadata: +1ms (105ms total)
2026-09-06T16:46:35.1591973+08:00 pid=101980 tid=1 format-conversion-perf stage=insert-target formulaId=e75276b4-d2c0-4459-a903-d5dbef82b626 numbered=True deltaMs=107 totalMs=349
2026-09-06T16:46:35.1601969+08:00 pid=101980 tid=1 format-conversion-undo-state stage=after-target-insert document=文档138 recording=True level=1
2026-09-06T16:46:35.2002983+08:00 pid=101980 tid=1 format-conversion-target-stable formulaId=e75276b4-d2c0-4459-a903-d5dbef82b626 targetMode=wordOmml count=4 elapsedMs=39
2026-09-06T16:46:35.2012973+08:00 pid=101980 tid=1 format-conversion-perf stage=verify-target formulaId=e75276b4-d2c0-4459-a903-d5dbef82b626 numbered=True deltaMs=42 totalMs=391
2026-09-06T16:46:35.2012973+08:00 pid=101980 tid=1 format-conversion-undo-state stage=before-source-delete document=文档138 recording=True level=1
2026-09-06T16:46:35.4148873+08:00 pid=101980 tid=1 formula-to-latex-visualtex-paragraph-replaced formulaId=aa18e9d7-76b1-41d2-96b6-e8caa711e5d3 range=89:310
2026-09-06T16:46:35.4298877+08:00 pid=101980 tid=1 format-conversion-perf stage=delete-source-host formulaId=aa18e9d7-76b1-41d2-96b6-e8caa711e5d3 numbered=True deltaMs=228 totalMs=228
2026-09-06T16:46:35.4298877+08:00 pid=101980 tid=1 format-conversion-undo-state stage=after-source-delete document=文档138 recording=True level=1
2026-09-06T16:46:35.4312439+08:00 pid=101980 tid=1 word-undo-begin name=VisualTeX Insert Word OMML Display Formula recording=True level=1
2026-09-06T16:46:35.4857853+08:00 pid=101980 tid=1 format-conversion-subperf [perf] InsertOmml.insert-native-omml: +54ms (54ms total)
2026-09-06T16:46:35.5780874+08:00 pid=101980 tid=1 format-conversion-subperf [perf] InsertOmml.post-reconcile-layout: +93ms (147ms total)
2026-09-06T16:46:35.5790902+08:00 pid=101980 tid=1 format-conversion-subperf [perf] InsertOmml.final-fingerprint: +0ms (147ms total)
2026-09-06T16:46:35.5790902+08:00 pid=101980 tid=1 format-conversion-subperf [perf] InsertOmml.final-anchor: +1ms (148ms total)
2026-09-06T16:46:35.5810885+08:00 pid=101980 tid=1 format-conversion-subperf [perf] InsertOmml.final-metadata: +1ms (149ms total)
2026-09-06T16:46:35.5810885+08:00 pid=101980 tid=1 format-conversion-perf stage=insert-target formulaId=aa18e9d7-76b1-41d2-96b6-e8caa711e5d3 numbered=True deltaMs=151 totalMs=379
2026-09-06T16:46:35.5820874+08:00 pid=101980 tid=1 format-conversion-undo-state stage=after-target-insert document=文档138 recording=True level=1
2026-09-06T16:46:35.6226726+08:00 pid=101980 tid=1 format-conversion-target-stable formulaId=aa18e9d7-76b1-41d2-96b6-e8caa711e5d3 targetMode=wordOmml count=5 elapsedMs=38
2026-09-06T16:46:35.6236741+08:00 pid=101980 tid=1 format-conversion-perf stage=verify-target formulaId=aa18e9d7-76b1-41d2-96b6-e8caa711e5d3 numbered=True deltaMs=43 totalMs=422
2026-09-06T16:46:35.6246753+08:00 pid=101980 tid=1 format-conversion-undo-state stage=before-source-delete document=文档138 recording=True level=1
2026-09-06T16:46:35.7106829+08:00 pid=101980 tid=1 format-conversion-perf stage=delete-source-host formulaId=b2d54e36-8d79-4ca0-b78b-587568711d70 numbered=False deltaMs=86 totalMs=86
2026-09-06T16:46:35.7116831+08:00 pid=101980 tid=1 format-conversion-undo-state stage=after-source-delete document=文档138 recording=True level=1
2026-09-06T16:46:35.7126880+08:00 pid=101980 tid=1 word-undo-begin name=VisualTeX Insert Word OMML Inline Formula recording=True level=1
2026-09-06T16:46:35.8631646+08:00 pid=101980 tid=1 format-conversion-subperf [perf] InsertOmml.insert-native-omml: +149ms (149ms total)
2026-09-06T16:46:36.3306923+08:00 pid=101980 tid=1 format-conversion-subperf [perf] InsertOmml.post-reconcile-layout: +469ms (618ms total)
2026-09-06T16:46:36.3316917+08:00 pid=101980 tid=1 format-conversion-subperf [perf] InsertOmml.final-fingerprint: +0ms (618ms total)
2026-09-06T16:46:36.3316917+08:00 pid=101980 tid=1 format-conversion-subperf [perf] InsertOmml.final-anchor: +0ms (618ms total)
2026-09-06T16:46:36.3326920+08:00 pid=101980 tid=1 format-conversion-subperf [perf] InsertOmml.final-metadata: +1ms (619ms total)
2026-09-06T16:46:36.3326920+08:00 pid=101980 tid=1 format-conversion-perf stage=insert-target formulaId=b2d54e36-8d79-4ca0-b78b-587568711d70 numbered=False deltaMs=622 totalMs=708
2026-09-06T16:46:36.3326920+08:00 pid=101980 tid=1 format-conversion-undo-state stage=after-target-insert document=文档138 recording=False level=0
2026-09-06T16:46:36.3698823+08:00 pid=101980 tid=1 format-conversion-target-stable formulaId=b2d54e36-8d79-4ca0-b78b-587568711d70 targetMode=wordOmml count=6 elapsedMs=36
2026-09-06T16:46:36.3708833+08:00 pid=101980 tid=1 format-conversion-perf stage=verify-target formulaId=b2d54e36-8d79-4ca0-b78b-587568711d70 numbered=False deltaMs=38 totalMs=746
2026-09-06T16:46:36.3718853+08:00 pid=101980 tid=1 format-conversion-finalize-perf stage=source-residual-check sourceMode=nativeOle targetMode=wordOmml deltaMs=0 totalMs=0
2026-09-06T16:46:36.3728835+08:00 pid=101980 tid=1 format-conversion-finalize-perf stage=target-count-check sourceMode=nativeOle targetMode=wordOmml deltaMs=1 totalMs=1
2026-09-06T16:46:36.3728835+08:00 pid=101980 tid=1 format-conversion-undo-state stage=before-source-window-close-commit document=文档138 recording=False level=0
2026-09-06T16:46:36.3738910+08:00 pid=101980 tid=1 format-conversion-undo-state stage=after-source-window-close-commit document=文档138 recording=False level=0
2026-09-06T16:46:36.9795901+08:00 pid=101980 tid=1 word-undo-begin name=VisualTeX Finalize Formula Conversion recording=False level=0
2026-09-06T16:46:36.9815926+08:00 pid=101980 tid=1 word-undo-started name=VisualTeX Finalize Formula Conversion recording=True level=1
2026-09-06T16:46:37.1224868+08:00 pid=101980 tid=1 word-xml-incomplete-export document=文档138 attempt=1 maths=0/6 oles=0/0
2026-09-06T16:46:37.2142165+08:00 pid=101980 tid=1 format-conversion-undo-state stage=failure-before-end document=文档138 recording=False level=0
2026-09-06T16:46:37.2142165+08:00 pid=101980 tid=1 format-conversion-undo-state stage=failure-after-end document=文档138 recording=False level=0
2026-09-06T16:46:41.6117546+08:00 pid=101980 tid=1 word-undo-history-recovery original=2209 current=2219 owned=10
2026-09-06T16:46:47.5133480+08:00 pid=101980 tid=1 format-conversion-recovery afterUndoBodyMatches=False
2026-09-06T16:46:47.6464197+08:00 pid=101980 tid=1 word-xml-incomplete-export document=文档138 attempt=1 maths=0/0 oles=0/6
2026-09-06T16:46:47.6944197+08:00 pid=101980 tid=1 format-conversion-recovery-verified body=False mathFont=True metadata=True variables=True
2026-09-06T16:46:47.7404716+08:00 pid=101980 tid=22 office-session-finalization-complete sessions=6 completed=False
2026-09-06T16:46:47.7414728+08:00 pid=101980 tid=22 format-conversion-failed sourceMode=nativeOle targetMode=wordOmml error=System.AggregateException: Conversion failed and Word undo recovery could not be verified. ---> System.IO.InvalidDataException: OMML anchor d68fd2e3-6cfe-4c44-9cfc-fb160f2974d7 owns different formula content.
   在 VisualTeX.WordVsto.WordOmmlNativeSource.IndexConversionEquationIdentities(XElement body, IReadOnlyDictionary`2 expectedFingerprints, Func`2 fingerprint, IReadOnlyDictionary`2 exactAnchorOwners)
   在 VisualTeX.WordVsto.WordOmmlNativeSource.RefreshFingerprintsFromDocumentOpenXml(Document document, IReadOnlyCollection`1 formulaIds, IReadOnlyDictionary`2 freshSourceOmml)
   在 VisualTeX.WordVsto.WordFormulaService.ApplyFormulaFormatConversionPlan(WordFormulaFormatConversionPlan plan, IReadOnlyDictionary`2 prepared)
   --- 内部异常堆栈跟踪的结尾 ---
   在 VisualTeX.WordVsto.WordFormulaService.ApplyFormulaFormatConversionPlan(WordFormulaFormatConversionPlan plan, IReadOnlyDictionary`2 prepared)
   在 VisualTeX.WordVsto.OfficeUiDispatcher.<>c__DisplayClass4_0`1.<InvokeAsync>g__Execute|0()
--- 引发异常的上一位置中堆栈跟踪的末尾 ---
   在 System.Runtime.ExceptionServices.ExceptionDispatchInfo.Throw()
   在 System.Runtime.CompilerServices.TaskAwaiter.HandleNonSuccessAndDebuggerNotification(Task task)
   在 System.Runtime.CompilerServices.ConfiguredTaskAwaitable`1.ConfiguredTaskAwaiter.GetResult()
   在 VisualTeX.WordVsto.ThisAddIn.<ConvertFormulaFormatAsync>d__165.MoveNext()
---> (内部异常 #0) System.IO.InvalidDataException: OMML anchor d68fd2e3-6cfe-4c44-9cfc-fb160f2974d7 owns different formula content.
   在 VisualTeX.WordVsto.WordOmmlNativeSource.IndexConversionEquationIdentities(XElement body, IReadOnlyDictionary`2 expectedFingerprints, Func`2 fingerprint, IReadOnlyDictionary`2 exactAnchorOwners)
   在 VisualTeX.WordVsto.WordOmmlNativeSource.RefreshFingerprintsFromDocumentOpenXml(Document document, IReadOnlyCollection`1 formulaIds, IReadOnlyDictionary`2 freshSourceOmml)
   在 VisualTeX.WordVsto.WordFormulaService.ApplyFormulaFormatConversionPlan(WordFormulaFormatConversionPlan plan, IReadOnlyDictionary`2 prepared)<---

---> (内部异常 #1) System.IO.InvalidDataException: Word undo did not restore the original content, numbering, bookmarks, formatting and metadata.
   在 VisualTeX.WordVsto.WordDocumentEditSnapshot.Restore(Document document)
   在 VisualTeX.WordVsto.WordFormulaService.ApplyFormulaFormatConversionPlan(WordFormulaFormatConversionPlan plan, IReadOnlyDictionary`2 prepared)<---

2026-09-06T16:47:30.1914119+08:00 pid=101980 tid=12 left-down x=776 y=1255 wordForeground=True
2026-09-06T16:47:43.6432587+08:00 pid=101980 tid=12 left-down x=710 y=994 wordForeground=False
2026-09-06T16:47:45.6089565+08:00 pid=101980 tid=12 left-down x=699 y=1023 wordForeground=False
2026-09-06T16:47:47.2546862+08:00 pid=101980 tid=12 left-down x=743 y=1042 wordForeground=False
2026-09-06T16:47:49.7005640+08:00 pid=101980 tid=12 left-down x=764 y=1021 wordForeground=False
2026-09-06T16:47:53.7553112+08:00 pid=101980 tid=12 left-down x=831 y=1077 wordForeground=False
2026-09-06T16:48:04.0725579+08:00 pid=101980 tid=12 left-down x=1046 y=1329 wordForeground=False
2026-09-06T16:48:38.1739222+08:00 pid=101980 tid=12 left-down x=271 y=1440 wordForeground=False
2026-09-06T16:48:39.9825057+08:00 pid=101980 tid=12 left-down x=253 y=1462 wordForeground=False
2026-09-06T16:48:43.3348777+08:00 pid=101980 tid=12 left-down x=270 y=1333 wordForeground=False
2026-09-06T16:48:46.4657493+08:00 pid=101980 tid=12 left-down x=196 y=705 wordForeground=False
2026-09-06T16:48:49.1783410+08:00 pid=101980 tid=12 left-down x=135 y=384 wordForeground=False
2026-09-06T16:58:17.8216427+08:00 pid=101980 tid=12 left-down x=1382 y=1120 wordForeground=False
2026-09-06T16:58:21.0521325+08:00 pid=101980 tid=12 left-down x=2332 y=460 wordForeground=False
2026-09-06T16:58:23.4324121+08:00 pid=101980 tid=12 left-down x=2492 y=460 wordForeground=False
2026-09-06T16:59:22.9649921+08:00 pid=101980 tid=12 left-down x=1776 y=1270 wordForeground=False
2026-09-06T17:00:17.6201396+08:00 pid=101980 tid=12 left-down x=2024 y=1187 wordForeground=True
2026-09-06T17:03:53.6204853+08:00 pid=101980 tid=12 left-down x=711 y=1181 wordForeground=True
2026-09-06T17:04:01.4719730+08:00 pid=101980 tid=12 left-down x=2039 y=1034 wordForeground=False
2026-09-06T17:04:11.0056512+08:00 pid=101980 tid=12 left-down x=759 y=1233 wordForeground=True
2026-09-06T17:06:39.9747688+08:00 pid=101980 tid=12 left-down x=672 y=1256 wordForeground=True
2026-09-06T17:06:48.9188498+08:00 pid=101980 tid=12 left-down x=250 y=1460 wordForeground=False
2026-09-06T17:06:51.8974184+08:00 pid=101980 tid=12 left-down x=902 y=1143 wordForeground=False
2026-09-06T17:08:05.9046720+08:00 pid=101980 tid=12 left-down x=1382 y=1120 wordForeground=False
2026-09-06T17:08:08.9753443+08:00 pid=101980 tid=12 left-down x=2332 y=460 wordForeground=False
2026-09-06T17:08:11.4217679+08:00 pid=101980 tid=12 left-down x=2492 y=460 wordForeground=False
2026-09-06T17:08:26.9339799+08:00 pid=101980 tid=12 left-down x=1776 y=1270 wordForeground=False
2026-09-06T17:08:39.9103323+08:00 pid=101980 tid=12 left-down x=2024 y=1187 wordForeground=True
2026-09-06T17:09:34.5813858+08:00 pid=101980 tid=12 left-down x=841 y=1058 wordForeground=True
2026-09-06T17:10:29.0388117+08:00 pid=101980 tid=12 left-down x=1945 y=1414 wordForeground=True
2026-09-06T17:10:32.9577288+08:00 pid=101980 tid=12 left-down x=782 y=1229 wordForeground=True
2026-09-06T17:10:36.5463371+08:00 pid=101980 tid=12 left-down x=720 y=1078 wordForeground=False
2026-09-06T17:10:39.6021763+08:00 pid=101980 tid=12 left-down x=607 y=974 wordForeground=False
2026-09-06T17:10:43.1441818+08:00 pid=101980 tid=12 left-down x=1871 y=407 wordForeground=False
2026-09-06T17:10:47.1891198+08:00 pid=101980 tid=12 left-down x=2301 y=1453 wordForeground=False
2026-09-06T17:11:35.5166311+08:00 pid=101980 tid=12 left-down x=1776 y=1270 wordForeground=False
2026-09-06T17:13:17.8993205+08:00 pid=101980 tid=12 left-down x=837 y=1224 wordForeground=True
2026-09-06T17:14:14.2683450+08:00 pid=101980 tid=12 left-down x=1838 y=688 wordForeground=True
2026-09-06T17:15:22.7485910+08:00 pid=101980 tid=12 left-down x=1141 y=1087 wordForeground=True
2026-09-06T17:15:23.3281154+08:00 pid=101980 tid=12 left-down x=1141 y=1087 wordForeground=True
2026-09-06T17:16:48.5090049+08:00 pid=101980 tid=12 left-down x=779 y=1278 wordForeground=True
2026-09-06T17:18:47.4046807+08:00 pid=101980 tid=12 left-down x=770 y=1201 wordForeground=True
2026-09-06T17:18:54.7038786+08:00 pid=101980 tid=12 left-down x=2258 y=1350 wordForeground=False
2026-09-06T17:20:32.3010691+08:00 pid=101980 tid=12 left-down x=1382 y=1120 wordForeground=False
2026-09-06T17:20:35.2426902+08:00 pid=101980 tid=12 left-down x=2332 y=460 wordForeground=False
2026-09-06T17:20:37.8818174+08:00 pid=101980 tid=12 left-down x=2492 y=460 wordForeground=False
2026-09-06T17:22:09.1989248+08:00 pid=101980 tid=12 left-down x=1935 y=1345 wordForeground=True
2026-09-06T17:22:12.4987315+08:00 pid=101980 tid=12 left-down x=1808 y=1615 wordForeground=True
2026-09-06T17:23:03.5306188+08:00 pid=101980 tid=12 left-down x=1776 y=1270 wordForeground=False
2026-09-06T17:23:31.7947254+08:00 pid=101980 tid=12 left-down x=2024 y=1187 wordForeground=True
2026-09-06T17:31:59.6232711+08:00 pid=101980 tid=12 left-down x=868 y=930 wordForeground=True
2026-09-06T17:32:11.5286007+08:00 pid=101980 tid=12 left-down x=716 y=707 wordForeground=False
2026-09-06T17:32:14.0480292+08:00 pid=101980 tid=12 left-down x=653 y=533 wordForeground=False
2026-09-06T17:32:17.2203774+08:00 pid=101980 tid=12 left-down x=1891 y=416 wordForeground=False
2026-09-06T17:34:00.4197186+08:00 pid=101980 tid=12 left-down x=1382 y=1120 wordForeground=False
2026-09-06T17:34:03.6682012+08:00 pid=101980 tid=12 left-down x=2332 y=460 wordForeground=False
2026-09-06T17:34:06.2421129+08:00 pid=101980 tid=12 left-down x=2492 y=460 wordForeground=False
2026-09-06T17:35:38.5133595+08:00 pid=101980 tid=12 left-down x=675 y=1190 wordForeground=True
2026-09-06T17:35:45.1683146+08:00 pid=101980 tid=12 left-down x=1961 y=1652 wordForeground=False
2026-09-06T17:35:48.0832600+08:00 pid=101980 tid=12 left-down x=1986 y=1555 wordForeground=True
2026-09-06T17:35:59.8192863+08:00 pid=101980 tid=12 left-down x=1382 y=1120 wordForeground=False
2026-09-06T17:36:03.0233005+08:00 pid=101980 tid=12 left-down x=2332 y=460 wordForeground=False
2026-09-06T17:36:05.6202987+08:00 pid=101980 tid=12 left-down x=2492 y=460 wordForeground=False
2026-09-06T17:38:53.0695610+08:00 pid=101980 tid=12 left-down x=813 y=1058 wordForeground=True
2026-09-06T17:39:05.1347487+08:00 pid=101980 tid=12 left-down x=2050 y=1012 wordForeground=False
2026-09-06T17:39:08.7440356+08:00 pid=101980 tid=12 left-down x=255 y=1492 wordForeground=True
2026-09-06T17:39:11.7485729+08:00 pid=101980 tid=12 left-down x=961 y=1043 wordForeground=False
2026-09-06T17:40:55.4606026+08:00 pid=101980 tid=12 left-down x=1382 y=1120 wordForeground=False
2026-09-06T17:40:58.4628845+08:00 pid=101980 tid=12 left-down x=2332 y=460 wordForeground=False
2026-09-06T17:41:00.9286622+08:00 pid=101980 tid=12 left-down x=2492 y=460 wordForeground=False
2026-09-06T17:41:57.3778565+08:00 pid=101980 tid=12 left-down x=1776 y=1270 wordForeground=False
2026-09-06T17:42:15.7424137+08:00 pid=101980 tid=12 left-down x=2024 y=1187 wordForeground=True
2026-09-06T17:43:59.7986017+08:00 pid=101980 tid=12 left-down x=596 y=1205 wordForeground=True
2026-09-06T17:44:20.6078600+08:00 pid=101980 tid=12 left-down x=2094 y=1018 wordForeground=False
2026-09-06T17:44:24.1070433+08:00 pid=101980 tid=12 left-down x=763 y=1215 wordForeground=True
2026-09-06T17:45:07.8127706+08:00 pid=101980 tid=12 left-down x=737 y=1273 wordForeground=True
2026-09-06T17:45:12.9611096+08:00 pid=101980 tid=12 left-down x=2357 y=1096 wordForeground=False
2026-09-06T17:47:32.7711388+08:00 pid=101980 tid=12 left-down x=894 y=1217 wordForeground=True
2026-09-06T17:47:51.9748370+08:00 pid=101980 tid=12 left-down x=1382 y=1120 wordForeground=False
2026-09-06T17:47:54.8267990+08:00 pid=101980 tid=12 left-down x=2332 y=460 wordForeground=False
2026-09-06T17:47:57.5033575+08:00 pid=101980 tid=12 left-down x=2492 y=460 wordForeground=False
2026-09-06T17:48:42.8197256+08:00 pid=101980 tid=12 left-down x=1776 y=1270 wordForeground=False
2026-09-06T17:48:58.2271633+08:00 pid=101980 tid=12 left-down x=2024 y=1187 wordForeground=True
2026-09-06T17:50:37.8583941+08:00 pid=101980 tid=12 left-down x=836 y=1237 wordForeground=True
2026-09-06T17:50:42.0203830+08:00 pid=101980 tid=12 left-down x=2059 y=1068 wordForeground=True
2026-09-06T17:51:47.2644266+08:00 pid=101980 tid=12 left-down x=607 y=1205 wordForeground=False
2026-09-06T17:51:50.7251310+08:00 pid=101980 tid=12 left-down x=1466 y=1103 wordForeground=False
2026-09-06T17:54:22.2126431+08:00 pid=101980 tid=12 left-down x=1382 y=1120 wordForeground=False
2026-09-06T17:54:25.5840615+08:00 pid=101980 tid=12 left-down x=2332 y=460 wordForeground=False
2026-09-06T17:54:28.1452240+08:00 pid=101980 tid=12 left-down x=2492 y=460 wordForeground=False
2026-09-06T17:55:22.8932112+08:00 pid=101980 tid=12 left-down x=1776 y=1270 wordForeground=False
2026-09-06T17:55:38.5587199+08:00 pid=101980 tid=12 left-down x=2024 y=1211 wordForeground=True
2026-09-06T17:56:59.3071970+08:00 pid=101980 tid=12 left-down x=808 y=1255 wordForeground=False
2026-09-06T17:57:08.3235210+08:00 pid=101980 tid=12 left-down x=1866 y=1723 wordForeground=True
2026-09-06T17:57:18.1329089+08:00 pid=101980 tid=12 left-down x=1905 y=1516 wordForeground=True
2026-09-06T17:58:42.1370080+08:00 pid=101980 tid=12 left-down x=1948 y=1269 wordForeground=True
2026-09-06T17:58:45.9161354+08:00 pid=101980 tid=12 left-down x=1778 y=1476 wordForeground=True
2026-09-06T17:58:49.7366345+08:00 pid=101980 tid=12 left-down x=1141 y=1482 wordForeground=True
2026-09-06T17:58:50.4511973+08:00 pid=101980 tid=12 left-down x=1141 y=1482 wordForeground=True
2026-09-06T17:59:17.1516524+08:00 pid=101980 tid=12 left-down x=1776 y=1270 wordForeground=False
2026-09-06T18:00:00.3171035+08:00 pid=101980 tid=12 left-down x=853 y=1268 wordForeground=False
2026-09-06T18:00:03.8281404+08:00 pid=101980 tid=12 left-down x=2132 y=1445 wordForeground=True
2026-09-06T18:02:52.0396038+08:00 pid=101980 tid=12 left-down x=705 y=1242 wordForeground=False
2026-09-06T18:02:56.5576236+08:00 pid=101980 tid=12 left-down x=2064 y=1539 wordForeground=True
2026-09-06T18:03:21.8581146+08:00 pid=101980 tid=12 left-down x=1776 y=1270 wordForeground=False
2026-09-06T18:08:46.5090578+08:00 pid=101980 tid=12 left-down x=765 y=1027 wordForeground=False
2026-09-06T18:08:50.9876061+08:00 pid=101980 tid=12 left-down x=247 y=1478 wordForeground=False
2026-09-06T18:08:54.7020756+08:00 pid=101980 tid=12 left-down x=664 y=936 wordForeground=False
2026-09-06T18:08:58.6138583+08:00 pid=101980 tid=12 left-down x=1877 y=399 wordForeground=False
2026-09-06T18:11:20.3059175+08:00 pid=101980 tid=12 left-down x=822 y=1270 wordForeground=False
2026-09-06T18:11:30.1671143+08:00 pid=101980 tid=12 left-down x=1265 y=1795 wordForeground=True
2026-09-06T18:13:07.3587187+08:00 pid=101980 tid=12 left-down x=1317 y=747 wordForeground=False
2026-09-06T18:13:09.8805363+08:00 pid=101980 tid=12 left-down x=1602 y=747 wordForeground=False
2026-09-06T18:13:26.1330046+08:00 pid=101980 tid=12 left-down x=1382 y=1120 wordForeground=False
2026-09-06T18:13:29.4650645+08:00 pid=101980 tid=12 left-down x=2332 y=460 wordForeground=False
2026-09-06T18:13:31.9534720+08:00 pid=101980 tid=12 left-down x=2492 y=460 wordForeground=False
2026-09-06T18:14:33.4063522+08:00 pid=101980 tid=12 left-down x=806 y=1212 wordForeground=False
2026-09-06T18:14:50.3895206+08:00 pid=101980 tid=12 left-down x=815 y=1228 wordForeground=False
2026-09-06T18:14:57.5048287+08:00 pid=101980 tid=12 left-down x=2177 y=1494 wordForeground=True
2026-09-06T18:15:01.0922969+08:00 pid=101980 tid=12 left-down x=2100 y=1471 wordForeground=True
2026-09-06T18:15:02.8719911+08:00 pid=101980 tid=12 left-down x=2019 y=1474 wordForeground=True
2026-09-06T18:15:03.5699588+08:00 pid=101980 tid=12 left-down x=2019 y=1475 wordForeground=True
2026-09-06T18:15:11.7083373+08:00 pid=101980 tid=12 left-down x=2639 y=748 wordForeground=False
2026-09-06T18:15:16.4761758+08:00 pid=101980 tid=12 left-down x=835 y=1292 wordForeground=False
2026-09-06T18:15:18.7801200+08:00 pid=101980 tid=12 left-down x=848 y=1359 wordForeground=False
2026-09-06T18:15:20.8635659+08:00 pid=101980 tid=12 left-down x=863 y=1433 wordForeground=False
2026-09-06T18:15:56.0856773+08:00 pid=101980 tid=12 left-down x=218 y=1472 wordForeground=False
2026-09-06T18:17:59.7663824+08:00 pid=101980 tid=12 left-down x=1317 y=747 wordForeground=False
2026-09-06T18:18:17.7818675+08:00 pid=101980 tid=12 left-down x=1382 y=1120 wordForeground=False
2026-09-06T18:18:21.1821961+08:00 pid=101980 tid=12 left-down x=2332 y=460 wordForeground=False
2026-09-06T18:18:23.7727602+08:00 pid=101980 tid=12 left-down x=2492 y=460 wordForeground=False
2026-09-06T18:19:40.6537610+08:00 pid=101980 tid=12 left-down x=1776 y=1270 wordForeground=False
2026-09-06T18:19:54.5016213+08:00 pid=101980 tid=12 left-down x=2024 y=1211 wordForeground=True
2026-09-06T18:22:18.3185598+08:00 pid=101980 tid=12 left-down x=2067 y=1076 wordForeground=True
2026-09-06T18:22:24.3356228+08:00 pid=101980 tid=12 left-down x=1136 y=1362 wordForeground=False
2026-09-06T18:22:56.0480454+08:00 pid=101980 tid=12 left-down x=2228 y=1331 wordForeground=False
2026-09-06T18:23:01.6990431+08:00 pid=101980 tid=12 left-down x=684 y=811 wordForeground=False
2026-09-06T18:23:02.9721015+08:00 pid=101980 tid=12 left-down x=677 y=753 wordForeground=False
2026-09-06T18:23:08.9666613+08:00 pid=101980 tid=12 left-down x=1890 y=411 wordForeground=False
2026-09-06T18:23:16.2182929+08:00 pid=101980 tid=12 left-down x=1381 y=2159 wordForeground=False
2026-09-06T18:23:23.8925442+08:00 pid=101980 tid=12 left-down x=803 y=1363 wordForeground=False
2026-09-06T18:25:26.5541342+08:00 pid=101980 tid=12 left-down x=1245 y=1142 wordForeground=False
2026-09-06T18:25:31.9384852+08:00 pid=101980 tid=12 left-down x=227 y=1461 wordForeground=False
2026-09-06T18:25:37.2994831+08:00 pid=101980 tid=12 left-down x=830 y=1233 wordForeground=False
2026-09-06T18:26:58.5990702+08:00 pid=101980 tid=12 left-down x=1509 y=2116 wordForeground=False
2026-09-06T18:27:03.3160631+08:00 pid=101980 tid=12 left-down x=2283 y=1250 wordForeground=False
2026-09-06T18:27:07.8435074+08:00 pid=101980 tid=12 left-down x=1913 y=1107 wordForeground=True
2026-09-06T18:27:08.3922357+08:00 pid=101980 tid=12 left-down x=1913 y=1107 wordForeground=True
2026-09-06T18:27:10.4880000+08:00 pid=101980 tid=12 left-down x=1856 y=1123 wordForeground=True
2026-09-06T18:27:10.7127541+08:00 pid=101980 tid=12 left-down x=1856 y=1123 wordForeground=True
2026-09-06T18:27:10.7147570+08:00 pid=101980 tid=12 double-click elapsedMs=225.474 withinX=True withinY=True nativeOleTarget=False suppressSecondDown=False dispatchCallback=True
2026-09-06T18:27:10.8126163+08:00 pid=101980 tid=15 callback-begin interceptedNativeOle=False x=1856 y=1123
2026-09-06T18:27:10.8136198+08:00 pid=101980 tid=15 addin-callback-received interceptedNativeOle=False x=1856 y=1123
2026-09-06T18:27:10.8136198+08:00 pid=101980 tid=15 callback-end
2026-09-06T18:27:10.8156152+08:00 pid=101980 tid=1 addin-coordinate-selection formulaId=<null> objectMode=<null>
2026-09-06T18:27:12.3971122+08:00 pid=101980 tid=12 left-down x=2647 y=739 wordForeground=False
2026-09-06T18:27:13.7131036+08:00 pid=101980 tid=12 left-down x=636 y=1272 wordForeground=True
2026-09-06T18:27:14.8692157+08:00 pid=101980 tid=12 left-down x=762 y=1201 wordForeground=False
2026-09-06T18:28:24.2438361+08:00 pid=101980 tid=12 left-down x=1515 y=2124 wordForeground=False
2026-09-06T18:28:29.3415531+08:00 pid=101980 tid=12 left-down x=681 y=1234 wordForeground=True
2026-09-06T18:30:02.0540312+08:00 pid=101980 tid=12 left-down x=681 y=1234 wordForeground=False
2026-09-06T18:30:08.6001323+08:00 pid=101980 tid=12 left-down x=1509 y=2138 wordForeground=False
2026-09-06T18:30:12.5464658+08:00 pid=101980 tid=12 left-down x=2058 y=922 wordForeground=False
2026-09-06T18:32:52.5823727+08:00 pid=101980 tid=12 left-down x=1382 y=1120 wordForeground=False
2026-09-06T18:32:54.7105458+08:00 pid=101980 tid=12 left-down x=2332 y=460 wordForeground=False
2026-09-06T18:32:56.8446383+08:00 pid=101980 tid=12 left-down x=2492 y=460 wordForeground=False
2026-09-06T18:33:15.4763971+08:00 pid=101980 tid=12 left-down x=1776 y=1270 wordForeground=False
2026-09-06T18:33:26.7228285+08:00 pid=101980 tid=12 left-down x=1099 y=716 wordForeground=True
2026-09-06T18:34:34.8866725+08:00 pid=101980 tid=12 left-down x=1055 y=2143 wordForeground=True
2026-09-06T18:34:36.2716487+08:00 pid=101980 tid=12 left-down x=1112 y=285 wordForeground=False
2026-09-06T18:34:37.4971248+08:00 pid=101980 tid=12 left-down x=1489 y=316 wordForeground=False
2026-09-06T18:35:58.1144746+08:00 pid=101980 tid=12 left-down x=214 y=595 wordForeground=True
2026-09-06T18:35:58.3121063+08:00 pid=101980 tid=12 left-down x=214 y=595 wordForeground=True
2026-09-06T18:35:58.3131050+08:00 pid=101980 tid=12 double-click elapsedMs=198.171 withinX=True withinY=True nativeOleTarget=False suppressSecondDown=False dispatchCallback=True
2026-09-06T18:35:58.4196858+08:00 pid=101980 tid=9 callback-begin interceptedNativeOle=False x=214 y=595
2026-09-06T18:35:58.4196858+08:00 pid=101980 tid=9 addin-callback-received interceptedNativeOle=False x=214 y=595
2026-09-06T18:35:58.4206860+08:00 pid=101980 tid=9 callback-end
2026-09-06T18:35:58.4206860+08:00 pid=101980 tid=1 addin-coordinate-selection formulaId=<null> objectMode=<null>
2026-09-06T18:36:59.2987978+08:00 pid=101980 tid=12 left-down x=1776 y=1270 wordForeground=False
2026-09-06T18:38:25.0492695+08:00 pid=101980 tid=12 left-down x=1776 y=1270 wordForeground=False
2026-09-06T18:39:56.2505399+08:00 pid=101980 tid=12 left-down x=2688 y=1281 wordForeground=True
2026-09-06T18:39:57.3464151+08:00 pid=101980 tid=12 left-down x=2687 y=1255 wordForeground=False
2026-09-06T18:40:01.0476985+08:00 pid=101980 tid=12 left-down x=3453 y=883 wordForeground=False
2026-09-06T18:40:03.0664114+08:00 pid=101980 tid=12 left-down x=3255 y=934 wordForeground=False
2026-09-06T18:40:05.0362615+08:00 pid=101980 tid=12 left-down x=2821 y=832 wordForeground=False
2026-09-06T18:40:06.4962012+08:00 pid=101980 tid=12 left-down x=2370 y=1614 wordForeground=False
2026-09-06T18:40:07.3156010+08:00 pid=101980 tid=12 left-down x=2337 y=1551 wordForeground=False
2026-09-06T18:40:09.3212381+08:00 pid=101980 tid=12 left-down x=3541 y=952 wordForeground=False
2026-09-06T18:40:11.1226016+08:00 pid=101980 tid=12 left-down x=916 y=415 wordForeground=False
2026-09-06T18:40:12.0333553+08:00 pid=101980 tid=12 left-down x=952 y=461 wordForeground=True
2026-09-06T18:40:13.2383433+08:00 pid=101980 tid=12 left-down x=1016 y=491 wordForeground=True
2026-09-06T18:40:15.0177173+08:00 pid=101980 tid=12 left-down x=1044 y=500 wordForeground=True
2026-09-06T18:40:15.2031935+08:00 pid=101980 tid=12 left-down x=1044 y=500 wordForeground=True
2026-09-06T18:40:15.2031935+08:00 pid=101980 tid=12 double-click elapsedMs=184.816 withinX=True withinY=True nativeOleTarget=False suppressSecondDown=False dispatchCallback=True
2026-09-06T18:40:15.3027909+08:00 pid=101980 tid=19 callback-begin interceptedNativeOle=False x=1044 y=500
2026-09-06T18:40:15.3027909+08:00 pid=101980 tid=19 addin-callback-received interceptedNativeOle=False x=1044 y=500
2026-09-06T18:40:15.3027909+08:00 pid=101980 tid=19 callback-end
2026-09-06T18:40:15.3037905+08:00 pid=101980 tid=1 addin-coordinate-selection formulaId=<null> objectMode=<null>
2026-09-06T18:40:18.3895094+08:00 pid=101980 tid=12 left-down x=2748 y=671 wordForeground=False
2026-09-06T18:40:30.0125129+08:00 pid=101980 tid=12 left-down x=1382 y=1120 wordForeground=False
2026-09-06T18:40:32.2336604+08:00 pid=101980 tid=12 left-down x=2332 y=460 wordForeground=False
2026-09-06T18:40:34.5620970+08:00 pid=101980 tid=12 left-down x=2492 y=460 wordForeground=False
2026-09-06T18:43:23.9764565+08:00 pid=101980 tid=12 left-down x=1238 y=848 wordForeground=True
2026-09-06T18:43:24.2924795+08:00 pid=101980 tid=12 left-down x=1246 y=845 wordForeground=True
2026-09-06T18:43:25.8282511+08:00 pid=101980 tid=12 left-down x=1124 y=845 wordForeground=True
2026-09-06T18:43:26.0166658+08:00 pid=101980 tid=12 left-down x=1124 y=845 wordForeground=True
2026-09-06T18:43:26.0166658+08:00 pid=101980 tid=12 double-click elapsedMs=188.249 withinX=True withinY=True nativeOleTarget=False suppressSecondDown=False dispatchCallback=True
2026-09-06T18:43:26.1122808+08:00 pid=101980 tid=20 callback-begin interceptedNativeOle=False x=1124 y=845
2026-09-06T18:43:26.1127894+08:00 pid=101980 tid=20 addin-callback-received interceptedNativeOle=False x=1124 y=845
2026-09-06T18:43:26.1127894+08:00 pid=101980 tid=20 callback-end
2026-09-06T18:43:26.1127894+08:00 pid=101980 tid=1 addin-coordinate-selection formulaId=<null> objectMode=<null>
2026-09-06T18:43:28.3703473+08:00 pid=101980 tid=12 left-down x=3804 y=20 wordForeground=False
2026-09-06T18:47:28.2227762+08:00 pid=101980 tid=12 left-down x=1052 y=850 wordForeground=True
2026-09-06T18:47:28.4225037+08:00 pid=101980 tid=12 left-down x=1052 y=850 wordForeground=True
2026-09-06T18:47:28.4225037+08:00 pid=101980 tid=12 double-click elapsedMs=199.565 withinX=True withinY=True nativeOleTarget=False suppressSecondDown=False dispatchCallback=True
2026-09-06T18:47:28.5215064+08:00 pid=101980 tid=23 callback-begin interceptedNativeOle=False x=1052 y=850
2026-09-06T18:47:28.5215064+08:00 pid=101980 tid=23 addin-callback-received interceptedNativeOle=False x=1052 y=850
2026-09-06T18:47:28.5215064+08:00 pid=101980 tid=23 callback-end
2026-09-06T18:47:28.5235066+08:00 pid=101980 tid=1 addin-coordinate-selection formulaId=<null> objectMode=<null>
2026-09-06T18:47:30.1490916+08:00 pid=101980 tid=12 left-down x=3837 y=0 wordForeground=False
2026-09-06T18:47:39.2442912+08:00 pid=101980 tid=12 left-down x=1519 y=2147 wordForeground=True
2026-09-06T18:47:43.1409691+08:00 pid=101980 tid=12 left-down x=2436 y=1682 wordForeground=False
2026-09-06T18:47:44.6952012+08:00 pid=101980 tid=12 left-down x=2469 y=1375 wordForeground=False
2026-09-06T18:48:14.4049345+08:00 pid=101980 tid=12 left-down x=1921 y=2011 wordForeground=False
2026-09-06T18:48:16.2860593+08:00 pid=101980 tid=12 left-down x=2332 y=1805 wordForeground=False
2026-09-06T18:48:23.3645322+08:00 pid=101980 tid=12 left-down x=2421 y=1859 wordForeground=False
2026-09-06T18:50:06.2961138+08:00 pid=101980 tid=12 left-down x=1495 y=2143 wordForeground=False
2026-09-06T18:50:14.6916037+08:00 pid=101980 tid=12 left-down x=1847 y=2014 wordForeground=False
2026-09-06T18:50:16.7123913+08:00 pid=101980 tid=12 left-down x=2507 y=1649 wordForeground=False
2026-09-06T18:50:38.6239782+08:00 pid=101980 tid=12 left-down x=2738 y=1912 wordForeground=False
2026-09-06T18:50:40.0939476+08:00 pid=101980 tid=12 left-down x=2686 y=1888 wordForeground=False
2026-09-06T18:50:51.6538631+08:00 pid=101980 tid=12 left-down x=3503 y=1986 wordForeground=False
2026-09-06T18:50:52.8103693+08:00 pid=101980 tid=12 left-down x=3022 y=1910 wordForeground=False
2026-09-06T18:51:18.1993381+08:00 pid=101980 tid=12 left-down x=1970 y=718 wordForeground=False
2026-09-06T18:51:23.3809508+08:00 pid=101980 tid=12 left-down x=2357 y=1598 wordForeground=True
2026-09-06T18:51:24.2346287+08:00 pid=101980 tid=12 left-down x=2321 y=1594 wordForeground=False
2026-09-06T18:51:34.7657421+08:00 pid=101980 tid=12 left-down x=3553 y=948 wordForeground=False
2026-09-06T18:51:36.5149925+08:00 pid=101980 tid=12 left-down x=2386 y=1883 wordForeground=False
2026-09-06T18:52:00.3016388+08:00 pid=101980 tid=12 left-down x=2306 y=1494 wordForeground=True
2026-09-06T18:52:14.2922098+08:00 pid=101980 tid=12 left-down x=3533 y=934 wordForeground=False
2026-09-06T18:52:25.0682978+08:00 pid=101980 tid=12 left-down x=1236 y=1316 wordForeground=False
2026-09-06T18:52:26.7012143+08:00 pid=101980 tid=12 left-down x=2524 y=1507 wordForeground=True
2026-09-06T18:52:56.0672307+08:00 pid=101980 tid=12 left-down x=1776 y=1270 wordForeground=False
2026-09-06T18:53:33.3855807+08:00 pid=101980 tid=12 left-down x=1133 y=726 wordForeground=True
2026-09-06T18:54:16.6017988+08:00 pid=101980 tid=12 left-down x=947 y=400 wordForeground=True
2026-09-06T18:55:25.1308826+08:00 pid=101980 tid=12 left-down x=280 y=1480 wordForeground=True
2026-09-06T18:55:25.3293834+08:00 pid=101980 tid=12 left-down x=280 y=1480 wordForeground=True
2026-09-06T18:55:25.3303771+08:00 pid=101980 tid=12 double-click elapsedMs=198.489 withinX=True withinY=True nativeOleTarget=False suppressSecondDown=False dispatchCallback=True
2026-09-06T18:55:25.4363776+08:00 pid=101980 tid=28 callback-begin interceptedNativeOle=False x=280 y=1480
2026-09-06T18:55:25.4363776+08:00 pid=101980 tid=28 addin-callback-received interceptedNativeOle=False x=280 y=1480
2026-09-06T18:55:25.4363776+08:00 pid=101980 tid=28 callback-end
2026-09-06T18:55:25.4373781+08:00 pid=101980 tid=1 addin-coordinate-selection formulaId=<null> objectMode=<null>
2026-09-06T18:56:30.4560681+08:00 pid=101980 tid=12 left-down x=1042 y=1026 wordForeground=True
2026-09-06T18:56:31.2058012+08:00 pid=101980 tid=12 left-down x=995 y=1195 wordForeground=True
2026-09-06T18:56:33.6027574+08:00 pid=101980 tid=12 left-down x=2357 y=1684 wordForeground=True
2026-09-06T18:56:34.6577731+08:00 pid=101980 tid=12 left-down x=2340 y=1630 wordForeground=False
2026-09-06T18:56:38.9029082+08:00 pid=101980 tid=12 left-down x=3566 y=939 wordForeground=False
2026-09-06T18:56:40.3794803+08:00 pid=101980 tid=12 left-down x=2628 y=1912 wordForeground=False
2026-09-06T18:56:45.0501206+08:00 pid=101980 tid=12 left-down x=1424 y=1180 wordForeground=False
2026-09-06T18:59:35.8459175+08:00 pid=101980 tid=12 left-down x=2427 y=1888 wordForeground=True
2026-09-06T18:59:49.4673656+08:00 pid=101980 tid=12 left-down x=1150 y=1416 wordForeground=False
2026-09-06T18:59:53.1827322+08:00 pid=101980 tid=12 left-down x=2331 y=1892 wordForeground=True
2026-09-06T19:00:56.2324057+08:00 pid=101980 tid=12 left-down x=1776 y=1270 wordForeground=False
2026-09-06T19:06:27.7548762+08:00 pid=101980 tid=12 left-down x=1317 y=747 wordForeground=False
2026-09-06T19:07:30.4544765+08:00 pid=101980 tid=12 left-down x=1792 y=747 wordForeground=False
2026-09-06T19:08:18.4430143+08:00 pid=101980 tid=12 left-down x=1382 y=1120 wordForeground=False
2026-09-06T19:08:20.5884821+08:00 pid=101980 tid=12 left-down x=2332 y=460 wordForeground=False
2026-09-06T19:08:22.4794372+08:00 pid=101980 tid=12 left-down x=2492 y=460 wordForeground=False
2026-09-06T19:09:50.8114200+08:00 pid=101980 tid=12 left-down x=913 y=194 wordForeground=True
2026-09-06T19:10:15.9269501+08:00 pid=101980 tid=12 left-down x=1382 y=1120 wordForeground=False
2026-09-06T19:10:18.0621723+08:00 pid=101980 tid=12 left-down x=2332 y=460 wordForeground=False
2026-09-06T19:10:20.0298930+08:00 pid=101980 tid=12 left-down x=2492 y=460 wordForeground=False
2026-09-06T19:10:55.9593050+08:00 pid=101980 tid=12 left-down x=913 y=366 wordForeground=True
2026-09-06T19:11:41.0115224+08:00 pid=101980 tid=12 left-down x=3317 y=1332 wordForeground=True
2026-09-06T19:12:19.8690066+08:00 pid=101980 tid=12 left-down x=1099 y=716 wordForeground=True
2026-09-06T19:16:35.4411337+08:00 pid=101980 tid=12 left-down x=2718 y=1688 wordForeground=True
2026-09-06T19:16:44.9928845+08:00 pid=101980 tid=12 left-down x=1144 y=2139 wordForeground=False
2026-09-06T19:17:04.7265824+08:00 pid=101980 tid=12 left-down x=2617 y=1924 wordForeground=False
2026-09-06T19:17:05.8596465+08:00 pid=101980 tid=12 left-down x=1143 y=1214 wordForeground=False
2026-09-06T19:17:06.8237811+08:00 pid=101980 tid=12 left-down x=2443 y=1559 wordForeground=True
2026-09-06T19:17:08.0220859+08:00 pid=101980 tid=12 left-down x=2901 y=1707 wordForeground=False
2026-09-06T19:18:28.9776341+08:00 pid=101980 tid=12 left-down x=1776 y=1270 wordForeground=False
2026-09-06T19:19:29.5131590+08:00 pid=101980 tid=12 left-down x=1776 y=1270 wordForeground=False
2026-09-06T19:25:38.6884113+08:00 pid=101980 tid=12 left-down x=2218 y=1799 wordForeground=True
2026-09-06T19:25:51.5139307+08:00 pid=101980 tid=12 left-down x=1930 y=2008 wordForeground=False
2026-09-06T19:25:53.8778048+08:00 pid=101980 tid=12 left-down x=1819 y=1881 wordForeground=False
2026-09-06T19:25:55.8729062+08:00 pid=101980 tid=12 left-down x=1787 y=1221 wordForeground=False
2026-09-06T19:26:12.6452653+08:00 pid=101980 tid=12 left-down x=1817 y=925 wordForeground=False
2026-09-06T19:26:20.1421804+08:00 pid=101980 tid=12 left-down x=723 y=2133 wordForeground=False
2026-09-06T19:26:23.4840389+08:00 pid=101980 tid=12 left-down x=1003 y=1128 wordForeground=False
2026-09-06T19:26:25.1058244+08:00 pid=101980 tid=12 left-down x=759 y=1281 wordForeground=False
2026-09-06T19:26:25.3259041+08:00 pid=101980 tid=12 left-down x=759 y=1281 wordForeground=False
2026-09-06T19:26:27.0012657+08:00 pid=101980 tid=12 left-down x=765 y=1239 wordForeground=False
2026-09-06T19:26:27.2242097+08:00 pid=101980 tid=12 left-down x=765 y=1239 wordForeground=False
2026-09-06T19:26:32.9587667+08:00 pid=101980 tid=12 left-down x=1154 y=1125 wordForeground=False
2026-09-06T19:26:34.2742979+08:00 pid=101980 tid=12 left-down x=751 y=1249 wordForeground=False
2026-09-06T19:26:34.5066220+08:00 pid=101980 tid=12 left-down x=751 y=1249 wordForeground=False
2026-09-06T19:26:38.5133921+08:00 pid=101980 tid=12 left-down x=723 y=1485 wordForeground=False
2026-09-06T19:26:38.9678509+08:00 pid=101980 tid=12 left-down x=723 y=1485 wordForeground=False
2026-09-06T19:26:41.1401133+08:00 pid=101980 tid=12 left-down x=716 y=1445 wordForeground=False
2026-09-06T19:26:41.4384433+08:00 pid=101980 tid=12 left-down x=716 y=1445 wordForeground=False
2026-09-06T19:26:43.0444658+08:00 pid=101980 tid=12 left-down x=745 y=1260 wordForeground=False
2026-09-06T19:26:43.3246252+08:00 pid=101980 tid=12 left-down x=745 y=1260 wordForeground=False
2026-09-06T19:26:44.7728028+08:00 pid=101980 tid=12 left-down x=730 y=1286 wordForeground=False
2026-09-06T19:26:45.0617372+08:00 pid=101980 tid=12 left-down x=730 y=1286 wordForeground=False
2026-09-06T19:26:46.1371973+08:00 pid=101980 tid=12 left-down x=726 y=1221 wordForeground=False
2026-09-06T19:26:46.4297663+08:00 pid=101980 tid=12 left-down x=726 y=1221 wordForeground=False
2026-09-06T19:26:53.6413957+08:00 pid=101980 tid=12 left-down x=2547 y=1769 wordForeground=False
2026-09-06T19:27:08.2928045+08:00 pid=101980 tid=12 left-down x=2350 y=1340 wordForeground=False
2026-09-06T19:28:13.7210689+08:00 pid=101980 tid=12 left-down x=2358 y=727 wordForeground=False
2026-09-06T19:28:56.2553743+08:00 pid=101980 tid=12 left-down x=3340 y=1397 wordForeground=False
2026-09-06T19:28:59.9508185+08:00 pid=101980 tid=12 left-down x=2887 y=1708 wordForeground=False
2026-09-06T19:29:06.0145215+08:00 pid=101980 tid=12 left-down x=2872 y=1893 wordForeground=False
2026-09-06T19:31:37.5698521+08:00 pid=101980 tid=12 left-down x=2362 y=1685 wordForeground=False
2026-09-06T19:31:39.8896106+08:00 pid=101980 tid=12 left-down x=2431 y=1692 wordForeground=False
2026-09-06T19:36:16.6362901+08:00 pid=101980 tid=12 left-down x=947 y=228 wordForeground=True
2026-09-06T19:36:25.3284782+08:00 pid=101980 tid=12 left-down x=1382 y=1120 wordForeground=False
2026-09-06T19:36:27.5137197+08:00 pid=101980 tid=12 left-down x=2332 y=460 wordForeground=False
2026-09-06T19:36:29.5217534+08:00 pid=101980 tid=12 left-down x=2492 y=460 wordForeground=False
2026-09-06T19:40:29.2952144+08:00 pid=101980 tid=12 left-down x=947 y=400 wordForeground=True
2026-09-06T19:40:38.8828791+08:00 pid=101980 tid=12 left-down x=1133 y=750 wordForeground=True
2026-09-06T19:42:52.9113689+08:00 pid=101980 tid=12 left-down x=278 y=626 wordForeground=True
2026-09-06T19:42:53.1314308+08:00 pid=101980 tid=12 left-down x=278 y=626 wordForeground=True
2026-09-06T19:42:53.1314308+08:00 pid=101980 tid=12 double-click elapsedMs=219.991 withinX=True withinY=True nativeOleTarget=False suppressSecondDown=False dispatchCallback=True
2026-09-06T19:42:53.2274308+08:00 pid=101980 tid=25 callback-begin interceptedNativeOle=False x=278 y=626
2026-09-06T19:42:53.2274308+08:00 pid=101980 tid=25 addin-callback-received interceptedNativeOle=False x=278 y=626
2026-09-06T19:42:53.2274308+08:00 pid=101980 tid=25 callback-end
2026-09-06T19:42:53.2284316+08:00 pid=101980 tid=1 addin-coordinate-selection formulaId=<null> objectMode=<null>
2026-09-06T19:45:07.9655313+08:00 pid=101980 tid=12 left-down x=1776 y=1270 wordForeground=False
2026-09-06T19:46:04.6608431+08:00 pid=101980 tid=12 left-down x=1776 y=1270 wordForeground=False
2026-09-06T19:46:46.3961986+08:00 pid=101980 tid=12 left-down x=1776 y=1270 wordForeground=False
2026-09-06T19:50:59.1602890+08:00 pid=101980 tid=12 left-down x=2410 y=1634 wordForeground=True
2026-09-06T19:50:59.9477227+08:00 pid=101980 tid=12 left-down x=2326 y=1582 wordForeground=False
2026-09-06T19:51:02.0858502+08:00 pid=101980 tid=12 left-down x=3524 y=944 wordForeground=False
2026-09-06T19:51:05.0943631+08:00 pid=101980 tid=12 left-down x=2509 y=1260 wordForeground=False
2026-09-06T19:51:11.4186880+08:00 pid=101980 tid=12 left-down x=3563 y=923 wordForeground=True
2026-09-06T19:51:19.2073893+08:00 pid=101980 tid=12 left-down x=981 y=262 wordForeground=True
2026-09-06T19:51:27.1182994+08:00 pid=101980 tid=12 left-down x=1317 y=747 wordForeground=False
2026-09-06T19:51:29.1333941+08:00 pid=101980 tid=12 left-down x=1602 y=747 wordForeground=False
2026-09-06T19:51:44.1540380+08:00 pid=101980 tid=12 left-down x=1382 y=1120 wordForeground=False
2026-09-06T19:51:46.3282130+08:00 pid=101980 tid=12 left-down x=2332 y=460 wordForeground=False
2026-09-06T19:51:48.2943247+08:00 pid=101980 tid=12 left-down x=2492 y=460 wordForeground=False
2026-09-06T19:52:22.6114213+08:00 pid=101980 tid=12 left-down x=1776 y=1270 wordForeground=False
2026-09-06T19:52:34.3623982+08:00 pid=101980 tid=12 left-down x=1167 y=784 wordForeground=True
2026-09-06T19:54:30.5886228+08:00 pid=101980 tid=12 left-down x=1776 y=1270 wordForeground=False
2026-09-06T19:54:49.3575594+08:00 pid=101980 tid=12 left-down x=981 y=434 wordForeground=True
2026-09-06T19:55:50.4472076+08:00 pid=101980 tid=12 left-down x=1776 y=1270 wordForeground=False
2026-09-06T20:00:14.7821386+08:00 pid=101980 tid=12 left-down x=314 y=899 wordForeground=True
2026-09-06T20:00:15.0394073+08:00 pid=101980 tid=12 left-down x=314 y=899 wordForeground=True
2026-09-06T20:00:15.0394073+08:00 pid=101980 tid=12 double-click elapsedMs=256.904 withinX=True withinY=True nativeOleTarget=False suppressSecondDown=False dispatchCallback=True
2026-09-06T20:00:15.1386689+08:00 pid=101980 tid=13 callback-begin interceptedNativeOle=False x=314 y=899
2026-09-06T20:00:15.1386689+08:00 pid=101980 tid=13 addin-callback-received interceptedNativeOle=False x=314 y=899
2026-09-06T20:00:15.1386689+08:00 pid=101980 tid=13 callback-end
2026-09-06T20:00:15.1396710+08:00 pid=101980 tid=1 addin-coordinate-selection formulaId=<null> objectMode=<null>
2026-09-06T20:00:32.1335798+08:00 pid=101980 tid=12 left-down x=1015 y=296 wordForeground=True
2026-09-06T20:00:40.6178188+08:00 pid=101980 tid=12 left-down x=1382 y=1120 wordForeground=False
2026-09-06T20:00:43.7305833+08:00 pid=101980 tid=12 left-down x=2492 y=460 wordForeground=False
2026-09-06T20:01:13.0824938+08:00 pid=101980 tid=12 left-down x=1382 y=1120 wordForeground=False
2026-09-06T20:01:15.2284731+08:00 pid=101980 tid=12 left-down x=2332 y=460 wordForeground=False
2026-09-06T20:01:17.2134654+08:00 pid=101980 tid=12 left-down x=2492 y=460 wordForeground=False
2026-09-06T20:03:46.9796132+08:00 pid=101980 tid=12 left-down x=3150 y=914 wordForeground=True
2026-09-06T20:07:28.2333587+08:00 pid=101980 tid=12 left-down x=781 y=837 wordForeground=False
2026-09-06T20:07:29.0492530+08:00 pid=101980 tid=12 left-down x=1246 y=904 wordForeground=True
2026-09-06T20:07:31.9622019+08:00 pid=101980 tid=12 left-down x=2652 y=1876 wordForeground=True
2026-09-06T20:18:44.8987323+08:00 pid=101980 tid=12 left-down x=3202 y=1755 wordForeground=True
2026-09-06T20:18:55.4379262+08:00 pid=101980 tid=12 left-down x=1872 y=722 wordForeground=True
2026-09-06T20:19:04.1483138+08:00 pid=101980 tid=12 left-down x=1382 y=1120 wordForeground=False
2026-09-06T20:19:07.3508866+08:00 pid=101980 tid=12 left-down x=2492 y=460 wordForeground=False
2026-09-06T20:19:37.1834319+08:00 pid=101980 tid=12 left-down x=1382 y=1120 wordForeground=False
2026-09-06T20:19:39.4892101+08:00 pid=101980 tid=12 left-down x=2332 y=460 wordForeground=False
2026-09-06T20:19:41.4189720+08:00 pid=101980 tid=12 left-down x=2492 y=460 wordForeground=False
2026-09-06T20:21:07.1758864+08:00 pid=101980 tid=12 left-down x=1776 y=1270 wordForeground=False
2026-09-06T20:21:21.1167298+08:00 pid=101980 tid=12 left-down x=2058 y=1197 wordForeground=True
2026-09-06T20:21:29.0591522+08:00 pid=101980 tid=12 left-down x=1872 y=894 wordForeground=True
2026-09-06T20:23:50.4820202+08:00 pid=101980 tid=12 left-down x=1211 y=1746 wordForeground=True
2026-09-06T20:23:50.7850192+08:00 pid=101980 tid=12 left-down x=1211 y=1746 wordForeground=True
2026-09-06T20:23:50.7860316+08:00 pid=101980 tid=12 double-click elapsedMs=303.449 withinX=True withinY=True nativeOleTarget=False suppressSecondDown=False dispatchCallback=True
2026-09-06T20:23:50.8907629+08:00 pid=101980 tid=11 callback-begin interceptedNativeOle=False x=1211 y=1746
2026-09-06T20:23:50.8907629+08:00 pid=101980 tid=11 addin-callback-received interceptedNativeOle=False x=1211 y=1746
2026-09-06T20:23:50.8907629+08:00 pid=101980 tid=11 callback-end
2026-09-06T20:23:50.8917603+08:00 pid=101980 tid=1 addin-coordinate-selection formulaId=<null> objectMode=<null>
2026-09-06T20:25:37.7180480+08:00 pid=101980 tid=12 left-down x=913 y=194 wordForeground=True
2026-09-06T20:25:46.2495384+08:00 pid=101980 tid=12 left-down x=1382 y=1120 wordForeground=False
2026-09-06T20:25:49.4127875+08:00 pid=101980 tid=12 left-down x=2492 y=460 wordForeground=False
2026-09-06T20:26:38.9362177+08:00 pid=101980 tid=12 left-down x=1776 y=1270 wordForeground=False
2026-09-06T20:26:58.6618825+08:00 pid=101980 tid=12 left-down x=1099 y=692 wordForeground=True
2026-09-06T20:27:06.6514925+08:00 pid=101980 tid=12 left-down x=913 y=366 wordForeground=True
2026-09-06T20:28:01.6759560+08:00 pid=101980 tid=12 left-down x=1776 y=1270 wordForeground=False
2026-09-06T20:30:42.4628273+08:00 pid=101980 tid=12 left-down x=257 y=711 wordForeground=True
2026-09-06T20:30:42.7416304+08:00 pid=101980 tid=12 left-down x=257 y=711 wordForeground=True
2026-09-06T20:30:42.7421561+08:00 pid=101980 tid=12 double-click elapsedMs=278.487 withinX=True withinY=True nativeOleTarget=False suppressSecondDown=False dispatchCallback=True
2026-09-06T20:30:42.8423038+08:00 pid=101980 tid=5 callback-begin interceptedNativeOle=False x=257 y=711
2026-09-06T20:30:42.8423038+08:00 pid=101980 tid=5 addin-callback-received interceptedNativeOle=False x=257 y=711
2026-09-06T20:30:42.8433063+08:00 pid=101980 tid=5 callback-end
2026-09-06T20:30:42.8433063+08:00 pid=101980 tid=1 addin-coordinate-selection formulaId=<null> objectMode=<null>
2026-09-06T20:32:08.9491513+08:00 pid=101980 tid=12 left-down x=1776 y=1270 wordForeground=False
2026-09-06T20:38:36.9860463+08:00 pid=101980 tid=12 left-down x=2327 y=1615 wordForeground=True
2026-09-06T20:38:38.8592560+08:00 pid=101980 tid=12 left-down x=2294 y=1552 wordForeground=False
2026-09-06T20:38:42.5609849+08:00 pid=101980 tid=12 left-down x=3538 y=941 wordForeground=False
2026-09-06T20:38:59.6787696+08:00 pid=101980 tid=12 left-down x=838 y=2134 wordForeground=False
2026-09-06T20:39:02.8688419+08:00 pid=101980 tid=12 left-down x=2513 y=463 wordForeground=False
2026-09-06T20:43:15.5606006+08:00 pid=101980 tid=12 left-down x=1872 y=722 wordForeground=True
2026-09-06T20:43:23.5061489+08:00 pid=101980 tid=12 left-down x=1317 y=747 wordForeground=False
2026-09-06T20:43:26.6042781+08:00 pid=101980 tid=12 left-down x=1792 y=747 wordForeground=False
2026-09-06T20:43:38.4976977+08:00 pid=101980 tid=12 left-down x=2058 y=1197 wordForeground=True
2026-09-06T20:43:52.8597761+08:00 pid=101980 tid=12 left-down x=1382 y=1120 wordForeground=False
2026-09-06T20:43:55.1864592+08:00 pid=101980 tid=12 left-down x=2332 y=460 wordForeground=False
2026-09-06T20:43:57.1678022+08:00 pid=101980 tid=12 left-down x=2492 y=460 wordForeground=False
2026-09-06T20:44:32.0073549+08:00 pid=101980 tid=12 left-down x=1776 y=1270 wordForeground=False
2026-09-06T20:44:43.8586429+08:00 pid=101980 tid=12 left-down x=2058 y=1245 wordForeground=True
2026-09-06T20:44:52.1014230+08:00 pid=101980 tid=12 left-down x=1872 y=894 wordForeground=True
2026-09-06T20:51:58.8765690+08:00 pid=101980 tid=12 left-down x=3322 y=1198 wordForeground=True
2026-09-06T20:54:03.5321207+08:00 pid=101980 tid=12 left-down x=2649 y=1482 wordForeground=False
2026-09-06T20:54:04.6507396+08:00 pid=101980 tid=12 left-down x=1875 y=2003 wordForeground=False
2026-09-06T20:54:05.8814848+08:00 pid=101980 tid=12 left-down x=2514 y=1766 wordForeground=False
2026-09-06T20:54:43.0483612+08:00 pid=101980 tid=12 left-down x=1776 y=1270 wordForeground=False
2026-09-06T20:55:49.1454177+08:00 pid=101980 tid=12 left-down x=1776 y=1270 wordForeground=False
2026-09-06T20:55:55.3361044+08:00 pid=101980 tid=12 left-down x=3287 y=1277 wordForeground=False
2026-09-06T20:57:43.9039740+08:00 pid=101980 tid=12 left-down x=1226 y=1122 wordForeground=True
2026-09-06T20:57:44.1861017+08:00 pid=101980 tid=12 left-down x=1226 y=1122 wordForeground=True
2026-09-06T20:57:44.1871041+08:00 pid=101980 tid=12 double-click elapsedMs=282.527 withinX=True withinY=True nativeOleTarget=False suppressSecondDown=False dispatchCallback=True
2026-09-06T20:57:44.2883089+08:00 pid=101980 tid=21 callback-begin interceptedNativeOle=False x=1226 y=1122
2026-09-06T20:57:44.2883089+08:00 pid=101980 tid=21 addin-callback-received interceptedNativeOle=False x=1226 y=1122
2026-09-06T20:57:44.2888328+08:00 pid=101980 tid=21 callback-end
2026-09-06T20:57:44.2908287+08:00 pid=101980 tid=1 addin-coordinate-selection formulaId=<null> objectMode=<null>
2026-09-06T20:57:48.7062063+08:00 pid=101980 tid=12 left-down x=1967 y=958 wordForeground=True
2026-09-06T20:57:49.8180676+08:00 pid=101980 tid=12 left-down x=3220 y=1476 wordForeground=True
2026-09-06T20:57:52.2148459+08:00 pid=101980 tid=12 left-down x=2352 y=1621 wordForeground=False
2026-09-06T20:57:52.9972703+08:00 pid=101980 tid=12 left-down x=2325 y=1549 wordForeground=False
2026-09-06T20:57:57.3083445+08:00 pid=101980 tid=12 left-down x=3532 y=950 wordForeground=False
2026-09-06T20:58:50.0605174+08:00 pid=101980 tid=12 left-down x=1776 y=1270 wordForeground=False
2026-09-06T20:59:56.7422387+08:00 pid=101980 tid=12 left-down x=3419 y=1293 wordForeground=True
2026-09-06T20:59:58.4540030+08:00 pid=101980 tid=12 left-down x=1526 y=1265 wordForeground=False
2026-09-06T20:59:59.2822472+08:00 pid=101980 tid=12 left-down x=1951 y=1100 wordForeground=True
2026-09-06T21:00:00.9966793+08:00 pid=101980 tid=12 left-down x=1967 y=1302 wordForeground=True
2026-09-06T21:02:26.4440327+08:00 pid=101980 tid=12 left-down x=3305 y=1428 wordForeground=True
2026-09-06T21:02:28.5120595+08:00 pid=101980 tid=12 left-down x=2391 y=1613 wordForeground=False
2026-09-06T21:02:29.3630487+08:00 pid=101980 tid=12 left-down x=2345 y=1578 wordForeground=False
2026-09-06T21:02:31.6827733+08:00 pid=101980 tid=12 left-down x=3555 y=953 wordForeground=False
2026-09-06T21:02:49.3056068+08:00 pid=101980 tid=12 left-down x=1226 y=1122 wordForeground=True
2026-09-06T21:02:49.5899908+08:00 pid=101980 tid=12 left-down x=1226 y=1122 wordForeground=True
2026-09-06T21:02:49.5899908+08:00 pid=101980 tid=12 double-click elapsedMs=283.955 withinX=True withinY=True nativeOleTarget=False suppressSecondDown=False dispatchCallback=True
2026-09-06T21:02:49.6859882+08:00 pid=101980 tid=21 callback-begin interceptedNativeOle=False x=1226 y=1122
2026-09-06T21:02:49.6859882+08:00 pid=101980 tid=21 addin-callback-received interceptedNativeOle=False x=1226 y=1122
2026-09-06T21:02:49.6859882+08:00 pid=101980 tid=21 callback-end
2026-09-06T21:02:49.6869908+08:00 pid=101980 tid=1 addin-coordinate-selection formulaId=<null> objectMode=<null>
2026-09-06T21:04:01.3035635+08:00 pid=101980 tid=12 left-down x=1862 y=913 wordForeground=True
2026-09-06T21:04:02.8431375+08:00 pid=101980 tid=12 left-down x=3251 y=1257 wordForeground=True
2026-09-06T21:04:05.0502249+08:00 pid=101980 tid=12 left-down x=2360 y=1624 wordForeground=False
2026-09-06T21:04:05.8016026+08:00 pid=101980 tid=12 left-down x=2229 y=1506 wordForeground=False
2026-09-06T21:04:06.7774775+08:00 pid=101980 tid=12 left-down x=2296 y=1541 wordForeground=False
2026-09-06T21:04:10.1123720+08:00 pid=101980 tid=12 left-down x=3548 y=938 wordForeground=False
2026-09-06T21:04:11.7114097+08:00 pid=101980 tid=12 left-down x=1498 y=1085 wordForeground=False
2026-09-06T21:04:22.8221688+08:00 pid=101980 tid=12 left-down x=3288 y=1228 wordForeground=True
2026-09-06T21:04:36.5884241+08:00 pid=101980 tid=12 left-down x=1226 y=1122 wordForeground=True
2026-09-06T21:04:36.8860153+08:00 pid=101980 tid=12 left-down x=1226 y=1122 wordForeground=True
2026-09-06T21:04:36.8860153+08:00 pid=101980 tid=12 double-click elapsedMs=297.528 withinX=True withinY=True nativeOleTarget=False suppressSecondDown=False dispatchCallback=True
2026-09-06T21:04:36.9900129+08:00 pid=101980 tid=5 callback-begin interceptedNativeOle=False x=1226 y=1122
2026-09-06T21:04:36.9900129+08:00 pid=101980 tid=5 addin-callback-received interceptedNativeOle=False x=1226 y=1122
2026-09-06T21:04:36.9910134+08:00 pid=101980 tid=5 callback-end
2026-09-06T21:04:36.9910134+08:00 pid=101980 tid=1 addin-coordinate-selection formulaId=<null> objectMode=<null>
2026-09-06T21:05:55.3245793+08:00 pid=101980 tid=12 left-down x=3213 y=1319 wordForeground=True
2026-09-06T21:06:00.7509708+08:00 pid=101980 tid=12 left-down x=1423 y=1125 wordForeground=False
2026-09-06T21:07:41.2280445+08:00 pid=101980 tid=12 left-down x=1872 y=722 wordForeground=True
2026-09-06T21:08:01.9527821+08:00 pid=101980 tid=12 left-down x=2058 y=1197 wordForeground=True
2026-09-06T21:09:13.6789363+08:00 pid=101980 tid=12 left-down x=3259 y=1259 wordForeground=True
2026-09-06T21:09:21.7145928+08:00 pid=101980 tid=12 left-down x=1555 y=1220 wordForeground=False
2026-09-06T21:09:24.4148694+08:00 pid=101980 tid=12 left-down x=1640 y=1276 wordForeground=True
2026-09-06T21:10:06.1376253+08:00 pid=101980 tid=12 left-down x=913 y=194 wordForeground=True
2026-09-06T21:10:24.9293609+08:00 pid=101980 tid=12 left-down x=1099 y=668 wordForeground=True
2026-09-06T21:10:39.4282625+08:00 pid=101980 tid=12 left-down x=1382 y=1120 wordForeground=False
2026-09-06T21:10:42.7243643+08:00 pid=101980 tid=12 left-down x=2492 y=460 wordForeground=False
2026-09-06T21:11:33.6964712+08:00 pid=101980 tid=12 left-down x=1776 y=1270 wordForeground=False
2026-09-06T21:11:46.6318592+08:00 pid=101980 tid=12 left-down x=1099 y=716 wordForeground=True
2026-09-06T21:11:54.8967252+08:00 pid=101980 tid=12 left-down x=913 y=366 wordForeground=True
2026-09-06T21:13:04.2905720+08:00 pid=101980 tid=12 left-down x=3360 y=1425 wordForeground=True
2026-09-06T21:13:12.2754292+08:00 pid=101980 tid=12 left-down x=1336 y=1201 wordForeground=False
2026-09-06T21:13:16.6274114+08:00 pid=101980 tid=12 left-down x=1060 y=1037 wordForeground=True
2026-09-06T21:13:18.3875855+08:00 pid=101980 tid=12 left-down x=1147 y=1380 wordForeground=True
2026-09-06T21:14:16.9600316+08:00 pid=101980 tid=12 left-down x=1776 y=1270 wordForeground=False
2026-09-06T21:14:25.8677399+08:00 pid=101980 tid=12 left-down x=913 y=194 wordForeground=True
2026-09-06T21:14:39.3395435+08:00 pid=101980 tid=12 left-down x=913 y=366 wordForeground=True
2026-09-06T21:15:35.0122326+08:00 pid=101980 tid=12 left-down x=1776 y=1270 wordForeground=False
2026-09-06T21:20:43.9528617+08:00 pid=101980 tid=12 left-down x=257 y=681 wordForeground=True
2026-09-06T21:20:44.2672544+08:00 pid=101980 tid=12 left-down x=257 y=681 wordForeground=True
2026-09-06T21:20:44.2682612+08:00 pid=101980 tid=12 double-click elapsedMs=314.061 withinX=True withinY=True nativeOleTarget=False suppressSecondDown=False dispatchCallback=True
2026-09-06T21:20:44.3592686+08:00 pid=101980 tid=11 callback-begin interceptedNativeOle=False x=257 y=681
2026-09-06T21:20:44.3592686+08:00 pid=101980 tid=11 addin-callback-received interceptedNativeOle=False x=257 y=681
2026-09-06T21:20:44.3592686+08:00 pid=101980 tid=11 callback-end
2026-09-06T21:20:44.3602703+08:00 pid=101980 tid=1 addin-coordinate-selection formulaId=<null> objectMode=<null>
2026-09-06T21:22:57.1208292+08:00 pid=101980 tid=12 left-down x=1872 y=722 wordForeground=True
2026-09-06T21:23:05.6769519+08:00 pid=101980 tid=12 left-down x=1382 y=1120 wordForeground=False
2026-09-06T21:23:08.8511401+08:00 pid=101980 tid=12 left-down x=2492 y=460 wordForeground=False
2026-09-06T21:23:25.4447441+08:00 pid=101980 tid=12 left-down x=3244 y=1386 wordForeground=True
2026-09-06T21:23:39.7973795+08:00 pid=101980 tid=12 left-down x=1500 y=747 wordForeground=False
2026-09-06T21:24:17.2041689+08:00 pid=101980 tid=12 left-down x=1776 y=1270 wordForeground=False
2026-09-06T21:24:29.7191232+08:00 pid=101980 tid=12 left-down x=2058 y=1221 wordForeground=True
2026-09-06T21:24:37.8623107+08:00 pid=101980 tid=12 left-down x=1872 y=894 wordForeground=True
2026-09-06T21:25:47.1341794+08:00 pid=101980 tid=12 left-down x=3420 y=1159 wordForeground=True
2026-09-06T21:28:18.1354714+08:00 pid=101980 tid=12 left-down x=3020 y=1882 wordForeground=False
2026-09-06T21:28:41.1286033+08:00 pid=101980 tid=12 left-down x=2447 y=1622 wordForeground=False
2026-09-06T21:28:41.9244131+08:00 pid=101980 tid=12 left-down x=2351 y=1574 wordForeground=False
2026-09-06T21:28:48.6079820+08:00 pid=101980 tid=12 left-down x=3554 y=941 wordForeground=False
2026-09-06T21:29:06.6768660+08:00 pid=101980 tid=12 left-down x=2759 y=1917 wordForeground=False
2026-09-06T21:30:05.2638909+08:00 pid=101980 tid=12 left-down x=1776 y=1270 wordForeground=False
2026-09-06T21:30:14.4060347+08:00 pid=101980 tid=12 left-down x=1872 y=722 wordForeground=True
2026-09-06T21:30:27.3929456+08:00 pid=101980 tid=12 left-down x=1872 y=894 wordForeground=True
2026-09-06T21:30:58.5883054+08:00 pid=101980 tid=12 left-down x=3287 y=1354 wordForeground=True
2026-09-06T21:31:04.6898387+08:00 pid=101980 tid=12 left-down x=3193 y=1291 wordForeground=True
2026-09-06T21:31:12.0157012+08:00 pid=101980 tid=12 left-down x=3312 y=1360 wordForeground=True
2026-09-06T21:31:18.3259737+08:00 pid=101980 tid=12 left-down x=1776 y=1270 wordForeground=False
2026-09-06T21:31:33.0350579+08:00 pid=101980 tid=12 left-down x=3455 y=1476 wordForeground=True
2026-09-06T21:32:02.1257171+08:00 pid=101980 tid=12 left-down x=1925 y=1563 wordForeground=True
2026-09-06T21:32:03.3709803+08:00 pid=101980 tid=12 left-down x=3428 y=1458 wordForeground=False
2026-09-06T21:32:31.4293577+08:00 pid=101980 tid=12 left-down x=3294 y=1512 wordForeground=True
2026-09-06T21:34:48.7491314+08:00 pid=101980 tid=12 left-down x=3228 y=1368 wordForeground=False
2026-09-06T21:34:54.5452336+08:00 pid=101980 tid=12 left-down x=3061 y=1317 wordForeground=False
2026-09-06T21:35:04.4651181+08:00 pid=101980 tid=12 left-down x=2884 y=1710 wordForeground=False
2026-09-06T21:35:12.7727874+08:00 pid=101980 tid=12 left-down x=2818 y=1889 wordForeground=False
2026-09-06T21:35:23.1722045+08:00 pid=101980 tid=12 left-down x=2446 y=1904 wordForeground=False
2026-09-06T21:35:44.2844796+08:00 pid=101980 tid=12 left-down x=1750 y=2017 wordForeground=False
2026-09-06T21:35:47.8052594+08:00 pid=101980 tid=12 left-down x=2311 y=1771 wordForeground=False
2026-09-06T21:36:02.5678684+08:00 pid=101980 tid=12 left-down x=1216 y=1122 wordForeground=True
2026-09-06T21:36:02.9246324+08:00 pid=101980 tid=12 left-down x=1216 y=1122 wordForeground=True
2026-09-06T21:36:02.9246324+08:00 pid=101980 tid=12 double-click elapsedMs=355.884 withinX=True withinY=True nativeOleTarget=False suppressSecondDown=False dispatchCallback=True
2026-09-06T21:36:03.0166759+08:00 pid=101980 tid=13 callback-begin interceptedNativeOle=False x=1216 y=1122
2026-09-06T21:36:03.0166759+08:00 pid=101980 tid=13 addin-callback-received interceptedNativeOle=False x=1216 y=1122
2026-09-06T21:36:03.0171832+08:00 pid=101980 tid=13 callback-end
2026-09-06T21:36:03.0171832+08:00 pid=101980 tid=1 addin-coordinate-selection formulaId=<null> objectMode=<null>
2026-09-06T21:37:19.5483817+08:00 pid=101980 tid=12 left-down x=3336 y=1372 wordForeground=True
2026-09-06T21:37:26.0297075+08:00 pid=101980 tid=12 left-down x=2405 y=1625 wordForeground=False
2026-09-06T21:37:27.4203362+08:00 pid=101980 tid=12 left-down x=2310 y=1561 wordForeground=False
2026-09-06T21:37:29.7996297+08:00 pid=101980 tid=12 left-down x=3539 y=957 wordForeground=False
2026-09-06T21:37:31.7391005+08:00 pid=101980 tid=12 left-down x=2655 y=1907 wordForeground=False
2026-09-06T21:37:48.2028220+08:00 pid=101980 tid=12 left-down x=1382 y=1120 wordForeground=False
2026-09-06T21:37:51.5543019+08:00 pid=101980 tid=12 left-down x=2492 y=460 wordForeground=False
2026-09-06T21:38:18.5210906+08:00 pid=101980 tid=12 left-down x=1255 y=1032 wordForeground=True
2026-09-06T21:38:24.9075804+08:00 pid=101980 tid=12 left-down x=2693 y=1663 wordForeground=True
2026-09-06T21:38:26.3751525+08:00 pid=101980 tid=12 left-down x=3239 y=1682 wordForeground=False
2026-09-06T21:38:28.4733860+08:00 pid=101980 tid=12 left-down x=3146 y=1684 wordForeground=False
2026-09-06T21:38:45.6201857+08:00 pid=101980 tid=12 left-down x=1151 y=2140 wordForeground=False
2026-09-06T21:39:11.8793149+08:00 pid=101980 tid=12 left-down x=3303 y=1566 wordForeground=False
2026-09-06T21:39:17.7013603+08:00 pid=101980 tid=12 left-down x=3268 y=1483 wordForeground=False
2026-09-06T21:39:20.7736913+08:00 pid=101980 tid=12 left-down x=2801 y=1901 wordForeground=False
2026-09-06T21:39:32.1286921+08:00 pid=101980 tid=12 left-down x=2801 y=1901 wordForeground=True
2026-09-06T21:41:54.5263700+08:00 pid=101980 tid=12 left-down x=1872 y=722 wordForeground=True
2026-09-06T21:42:55.2308235+08:00 pid=101980 tid=12 left-down x=1332 y=734 wordForeground=True
2026-09-06T21:42:56.8980061+08:00 pid=101980 tid=12 left-down x=3277 y=1290 wordForeground=True
2026-09-06T21:44:10.2626644+08:00 pid=101980 tid=12 left-down x=1445 y=832 wordForeground=True
2026-09-06T21:44:10.6406003+08:00 pid=101980 tid=12 left-down x=1445 y=832 wordForeground=True
2026-09-06T21:44:10.6406003+08:00 pid=101980 tid=12 double-click elapsedMs=377.91 withinX=True withinY=True nativeOleTarget=False suppressSecondDown=False dispatchCallback=True
2026-09-06T21:44:10.7476611+08:00 pid=101980 tid=25 callback-begin interceptedNativeOle=False x=1445 y=832
2026-09-06T21:44:10.7476611+08:00 pid=101980 tid=25 addin-callback-received interceptedNativeOle=False x=1445 y=832
2026-09-06T21:44:10.7476611+08:00 pid=101980 tid=25 callback-end
2026-09-06T21:44:10.7486632+08:00 pid=101980 tid=1 addin-coordinate-selection formulaId=<null> objectMode=<null>
2026-09-06T21:44:12.4399653+08:00 pid=101980 tid=12 left-down x=3812 y=9 wordForeground=False
2026-09-06T21:44:14.6766134+08:00 pid=101980 tid=12 left-down x=1517 y=985 wordForeground=True
2026-09-06T21:44:43.2396219+08:00 pid=101980 tid=12 left-down x=1820 y=1993 wordForeground=True
2026-09-06T21:44:45.1562149+08:00 pid=101980 tid=12 left-down x=2265 y=1773 wordForeground=False
2026-09-06T21:45:35.2552362+08:00 pid=101980 tid=12 left-down x=1897 y=1997 wordForeground=False
2026-09-06T21:45:36.7844496+08:00 pid=101980 tid=12 left-down x=2373 y=1907 wordForeground=False
2026-09-06T21:45:37.8660214+08:00 pid=101980 tid=12 left-down x=2372 y=1627 wordForeground=False
2026-09-06T21:45:38.9949003+08:00 pid=101980 tid=12 left-down x=2305 y=1600 wordForeground=False
2026-09-06T21:45:41.4774043+08:00 pid=101980 tid=12 left-down x=3535 y=976 wordForeground=False
2026-09-06T21:45:42.9859830+08:00 pid=101980 tid=12 left-down x=2685 y=1869 wordForeground=False
2026-09-06T21:46:38.1595980+08:00 pid=101980 tid=12 left-down x=1982 y=2015 wordForeground=False
2026-09-06T21:46:45.4384999+08:00 pid=101980 tid=12 left-down x=852 y=2147 wordForeground=False
2026-09-06T21:46:48.9367815+08:00 pid=101980 tid=12 left-down x=2927 y=1203 wordForeground=False
2026-09-06T21:47:00.6782404+08:00 pid=101980 tid=12 left-down x=1718 y=624 wordForeground=False
2026-09-06T21:47:02.8136335+08:00 pid=101980 tid=12 left-down x=2217 y=1462 wordForeground=False
2026-09-06T21:47:32.2654295+08:00 pid=101980 tid=12 left-down x=1235 y=828 wordForeground=True
2026-09-06T21:47:40.3604060+08:00 pid=101980 tid=12 left-down x=1049 y=502 wordForeground=True
2026-09-06T21:47:45.7908530+08:00 pid=101980 tid=12 left-down x=403 y=1089 wordForeground=True
2026-09-06T21:47:46.1702177+08:00 pid=101980 tid=12 left-down x=403 y=1089 wordForeground=True
2026-09-06T21:47:46.1702177+08:00 pid=101980 tid=12 double-click elapsedMs=379.615 withinX=True withinY=True nativeOleTarget=False suppressSecondDown=False dispatchCallback=True
2026-09-06T21:47:46.2635590+08:00 pid=101980 tid=28 callback-begin interceptedNativeOle=False x=403 y=1089
2026-09-06T21:47:46.2635590+08:00 pid=101980 tid=28 addin-callback-received interceptedNativeOle=False x=403 y=1089
2026-09-06T21:47:46.2635590+08:00 pid=101980 tid=28 callback-end
2026-09-06T21:47:46.2644562+08:00 pid=101980 tid=1 addin-coordinate-selection formulaId=<null> objectMode=<null>
2026-09-06T21:47:56.5827773+08:00 pid=101980 tid=12 left-down x=584 y=1013 wordForeground=True
2026-09-06T21:48:00.9051273+08:00 pid=101980 tid=12 left-down x=2608 y=1634 wordForeground=True
2026-09-06T21:48:24.5600204+08:00 pid=101980 tid=12 left-down x=1927 y=1995 wordForeground=False
2026-09-06T21:48:27.0072254+08:00 pid=101980 tid=12 left-down x=2318 y=1897 wordForeground=False
2026-09-06T21:57:13.8144112+08:00 pid=101980 tid=12 left-down x=1938 y=2024 wordForeground=False
2026-09-06T21:57:15.4257527+08:00 pid=101980 tid=12 left-down x=2338 y=1891 wordForeground=False
2026-09-06T21:59:59.0217361+08:00 pid=101980 tid=12 left-down x=2320 y=1675 wordForeground=False
2026-09-06T22:00:03.1070299+08:00 pid=101980 tid=12 left-down x=686 y=2131 wordForeground=False
2026-09-06T22:00:05.7566610+08:00 pid=101980 tid=12 left-down x=1008 y=1231 wordForeground=False
2026-09-06T22:00:06.1652671+08:00 pid=101980 tid=12 left-down x=1008 y=1231 wordForeground=False
2026-09-06T22:00:08.4676165+08:00 pid=101980 tid=12 left-down x=2052 y=1288 wordForeground=False
2026-09-06T22:00:09.1399557+08:00 pid=101980 tid=12 left-down x=2052 y=1288 wordForeground=False
2026-09-06T22:00:10.1933028+08:00 pid=101980 tid=12 left-down x=2052 y=1288 wordForeground=False
