2026-09-06T20:19:10.6089698+08:00 pid=94656 [perf] ConvertedOmmlBatch.inventory: +61ms (61ms)
2026-09-06T20:19:10.6159701+08:00 pid=94656 [perf] ConvertedOmmlBatch.number-plan: +8ms (69ms)
2026-09-06T20:19:10.6437574+08:00 pid=94656 [perf] ConvertedOmmlBatch.locate-target: +28ms (97ms)
2026-09-06T20:19:10.6487570+08:00 pid=94656 [perf] ConvertedOmmlBatch.true-display-native-resolve-display: +5ms (102ms)
2026-09-06T20:19:10.6752397+08:00 pid=94656 [perf] ConvertedOmmlBatch.true-display-native-clear-artifacts: +27ms (129ms)
2026-09-06T20:19:10.6832399+08:00 pid=94656 [perf] ConvertedOmmlBatch.true-display-native-measure-display: +7ms (136ms)
2026-09-06T20:19:10.7212986+08:00 pid=94656 [perf] ConvertedOmmlBatch.true-display-native-ensure-table: +39ms (175ms)
2026-09-06T20:19:10.7242986+08:00 pid=94656 [perf] ConvertedOmmlBatch.true-display-native-resolve-table-formula: +2ms (177ms)
2026-09-06T20:19:10.7242986+08:00 pid=94656 [perf] ConvertedOmmlBatch.true-display-native-height-repair: +0ms (177ms)
2026-09-06T20:19:10.8365288+08:00 pid=94656 [perf] ConvertedOmmlBatch.true-display-native-geometry: +113ms (290ms)
2026-09-06T20:19:10.8375291+08:00 pid=94656 [perf] ConvertedOmmlBatch.true-display-native-1x3-table: +0ms (290ms)
2026-09-06T20:19:10.8387310+08:00 pid=94656 [perf] ConvertedOmmlBatch.true-display-direct-number-plan: +2ms (292ms)
2026-09-06T20:19:10.8818415+08:00 pid=94656 [perf] ConvertedOmmlBatch.true-display-direct-visible-seq: +44ms (336ms)
2026-09-06T20:19:10.8938412+08:00 pid=94656 [perf] ConvertedOmmlBatch.true-display-native-wrap-identity: +11ms (347ms)
2026-09-06T20:19:10.8938412+08:00 pid=94656 [perf] ConvertedOmmlBatch.true-display-host: +0ms (347ms)
2026-09-06T20:19:10.9516911+08:00 pid=94656 [perf] ConvertedOmmlBatch.repair-identity: +58ms (405ms)
2026-09-06T20:19:10.9526919+08:00 pid=94656 [perf] ConversionFinalize.caption-inventory: +0ms (0ms)
2026-09-06T20:19:10.9576913+08:00 pid=94656 [perf] number-format-batch.plan: +0ms (0ms)
2026-09-06T20:19:10.9616909+08:00 pid=94656 [perf] number-format-batch.direct-table-targets: +4ms (4ms)
2026-09-06T20:19:10.9646910+08:00 pid=94656 [perf] number-format-batch.native-hash-inventory: +2ms (6ms)
2026-09-06T20:19:10.9646910+08:00 pid=94656 [perf] number-format-batch.native-breakdown lookup=0ms code=0ms update=0ms prefix=0ms bookmark=0ms
2026-09-06T20:19:10.9646910+08:00 pid=94656 [perf] number-format-batch.legacy-targets: +1ms (7ms)
2026-09-06T20:19:10.9646910+08:00 pid=94656 [perf] number-format-batch.native-hash-targets: +0ms (7ms)
2026-09-06T20:19:10.9646910+08:00 pid=94656 [perf] number-format-batch.visible-references: +0ms (7ms)
2026-09-06T20:19:11.0074922+08:00 pid=94656 [perf] number-format-batch.extra-references: +42ms (49ms)
2026-09-06T20:19:11.0074922+08:00 pid=94656 [perf] ConversionFinalize.field-batch: +55ms (55ms)
2026-09-06T20:19:11.0349044+08:00 pid=94656 [perf] ConversionFinalize.healthy-refresh: +27ms (82ms)
2026-09-06T20:21:29.5089180+08:00 pid=94656 [perf] update-numbers.health-fail reason=no-numbering-bookmarks
2026-09-06T20:21:42.5455716+08:00 pid=94656 [perf] direct-row-health-fail formulaId=edf4e4e5-6553-49e9-b6a2-9d437af81332 check=table-membership reason=not-in-table
2026-09-06T20:21:42.6764473+08:00 pid=94656 [perf] ConvertedOmmlBatch.inventory: +130ms (130ms)
2026-09-06T20:21:42.6920195+08:00 pid=94656 [perf] ConvertedOmmlBatch.number-plan: +15ms (145ms)
2026-09-06T20:21:42.7446203+08:00 pid=94656 [perf] ConvertedOmmlBatch.locate-target: +52ms (197ms)
2026-09-06T20:21:42.7506212+08:00 pid=94656 [perf] ConvertedOmmlBatch.true-display-native-resolve-display: +7ms (204ms)
2026-09-06T20:21:42.7786195+08:00 pid=94656 [perf] ConvertedOmmlBatch.true-display-native-clear-artifacts: +28ms (232ms)
2026-09-06T20:21:42.8134468+08:00 pid=94656 [perf] ConvertedOmmlBatch.true-display-native-measure-display: +35ms (267ms)
2026-09-06T20:21:42.8564464+08:00 pid=94656 [perf] ConvertedOmmlBatch.true-display-native-ensure-table: +42ms (309ms)
2026-09-06T20:21:42.8584444+08:00 pid=94656 [perf] ConvertedOmmlBatch.true-display-native-resolve-table-formula: +2ms (311ms)
2026-09-06T20:21:42.8584444+08:00 pid=94656 [perf] ConvertedOmmlBatch.true-display-native-height-repair: +1ms (312ms)
2026-09-06T20:21:42.9795544+08:00 pid=94656 [perf] ConvertedOmmlBatch.true-display-native-geometry: +121ms (433ms)
2026-09-06T20:21:42.9805533+08:00 pid=94656 [perf] ConvertedOmmlBatch.true-display-native-1x3-table: +0ms (433ms)
2026-09-06T20:21:42.9805533+08:00 pid=94656 [perf] ConvertedOmmlBatch.true-display-direct-number-plan: +1ms (434ms)
2026-09-06T20:21:43.1044377+08:00 pid=94656 [perf] ConvertedOmmlBatch.true-display-direct-visible-seq: +123ms (557ms)
2026-09-06T20:21:43.1305186+08:00 pid=94656 [perf] ConvertedOmmlBatch.true-display-native-wrap-identity: +27ms (584ms)
2026-09-06T20:21:43.1315190+08:00 pid=94656 [perf] ConvertedOmmlBatch.true-display-host: +1ms (585ms)
2026-09-06T20:21:43.2085170+08:00 pid=94656 [perf] ConvertedOmmlBatch.repair-identity: +77ms (662ms)
2026-09-06T20:21:43.2595248+08:00 pid=94656 [perf] ConvertedOmmlBatch.locate-target: +51ms (713ms)
2026-09-06T20:21:43.2625238+08:00 pid=94656 [perf] ConvertedOmmlBatch.true-display-native-resolve-display: +3ms (716ms)
2026-09-06T20:21:43.3021903+08:00 pid=94656 [perf] ConvertedOmmlBatch.true-display-native-clear-artifacts: +39ms (755ms)
2026-09-06T20:21:43.3399231+08:00 pid=94656 [perf] ConvertedOmmlBatch.true-display-native-measure-display: +37ms (792ms)
2026-09-06T20:21:43.3839171+08:00 pid=94656 [perf] ConvertedOmmlBatch.true-display-native-ensure-table: +45ms (837ms)
2026-09-06T20:21:43.3859195+08:00 pid=94656 [perf] ConvertedOmmlBatch.true-display-native-resolve-table-formula: +1ms (838ms)
2026-09-06T20:21:43.3859195+08:00 pid=94656 [perf] ConvertedOmmlBatch.true-display-native-height-repair: +1ms (839ms)
2026-09-06T20:21:43.4786252+08:00 pid=94656 [perf] ConvertedOmmlBatch.true-display-native-geometry: +92ms (931ms)
2026-09-06T20:21:43.4786252+08:00 pid=94656 [perf] ConvertedOmmlBatch.true-display-native-1x3-table: +1ms (932ms)
2026-09-06T20:21:43.4786252+08:00 pid=94656 [perf] ConvertedOmmlBatch.true-display-direct-number-plan: +0ms (932ms)
2026-09-06T20:21:43.5336228+08:00 pid=94656 [perf] ConvertedOmmlBatch.true-display-direct-visible-seq: +55ms (987ms)
2026-09-06T20:21:43.5436255+08:00 pid=94656 [perf] ConvertedOmmlBatch.true-display-native-wrap-identity: +10ms (997ms)
2026-09-06T20:21:43.5446229+08:00 pid=94656 [perf] ConvertedOmmlBatch.true-display-host: +0ms (997ms)
2026-09-06T20:21:43.5847526+08:00 pid=94656 [perf] ConvertedOmmlBatch.repair-identity: +41ms (1038ms)
2026-09-06T20:25:38.0142079+08:00 pid=94656 [perf] update-numbers.health-fail reason=no-parseable-field-codes
2026-09-06T20:25:53.5697320+08:00 pid=94656 [perf] ConvertedOmmlBatch.inventory: +737ms (737ms)
2026-09-06T20:25:53.5717296+08:00 pid=94656 [perf] ConvertedOmmlBatch.number-plan: +1ms (738ms)
2026-09-06T20:25:53.6714422+08:00 pid=94656 [perf] ConvertedOmmlBatch.locate-target: +101ms (839ms)
2026-09-06T20:25:53.6736551+08:00 pid=94656 [perf] ConvertedOmmlBatch.true-display-native-resolve-display: +1ms (840ms)
2026-09-06T20:25:53.7078040+08:00 pid=94656 [perf] ConvertedOmmlBatch.true-display-native-clear-artifacts: +35ms (875ms)
2026-09-06T20:25:53.7725576+08:00 pid=94656 [perf] ConvertedOmmlBatch.true-display-native-measure-display: +64ms (939ms)
2026-09-06T20:25:53.8066546+08:00 pid=94656 [perf] ConvertedOmmlBatch.true-display-native-ensure-table: +35ms (974ms)
2026-09-06T20:25:53.8086569+08:00 pid=94656 [perf] ConvertedOmmlBatch.true-display-native-resolve-table-formula: +1ms (975ms)
2026-09-06T20:25:53.8086569+08:00 pid=94656 [perf] ConvertedOmmlBatch.true-display-native-height-repair: +0ms (975ms)
2026-09-06T20:25:53.9035381+08:00 pid=94656 [perf] ConvertedOmmlBatch.true-display-native-geometry: +96ms (1071ms)
2026-09-06T20:25:53.9045377+08:00 pid=94656 [perf] ConvertedOmmlBatch.true-display-native-1x3-table: +0ms (1071ms)
2026-09-06T20:25:53.9045377+08:00 pid=94656 [perf] ConvertedOmmlBatch.true-display-direct-number-plan: +0ms (1071ms)
2026-09-06T20:25:54.1515480+08:00 pid=94656 [perf] ConvertedOmmlBatch.true-display-direct-visible-seq: +248ms (1319ms)
2026-09-06T20:25:54.2337681+08:00 pid=94656 [perf] ConvertedOmmlBatch.true-display-native-post-table-spacing: +81ms (1400ms)
2026-09-06T20:25:54.3033564+08:00 pid=94656 [perf] ConvertedOmmlBatch.true-display-native-wrap-identity: +70ms (1470ms)
2026-09-06T20:25:54.3033564+08:00 pid=94656 [perf] ConvertedOmmlBatch.true-display-host: +0ms (1470ms)
2026-09-06T20:25:54.4080173+08:00 pid=94656 [perf] ConvertedOmmlBatch.repair-identity: +105ms (1575ms)
2026-09-06T20:25:54.5164058+08:00 pid=94656 [perf] ConvertedOmmlBatch.locate-target: +108ms (1683ms)
2026-09-06T20:25:54.5174082+08:00 pid=94656 [perf] ConvertedOmmlBatch.true-display-native-resolve-display: +1ms (1684ms)
2026-09-06T20:25:54.5576456+08:00 pid=94656 [perf] ConvertedOmmlBatch.true-display-native-clear-artifacts: +41ms (1725ms)
2026-09-06T20:25:54.6376476+08:00 pid=94656 [perf] ConvertedOmmlBatch.true-display-native-measure-display: +80ms (1805ms)
2026-09-06T20:25:54.6799702+08:00 pid=94656 [perf] ConvertedOmmlBatch.true-display-native-ensure-table: +41ms (1846ms)
2026-09-06T20:25:54.6809692+08:00 pid=94656 [perf] ConvertedOmmlBatch.true-display-native-resolve-table-formula: +2ms (1848ms)
2026-09-06T20:25:54.6819688+08:00 pid=94656 [perf] ConvertedOmmlBatch.true-display-native-height-repair: +0ms (1848ms)
2026-09-06T20:25:54.7846068+08:00 pid=94656 [perf] ConvertedOmmlBatch.true-display-native-geometry: +104ms (1952ms)
2026-09-06T20:25:54.7856065+08:00 pid=94656 [perf] ConvertedOmmlBatch.true-display-native-1x3-table: +0ms (1952ms)
2026-09-06T20:25:54.7860377+08:00 pid=94656 [perf] ConvertedOmmlBatch.true-display-direct-number-plan: +0ms (1952ms)
2026-09-06T20:25:55.0182515+08:00 pid=94656 [perf] ConvertedOmmlBatch.true-display-direct-visible-seq: +233ms (2185ms)
2026-09-06T20:25:55.0807544+08:00 pid=94656 [perf] ConvertedOmmlBatch.true-display-native-post-table-spacing: +63ms (2248ms)
2026-09-06T20:25:55.1293128+08:00 pid=94656 [perf] ConvertedOmmlBatch.true-display-native-wrap-identity: +48ms (2296ms)
2026-09-06T20:25:55.1303124+08:00 pid=94656 [perf] ConvertedOmmlBatch.true-display-host: +1ms (2297ms)
2026-09-06T20:25:55.2245306+08:00 pid=94656 [perf] ConvertedOmmlBatch.repair-identity: +95ms (2392ms)
2026-09-06T20:25:55.3236983+08:00 pid=94656 [perf] ConvertedOmmlBatch.locate-target: +99ms (2491ms)
2026-09-06T20:25:55.3290939+08:00 pid=94656 [perf] ConvertedOmmlBatch.true-display-native-resolve-display: +5ms (2496ms)
2026-09-06T20:25:55.3599644+08:00 pid=94656 [perf] ConvertedOmmlBatch.true-display-native-clear-artifacts: +30ms (2526ms)
2026-09-06T20:25:55.4441551+08:00 pid=94656 [perf] ConvertedOmmlBatch.true-display-native-measure-display: +85ms (2611ms)
2026-09-06T20:25:55.4858499+08:00 pid=94656 [perf] ConvertedOmmlBatch.true-display-native-ensure-table: +42ms (2653ms)
2026-09-06T20:25:55.4878496+08:00 pid=94656 [perf] ConvertedOmmlBatch.true-display-native-resolve-table-formula: +1ms (2654ms)
2026-09-06T20:25:55.4878496+08:00 pid=94656 [perf] ConvertedOmmlBatch.true-display-native-height-repair: +1ms (2655ms)
2026-09-06T20:25:55.6165748+08:00 pid=94656 [perf] ConvertedOmmlBatch.true-display-native-geometry: +129ms (2784ms)
2026-09-06T20:25:55.6175755+08:00 pid=94656 [perf] ConvertedOmmlBatch.true-display-native-1x3-table: +0ms (2784ms)
2026-09-06T20:25:55.6175755+08:00 pid=94656 [perf] ConvertedOmmlBatch.true-display-direct-number-plan: +0ms (2784ms)
2026-09-06T20:25:55.8654944+08:00 pid=94656 [perf] ConvertedOmmlBatch.true-display-direct-visible-seq: +248ms (3032ms)
2026-09-06T20:25:55.9342065+08:00 pid=94656 [perf] ConvertedOmmlBatch.true-display-native-post-table-spacing: +69ms (3101ms)
2026-09-06T20:25:55.9877888+08:00 pid=94656 [perf] ConvertedOmmlBatch.true-display-native-wrap-identity: +54ms (3155ms)
2026-09-06T20:25:55.9887926+08:00 pid=94656 [perf] ConvertedOmmlBatch.true-display-host: +1ms (3156ms)
2026-09-06T20:25:56.0733736+08:00 pid=94656 [perf] ConvertedOmmlBatch.repair-identity: +85ms (3241ms)
2026-09-06T20:25:56.1823940+08:00 pid=94656 [perf] ConvertedOmmlBatch.locate-target: +108ms (3349ms)
2026-09-06T20:25:56.1874052+08:00 pid=94656 [perf] ConvertedOmmlBatch.true-display-native-resolve-display: +6ms (3355ms)
2026-09-06T20:25:56.2247549+08:00 pid=94656 [perf] ConvertedOmmlBatch.true-display-native-clear-artifacts: +36ms (3391ms)
2026-09-06T20:25:56.3238800+08:00 pid=94656 [perf] ConvertedOmmlBatch.true-display-native-measure-display: +100ms (3491ms)
2026-09-06T20:25:56.3621693+08:00 pid=94656 [perf] ConvertedOmmlBatch.true-display-native-ensure-table: +38ms (3529ms)
2026-09-06T20:25:56.3641729+08:00 pid=94656 [perf] ConvertedOmmlBatch.true-display-native-resolve-table-formula: +2ms (3531ms)
2026-09-06T20:25:56.3641729+08:00 pid=94656 [perf] ConvertedOmmlBatch.true-display-native-height-repair: +0ms (3531ms)
2026-09-06T20:25:56.4702984+08:00 pid=94656 [perf] ConvertedOmmlBatch.true-display-native-geometry: +106ms (3637ms)
2026-09-06T20:25:56.4702984+08:00 pid=94656 [perf] ConvertedOmmlBatch.true-display-native-1x3-table: +0ms (3637ms)
2026-09-06T20:25:56.4712991+08:00 pid=94656 [perf] ConvertedOmmlBatch.true-display-direct-number-plan: +1ms (3638ms)
2026-09-06T20:25:56.7450609+08:00 pid=94656 [perf] ConvertedOmmlBatch.true-display-direct-visible-seq: +274ms (3912ms)
2026-09-06T20:25:56.8235947+08:00 pid=94656 [perf] ConvertedOmmlBatch.true-display-native-post-table-spacing: +79ms (3991ms)
2026-09-06T20:25:56.9012991+08:00 pid=94656 [perf] ConvertedOmmlBatch.true-display-native-wrap-identity: +77ms (4068ms)
2026-09-06T20:25:56.9012991+08:00 pid=94656 [perf] ConvertedOmmlBatch.true-display-host: +0ms (4068ms)
2026-09-06T20:25:57.0125114+08:00 pid=94656 [perf] ConvertedOmmlBatch.repair-identity: +111ms (4179ms)
2026-09-06T20:25:57.1255680+08:00 pid=94656 [perf] ConvertedOmmlBatch.locate-target: +113ms (4292ms)
2026-09-06T20:25:57.1315767+08:00 pid=94656 [perf] ConvertedOmmlBatch.true-display-native-resolve-display: +6ms (4298ms)
2026-09-06T20:25:57.1839068+08:00 pid=94656 [perf] ConvertedOmmlBatch.true-display-native-clear-artifacts: +53ms (4351ms)
2026-09-06T20:25:57.2703827+08:00 pid=94656 [perf] ConvertedOmmlBatch.true-display-native-measure-display: +86ms (4437ms)
2026-09-06T20:25:57.3028735+08:00 pid=94656 [perf] ConvertedOmmlBatch.true-display-native-ensure-table: +33ms (4470ms)
2026-09-06T20:25:57.3048747+08:00 pid=94656 [perf] ConvertedOmmlBatch.true-display-native-resolve-table-formula: +2ms (4472ms)
2026-09-06T20:25:57.3048747+08:00 pid=94656 [perf] ConvertedOmmlBatch.true-display-native-height-repair: +0ms (4472ms)
2026-09-06T20:25:57.4409114+08:00 pid=94656 [perf] ConvertedOmmlBatch.true-display-native-geometry: +136ms (4608ms)
2026-09-06T20:25:57.4419152+08:00 pid=94656 [perf] ConvertedOmmlBatch.true-display-native-1x3-table: +0ms (4608ms)
2026-09-06T20:25:57.4419152+08:00 pid=94656 [perf] ConvertedOmmlBatch.true-display-direct-number-plan: +0ms (4608ms)
2026-09-06T20:25:57.7032147+08:00 pid=94656 [perf] ConvertedOmmlBatch.true-display-direct-visible-seq: +262ms (4870ms)
2026-09-06T20:25:57.7632934+08:00 pid=94656 [perf] ConvertedOmmlBatch.true-display-native-wrap-identity: +60ms (4930ms)
2026-09-06T20:25:57.7642925+08:00 pid=94656 [perf] ConvertedOmmlBatch.true-display-host: +1ms (4931ms)
2026-09-06T20:25:57.8517823+08:00 pid=94656 [perf] ConvertedOmmlBatch.repair-identity: +88ms (5019ms)
2026-09-06T20:25:57.8557833+08:00 pid=94656 [perf] ConversionFinalize.caption-inventory: +3ms (3ms)
2026-09-06T20:25:57.8557833+08:00 pid=94656 [perf] number-format-batch.plan: +0ms (0ms)
2026-09-06T20:25:57.8577812+08:00 pid=94656 [perf] number-format-batch.direct-table-targets: +1ms (1ms)
2026-09-06T20:25:57.8577812+08:00 pid=94656 [perf] number-format-batch.native-hash-inventory: +0ms (1ms)
2026-09-06T20:25:57.8577812+08:00 pid=94656 [perf] number-format-batch.native-breakdown lookup=0ms code=0ms update=0ms prefix=0ms bookmark=0ms
2026-09-06T20:25:57.8587809+08:00 pid=94656 [perf] number-format-batch.legacy-targets: +1ms (2ms)
2026-09-06T20:25:57.8587809+08:00 pid=94656 [perf] number-format-batch.native-hash-targets: +0ms (2ms)
2026-09-06T20:25:57.8587809+08:00 pid=94656 [perf] number-format-batch.visible-references: +0ms (2ms)
2026-09-06T20:25:57.9125367+08:00 pid=94656 [perf] number-format-batch.extra-references: +54ms (56ms)
2026-09-06T20:25:57.9135366+08:00 pid=94656 [perf] ConversionFinalize.field-batch: +58ms (61ms)
2026-09-06T20:25:57.9867613+08:00 pid=94656 [perf] ConversionFinalize.healthy-refresh: +73ms (134ms)
2026-09-06T20:27:07.4203302+08:00 pid=94656 [perf] number-format-batch.plan: +112ms (112ms)
2026-09-06T20:27:07.8915478+08:00 pid=94656 [perf] number-format-batch.direct-table-targets: +471ms (583ms)
2026-09-06T20:27:07.8925468+08:00 pid=94656 [perf] number-format-batch.native-hash-inventory: +1ms (584ms)
2026-09-06T20:27:07.8925468+08:00 pid=94656 [perf] number-format-batch.native-breakdown lookup=0ms code=0ms update=0ms prefix=0ms bookmark=0ms
2026-09-06T20:27:07.8925468+08:00 pid=94656 [perf] number-format-batch.legacy-targets: +0ms (584ms)
2026-09-06T20:27:07.8925468+08:00 pid=94656 [perf] number-format-batch.native-hash-targets: +0ms (584ms)
2026-09-06T20:27:07.8925468+08:00 pid=94656 [perf] number-format-batch.visible-references: +0ms (584ms)
2026-09-06T20:27:07.9245473+08:00 pid=94656 [perf] number-format-batch.extra-references: +32ms (616ms)
2026-09-06T20:31:36.6604162+08:00 pid=94656 [perf] ConfigureNumbered.tab-paragraph: +12ms (12ms)
2026-09-06T20:31:36.6694138+08:00 pid=94656 [perf] NativeCaption.prepare-paragraph: +6ms (6ms)
2026-09-06T20:31:36.6714141+08:00 pid=94656 [perf] NativeCaption.add-seq: +2ms (8ms)
2026-09-06T20:31:36.6734159+08:00 pid=94656 [perf] NativeCaption.update-seq: +2ms (10ms)
2026-09-06T20:31:36.6754160+08:00 pid=94656 [perf] NativeCaption.bookmarks: +2ms (12ms)
2026-09-06T20:31:36.6994144+08:00 pid=94656 [perf] NativeCaption.style-frame: +24ms (36ms)
2026-09-06T20:31:36.7004143+08:00 pid=94656 [perf] ConfigureNumbered.native-caption: +39ms (51ms)
2026-09-06T20:31:36.7100044+08:00 pid=94656 [perf] VisibleRef.scaffold: +7ms (7ms)
2026-09-06T20:31:36.7160037+08:00 pid=94656 [perf] VisibleRef.add-ref: +7ms (14ms)
2026-09-06T20:31:36.7250025+08:00 pid=94656 [perf] VisibleRef.update-ref: +9ms (23ms)
2026-09-06T20:31:36.7270014+08:00 pid=94656 [perf] VisibleRef.bookmark-format: +2ms (25ms)
2026-09-06T20:31:36.7320004+08:00 pid=94656 [perf] VisibleRef.vertical-align: +5ms (30ms)
2026-09-06T20:31:36.7330026+08:00 pid=94656 [perf] ConfigureNumbered.visible-ref: +33ms (84ms)
2026-09-06T20:31:36.7340026+08:00 pid=94656 [perf] ConfigureNumbered.ole-baseline: +2ms (86ms)
2026-09-06T20:31:36.7510043+08:00 pid=94656 [perf] ConfigureNumbered.tab-paragraph: +11ms (11ms)
2026-09-06T20:31:36.7570034+08:00 pid=94656 [perf] NativeCaption.prepare-paragraph: +5ms (5ms)
2026-09-06T20:31:36.7580046+08:00 pid=94656 [perf] NativeCaption.add-seq: +2ms (7ms)
2026-09-06T20:31:36.7610006+08:00 pid=94656 [perf] NativeCaption.update-seq: +2ms (9ms)
2026-09-06T20:31:36.7620034+08:00 pid=94656 [perf] NativeCaption.bookmarks: +2ms (11ms)
2026-09-06T20:31:36.7851814+08:00 pid=94656 [perf] NativeCaption.style-frame: +22ms (33ms)
2026-09-06T20:31:36.7851814+08:00 pid=94656 [perf] ConfigureNumbered.native-caption: +34ms (45ms)
2026-09-06T20:31:36.7901796+08:00 pid=94656 [perf] VisibleRef.scaffold: +4ms (4ms)
2026-09-06T20:31:36.7951818+08:00 pid=94656 [perf] VisibleRef.add-ref: +5ms (9ms)
2026-09-06T20:31:36.8037360+08:00 pid=94656 [perf] VisibleRef.update-ref: +9ms (18ms)
2026-09-06T20:31:36.8047335+08:00 pid=94656 [perf] VisibleRef.bookmark-format: +1ms (19ms)
2026-09-06T20:31:36.8097358+08:00 pid=94656 [perf] VisibleRef.vertical-align: +4ms (23ms)
2026-09-06T20:31:36.8097358+08:00 pid=94656 [perf] ConfigureNumbered.visible-ref: +25ms (70ms)
2026-09-06T20:31:36.8107350+08:00 pid=94656 [perf] ConfigureNumbered.ole-baseline: +1ms (71ms)
2026-09-06T20:31:36.8267373+08:00 pid=94656 [perf] ConfigureNumbered.tab-paragraph: +12ms (12ms)
2026-09-06T20:31:36.8327420+08:00 pid=94656 [perf] NativeCaption.prepare-paragraph: +5ms (5ms)
2026-09-06T20:31:36.8347360+08:00 pid=94656 [perf] NativeCaption.add-seq: +2ms (7ms)
2026-09-06T20:31:36.8367361+08:00 pid=94656 [perf] NativeCaption.update-seq: +2ms (9ms)
2026-09-06T20:31:36.8387362+08:00 pid=94656 [perf] NativeCaption.bookmarks: +2ms (11ms)
2026-09-06T20:31:36.8617369+08:00 pid=94656 [perf] NativeCaption.style-frame: +24ms (35ms)
2026-09-06T20:31:36.8627359+08:00 pid=94656 [perf] ConfigureNumbered.native-caption: +36ms (48ms)
2026-09-06T20:31:36.8677358+08:00 pid=94656 [perf] VisibleRef.scaffold: +4ms (4ms)
2026-09-06T20:31:36.8727377+08:00 pid=94656 [perf] VisibleRef.add-ref: +5ms (9ms)
2026-09-06T20:31:36.8807371+08:00 pid=94656 [perf] VisibleRef.update-ref: +9ms (18ms)
2026-09-06T20:31:36.8817367+08:00 pid=94656 [perf] VisibleRef.bookmark-format: +1ms (19ms)
2026-09-06T20:31:36.8867352+08:00 pid=94656 [perf] VisibleRef.vertical-align: +5ms (24ms)
2026-09-06T20:31:36.8877354+08:00 pid=94656 [perf] ConfigureNumbered.visible-ref: +25ms (73ms)
2026-09-06T20:31:36.8887343+08:00 pid=94656 [perf] ConfigureNumbered.ole-baseline: +1ms (74ms)
2026-09-06T20:31:36.9037360+08:00 pid=94656 [perf] ConfigureNumbered.tab-paragraph: +12ms (12ms)
2026-09-06T20:31:36.9097374+08:00 pid=94656 [perf] NativeCaption.prepare-paragraph: +5ms (5ms)
2026-09-06T20:31:36.9117371+08:00 pid=94656 [perf] NativeCaption.add-seq: +2ms (7ms)
2026-09-06T20:31:36.9137378+08:00 pid=94656 [perf] NativeCaption.update-seq: +2ms (9ms)
2026-09-06T20:31:36.9157359+08:00 pid=94656 [perf] NativeCaption.bookmarks: +2ms (11ms)
2026-09-06T20:31:36.9454275+08:00 pid=94656 [perf] NativeCaption.style-frame: +30ms (41ms)
2026-09-06T20:31:36.9454275+08:00 pid=94656 [perf] ConfigureNumbered.native-caption: +42ms (54ms)
2026-09-06T20:31:36.9514281+08:00 pid=94656 [perf] VisibleRef.scaffold: +4ms (4ms)
2026-09-06T20:31:36.9564279+08:00 pid=94656 [perf] VisibleRef.add-ref: +6ms (10ms)
2026-09-06T20:31:36.9664255+08:00 pid=94656 [perf] VisibleRef.update-ref: +10ms (20ms)
2026-09-06T20:31:36.9674274+08:00 pid=94656 [perf] VisibleRef.bookmark-format: +1ms (21ms)
2026-09-06T20:31:36.9734254+08:00 pid=94656 [perf] VisibleRef.vertical-align: +5ms (26ms)
2026-09-06T20:31:36.9734254+08:00 pid=94656 [perf] ConfigureNumbered.visible-ref: +27ms (81ms)
2026-09-06T20:31:36.9774264+08:00 pid=94656 [perf] ConfigureNumbered.ole-baseline: +5ms (86ms)
2026-09-06T20:31:37.0324282+08:00 pid=94656 [perf] ConfigureNumbered.tab-paragraph: +34ms (34ms)
2026-09-06T20:31:37.0424254+08:00 pid=94656 [perf] NativeCaption.prepare-paragraph: +9ms (9ms)
2026-09-06T20:31:37.0454270+08:00 pid=94656 [perf] NativeCaption.add-seq: +3ms (12ms)
2026-09-06T20:31:37.0514247+08:00 pid=94656 [perf] NativeCaption.update-seq: +6ms (18ms)
2026-09-06T20:31:37.0551057+08:00 pid=94656 [perf] NativeCaption.bookmarks: +3ms (21ms)
2026-09-06T20:31:37.1011910+08:00 pid=94656 [perf] NativeCaption.style-frame: +47ms (68ms)
2026-09-06T20:31:37.1011910+08:00 pid=94656 [perf] ConfigureNumbered.native-caption: +70ms (104ms)
2026-09-06T20:31:37.1091886+08:00 pid=94656 [perf] VisibleRef.scaffold: +7ms (7ms)
2026-09-06T20:31:37.1158179+08:00 pid=94656 [perf] VisibleRef.add-ref: +7ms (14ms)
2026-09-06T20:31:37.1288180+08:00 pid=94656 [perf] VisibleRef.update-ref: +12ms (26ms)
2026-09-06T20:31:37.1338155+08:00 pid=94656 [perf] VisibleRef.bookmark-format: +5ms (31ms)
2026-09-06T20:31:37.1438160+08:00 pid=94656 [perf] VisibleRef.vertical-align: +10ms (41ms)
2026-09-06T20:31:37.1438160+08:00 pid=94656 [perf] ConfigureNumbered.visible-ref: +42ms (146ms)
2026-09-06T20:31:37.1448144+08:00 pid=94656 [perf] ConfigureNumbered.ole-baseline: +1ms (147ms)
2026-09-06T20:31:37.1573284+08:00 pid=94656 [perf] ConversionFinalize.caption-inventory: +0ms (0ms)
2026-09-06T20:31:37.1801946+08:00 pid=94656 [perf] number-format-batch.plan: +22ms (22ms)
2026-09-06T20:31:37.1897631+08:00 pid=94656 [perf] number-format-batch.direct-table-targets: +9ms (31ms)
2026-09-06T20:31:37.1937679+08:00 pid=94656 [perf] number-format-batch.native-hash-inventory: +4ms (35ms)
2026-09-06T20:31:37.2157779+08:00 pid=94656 [perf] number-format-batch.native-breakdown lookup=0ms code=0ms update=16ms prefix=0ms bookmark=0ms
2026-09-06T20:31:37.2157779+08:00 pid=94656 [perf] number-format-batch.legacy-targets: +23ms (58ms)
2026-09-06T20:31:37.2167770+08:00 pid=94656 [perf] number-format-batch.native-hash-targets: +0ms (58ms)
2026-09-06T20:31:37.2886563+08:00 pid=94656 [perf] number-format-batch.visible-references: +72ms (130ms)
2026-09-06T20:31:37.3636568+08:00 pid=94656 [perf] number-format-batch.extra-references: +75ms (205ms)
2026-09-06T20:31:37.3726568+08:00 pid=94656 [perf] ConversionFinalize.field-batch: +215ms (215ms)
2026-09-06T20:31:37.6292359+08:00 pid=94656 [perf] ConversionFinalize.healthy-refresh: +256ms (471ms)
2026-09-06T20:32:12.1311323+08:00 pid=94656 [perf] ConfigureNumbered.tab-paragraph: +26ms (26ms)
2026-09-06T20:32:12.1951321+08:00 pid=94656 [perf] ConfigureNumbered.native-caption: +65ms (91ms)
2026-09-06T20:32:12.2011323+08:00 pid=94656 [perf] ConfigureNumbered.visible-ref: +6ms (97ms)
2026-09-06T20:32:12.2051324+08:00 pid=94656 [perf] ConfigureNumbered.ole-baseline: +3ms (100ms)
2026-09-06T20:32:27.4965299+08:00 pid=94656 [perf] update-numbers.health-fail reason=bookmark-id-set-mismatch visible=5/5[9ebdf227-c859-4154-8867-182cff7570b4,ed455f5f-dd37-47fb-a749-d254cf6c98db,cd20f350-0dc0-4797-9e49-2700e425cf7c,7dbdc8b5-f4ef-4f62-bd0c-c44617f86c1a,ff0fe033-46dd-4a02-8805-d39d33f531f8] caption=5/5[9ebdf227-c859-4154-8867-182cff7570b4,ed455f5f-dd37-47fb-a749-d254cf6c98db,cd20f350-0dc0-4797-9e49-2700e425cf7c,7dbdc8b5-f4ef-4f62-bd0c-c44617f86c1a,ff0fe033-46dd-4a02-8805-d39d33f531f8] number=6/6[9ebdf227-c859-4154-8867-182cff7570b4,ed455f5f-dd37-47fb-a749-d254cf6c98db,b73f44ea-22c4-46ee-a524-12013c0586ef,cd20f350-0dc0-4797-9e49-2700e425cf7c,7dbdc8b5-f4ef-4f62-bd0c-c44617f86c1a,ff0fe033-46dd-4a02-8805-d39d33f531f8]
2026-09-06T20:32:34.9175463+08:00 pid=94656 [perf] direct-row-health-fail formulaId=be439b26-3f52-463b-82e2-18ed082f6687 check=table-membership reason=not-in-table
2026-09-06T20:32:35.5796138+08:00 pid=94656 [perf] ConvertedOmmlBatch.inventory: +661ms (661ms)
2026-09-06T20:32:35.7135483+08:00 pid=94656 [perf] ConvertedOmmlBatch.number-plan: +135ms (796ms)
2026-09-06T20:32:35.8348742+08:00 pid=94656 [perf] ConvertedOmmlBatch.locate-target: +120ms (916ms)
2026-09-06T20:32:35.8409307+08:00 pid=94656 [perf] ConvertedOmmlBatch.true-display-native-resolve-display: +6ms (922ms)
2026-09-06T20:32:35.8759334+08:00 pid=94656 [perf] ConvertedOmmlBatch.true-display-native-clear-artifacts: +36ms (958ms)
2026-09-06T20:32:35.9683703+08:00 pid=94656 [perf] ConvertedOmmlBatch.true-display-native-measure-display: +92ms (1050ms)
2026-09-06T20:32:36.0227013+08:00 pid=94656 [perf] ConvertedOmmlBatch.true-display-native-ensure-table: +55ms (1105ms)
2026-09-06T20:32:36.0256995+08:00 pid=94656 [perf] ConvertedOmmlBatch.true-display-native-resolve-table-formula: +3ms (1108ms)
2026-09-06T20:32:36.0267001+08:00 pid=94656 [perf] ConvertedOmmlBatch.true-display-native-height-repair: +0ms (1108ms)
2026-09-06T20:32:36.2103001+08:00 pid=94656 [perf] ConvertedOmmlBatch.true-display-native-geometry: +185ms (1293ms)
2026-09-06T20:32:36.2112995+08:00 pid=94656 [perf] ConvertedOmmlBatch.true-display-native-1x3-table: +0ms (1293ms)
2026-09-06T20:32:36.2112995+08:00 pid=94656 [perf] ConvertedOmmlBatch.true-display-direct-number-plan: +0ms (1293ms)
2026-09-06T20:32:36.4257155+08:00 pid=94656 [perf] ConvertedOmmlBatch.true-display-direct-visible-seq: +215ms (1508ms)
2026-09-06T20:32:36.4875697+08:00 pid=94656 [perf] ConvertedOmmlBatch.true-display-native-post-table-spacing: +61ms (1569ms)
2026-09-06T20:32:36.5373413+08:00 pid=94656 [perf] ConvertedOmmlBatch.true-display-native-wrap-identity: +50ms (1619ms)
2026-09-06T20:32:36.5373413+08:00 pid=94656 [perf] ConvertedOmmlBatch.true-display-host: +0ms (1619ms)
2026-09-06T20:32:36.6291939+08:00 pid=94656 [perf] ConvertedOmmlBatch.repair-identity: +92ms (1711ms)
2026-09-06T20:32:36.7484619+08:00 pid=94656 [perf] ConvertedOmmlBatch.locate-target: +120ms (1831ms)
2026-09-06T20:32:36.7544622+08:00 pid=94656 [perf] ConvertedOmmlBatch.true-display-native-resolve-display: +5ms (1836ms)
2026-09-06T20:32:36.7934597+08:00 pid=94656 [perf] ConvertedOmmlBatch.true-display-native-clear-artifacts: +40ms (1876ms)
2026-09-06T20:32:36.8681757+08:00 pid=94656 [perf] ConvertedOmmlBatch.true-display-native-measure-display: +74ms (1950ms)
2026-09-06T20:32:36.9231758+08:00 pid=94656 [perf] ConvertedOmmlBatch.true-display-native-ensure-table: +55ms (2005ms)
2026-09-06T20:32:36.9261785+08:00 pid=94656 [perf] ConvertedOmmlBatch.true-display-native-resolve-table-formula: +3ms (2008ms)
2026-09-06T20:32:36.9261785+08:00 pid=94656 [perf] ConvertedOmmlBatch.true-display-native-height-repair: +0ms (2008ms)
2026-09-06T20:32:37.1109527+08:00 pid=94656 [perf] ConvertedOmmlBatch.true-display-native-geometry: +185ms (2193ms)
2026-09-06T20:32:37.1119532+08:00 pid=94656 [perf] ConvertedOmmlBatch.true-display-native-1x3-table: +0ms (2193ms)
2026-09-06T20:32:37.1119532+08:00 pid=94656 [perf] ConvertedOmmlBatch.true-display-direct-number-plan: +1ms (2194ms)
2026-09-06T20:32:37.3505447+08:00 pid=94656 [perf] ConvertedOmmlBatch.true-display-direct-visible-seq: +238ms (2432ms)
2026-09-06T20:32:37.4085176+08:00 pid=94656 [perf] ConvertedOmmlBatch.true-display-native-post-table-spacing: +58ms (2490ms)
2026-09-06T20:32:37.4550757+08:00 pid=94656 [perf] ConvertedOmmlBatch.true-display-native-wrap-identity: +47ms (2537ms)
2026-09-06T20:32:37.4560766+08:00 pid=94656 [perf] ConvertedOmmlBatch.true-display-host: +1ms (2538ms)
2026-09-06T20:32:37.5597459+08:00 pid=94656 [perf] ConvertedOmmlBatch.repair-identity: +104ms (2642ms)
2026-09-06T20:32:37.6556558+08:00 pid=94656 [perf] ConvertedOmmlBatch.locate-target: +96ms (2738ms)
2026-09-06T20:32:37.6586557+08:00 pid=94656 [perf] ConvertedOmmlBatch.true-display-native-resolve-display: +3ms (2741ms)
2026-09-06T20:32:37.6937817+08:00 pid=94656 [perf] ConvertedOmmlBatch.true-display-native-clear-artifacts: +34ms (2775ms)
2026-09-06T20:32:37.7712712+08:00 pid=94656 [perf] ConvertedOmmlBatch.true-display-native-measure-display: +78ms (2853ms)
2026-09-06T20:32:37.8237652+08:00 pid=94656 [perf] ConvertedOmmlBatch.true-display-native-ensure-table: +53ms (2906ms)
2026-09-06T20:32:37.8267655+08:00 pid=94656 [perf] ConvertedOmmlBatch.true-display-native-resolve-table-formula: +2ms (2908ms)
2026-09-06T20:32:37.8267655+08:00 pid=94656 [perf] ConvertedOmmlBatch.true-display-native-height-repair: +1ms (2909ms)
2026-09-06T20:32:38.0320427+08:00 pid=94656 [perf] ConvertedOmmlBatch.true-display-native-geometry: +205ms (3114ms)
2026-09-06T20:32:38.0320427+08:00 pid=94656 [perf] ConvertedOmmlBatch.true-display-native-1x3-table: +0ms (3114ms)
2026-09-06T20:32:38.0330424+08:00 pid=94656 [perf] ConvertedOmmlBatch.true-display-direct-number-plan: +0ms (3114ms)
2026-09-06T20:32:38.3018126+08:00 pid=94656 [perf] ConvertedOmmlBatch.true-display-direct-visible-seq: +270ms (3384ms)
2026-09-06T20:32:38.3625421+08:00 pid=94656 [perf] ConvertedOmmlBatch.true-display-native-post-table-spacing: +61ms (3445ms)
2026-09-06T20:32:38.4099353+08:00 pid=94656 [perf] ConvertedOmmlBatch.true-display-native-wrap-identity: +47ms (3492ms)
2026-09-06T20:32:38.4099353+08:00 pid=94656 [perf] ConvertedOmmlBatch.true-display-host: +0ms (3492ms)
2026-09-06T20:32:38.5092168+08:00 pid=94656 [perf] ConvertedOmmlBatch.repair-identity: +99ms (3591ms)
2026-09-06T20:32:38.6406793+08:00 pid=94656 [perf] ConvertedOmmlBatch.locate-target: +131ms (3722ms)
2026-09-06T20:32:38.6446814+08:00 pid=94656 [perf] ConvertedOmmlBatch.true-display-native-resolve-display: +4ms (3726ms)
2026-09-06T20:32:38.6758129+08:00 pid=94656 [perf] ConvertedOmmlBatch.true-display-native-clear-artifacts: +32ms (3758ms)
2026-09-06T20:32:38.7665791+08:00 pid=94656 [perf] ConvertedOmmlBatch.true-display-native-measure-display: +90ms (3848ms)
2026-09-06T20:32:38.8190120+08:00 pid=94656 [perf] ConvertedOmmlBatch.true-display-native-ensure-table: +53ms (3901ms)
2026-09-06T20:32:38.8220123+08:00 pid=94656 [perf] ConvertedOmmlBatch.true-display-native-resolve-table-formula: +3ms (3904ms)
2026-09-06T20:32:38.8220123+08:00 pid=94656 [perf] ConvertedOmmlBatch.true-display-native-height-repair: +0ms (3904ms)
2026-09-06T20:32:39.0269306+08:00 pid=94656 [perf] ConvertedOmmlBatch.true-display-native-geometry: +205ms (4109ms)
2026-09-06T20:32:39.0279323+08:00 pid=94656 [perf] ConvertedOmmlBatch.true-display-native-1x3-table: +0ms (4109ms)
2026-09-06T20:32:39.0279323+08:00 pid=94656 [perf] ConvertedOmmlBatch.true-display-direct-number-plan: +1ms (4110ms)
2026-09-06T20:32:39.2934325+08:00 pid=94656 [perf] ConvertedOmmlBatch.true-display-direct-visible-seq: +265ms (4375ms)
2026-09-06T20:32:39.3780690+08:00 pid=94656 [perf] ConvertedOmmlBatch.true-display-native-post-table-spacing: +85ms (4460ms)
2026-09-06T20:32:39.4193171+08:00 pid=94656 [perf] ConvertedOmmlBatch.true-display-native-wrap-identity: +41ms (4501ms)
2026-09-06T20:32:39.4193171+08:00 pid=94656 [perf] ConvertedOmmlBatch.true-display-host: +1ms (4502ms)
2026-09-06T20:32:39.5066147+08:00 pid=94656 [perf] ConvertedOmmlBatch.repair-identity: +87ms (4589ms)
2026-09-06T20:32:39.6256135+08:00 pid=94656 [perf] ConvertedOmmlBatch.locate-target: +119ms (4708ms)
2026-09-06T20:32:39.6316776+08:00 pid=94656 [perf] ConvertedOmmlBatch.true-display-native-resolve-display: +5ms (4713ms)
2026-09-06T20:32:39.6915106+08:00 pid=94656 [perf] ConvertedOmmlBatch.true-display-native-clear-artifacts: +60ms (4773ms)
2026-09-06T20:32:39.8078992+08:00 pid=94656 [perf] ConvertedOmmlBatch.true-display-native-measure-display: +116ms (4889ms)
2026-09-06T20:32:39.8623601+08:00 pid=94656 [perf] ConvertedOmmlBatch.true-display-native-ensure-table: +55ms (4944ms)
2026-09-06T20:32:39.8653600+08:00 pid=94656 [perf] ConvertedOmmlBatch.true-display-native-resolve-table-formula: +3ms (4947ms)
2026-09-06T20:32:39.8653600+08:00 pid=94656 [perf] ConvertedOmmlBatch.true-display-native-height-repair: +0ms (4947ms)
2026-09-06T20:32:40.1014310+08:00 pid=94656 [perf] ConvertedOmmlBatch.true-display-native-geometry: +236ms (5183ms)
2026-09-06T20:32:40.1014310+08:00 pid=94656 [perf] ConvertedOmmlBatch.true-display-native-1x3-table: +1ms (5184ms)
2026-09-06T20:32:40.1025186+08:00 pid=94656 [perf] ConvertedOmmlBatch.true-display-direct-number-plan: +0ms (5184ms)
2026-09-06T20:32:40.3427288+08:00 pid=94656 [perf] ConvertedOmmlBatch.true-display-direct-visible-seq: +240ms (5424ms)
2026-09-06T20:32:40.3895604+08:00 pid=94656 [perf] ConvertedOmmlBatch.true-display-native-wrap-identity: +47ms (5471ms)
2026-09-06T20:32:40.3895604+08:00 pid=94656 [perf] ConvertedOmmlBatch.true-display-host: +1ms (5472ms)
2026-09-06T20:32:40.6491192+08:00 pid=94656 [perf] ConvertedOmmlBatch.repair-identity: +259ms (5731ms)
2026-09-06T20:33:05.0964403+08:00 pid=94656 [perf] update-numbers.health-fail reason=bookmark-id-set-mismatch visible=5/5[be439b26-3f52-463b-82e2-18ed082f6687,32185fa8-a88a-4936-914f-bd41e618048a,6aaadcaa-8784-46ea-abb9-9a059af107ea,7e26bfff-8077-4924-9cfc-3a413ff38e62,40ae7ae7-9f41-4ddb-8520-5b85093f75f8] caption=5/5[be439b26-3f52-463b-82e2-18ed082f6687,32185fa8-a88a-4936-914f-bd41e618048a,6aaadcaa-8784-46ea-abb9-9a059af107ea,7e26bfff-8077-4924-9cfc-3a413ff38e62,40ae7ae7-9f41-4ddb-8520-5b85093f75f8] number=6/6[be439b26-3f52-463b-82e2-18ed082f6687,32185fa8-a88a-4936-914f-bd41e618048a,b73f44ea-22c4-46ee-a524-12013c0586ef,6aaadcaa-8784-46ea-abb9-9a059af107ea,7e26bfff-8077-4924-9cfc-3a413ff38e62,40ae7ae7-9f41-4ddb-8520-5b85093f75f8]
2026-09-06T20:33:16.0123792+08:00 pid=94656 [perf] ConfigureNumbered.tab-paragraph: +12ms (12ms)
2026-09-06T20:33:16.0183753+08:00 pid=94656 [perf] NativeCaption.prepare-paragraph: +5ms (5ms)
2026-09-06T20:33:16.0203752+08:00 pid=94656 [perf] NativeCaption.add-seq: +2ms (7ms)
2026-09-06T20:33:16.0233764+08:00 pid=94656 [perf] NativeCaption.update-seq: +3ms (10ms)
2026-09-06T20:33:16.0253756+08:00 pid=94656 [perf] NativeCaption.bookmarks: +2ms (12ms)
2026-09-06T20:33:16.0544812+08:00 pid=94656 [perf] NativeCaption.style-frame: +29ms (41ms)
2026-09-06T20:33:16.0550020+08:00 pid=94656 [perf] ConfigureNumbered.native-caption: +42ms (54ms)
2026-09-06T20:33:16.0616944+08:00 pid=94656 [perf] VisibleRef.scaffold: +6ms (6ms)
2026-09-06T20:33:16.0676955+08:00 pid=94656 [perf] VisibleRef.add-ref: +6ms (12ms)
2026-09-06T20:33:16.0782806+08:00 pid=94656 [perf] VisibleRef.update-ref: +11ms (23ms)
2026-09-06T20:33:16.0792806+08:00 pid=94656 [perf] VisibleRef.bookmark-format: +1ms (24ms)
2026-09-06T20:33:16.0872915+08:00 pid=94656 [perf] VisibleRef.vertical-align: +8ms (32ms)
2026-09-06T20:33:16.0882940+08:00 pid=94656 [perf] ConfigureNumbered.visible-ref: +34ms (88ms)
2026-09-06T20:33:16.0892944+08:00 pid=94656 [perf] ConfigureNumbered.ole-baseline: +1ms (89ms)
2026-09-06T20:33:16.1138935+08:00 pid=94656 [perf] ConfigureNumbered.tab-paragraph: +12ms (12ms)
2026-09-06T20:33:16.1198939+08:00 pid=94656 [perf] NativeCaption.prepare-paragraph: +5ms (5ms)
2026-09-06T20:33:16.1218938+08:00 pid=94656 [perf] NativeCaption.add-seq: +1ms (6ms)
2026-09-06T20:33:16.1238933+08:00 pid=94656 [perf] NativeCaption.update-seq: +3ms (9ms)
2026-09-06T20:33:16.1258937+08:00 pid=94656 [perf] NativeCaption.bookmarks: +1ms (10ms)
2026-09-06T20:33:16.1528940+08:00 pid=94656 [perf] NativeCaption.style-frame: +28ms (38ms)
2026-09-06T20:33:16.1538912+08:00 pid=94656 [perf] ConfigureNumbered.native-caption: +39ms (51ms)
2026-09-06T20:33:16.1588932+08:00 pid=94656 [perf] VisibleRef.scaffold: +5ms (5ms)
2026-09-06T20:33:16.1658895+08:00 pid=94656 [perf] VisibleRef.add-ref: +6ms (11ms)
2026-09-06T20:33:16.1756657+08:00 pid=94656 [perf] VisibleRef.update-ref: +10ms (21ms)
2026-09-06T20:33:16.1766623+08:00 pid=94656 [perf] VisibleRef.bookmark-format: +1ms (22ms)
2026-09-06T20:33:16.1856612+08:00 pid=94656 [perf] VisibleRef.vertical-align: +9ms (31ms)
2026-09-06T20:33:16.1856612+08:00 pid=94656 [perf] ConfigureNumbered.visible-ref: +32ms (83ms)
2026-09-06T20:33:16.1876626+08:00 pid=94656 [perf] ConfigureNumbered.ole-baseline: +2ms (85ms)
2026-09-06T20:33:16.2093744+08:00 pid=94656 [perf] ConfigureNumbered.tab-paragraph: +11ms (11ms)
2026-09-06T20:33:16.2153771+08:00 pid=94656 [perf] NativeCaption.prepare-paragraph: +5ms (5ms)
2026-09-06T20:33:16.2173749+08:00 pid=94656 [perf] NativeCaption.add-seq: +2ms (7ms)
2026-09-06T20:33:16.2203743+08:00 pid=94656 [perf] NativeCaption.update-seq: +2ms (9ms)
2026-09-06T20:33:16.2223743+08:00 pid=94656 [perf] NativeCaption.bookmarks: +2ms (11ms)
2026-09-06T20:33:16.2513732+08:00 pid=94656 [perf] NativeCaption.style-frame: +30ms (41ms)
2026-09-06T20:33:16.2513732+08:00 pid=94656 [perf] ConfigureNumbered.native-caption: +42ms (53ms)
2026-09-06T20:33:16.2563742+08:00 pid=94656 [perf] VisibleRef.scaffold: +4ms (4ms)
2026-09-06T20:33:16.2613750+08:00 pid=94656 [perf] VisibleRef.add-ref: +5ms (9ms)
2026-09-06T20:33:16.2733752+08:00 pid=94656 [perf] VisibleRef.update-ref: +12ms (21ms)
2026-09-06T20:33:16.2743744+08:00 pid=94656 [perf] VisibleRef.bookmark-format: +1ms (22ms)
2026-09-06T20:33:16.2833730+08:00 pid=94656 [perf] VisibleRef.vertical-align: +9ms (31ms)
2026-09-06T20:33:16.2833730+08:00 pid=94656 [perf] ConfigureNumbered.visible-ref: +32ms (85ms)
2026-09-06T20:33:16.2849628+08:00 pid=94656 [perf] ConfigureNumbered.ole-baseline: +2ms (87ms)
2026-09-06T20:33:16.3082803+08:00 pid=94656 [perf] ConfigureNumbered.tab-paragraph: +12ms (12ms)
2026-09-06T20:33:16.3152795+08:00 pid=94656 [perf] NativeCaption.prepare-paragraph: +5ms (5ms)
2026-09-06T20:33:16.3172806+08:00 pid=94656 [perf] NativeCaption.add-seq: +2ms (7ms)
2026-09-06T20:33:16.3192791+08:00 pid=94656 [perf] NativeCaption.update-seq: +3ms (10ms)
2026-09-06T20:33:16.3212791+08:00 pid=94656 [perf] NativeCaption.bookmarks: +2ms (12ms)
2026-09-06T20:33:16.3558471+08:00 pid=94656 [perf] NativeCaption.style-frame: +35ms (47ms)
2026-09-06T20:33:16.3568471+08:00 pid=94656 [perf] ConfigureNumbered.native-caption: +48ms (60ms)
2026-09-06T20:33:16.3618468+08:00 pid=94656 [perf] VisibleRef.scaffold: +4ms (4ms)
2026-09-06T20:33:16.3668467+08:00 pid=94656 [perf] VisibleRef.add-ref: +6ms (10ms)
2026-09-06T20:33:16.3788454+08:00 pid=94656 [perf] VisibleRef.update-ref: +12ms (22ms)
2026-09-06T20:33:16.3808464+08:00 pid=94656 [perf] VisibleRef.bookmark-format: +1ms (23ms)
2026-09-06T20:33:16.3898471+08:00 pid=94656 [perf] VisibleRef.vertical-align: +9ms (32ms)
2026-09-06T20:33:16.3898471+08:00 pid=94656 [perf] ConfigureNumbered.visible-ref: +34ms (94ms)
2026-09-06T20:33:16.3908465+08:00 pid=94656 [perf] ConfigureNumbered.ole-baseline: +1ms (95ms)
2026-09-06T20:33:16.4153275+08:00 pid=94656 [perf] ConfigureNumbered.tab-paragraph: +13ms (13ms)
2026-09-06T20:33:16.4243278+08:00 pid=94656 [perf] NativeCaption.prepare-paragraph: +7ms (7ms)
2026-09-06T20:33:16.4263284+08:00 pid=94656 [perf] NativeCaption.add-seq: +3ms (10ms)
2026-09-06T20:33:16.4303273+08:00 pid=94656 [perf] NativeCaption.update-seq: +4ms (14ms)
2026-09-06T20:33:16.4333272+08:00 pid=94656 [perf] NativeCaption.bookmarks: +2ms (16ms)
2026-09-06T20:33:16.4693268+08:00 pid=94656 [perf] NativeCaption.style-frame: +36ms (52ms)
2026-09-06T20:33:16.4693268+08:00 pid=94656 [perf] ConfigureNumbered.native-caption: +54ms (67ms)
2026-09-06T20:33:16.4753266+08:00 pid=94656 [perf] VisibleRef.scaffold: +5ms (5ms)
2026-09-06T20:33:16.4823270+08:00 pid=94656 [perf] VisibleRef.add-ref: +7ms (12ms)
2026-09-06T20:33:16.4963265+08:00 pid=94656 [perf] VisibleRef.update-ref: +14ms (26ms)
2026-09-06T20:33:16.4983271+08:00 pid=94656 [perf] VisibleRef.bookmark-format: +2ms (28ms)
2026-09-06T20:33:16.5079383+08:00 pid=94656 [perf] VisibleRef.vertical-align: +10ms (38ms)
2026-09-06T20:33:16.5089384+08:00 pid=94656 [perf] ConfigureNumbered.visible-ref: +39ms (106ms)
2026-09-06T20:33:16.5099383+08:00 pid=94656 [perf] ConfigureNumbered.ole-baseline: +1ms (107ms)
2026-09-06T20:33:16.5179380+08:00 pid=94656 [perf] ConversionFinalize.caption-inventory: +0ms (0ms)
2026-09-06T20:33:16.5459387+08:00 pid=94656 [perf] number-format-batch.plan: +27ms (27ms)
2026-09-06T20:33:16.5539381+08:00 pid=94656 [perf] number-format-batch.direct-table-targets: +8ms (35ms)
2026-09-06T20:33:16.5549386+08:00 pid=94656 [perf] number-format-batch.native-hash-inventory: +1ms (36ms)
2026-09-06T20:33:16.5789386+08:00 pid=94656 [perf] number-format-batch.native-breakdown lookup=0ms code=0ms update=19ms prefix=0ms bookmark=0ms
2026-09-06T20:33:16.5799385+08:00 pid=94656 [perf] number-format-batch.legacy-targets: +25ms (61ms)
2026-09-06T20:33:16.5799385+08:00 pid=94656 [perf] number-format-batch.native-hash-targets: +0ms (61ms)
2026-09-06T20:33:16.6599381+08:00 pid=94656 [perf] number-format-batch.visible-references: +80ms (141ms)
2026-09-06T20:33:16.7535108+08:00 pid=94656 [perf] number-format-batch.extra-references: +93ms (234ms)
2026-09-06T20:33:16.7665110+08:00 pid=94656 [perf] ConversionFinalize.field-batch: +248ms (248ms)
2026-09-06T20:33:17.0390173+08:00 pid=94656 [perf] ConversionFinalize.healthy-refresh: +273ms (521ms)
2026-09-06T20:33:31.8973363+08:00 pid=94656 [perf] update-numbers.health-fail reason=bookmark-id-set-mismatch visible=5/5[db308ffd-5f51-4f35-b140-429488146a90,ef3f2db2-f373-41e6-a5c5-db0dcfde35a1,a762e644-0d9e-43dd-8ffa-eab68d5e06af,04ab3052-0f64-47f8-b1ca-e2ff59f2cec6,52d7acd6-eb8d-4ef9-aa49-46d6f02ff5de] caption=5/5[db308ffd-5f51-4f35-b140-429488146a90,ef3f2db2-f373-41e6-a5c5-db0dcfde35a1,a762e644-0d9e-43dd-8ffa-eab68d5e06af,04ab3052-0f64-47f8-b1ca-e2ff59f2cec6,52d7acd6-eb8d-4ef9-aa49-46d6f02ff5de] number=6/6[db308ffd-5f51-4f35-b140-429488146a90,ef3f2db2-f373-41e6-a5c5-db0dcfde35a1,b73f44ea-22c4-46ee-a524-12013c0586ef,a762e644-0d9e-43dd-8ffa-eab68d5e06af,04ab3052-0f64-47f8-b1ca-e2ff59f2cec6,52d7acd6-eb8d-4ef9-aa49-46d6f02ff5de]
2026-09-06T20:34:23.5324843+08:00 pid=94656 [perf] direct-row-health-fail formulaId=450051d5-f2d6-4950-9612-3785cf888569 check=table-membership reason=not-in-table
2026-09-06T20:34:24.1856824+08:00 pid=94656 [perf] ConvertedOmmlBatch.inventory: +652ms (652ms)
2026-09-06T20:34:24.3495684+08:00 pid=94656 [perf] ConvertedOmmlBatch.number-plan: +164ms (816ms)
2026-09-06T20:34:24.4815694+08:00 pid=94656 [perf] ConvertedOmmlBatch.locate-target: +133ms (949ms)
2026-09-06T20:34:24.4855688+08:00 pid=94656 [perf] ConvertedOmmlBatch.true-display-native-resolve-display: +3ms (952ms)
2026-09-06T20:34:24.5295802+08:00 pid=94656 [perf] ConvertedOmmlBatch.true-display-native-clear-artifacts: +44ms (996ms)
2026-09-06T20:34:24.6105819+08:00 pid=94656 [perf] ConvertedOmmlBatch.true-display-native-measure-display: +81ms (1077ms)
2026-09-06T20:34:24.6545829+08:00 pid=94656 [perf] ConvertedOmmlBatch.true-display-native-ensure-table: +44ms (1121ms)
2026-09-06T20:34:24.6565818+08:00 pid=94656 [perf] ConvertedOmmlBatch.true-display-native-resolve-table-formula: +2ms (1123ms)
2026-09-06T20:34:24.6575821+08:00 pid=94656 [perf] ConvertedOmmlBatch.true-display-native-height-repair: +1ms (1124ms)
2026-09-06T20:34:24.8242544+08:00 pid=94656 [perf] ConvertedOmmlBatch.true-display-native-geometry: +166ms (1290ms)
2026-09-06T20:34:24.8242544+08:00 pid=94656 [perf] ConvertedOmmlBatch.true-display-native-1x3-table: +1ms (1291ms)
2026-09-06T20:34:24.8242544+08:00 pid=94656 [perf] ConvertedOmmlBatch.true-display-direct-number-plan: +0ms (1291ms)
2026-09-06T20:34:25.0312165+08:00 pid=94656 [perf] ConvertedOmmlBatch.true-display-direct-visible-seq: +207ms (1498ms)
2026-09-06T20:34:25.0943676+08:00 pid=94656 [perf] ConvertedOmmlBatch.true-display-native-post-table-spacing: +63ms (1561ms)
2026-09-06T20:34:25.1379566+08:00 pid=94656 [perf] ConvertedOmmlBatch.true-display-native-wrap-identity: +43ms (1604ms)
2026-09-06T20:34:25.1379566+08:00 pid=94656 [perf] ConvertedOmmlBatch.true-display-host: +0ms (1604ms)
2026-09-06T20:34:25.2306388+08:00 pid=94656 [perf] ConvertedOmmlBatch.repair-identity: +93ms (1697ms)
2026-09-06T20:34:25.3478626+08:00 pid=94656 [perf] ConvertedOmmlBatch.locate-target: +118ms (1815ms)
2026-09-06T20:34:25.3538625+08:00 pid=94656 [perf] ConvertedOmmlBatch.true-display-native-resolve-display: +5ms (1820ms)
2026-09-06T20:34:25.3944837+08:00 pid=94656 [perf] ConvertedOmmlBatch.true-display-native-clear-artifacts: +41ms (1861ms)
2026-09-06T20:34:25.4724852+08:00 pid=94656 [perf] ConvertedOmmlBatch.true-display-native-measure-display: +78ms (1939ms)
2026-09-06T20:34:25.5214841+08:00 pid=94656 [perf] ConvertedOmmlBatch.true-display-native-ensure-table: +49ms (1988ms)
2026-09-06T20:34:25.5244835+08:00 pid=94656 [perf] ConvertedOmmlBatch.true-display-native-resolve-table-formula: +3ms (1991ms)
2026-09-06T20:34:25.5244835+08:00 pid=94656 [perf] ConvertedOmmlBatch.true-display-native-height-repair: +0ms (1991ms)
2026-09-06T20:34:25.7363115+08:00 pid=94656 [perf] ConvertedOmmlBatch.true-display-native-geometry: +211ms (2202ms)
2026-09-06T20:34:25.7363115+08:00 pid=94656 [perf] ConvertedOmmlBatch.true-display-native-1x3-table: +1ms (2203ms)
2026-09-06T20:34:25.7363115+08:00 pid=94656 [perf] ConvertedOmmlBatch.true-display-direct-number-plan: +0ms (2203ms)
2026-09-06T20:34:25.9657537+08:00 pid=94656 [perf] ConvertedOmmlBatch.true-display-direct-visible-seq: +230ms (2433ms)
2026-09-06T20:34:26.0340321+08:00 pid=94656 [perf] ConvertedOmmlBatch.true-display-native-post-table-spacing: +67ms (2500ms)
2026-09-06T20:34:26.0822003+08:00 pid=94656 [perf] ConvertedOmmlBatch.true-display-native-wrap-identity: +49ms (2549ms)
2026-09-06T20:34:26.0831998+08:00 pid=94656 [perf] ConvertedOmmlBatch.true-display-host: +1ms (2550ms)
2026-09-06T20:34:26.1783494+08:00 pid=94656 [perf] ConvertedOmmlBatch.repair-identity: +95ms (2645ms)
2026-09-06T20:34:26.2893497+08:00 pid=94656 [perf] ConvertedOmmlBatch.locate-target: +111ms (2756ms)
2026-09-06T20:34:26.2973478+08:00 pid=94656 [perf] ConvertedOmmlBatch.true-display-native-resolve-display: +8ms (2764ms)
2026-09-06T20:34:26.3429652+08:00 pid=94656 [perf] ConvertedOmmlBatch.true-display-native-clear-artifacts: +45ms (2809ms)
2026-09-06T20:34:26.4228242+08:00 pid=94656 [perf] ConvertedOmmlBatch.true-display-native-measure-display: +80ms (2889ms)
2026-09-06T20:34:26.4698261+08:00 pid=94656 [perf] ConvertedOmmlBatch.true-display-native-ensure-table: +48ms (2937ms)
2026-09-06T20:34:26.4728240+08:00 pid=94656 [perf] ConvertedOmmlBatch.true-display-native-resolve-table-formula: +2ms (2939ms)
2026-09-06T20:34:26.4728240+08:00 pid=94656 [perf] ConvertedOmmlBatch.true-display-native-height-repair: +1ms (2940ms)
2026-09-06T20:34:26.6611333+08:00 pid=94656 [perf] ConvertedOmmlBatch.true-display-native-geometry: +187ms (3127ms)
2026-09-06T20:34:26.6611333+08:00 pid=94656 [perf] ConvertedOmmlBatch.true-display-native-1x3-table: +1ms (3128ms)
2026-09-06T20:34:26.6611333+08:00 pid=94656 [perf] ConvertedOmmlBatch.true-display-direct-number-plan: +0ms (3128ms)
2026-09-06T20:34:26.9052778+08:00 pid=94656 [perf] ConvertedOmmlBatch.true-display-direct-visible-seq: +244ms (3372ms)
2026-09-06T20:34:26.9677821+08:00 pid=94656 [perf] ConvertedOmmlBatch.true-display-native-post-table-spacing: +62ms (3434ms)
2026-09-06T20:34:27.0205939+08:00 pid=94656 [perf] ConvertedOmmlBatch.true-display-native-wrap-identity: +53ms (3487ms)
2026-09-06T20:34:27.0205939+08:00 pid=94656 [perf] ConvertedOmmlBatch.true-display-host: +0ms (3487ms)
2026-09-06T20:34:27.1294315+08:00 pid=94656 [perf] ConvertedOmmlBatch.repair-identity: +109ms (3596ms)
2026-09-06T20:34:27.2528566+08:00 pid=94656 [perf] ConvertedOmmlBatch.locate-target: +123ms (3719ms)
2026-09-06T20:34:27.2576305+08:00 pid=94656 [perf] ConvertedOmmlBatch.true-display-native-resolve-display: +5ms (3724ms)
2026-09-06T20:34:27.3026211+08:00 pid=94656 [perf] ConvertedOmmlBatch.true-display-native-clear-artifacts: +45ms (3769ms)
2026-09-06T20:34:27.4066232+08:00 pid=94656 [perf] ConvertedOmmlBatch.true-display-native-measure-display: +104ms (3873ms)
2026-09-06T20:34:27.4600014+08:00 pid=94656 [perf] ConvertedOmmlBatch.true-display-native-ensure-table: +54ms (3927ms)
2026-09-06T20:34:27.4630001+08:00 pid=94656 [perf] ConvertedOmmlBatch.true-display-native-resolve-table-formula: +3ms (3930ms)
2026-09-06T20:34:27.4630001+08:00 pid=94656 [perf] ConvertedOmmlBatch.true-display-native-height-repair: +0ms (3930ms)
2026-09-06T20:34:27.6552927+08:00 pid=94656 [perf] ConvertedOmmlBatch.true-display-native-geometry: +192ms (4122ms)
2026-09-06T20:34:27.6562927+08:00 pid=94656 [perf] ConvertedOmmlBatch.true-display-native-1x3-table: +0ms (4122ms)
2026-09-06T20:34:27.6562927+08:00 pid=94656 [perf] ConvertedOmmlBatch.true-display-direct-number-plan: +1ms (4123ms)
2026-09-06T20:34:27.8775891+08:00 pid=94656 [perf] ConvertedOmmlBatch.true-display-direct-visible-seq: +221ms (4344ms)
2026-09-06T20:34:27.9385910+08:00 pid=94656 [perf] ConvertedOmmlBatch.true-display-native-post-table-spacing: +62ms (4406ms)
2026-09-06T20:34:27.9812115+08:00 pid=94656 [perf] ConvertedOmmlBatch.true-display-native-wrap-identity: +42ms (4448ms)
2026-09-06T20:34:27.9812115+08:00 pid=94656 [perf] ConvertedOmmlBatch.true-display-host: +0ms (4448ms)
2026-09-06T20:34:28.0613657+08:00 pid=94656 [perf] ConvertedOmmlBatch.repair-identity: +79ms (4527ms)
2026-09-06T20:34:28.1626455+08:00 pid=94656 [perf] ConvertedOmmlBatch.locate-target: +102ms (4629ms)
2026-09-06T20:34:28.1694158+08:00 pid=94656 [perf] ConvertedOmmlBatch.true-display-native-resolve-display: +7ms (4636ms)
2026-09-06T20:34:28.2084255+08:00 pid=94656 [perf] ConvertedOmmlBatch.true-display-native-clear-artifacts: +39ms (4675ms)
2026-09-06T20:34:28.2953593+08:00 pid=94656 [perf] ConvertedOmmlBatch.true-display-native-measure-display: +86ms (4761ms)
2026-09-06T20:34:28.3493548+08:00 pid=94656 [perf] ConvertedOmmlBatch.true-display-native-ensure-table: +54ms (4815ms)
2026-09-06T20:34:28.3513536+08:00 pid=94656 [perf] ConvertedOmmlBatch.true-display-native-resolve-table-formula: +3ms (4818ms)
2026-09-06T20:34:28.3523551+08:00 pid=94656 [perf] ConvertedOmmlBatch.true-display-native-height-repair: +0ms (4818ms)
2026-09-06T20:34:28.6220481+08:00 pid=94656 [perf] ConvertedOmmlBatch.true-display-native-geometry: +271ms (5089ms)
2026-09-06T20:34:28.6230468+08:00 pid=94656 [perf] ConvertedOmmlBatch.true-display-native-1x3-table: +0ms (5089ms)
2026-09-06T20:34:28.6230468+08:00 pid=94656 [perf] ConvertedOmmlBatch.true-display-direct-number-plan: +0ms (5089ms)
2026-09-06T20:34:28.9086173+08:00 pid=94656 [perf] ConvertedOmmlBatch.true-display-direct-visible-seq: +286ms (5375ms)
2026-09-06T20:34:28.9626200+08:00 pid=94656 [perf] ConvertedOmmlBatch.true-display-native-wrap-identity: +54ms (5429ms)
2026-09-06T20:34:28.9626200+08:00 pid=94656 [perf] ConvertedOmmlBatch.true-display-host: +0ms (5429ms)
2026-09-06T20:34:29.0621751+08:00 pid=94656 [perf] ConvertedOmmlBatch.repair-identity: +100ms (5529ms)
2026-09-06T20:34:29.7332489+08:00 pid=94656 [perf] managed-row-ownership-rejected check=initial reason=table-shape-or-range-membership
2026-09-06T20:34:29.7342475+08:00 pid=94656 [perf] direct-row-health-fail formulaId=6a22bb93-ee57-44c6-af81-252f87ccacaa check=table-membership reason=formula-row-not-resolved range=226:237
