2026-09-06T21:41:54.8028005+08:00 pid=64844 [perf] update-numbers.health-fail reason=no-parseable-field-codes
2026-09-06T21:42:09.5945688+08:00 pid=64844 [perf] ConfigureNumbered.native-resolve-display: +3ms (3ms)
2026-09-06T21:42:09.6139205+08:00 pid=64844 [perf] ConfigureNumbered.native-clear-artifacts: +20ms (23ms)
2026-09-06T21:42:09.6219195+08:00 pid=64844 [perf] ConfigureNumbered.native-measure-display: +8ms (31ms)
2026-09-06T21:42:09.6475857+08:00 pid=64844 [perf] ConfigureNumbered.native-ensure-table: +26ms (57ms)
2026-09-06T21:42:09.6485929+08:00 pid=64844 [perf] ConfigureNumbered.native-resolve-table-formula: +1ms (58ms)
2026-09-06T21:42:09.6495956+08:00 pid=64844 [perf] ConfigureNumbered.native-height-repair: +0ms (58ms)
2026-09-06T21:42:09.6915684+08:00 pid=64844 [perf] ConfigureNumbered.native-geometry: +42ms (100ms)
2026-09-06T21:42:09.6925686+08:00 pid=64844 [perf] ConfigureNumbered.native-1x3-table: +1ms (101ms)
2026-09-06T21:42:09.6943282+08:00 pid=64844 [perf] ConfigureNumbered.direct-number-plan: +2ms (103ms)
2026-09-06T21:42:09.7213774+08:00 pid=64844 [perf] ConfigureNumbered.direct-visible-seq: +26ms (129ms)
2026-09-06T21:42:09.7765756+08:00 pid=64844 [perf] ConfigureNumbered.native-wrap-identity: +56ms (185ms)
2026-09-06T21:42:09.9770512+08:00 pid=64844 [perf] ConfigureNumbered.native-resolve-display: +0ms (0ms)
2026-09-06T21:42:09.9980527+08:00 pid=64844 [perf] ConfigureNumbered.native-clear-artifacts: +22ms (22ms)
2026-09-06T21:42:10.0411542+08:00 pid=64844 [perf] ConfigureNumbered.native-measure-display: +43ms (65ms)
2026-09-06T21:42:10.0706710+08:00 pid=64844 [perf] ConfigureNumbered.native-ensure-table: +30ms (95ms)
2026-09-06T21:42:10.0716716+08:00 pid=64844 [perf] ConfigureNumbered.native-resolve-table-formula: +1ms (96ms)
2026-09-06T21:42:10.0716716+08:00 pid=64844 [perf] ConfigureNumbered.native-height-repair: +0ms (96ms)
2026-09-06T21:42:10.1519095+08:00 pid=64844 [perf] ConfigureNumbered.native-geometry: +80ms (176ms)
2026-09-06T21:42:10.1519095+08:00 pid=64844 [perf] ConfigureNumbered.native-1x3-table: +0ms (176ms)
2026-09-06T21:42:10.1529096+08:00 pid=64844 [perf] ConfigureNumbered.direct-number-plan: +0ms (176ms)
2026-09-06T21:42:10.1809092+08:00 pid=64844 [perf] ConfigureNumbered.direct-visible-seq: +28ms (204ms)
2026-09-06T21:42:10.2075388+08:00 pid=64844 [perf] remove-owned-post-table-anchor generated=157:158 original=158:176
2026-09-06T21:42:10.2128728+08:00 pid=64844 [perf] ConfigureNumbered.native-post-table-spacing: +32ms (236ms)
2026-09-06T21:42:10.2695320+08:00 pid=64844 [perf] ConfigureNumbered.native-wrap-identity: +57ms (293ms)
2026-09-06T21:42:10.3445328+08:00 pid=64844 [perf] cleanup-before-table enter formulaId=7e62e5e6-f80e-4486-a1ea-716799479eb6 table=9:157
2026-09-06T21:42:10.3765325+08:00 pid=64844 [perf] cleanup-before-table formulaId=7e62e5e6-f80e-4486-a1ea-716799479eb6 paragraph=8:9 content=8:8 shapes=0 maths=0 fields=0 bookmarks=0 frames=0
2026-09-06T21:42:10.3795335+08:00 pid=64844 [perf] cleanup-before-table delete-empty-source-paragraph
2026-09-06T21:42:10.4151085+08:00 pid=64844 [perf] cleanup-before-table enter formulaId=6e06fdb9-393a-4e26-a035-d631414923d3 table=175:268
2026-09-06T21:42:10.4161069+08:00 pid=64844 [perf] cleanup-before-table formulaId=6e06fdb9-393a-4e26-a035-d631414923d3 paragraph=174:175 content=174:174 shapes=0 maths=0 fields=0 bookmarks=0 frames=0
2026-09-06T21:42:10.4181070+08:00 pid=64844 [perf] cleanup-before-table delete-empty-source-paragraph
2026-09-06T21:42:10.4591064+08:00 pid=64844 [perf] cleanup-before-table enter formulaId=7e62e5e6-f80e-4486-a1ea-716799479eb6 table=8:156
2026-09-06T21:42:10.4611064+08:00 pid=64844 [perf] cleanup-before-table return-paragraph-shape paragraph=0:8 text='自己推导一下：<CR>'
2026-09-06T21:42:10.4651063+08:00 pid=64844 [perf] cleanup-before-table enter formulaId=6e06fdb9-393a-4e26-a035-d631414923d3 table=174:267
2026-09-06T21:42:10.4661067+08:00 pid=64844 [perf] cleanup-before-table return-paragraph-shape paragraph=156:174 text='有这个可以得到类似的密度守恒方程：<CR>'
2026-09-06T21:42:31.0352529+08:00 pid=64844 [perf] ConfigureNumbered.native-resolve-display: +3ms (3ms)
2026-09-06T21:42:31.0502537+08:00 pid=64844 [perf] ConfigureNumbered.native-clear-artifacts: +16ms (19ms)
2026-09-06T21:42:31.0562550+08:00 pid=64844 [perf] ConfigureNumbered.native-measure-display: +6ms (25ms)
2026-09-06T21:42:31.0698257+08:00 pid=64844 [perf] ConfigureNumbered.native-ensure-table: +13ms (38ms)
2026-09-06T21:42:31.0698257+08:00 pid=64844 [perf] ConfigureNumbered.native-resolve-table-formula: +1ms (39ms)
2026-09-06T21:42:31.0708252+08:00 pid=64844 [perf] ConfigureNumbered.native-height-repair: +0ms (39ms)
2026-09-06T21:42:31.1014277+08:00 pid=64844 [perf] ConfigureNumbered.native-geometry: +31ms (70ms)
2026-09-06T21:42:31.1024276+08:00 pid=64844 [perf] ConfigureNumbered.native-1x3-table: +0ms (70ms)
2026-09-06T21:42:31.1024276+08:00 pid=64844 [perf] ConfigureNumbered.direct-number-plan: +1ms (71ms)
2026-09-06T21:42:31.1300233+08:00 pid=64844 [perf] ConfigureNumbered.direct-visible-seq: +27ms (98ms)
2026-09-06T21:42:31.1550240+08:00 pid=64844 [perf] ConfigureNumbered.native-wrap-identity: +25ms (123ms)
2026-09-06T21:42:31.3565763+08:00 pid=64844 [perf] ConfigureNumbered.native-resolve-display: +0ms (0ms)
2026-09-06T21:42:31.3755749+08:00 pid=64844 [perf] ConfigureNumbered.native-clear-artifacts: +18ms (18ms)
2026-09-06T21:42:31.4055752+08:00 pid=64844 [perf] ConfigureNumbered.native-measure-display: +31ms (49ms)
2026-09-06T21:42:31.4355751+08:00 pid=64844 [perf] ConfigureNumbered.native-ensure-table: +30ms (79ms)
2026-09-06T21:42:31.4365772+08:00 pid=64844 [perf] ConfigureNumbered.native-resolve-table-formula: +1ms (80ms)
2026-09-06T21:42:31.4365772+08:00 pid=64844 [perf] ConfigureNumbered.native-height-repair: +0ms (80ms)
2026-09-06T21:42:31.5035806+08:00 pid=64844 [perf] ConfigureNumbered.native-geometry: +67ms (147ms)
2026-09-06T21:42:31.5035806+08:00 pid=64844 [perf] ConfigureNumbered.native-1x3-table: +0ms (147ms)
2026-09-06T21:42:31.5045779+08:00 pid=64844 [perf] ConfigureNumbered.direct-number-plan: +1ms (148ms)
2026-09-06T21:42:31.5365749+08:00 pid=64844 [perf] ConfigureNumbered.direct-visible-seq: +32ms (180ms)
2026-09-06T21:42:31.5745837+08:00 pid=64844 [perf] remove-owned-post-table-anchor generated=157:158 original=158:176
2026-09-06T21:42:31.5795847+08:00 pid=64844 [perf] ConfigureNumbered.native-post-table-spacing: +43ms (223ms)
2026-09-06T21:42:31.6321559+08:00 pid=64844 [perf] ConfigureNumbered.native-wrap-identity: +53ms (276ms)
2026-09-06T21:42:31.7117357+08:00 pid=64844 [perf] cleanup-before-table enter formulaId=d0e34a37-98bf-4219-8694-0602b085dbc6 table=9:157
2026-09-06T21:42:31.7451193+08:00 pid=64844 [perf] cleanup-before-table formulaId=d0e34a37-98bf-4219-8694-0602b085dbc6 paragraph=8:9 content=8:8 shapes=0 maths=0 fields=0 bookmarks=0 frames=0
2026-09-06T21:42:31.7481187+08:00 pid=64844 [perf] cleanup-before-table delete-empty-source-paragraph
2026-09-06T21:42:31.7802627+08:00 pid=64844 [perf] cleanup-before-table enter formulaId=32432396-1e82-4884-ae4a-205a0d60e531 table=175:268
2026-09-06T21:42:31.7832630+08:00 pid=64844 [perf] cleanup-before-table formulaId=32432396-1e82-4884-ae4a-205a0d60e531 paragraph=174:175 content=174:174 shapes=0 maths=0 fields=0 bookmarks=0 frames=0
2026-09-06T21:42:31.7872661+08:00 pid=64844 [perf] cleanup-before-table delete-empty-source-paragraph
2026-09-06T21:42:31.8192649+08:00 pid=64844 [perf] cleanup-before-table enter formulaId=d0e34a37-98bf-4219-8694-0602b085dbc6 table=8:156
2026-09-06T21:42:31.8202626+08:00 pid=64844 [perf] cleanup-before-table return-paragraph-shape paragraph=0:8 text='自己推导一下：<CR>'
2026-09-06T21:42:31.8252656+08:00 pid=64844 [perf] cleanup-before-table enter formulaId=32432396-1e82-4884-ae4a-205a0d60e531 table=174:267
2026-09-06T21:42:31.8262626+08:00 pid=64844 [perf] cleanup-before-table return-paragraph-shape paragraph=156:174 text='有这个可以得到类似的密度守恒方程：<CR>'
2026-09-06T21:42:52.5673994+08:00 pid=64844 [perf] ConfigureNumbered.tab-paragraph: +30ms (30ms)
2026-09-06T21:42:52.5763969+08:00 pid=64844 [perf] NativeCaption.prepare-paragraph: +5ms (5ms)
2026-09-06T21:42:52.5773975+08:00 pid=64844 [perf] NativeCaption.add-seq: +1ms (6ms)
2026-09-06T21:42:52.5803993+08:00 pid=64844 [perf] NativeCaption.update-seq: +3ms (9ms)
2026-09-06T21:42:52.5814000+08:00 pid=64844 [perf] NativeCaption.bookmarks: +1ms (10ms)
2026-09-06T21:42:52.5993967+08:00 pid=64844 [perf] NativeCaption.style-frame: +18ms (28ms)
2026-09-06T21:42:52.5993967+08:00 pid=64844 [perf] ConfigureNumbered.native-caption: +32ms (62ms)
2026-09-06T21:42:52.6073966+08:00 pid=64844 [perf] VisibleRef.scaffold: +5ms (5ms)
2026-09-06T21:42:52.6133968+08:00 pid=64844 [perf] VisibleRef.add-ref: +6ms (11ms)
2026-09-06T21:42:52.6213967+08:00 pid=64844 [perf] VisibleRef.update-ref: +8ms (19ms)
2026-09-06T21:42:52.6233992+08:00 pid=64844 [perf] VisibleRef.bookmark-format: +2ms (21ms)
2026-09-06T21:42:52.6263967+08:00 pid=64844 [perf] VisibleRef.vertical-align: +3ms (24ms)
2026-09-06T21:42:52.6263967+08:00 pid=64844 [perf] ConfigureNumbered.visible-ref: +27ms (89ms)
2026-09-06T21:42:52.6293969+08:00 pid=64844 [perf] ConfigureNumbered.ole-baseline: +2ms (91ms)
2026-09-06T21:42:52.7130043+08:00 pid=64844 [perf] ConfigureNumbered.tab-paragraph: +13ms (13ms)
2026-09-06T21:42:52.7160014+08:00 pid=64844 [perf] NativeCaption.prepare-paragraph: +3ms (3ms)
2026-09-06T21:42:52.7170031+08:00 pid=64844 [perf] NativeCaption.add-seq: +1ms (4ms)
2026-09-06T21:42:52.7190067+08:00 pid=64844 [perf] NativeCaption.update-seq: +2ms (6ms)
2026-09-06T21:42:52.7210044+08:00 pid=64844 [perf] NativeCaption.bookmarks: +2ms (8ms)
2026-09-06T21:42:52.7560033+08:00 pid=64844 [perf] NativeCaption.style-frame: +35ms (43ms)
2026-09-06T21:42:52.7570048+08:00 pid=64844 [perf] ConfigureNumbered.native-caption: +44ms (57ms)
2026-09-06T21:42:52.7630042+08:00 pid=64844 [perf] VisibleRef.scaffold: +5ms (5ms)
2026-09-06T21:42:52.7670049+08:00 pid=64844 [perf] VisibleRef.add-ref: +4ms (9ms)
2026-09-06T21:42:52.7790064+08:00 pid=64844 [perf] VisibleRef.update-ref: +12ms (21ms)
2026-09-06T21:42:52.7830051+08:00 pid=64844 [perf] VisibleRef.bookmark-format: +5ms (26ms)
2026-09-06T21:42:52.7890023+08:00 pid=64844 [perf] VisibleRef.vertical-align: +5ms (31ms)
2026-09-06T21:42:52.7890023+08:00 pid=64844 [perf] ConfigureNumbered.visible-ref: +33ms (90ms)
2026-09-06T21:42:52.7910052+08:00 pid=64844 [perf] ConfigureNumbered.ole-baseline: +1ms (91ms)
2026-09-06T21:43:14.9928888+08:00 pid=64844 [perf] ConfigureNumbered.tab-paragraph: +29ms (29ms)
2026-09-06T21:43:14.9978890+08:00 pid=64844 [perf] NativeCaption.prepare-paragraph: +3ms (3ms)
2026-09-06T21:43:14.9988898+08:00 pid=64844 [perf] NativeCaption.add-seq: +1ms (4ms)
2026-09-06T21:43:15.0008906+08:00 pid=64844 [perf] NativeCaption.update-seq: +2ms (6ms)
2026-09-06T21:43:15.0018889+08:00 pid=64844 [perf] NativeCaption.bookmarks: +1ms (7ms)
2026-09-06T21:43:15.0178887+08:00 pid=64844 [perf] NativeCaption.style-frame: +17ms (24ms)
2026-09-06T21:43:15.0188886+08:00 pid=64844 [perf] ConfigureNumbered.native-caption: +25ms (54ms)
2026-09-06T21:43:15.0228889+08:00 pid=64844 [perf] VisibleRef.scaffold: +3ms (3ms)
2026-09-06T21:43:15.0258914+08:00 pid=64844 [perf] VisibleRef.add-ref: +4ms (7ms)
2026-09-06T21:43:15.0348888+08:00 pid=64844 [perf] VisibleRef.update-ref: +8ms (15ms)
2026-09-06T21:43:15.0358890+08:00 pid=64844 [perf] VisibleRef.bookmark-format: +1ms (16ms)
2026-09-06T21:43:15.0378888+08:00 pid=64844 [perf] VisibleRef.vertical-align: +3ms (19ms)
2026-09-06T21:43:15.0378888+08:00 pid=64844 [perf] ConfigureNumbered.visible-ref: +20ms (74ms)
2026-09-06T21:43:15.0388894+08:00 pid=64844 [perf] ConfigureNumbered.ole-baseline: +1ms (75ms)
2026-09-06T21:43:15.1166690+08:00 pid=64844 [perf] ConfigureNumbered.tab-paragraph: +11ms (11ms)
2026-09-06T21:43:15.1206718+08:00 pid=64844 [perf] NativeCaption.prepare-paragraph: +3ms (3ms)
2026-09-06T21:43:15.1216712+08:00 pid=64844 [perf] NativeCaption.add-seq: +1ms (4ms)
2026-09-06T21:43:15.1246692+08:00 pid=64844 [perf] NativeCaption.update-seq: +3ms (7ms)
2026-09-06T21:43:15.1256715+08:00 pid=64844 [perf] NativeCaption.bookmarks: +1ms (8ms)
2026-09-06T21:43:15.1486693+08:00 pid=64844 [perf] NativeCaption.style-frame: +23ms (31ms)
2026-09-06T21:43:15.1496690+08:00 pid=64844 [perf] ConfigureNumbered.native-caption: +33ms (44ms)
2026-09-06T21:43:15.1536693+08:00 pid=64844 [perf] VisibleRef.scaffold: +4ms (4ms)
2026-09-06T21:43:15.1576692+08:00 pid=64844 [perf] VisibleRef.add-ref: +3ms (7ms)
2026-09-06T21:43:15.1656690+08:00 pid=64844 [perf] VisibleRef.update-ref: +9ms (16ms)
2026-09-06T21:43:15.1666699+08:00 pid=64844 [perf] VisibleRef.bookmark-format: +1ms (17ms)
2026-09-06T21:43:15.1696693+08:00 pid=64844 [perf] VisibleRef.vertical-align: +3ms (20ms)
2026-09-06T21:43:15.1696693+08:00 pid=64844 [perf] ConfigureNumbered.visible-ref: +21ms (65ms)
2026-09-06T21:43:15.1706691+08:00 pid=64844 [perf] ConfigureNumbered.ole-baseline: +1ms (66ms)
2026-09-06T21:43:37.4767649+08:00 pid=64844 [perf] update-numbers.health-fail reason=no-numbering-bookmarks
2026-09-06T21:43:37.5091484+08:00 pid=64844 [perf] update-numbers.health-fail reason=no-numbering-bookmarks
2026-09-06T21:43:37.5151477+08:00 pid=64844 [perf] Reconcile.adopt-native-hash-copies: +3ms (3ms)
2026-09-06T21:43:37.5161459+08:00 pid=64844 [perf] Reconcile.capture-omml-ids: +2ms (5ms)
2026-09-06T21:43:37.5171485+08:00 pid=64844 [perf] Reconcile.capture-numbered-locations: +1ms (6ms)
2026-09-06T21:43:37.5191453+08:00 pid=64844 [perf] Reconcile.repair-shared-captions: +1ms (7ms)
2026-09-06T21:43:37.5191453+08:00 pid=64844 [perf] Reconcile.configure-inline-formulas: +1ms (8ms)
2026-09-06T21:43:37.5191453+08:00 pid=64844 [perf] Reconcile.configure-omml-formulas: +0ms (8ms)
2026-09-06T21:43:37.5201460+08:00 pid=64844 [perf] Reconcile.number-format-preference: +0ms (8ms)
2026-09-06T21:43:37.5201460+08:00 pid=64844 [perf] Reconcile.remove-orphan-artifacts: +1ms (9ms)
2026-09-06T21:43:37.5211458+08:00 pid=64844 [perf] Reconcile.rebuild-number-bookmarks-1: +1ms (10ms)
2026-09-06T21:43:37.5221479+08:00 pid=64844 [perf] Reconcile.update-native-sequences: +1ms (11ms)
2026-09-06T21:43:37.5221479+08:00 pid=64844 [perf] Reconcile.rebuild-number-bookmarks-2: +0ms (11ms)
2026-09-06T21:43:37.5231458+08:00 pid=64844 [perf] Reconcile.update-main-story-fields: +1ms (12ms)
2026-09-06T21:43:37.5241487+08:00 pid=64844 [perf] Reconcile.update-inline-number-fields: +0ms (12ms)
2026-09-06T21:43:37.5241487+08:00 pid=64844 [perf] Reconcile.update-omml-number-fields: +0ms (12ms)
2026-09-06T21:43:37.5261486+08:00 pid=64844 [perf] Reconcile.update-cross-references: +3ms (15ms)
2026-09-06T21:43:58.1846061+08:00 pid=64844 [perf] update-numbers.health-fail reason=no-numbering-bookmarks
2026-09-06T21:43:58.2316060+08:00 pid=64844 [perf] update-numbers.health-fail reason=no-numbering-bookmarks
2026-09-06T21:43:58.2326046+08:00 pid=64844 [perf] Reconcile.adopt-native-hash-copies: +0ms (0ms)
2026-09-06T21:43:58.2326046+08:00 pid=64844 [perf] Reconcile.capture-omml-ids: +0ms (0ms)
2026-09-06T21:43:58.2336051+08:00 pid=64844 [perf] Reconcile.capture-numbered-locations: +1ms (1ms)
2026-09-06T21:43:58.2336051+08:00 pid=64844 [perf] Reconcile.repair-shared-captions: +0ms (1ms)
2026-09-06T21:43:58.2346050+08:00 pid=64844 [perf] Reconcile.configure-inline-formulas: +0ms (1ms)
2026-09-06T21:43:58.2346050+08:00 pid=64844 [perf] Reconcile.configure-omml-formulas: +1ms (2ms)
2026-09-06T21:43:58.2346050+08:00 pid=64844 [perf] Reconcile.number-format-preference: +0ms (2ms)
2026-09-06T21:43:58.2346050+08:00 pid=64844 [perf] Reconcile.remove-orphan-artifacts: +0ms (2ms)
2026-09-06T21:43:58.2346050+08:00 pid=64844 [perf] Reconcile.rebuild-number-bookmarks-1: +0ms (2ms)
2026-09-06T21:43:58.2346050+08:00 pid=64844 [perf] Reconcile.update-native-sequences: +0ms (2ms)
2026-09-06T21:43:58.2356053+08:00 pid=64844 [perf] Reconcile.rebuild-number-bookmarks-2: +1ms (3ms)
2026-09-06T21:43:58.2356053+08:00 pid=64844 [perf] Reconcile.update-main-story-fields: +0ms (3ms)
2026-09-06T21:43:58.2366082+08:00 pid=64844 [perf] Reconcile.update-inline-number-fields: +1ms (4ms)
2026-09-06T21:43:58.2366082+08:00 pid=64844 [perf] Reconcile.update-omml-number-fields: +0ms (4ms)
2026-09-06T21:43:58.2386054+08:00 pid=64844 [perf] Reconcile.update-cross-references: +2ms (6ms)
2026-09-06T21:47:40.6519796+08:00 pid=64844 [perf] update-numbers.health-fail reason=no-numbering-bookmarks
