2026-09-06T18:18:05.0767501+08:00 pid=81452 [perf] ConfigureNumbered.tab-paragraph: +25ms (25ms)
2026-09-06T18:18:05.0837502+08:00 pid=81452 [perf] NativeCaption.prepare-paragraph: +3ms (3ms)
2026-09-06T18:18:05.0857513+08:00 pid=81452 [perf] NativeCaption.add-seq: +2ms (5ms)
2026-09-06T18:18:05.0867512+08:00 pid=81452 [perf] NativeCaption.update-seq: +1ms (6ms)
2026-09-06T18:18:05.0887515+08:00 pid=81452 [perf] NativeCaption.bookmarks: +2ms (8ms)
2026-09-06T18:18:05.1093529+08:00 pid=81452 [perf] NativeCaption.style-frame: +20ms (28ms)
2026-09-06T18:18:05.1093529+08:00 pid=81452 [perf] ConfigureNumbered.native-caption: +33ms (58ms)
2026-09-06T18:18:05.1237628+08:00 pid=81452 [perf] VisibleRef.scaffold: +7ms (7ms)
2026-09-06T18:18:05.1302531+08:00 pid=81452 [perf] VisibleRef.add-ref: +6ms (13ms)
2026-09-06T18:18:05.1441870+08:00 pid=81452 [perf] VisibleRef.update-ref: +14ms (27ms)
2026-09-06T18:18:05.1461874+08:00 pid=81452 [perf] VisibleRef.bookmark-format: +2ms (29ms)
2026-09-06T18:18:05.1491862+08:00 pid=81452 [perf] VisibleRef.vertical-align: +3ms (32ms)
2026-09-06T18:18:05.1491862+08:00 pid=81452 [perf] ConfigureNumbered.visible-ref: +40ms (98ms)
2026-09-06T18:18:05.1521878+08:00 pid=81452 [perf] ConfigureNumbered.ole-baseline: +3ms (101ms)
2026-09-06T18:18:27.8507086+08:00 pid=81452 [perf] ConfigureNumbered.tab-paragraph: +21ms (21ms)
2026-09-06T18:18:27.8579069+08:00 pid=81452 [perf] NativeCaption.prepare-paragraph: +6ms (6ms)
2026-09-06T18:18:27.8594253+08:00 pid=81452 [perf] NativeCaption.add-seq: +2ms (8ms)
2026-09-06T18:18:27.8624251+08:00 pid=81452 [perf] NativeCaption.update-seq: +2ms (10ms)
2026-09-06T18:18:27.8634272+08:00 pid=81452 [perf] NativeCaption.bookmarks: +2ms (12ms)
2026-09-06T18:18:27.8854253+08:00 pid=81452 [perf] NativeCaption.style-frame: +22ms (34ms)
2026-09-06T18:18:27.8864250+08:00 pid=81452 [perf] ConfigureNumbered.native-caption: +35ms (56ms)
2026-09-06T18:18:27.9016934+08:00 pid=81452 [perf] VisibleRef.scaffold: +14ms (14ms)
2026-09-06T18:18:27.9086927+08:00 pid=81452 [perf] VisibleRef.add-ref: +7ms (21ms)
2026-09-06T18:18:27.9294249+08:00 pid=81452 [perf] VisibleRef.update-ref: +21ms (42ms)
2026-09-06T18:18:27.9314240+08:00 pid=81452 [perf] VisibleRef.bookmark-format: +3ms (45ms)
2026-09-06T18:18:27.9384223+08:00 pid=81452 [perf] VisibleRef.vertical-align: +7ms (52ms)
2026-09-06T18:18:27.9394211+08:00 pid=81452 [perf] ConfigureNumbered.visible-ref: +54ms (110ms)
2026-09-06T18:18:27.9404216+08:00 pid=81452 [perf] ConfigureNumbered.ole-baseline: +1ms (111ms)
2026-09-06T18:18:27.9739695+08:00 pid=81452 [perf] ConfigureNumbered.tab-paragraph: +21ms (21ms)
2026-09-06T18:18:27.9813602+08:00 pid=81452 [perf] NativeCaption.prepare-paragraph: +7ms (7ms)
2026-09-06T18:18:27.9833590+08:00 pid=81452 [perf] NativeCaption.add-seq: +2ms (9ms)
2026-09-06T18:18:27.9868550+08:00 pid=81452 [perf] NativeCaption.update-seq: +3ms (12ms)
2026-09-06T18:18:27.9888533+08:00 pid=81452 [perf] NativeCaption.bookmarks: +2ms (14ms)
2026-09-06T18:18:28.0211402+08:00 pid=81452 [perf] NativeCaption.style-frame: +32ms (46ms)
2026-09-06T18:18:28.0211402+08:00 pid=81452 [perf] ConfigureNumbered.native-caption: +47ms (68ms)
2026-09-06T18:18:28.0306518+08:00 pid=81452 [perf] VisibleRef.scaffold: +9ms (9ms)
2026-09-06T18:18:28.0356639+08:00 pid=81452 [perf] VisibleRef.add-ref: +5ms (14ms)
2026-09-06T18:18:28.0450610+08:00 pid=81452 [perf] VisibleRef.update-ref: +9ms (23ms)
2026-09-06T18:18:28.0465778+08:00 pid=81452 [perf] VisibleRef.bookmark-format: +1ms (24ms)
2026-09-06T18:18:28.0495791+08:00 pid=81452 [perf] VisibleRef.vertical-align: +3ms (27ms)
2026-09-06T18:18:28.0495791+08:00 pid=81452 [perf] ConfigureNumbered.visible-ref: +29ms (97ms)
2026-09-06T18:18:28.0515796+08:00 pid=81452 [perf] ConfigureNumbered.ole-baseline: +1ms (98ms)
2026-09-06T18:18:28.0887755+08:00 pid=81452 [perf] ConfigureNumbered.tab-paragraph: +25ms (25ms)
2026-09-06T18:18:28.0964348+08:00 pid=81452 [perf] NativeCaption.prepare-paragraph: +6ms (6ms)
2026-09-06T18:18:28.0977785+08:00 pid=81452 [perf] NativeCaption.add-seq: +2ms (8ms)
2026-09-06T18:18:28.1003729+08:00 pid=81452 [perf] NativeCaption.update-seq: +3ms (11ms)
2026-09-06T18:18:28.1023708+08:00 pid=81452 [perf] NativeCaption.bookmarks: +1ms (12ms)
2026-09-06T18:18:28.1291667+08:00 pid=81452 [perf] NativeCaption.style-frame: +28ms (40ms)
2026-09-06T18:18:28.1301746+08:00 pid=81452 [perf] ConfigureNumbered.native-caption: +41ms (66ms)
2026-09-06T18:18:28.1395506+08:00 pid=81452 [perf] VisibleRef.scaffold: +9ms (9ms)
2026-09-06T18:18:28.1451849+08:00 pid=81452 [perf] VisibleRef.add-ref: +5ms (14ms)
2026-09-06T18:18:28.1528111+08:00 pid=81452 [perf] VisibleRef.update-ref: +8ms (22ms)
2026-09-06T18:18:28.1548122+08:00 pid=81452 [perf] VisibleRef.bookmark-format: +2ms (24ms)
2026-09-06T18:18:28.1577176+08:00 pid=81452 [perf] VisibleRef.vertical-align: +3ms (27ms)
2026-09-06T18:18:28.1587172+08:00 pid=81452 [perf] ConfigureNumbered.visible-ref: +29ms (95ms)
2026-09-06T18:18:28.1597184+08:00 pid=81452 [perf] ConfigureNumbered.ole-baseline: +1ms (96ms)
2026-09-06T18:18:28.1905936+08:00 pid=81452 [perf] ConfigureNumbered.tab-paragraph: +19ms (19ms)
2026-09-06T18:18:28.1981116+08:00 pid=81452 [perf] NativeCaption.prepare-paragraph: +7ms (7ms)
2026-09-06T18:18:28.2004498+08:00 pid=81452 [perf] NativeCaption.add-seq: +2ms (9ms)
2026-09-06T18:18:28.2037181+08:00 pid=81452 [perf] NativeCaption.update-seq: +3ms (12ms)
2026-09-06T18:18:28.2059653+08:00 pid=81452 [perf] NativeCaption.bookmarks: +2ms (14ms)
2026-09-06T18:18:28.2461089+08:00 pid=81452 [perf] NativeCaption.style-frame: +40ms (54ms)
2026-09-06T18:18:28.2461089+08:00 pid=81452 [perf] ConfigureNumbered.native-caption: +56ms (75ms)
2026-09-06T18:18:28.2523214+08:00 pid=81452 [perf] VisibleRef.scaffold: +6ms (6ms)
2026-09-06T18:18:28.2575715+08:00 pid=81452 [perf] VisibleRef.add-ref: +5ms (11ms)
2026-09-06T18:18:28.2674689+08:00 pid=81452 [perf] VisibleRef.update-ref: +9ms (20ms)
2026-09-06T18:18:28.2685381+08:00 pid=81452 [perf] VisibleRef.bookmark-format: +1ms (21ms)
2026-09-06T18:18:28.2728158+08:00 pid=81452 [perf] VisibleRef.vertical-align: +5ms (26ms)
2026-09-06T18:18:28.2728158+08:00 pid=81452 [perf] ConfigureNumbered.visible-ref: +26ms (101ms)
2026-09-06T18:18:28.2743302+08:00 pid=81452 [perf] ConfigureNumbered.ole-baseline: +2ms (103ms)
2026-09-06T18:18:28.3131781+08:00 pid=81452 [perf] ConfigureNumbered.tab-paragraph: +26ms (26ms)
2026-09-06T18:18:28.3224726+08:00 pid=81452 [perf] NativeCaption.prepare-paragraph: +8ms (8ms)
2026-09-06T18:18:28.3244963+08:00 pid=81452 [perf] NativeCaption.add-seq: +2ms (10ms)
2026-09-06T18:18:28.3285664+08:00 pid=81452 [perf] NativeCaption.update-seq: +4ms (14ms)
2026-09-06T18:18:28.3305640+08:00 pid=81452 [perf] NativeCaption.bookmarks: +3ms (17ms)
2026-09-06T18:18:28.3690415+08:00 pid=81452 [perf] NativeCaption.style-frame: +38ms (55ms)
2026-09-06T18:18:28.3690415+08:00 pid=81452 [perf] ConfigureNumbered.native-caption: +56ms (82ms)
2026-09-06T18:18:28.3780421+08:00 pid=81452 [perf] VisibleRef.scaffold: +7ms (7ms)
2026-09-06T18:18:28.3830423+08:00 pid=81452 [perf] VisibleRef.add-ref: +6ms (13ms)
2026-09-06T18:18:28.3943613+08:00 pid=81452 [perf] VisibleRef.update-ref: +11ms (24ms)
2026-09-06T18:18:28.3973619+08:00 pid=81452 [perf] VisibleRef.bookmark-format: +3ms (27ms)
2026-09-06T18:18:28.4023615+08:00 pid=81452 [perf] VisibleRef.vertical-align: +5ms (32ms)
2026-09-06T18:18:28.4023615+08:00 pid=81452 [perf] ConfigureNumbered.visible-ref: +33ms (115ms)
2026-09-06T18:18:28.4043627+08:00 pid=81452 [perf] ConfigureNumbered.ole-baseline: +2ms (117ms)
2026-09-06T18:18:28.4127721+08:00 pid=81452 [perf] ConversionFinalize.caption-inventory: +1ms (1ms)
2026-09-06T18:18:28.4182172+08:00 pid=81452 [perf] number-format-batch.plan: +0ms (0ms)
2026-09-06T18:18:28.4372255+08:00 pid=81452 [perf] number-format-batch.direct-table-targets: +19ms (19ms)
2026-09-06T18:18:28.4473332+08:00 pid=81452 [perf] number-format-batch.native-hash-inventory: +10ms (29ms)
2026-09-06T18:18:28.4768577+08:00 pid=81452 [perf] number-format-batch.native-breakdown lookup=1ms code=0ms update=20ms prefix=0ms bookmark=0ms
2026-09-06T18:18:28.4778579+08:00 pid=81452 [perf] number-format-batch.legacy-targets: +31ms (60ms)
2026-09-06T18:18:28.4778579+08:00 pid=81452 [perf] number-format-batch.native-hash-targets: +0ms (60ms)
2026-09-06T18:18:28.5575840+08:00 pid=81452 [perf] number-format-batch.visible-references: +79ms (139ms)
2026-09-06T18:18:28.6728892+08:00 pid=81452 [perf] number-format-batch.extra-references: +116ms (255ms)
2026-09-06T18:18:28.6818103+08:00 pid=81452 [perf] ConversionFinalize.field-batch: +268ms (269ms)
2026-09-06T18:18:28.7641374+08:00 pid=81452 [perf] ConversionFinalize.healthy-refresh: +83ms (352ms)
2026-09-06T18:19:44.5009818+08:00 pid=81452 [perf] ConfigureNumbered.tab-paragraph: +27ms (27ms)
2026-09-06T18:19:44.5569828+08:00 pid=81452 [perf] ConfigureNumbered.native-caption: +56ms (83ms)
2026-09-06T18:19:44.5609825+08:00 pid=81452 [perf] ConfigureNumbered.visible-ref: +4ms (87ms)
2026-09-06T18:19:44.5629839+08:00 pid=81452 [perf] ConfigureNumbered.ole-baseline: +2ms (89ms)
2026-09-06T18:20:19.7850272+08:00 pid=81452 [perf] direct-row-health-fail formulaId=f248a46b-2a42-4375-9a71-49dc43e21f45 check=table-membership reason=not-in-table
2026-09-06T18:20:21.7001959+08:00 pid=81452 [perf] ConvertedOmmlBatch.inventory: +1911ms (1911ms)
2026-09-06T18:20:21.7074152+08:00 pid=81452 [perf] ConvertedOmmlBatch.number-plan: +7ms (1918ms)
2026-09-06T18:20:22.0063398+08:00 pid=81452 [perf] ConvertedOmmlBatch.locate-target: +299ms (2217ms)
2026-09-06T18:20:22.0161759+08:00 pid=81452 [perf] ConvertedOmmlBatch.true-display-native-resolve-display: +10ms (2227ms)
2026-09-06T18:20:22.0521632+08:00 pid=81452 [perf] ConvertedOmmlBatch.true-display-native-clear-artifacts: +35ms (2262ms)
2026-09-06T18:20:22.3276349+08:00 pid=81452 [perf] ConvertedOmmlBatch.true-display-native-measure-display: +276ms (2538ms)
2026-09-06T18:20:22.4108054+08:00 pid=81452 [perf] ConvertedOmmlBatch.true-display-native-ensure-table: +84ms (2622ms)
2026-09-06T18:20:22.4198056+08:00 pid=81452 [perf] ConvertedOmmlBatch.true-display-native-resolve-table-formula: +8ms (2630ms)
2026-09-06T18:20:22.4198056+08:00 pid=81452 [perf] ConvertedOmmlBatch.true-display-native-height-repair: +1ms (2631ms)
2026-09-06T18:20:22.7127298+08:00 pid=81452 [perf] ConvertedOmmlBatch.true-display-native-geometry: +292ms (2923ms)
2026-09-06T18:20:22.7127298+08:00 pid=81452 [perf] ConvertedOmmlBatch.true-display-native-1x3-table: +1ms (2924ms)
2026-09-06T18:20:22.7147296+08:00 pid=81452 [perf] ConvertedOmmlBatch.true-display-direct-number-plan: +1ms (2925ms)
2026-09-06T18:20:23.4473221+08:00 pid=81452 [perf] ConvertedOmmlBatch.true-display-direct-visible-seq: +733ms (3658ms)
2026-09-06T18:20:23.6479155+08:00 pid=81452 [perf] ConvertedOmmlBatch.true-display-native-post-table-spacing: +200ms (3858ms)
2026-09-06T18:20:23.8127699+08:00 pid=81452 [perf] ConvertedOmmlBatch.true-display-native-wrap-identity: +165ms (4023ms)
2026-09-06T18:20:23.8136491+08:00 pid=81452 [perf] ConvertedOmmlBatch.true-display-host: +1ms (4024ms)
2026-09-06T18:20:24.0242177+08:00 pid=81452 [perf] ConvertedOmmlBatch.repair-identity: +211ms (4235ms)
2026-09-06T18:20:24.3192785+08:00 pid=81452 [perf] ConvertedOmmlBatch.locate-target: +295ms (4530ms)
2026-09-06T18:20:24.3252804+08:00 pid=81452 [perf] ConvertedOmmlBatch.true-display-native-resolve-display: +5ms (4535ms)
2026-09-06T18:20:24.3682806+08:00 pid=81452 [perf] ConvertedOmmlBatch.true-display-native-clear-artifacts: +44ms (4579ms)
2026-09-06T18:20:24.6678163+08:00 pid=81452 [perf] ConvertedOmmlBatch.true-display-native-measure-display: +300ms (4879ms)
2026-09-06T18:20:24.7594295+08:00 pid=81452 [perf] ConvertedOmmlBatch.true-display-native-ensure-table: +91ms (4970ms)
2026-09-06T18:20:24.7654303+08:00 pid=81452 [perf] ConvertedOmmlBatch.true-display-native-resolve-table-formula: +6ms (4976ms)
2026-09-06T18:20:24.7664301+08:00 pid=81452 [perf] ConvertedOmmlBatch.true-display-native-height-repair: +1ms (4977ms)
2026-09-06T18:20:25.2346847+08:00 pid=81452 [perf] ConvertedOmmlBatch.true-display-native-geometry: +468ms (5445ms)
2026-09-06T18:20:25.2346847+08:00 pid=81452 [perf] ConvertedOmmlBatch.true-display-native-1x3-table: +1ms (5446ms)
2026-09-06T18:20:25.2356846+08:00 pid=81452 [perf] ConvertedOmmlBatch.true-display-direct-number-plan: +0ms (5446ms)
2026-09-06T18:20:26.0286300+08:00 pid=81452 [perf] ConvertedOmmlBatch.true-display-direct-visible-seq: +793ms (6239ms)
2026-09-06T18:20:26.2245108+08:00 pid=81452 [perf] ConvertedOmmlBatch.true-display-native-post-table-spacing: +196ms (6435ms)
2026-09-06T18:20:26.3760273+08:00 pid=81452 [perf] ConvertedOmmlBatch.true-display-native-wrap-identity: +151ms (6586ms)
2026-09-06T18:20:26.3760273+08:00 pid=81452 [perf] ConvertedOmmlBatch.true-display-host: +1ms (6587ms)
2026-09-06T18:20:26.5831366+08:00 pid=81452 [perf] ConvertedOmmlBatch.repair-identity: +207ms (6794ms)
2026-09-06T18:20:26.9232541+08:00 pid=81452 [perf] ConvertedOmmlBatch.locate-target: +340ms (7134ms)
2026-09-06T18:20:26.9312539+08:00 pid=81452 [perf] ConvertedOmmlBatch.true-display-native-resolve-display: +8ms (7142ms)
2026-09-06T18:20:26.9718841+08:00 pid=81452 [perf] ConvertedOmmlBatch.true-display-native-clear-artifacts: +41ms (7183ms)
2026-09-06T18:20:27.2303288+08:00 pid=81452 [perf] ConvertedOmmlBatch.true-display-native-measure-display: +258ms (7441ms)
2026-09-06T18:20:27.2962039+08:00 pid=81452 [perf] ConvertedOmmlBatch.true-display-native-ensure-table: +66ms (7507ms)
2026-09-06T18:20:27.3012039+08:00 pid=81452 [perf] ConvertedOmmlBatch.true-display-native-resolve-table-formula: +4ms (7511ms)
2026-09-06T18:20:27.3012039+08:00 pid=81452 [perf] ConvertedOmmlBatch.true-display-native-height-repair: +1ms (7512ms)
2026-09-06T18:20:27.5608484+08:00 pid=81452 [perf] ConvertedOmmlBatch.true-display-native-geometry: +260ms (7772ms)
2026-09-06T18:20:27.5608484+08:00 pid=81452 [perf] ConvertedOmmlBatch.true-display-native-1x3-table: +0ms (7772ms)
2026-09-06T18:20:27.5618462+08:00 pid=81452 [perf] ConvertedOmmlBatch.true-display-direct-number-plan: +0ms (7772ms)
2026-09-06T18:20:28.3013697+08:00 pid=81452 [perf] ConvertedOmmlBatch.true-display-direct-visible-seq: +740ms (8512ms)
2026-09-06T18:20:28.4613653+08:00 pid=81452 [perf] ConvertedOmmlBatch.true-display-native-post-table-spacing: +160ms (8672ms)
2026-09-06T18:20:28.6258349+08:00 pid=81452 [perf] ConvertedOmmlBatch.true-display-native-wrap-identity: +165ms (8837ms)
2026-09-06T18:20:28.6268327+08:00 pid=81452 [perf] ConvertedOmmlBatch.true-display-host: +1ms (8838ms)
2026-09-06T18:20:28.8452465+08:00 pid=81452 [perf] ConvertedOmmlBatch.repair-identity: +218ms (9056ms)
2026-09-06T18:20:29.1487928+08:00 pid=81452 [perf] ConvertedOmmlBatch.locate-target: +304ms (9360ms)
2026-09-06T18:20:29.1576405+08:00 pid=81452 [perf] ConvertedOmmlBatch.true-display-native-resolve-display: +8ms (9368ms)
2026-09-06T18:20:29.1926406+08:00 pid=81452 [perf] ConvertedOmmlBatch.true-display-native-clear-artifacts: +35ms (9403ms)
2026-09-06T18:20:29.4600789+08:00 pid=81452 [perf] ConvertedOmmlBatch.true-display-native-measure-display: +268ms (9671ms)
2026-09-06T18:20:29.5250788+08:00 pid=81452 [perf] ConvertedOmmlBatch.true-display-native-ensure-table: +64ms (9735ms)
2026-09-06T18:20:29.5300776+08:00 pid=81452 [perf] ConvertedOmmlBatch.true-display-native-resolve-table-formula: +6ms (9741ms)
2026-09-06T18:20:29.5310787+08:00 pid=81452 [perf] ConvertedOmmlBatch.true-display-native-height-repair: +0ms (9741ms)
2026-09-06T18:20:29.8001733+08:00 pid=81452 [perf] ConvertedOmmlBatch.true-display-native-geometry: +270ms (10011ms)
2026-09-06T18:20:29.8001733+08:00 pid=81452 [perf] ConvertedOmmlBatch.true-display-native-1x3-table: +0ms (10011ms)
2026-09-06T18:20:29.8001733+08:00 pid=81452 [perf] ConvertedOmmlBatch.true-display-direct-number-plan: +0ms (10011ms)
2026-09-06T18:20:30.4748745+08:00 pid=81452 [perf] ConvertedOmmlBatch.true-display-direct-visible-seq: +674ms (10685ms)
2026-09-06T18:20:30.6812280+08:00 pid=81452 [perf] ConvertedOmmlBatch.true-display-native-post-table-spacing: +207ms (10892ms)
2026-09-06T18:20:30.8471850+08:00 pid=81452 [perf] ConvertedOmmlBatch.true-display-native-wrap-identity: +165ms (11057ms)
2026-09-06T18:20:30.8471850+08:00 pid=81452 [perf] ConvertedOmmlBatch.true-display-host: +1ms (11058ms)
2026-09-06T18:20:31.0566878+08:00 pid=81452 [perf] ConvertedOmmlBatch.repair-identity: +209ms (11267ms)
2026-09-06T18:20:31.3770206+08:00 pid=81452 [perf] ConvertedOmmlBatch.locate-target: +320ms (11587ms)
2026-09-06T18:20:31.3850206+08:00 pid=81452 [perf] ConvertedOmmlBatch.true-display-native-resolve-display: +8ms (11595ms)
2026-09-06T18:20:31.4280207+08:00 pid=81452 [perf] ConvertedOmmlBatch.true-display-native-clear-artifacts: +44ms (11639ms)
2026-09-06T18:20:31.6957953+08:00 pid=81452 [perf] ConvertedOmmlBatch.true-display-native-measure-display: +268ms (11907ms)
2026-09-06T18:20:31.7753954+08:00 pid=81452 [perf] ConvertedOmmlBatch.true-display-native-ensure-table: +79ms (11986ms)
2026-09-06T18:20:31.7823956+08:00 pid=81452 [perf] ConvertedOmmlBatch.true-display-native-resolve-table-formula: +7ms (11993ms)
2026-09-06T18:20:31.7833936+08:00 pid=81452 [perf] ConvertedOmmlBatch.true-display-native-height-repair: +1ms (11994ms)
2026-09-06T18:20:32.0478823+08:00 pid=81452 [perf] ConvertedOmmlBatch.true-display-native-geometry: +265ms (12259ms)
2026-09-06T18:20:32.0478823+08:00 pid=81452 [perf] ConvertedOmmlBatch.true-display-native-1x3-table: +0ms (12259ms)
2026-09-06T18:20:32.0488827+08:00 pid=81452 [perf] ConvertedOmmlBatch.true-display-direct-number-plan: +0ms (12259ms)
2026-09-06T18:20:32.7478253+08:00 pid=81452 [perf] ConvertedOmmlBatch.true-display-direct-visible-seq: +700ms (12959ms)
2026-09-06T18:20:32.9165122+08:00 pid=81452 [perf] ConvertedOmmlBatch.true-display-native-wrap-identity: +168ms (13127ms)
2026-09-06T18:20:32.9175141+08:00 pid=81452 [perf] ConvertedOmmlBatch.true-display-host: +1ms (13128ms)
2026-09-06T18:20:33.1217481+08:00 pid=81452 [perf] ConvertedOmmlBatch.repair-identity: +204ms (13332ms)
2026-09-06T18:20:33.4237392+08:00 pid=81452 [perf] ConvertedOmmlBatch.locate-target: +303ms (13635ms)
2026-09-06T18:20:33.4307393+08:00 pid=81452 [perf] ConvertedOmmlBatch.true-display-native-resolve-display: +6ms (13641ms)
2026-09-06T18:20:33.4657368+08:00 pid=81452 [perf] ConvertedOmmlBatch.true-display-native-clear-artifacts: +35ms (13676ms)
2026-09-06T18:20:33.7367436+08:00 pid=81452 [perf] ConvertedOmmlBatch.true-display-native-measure-display: +271ms (13947ms)
2026-09-06T18:20:33.8230488+08:00 pid=81452 [perf] ConvertedOmmlBatch.true-display-native-ensure-table: +87ms (14034ms)
2026-09-06T18:20:33.8280495+08:00 pid=81452 [perf] ConvertedOmmlBatch.true-display-native-resolve-table-formula: +5ms (14039ms)
2026-09-06T18:20:33.8280495+08:00 pid=81452 [perf] ConvertedOmmlBatch.true-display-native-height-repair: +0ms (14039ms)
2026-09-06T18:20:34.0507321+08:00 pid=81452 [perf] ConvertedOmmlBatch.true-display-native-geometry: +222ms (14261ms)
2026-09-06T18:20:34.0507321+08:00 pid=81452 [perf] ConvertedOmmlBatch.true-display-native-1x3-table: +1ms (14262ms)
2026-09-06T18:20:34.0507321+08:00 pid=81452 [perf] ConvertedOmmlBatch.true-display-direct-number-plan: +0ms (14262ms)
2026-09-06T18:20:34.7423064+08:00 pid=81452 [perf] ConvertedOmmlBatch.true-display-direct-visible-seq: +691ms (14953ms)
2026-09-06T18:20:34.8940379+08:00 pid=81452 [perf] ConvertedOmmlBatch.true-display-native-wrap-identity: +152ms (15105ms)
2026-09-06T18:20:34.8950380+08:00 pid=81452 [perf] ConvertedOmmlBatch.true-display-host: +1ms (15106ms)
2026-09-06T18:20:35.0966982+08:00 pid=81452 [perf] ConvertedOmmlBatch.repair-identity: +201ms (15307ms)
2026-09-06T18:20:36.1823906+08:00 pid=81452 [perf] direct-row-health-fail formulaId=f248a46b-2a42-4375-9a71-49dc43e21f45 check=table-membership reason=formula-row-not-resolved range=2:22
