2026-09-06T17:41:06.3018312+08:00 pid=87408 [perf] update-numbers.health-fail reason=no-parseable-field-codes
2026-09-06T17:41:06.8606031+08:00 pid=87408 [perf] update-numbers.health-fail reason=no-parseable-field-codes
2026-09-06T17:41:09.1172707+08:00 pid=87408 [perf] Reconcile.adopt-native-hash-copies: +1798ms (1798ms)
2026-09-06T17:41:10.3537148+08:00 pid=87408 [perf] Reconcile.capture-omml-ids: +1236ms (3034ms)
2026-09-06T17:41:11.5066694+08:00 pid=87408 [perf] Reconcile.capture-numbered-locations: +1153ms (4187ms)
2026-09-06T17:41:11.5106695+08:00 pid=87408 [perf] Reconcile.repair-shared-captions: +4ms (4191ms)
2026-09-06T17:41:11.5106695+08:00 pid=87408 [perf] Reconcile.configure-inline-formulas: +1ms (4192ms)
2026-09-06T17:41:11.7814671+08:00 pid=87408 [perf] ConfigureNumbered.native-resolve-display: +9ms (9ms)
2026-09-06T17:41:11.8334669+08:00 pid=87408 [perf] ConfigureNumbered.native-clear-artifacts: +52ms (61ms)
2026-09-06T17:41:12.0434658+08:00 pid=87408 [perf] ConfigureNumbered.native-measure-display: +210ms (271ms)
2026-09-06T17:41:12.1094124+08:00 pid=87408 [perf] ConfigureNumbered.native-ensure-table: +66ms (337ms)
2026-09-06T17:41:12.1124122+08:00 pid=87408 [perf] ConfigureNumbered.native-resolve-table-formula: +3ms (340ms)
2026-09-06T17:41:12.1124122+08:00 pid=87408 [perf] ConfigureNumbered.native-height-repair: +1ms (341ms)
2026-09-06T17:41:12.3060075+08:00 pid=87408 [perf] ConfigureNumbered.native-geometry: +192ms (533ms)
2026-09-06T17:41:12.3060075+08:00 pid=87408 [perf] ConfigureNumbered.native-1x3-table: +1ms (534ms)
2026-09-06T17:41:12.3120073+08:00 pid=87408 [perf] ConfigureNumbered.direct-number-plan: +6ms (540ms)
2026-09-06T17:41:12.9048952+08:00 pid=87408 [perf] ConfigureNumbered.direct-visible-seq: +593ms (1133ms)
2026-09-06T17:41:13.0456008+08:00 pid=87408 [perf] ConfigureNumbered.native-post-table-spacing: +141ms (1274ms)
2026-09-06T17:41:13.2263933+08:00 pid=87408 [perf] ConfigureNumbered.native-wrap-identity: +180ms (1454ms)
2026-09-06T17:41:13.4817948+08:00 pid=87408 [perf] ConfigureNumbered.native-resolve-display: +4ms (4ms)
2026-09-06T17:41:13.5397967+08:00 pid=87408 [perf] ConfigureNumbered.native-clear-artifacts: +57ms (61ms)
2026-09-06T17:41:13.7737344+08:00 pid=87408 [perf] ConfigureNumbered.native-measure-display: +235ms (296ms)
2026-09-06T17:41:13.8287342+08:00 pid=87408 [perf] ConfigureNumbered.native-ensure-table: +55ms (351ms)
2026-09-06T17:41:13.8317342+08:00 pid=87408 [perf] ConfigureNumbered.native-resolve-table-formula: +3ms (354ms)
2026-09-06T17:41:13.8327340+08:00 pid=87408 [perf] ConfigureNumbered.native-height-repair: +0ms (354ms)
2026-09-06T17:41:14.0437370+08:00 pid=87408 [perf] ConfigureNumbered.native-geometry: +211ms (565ms)
2026-09-06T17:41:14.0437370+08:00 pid=87408 [perf] ConfigureNumbered.native-1x3-table: +1ms (566ms)
2026-09-06T17:41:14.0447369+08:00 pid=87408 [perf] ConfigureNumbered.direct-number-plan: +1ms (567ms)
2026-09-06T17:41:14.5900491+08:00 pid=87408 [perf] ConfigureNumbered.direct-visible-seq: +545ms (1112ms)
2026-09-06T17:41:14.7212891+08:00 pid=87408 [perf] ConfigureNumbered.native-post-table-spacing: +132ms (1244ms)
2026-09-06T17:41:14.8989473+08:00 pid=87408 [perf] ConfigureNumbered.native-wrap-identity: +177ms (1421ms)
2026-09-06T17:41:15.1641949+08:00 pid=87408 [perf] ConfigureNumbered.native-resolve-display: +4ms (4ms)
2026-09-06T17:41:15.2087779+08:00 pid=87408 [perf] ConfigureNumbered.native-clear-artifacts: +46ms (50ms)
2026-09-06T17:41:15.4266181+08:00 pid=87408 [perf] ConfigureNumbered.native-measure-display: +218ms (268ms)
2026-09-06T17:41:15.4779826+08:00 pid=87408 [perf] ConfigureNumbered.native-ensure-table: +50ms (318ms)
2026-09-06T17:41:15.4809820+08:00 pid=87408 [perf] ConfigureNumbered.native-resolve-table-formula: +4ms (322ms)
2026-09-06T17:41:15.4819822+08:00 pid=87408 [perf] ConfigureNumbered.native-height-repair: +0ms (322ms)
2026-09-06T17:41:15.6936992+08:00 pid=87408 [perf] ConfigureNumbered.native-geometry: +212ms (534ms)
2026-09-06T17:41:15.6936992+08:00 pid=87408 [perf] ConfigureNumbered.native-1x3-table: +1ms (535ms)
2026-09-06T17:41:15.6956994+08:00 pid=87408 [perf] ConfigureNumbered.direct-number-plan: +1ms (536ms)
2026-09-06T17:41:16.2891920+08:00 pid=87408 [perf] ConfigureNumbered.direct-visible-seq: +594ms (1130ms)
2026-09-06T17:41:16.4198605+08:00 pid=87408 [perf] ConfigureNumbered.native-post-table-spacing: +131ms (1261ms)
2026-09-06T17:41:16.5649398+08:00 pid=87408 [perf] ConfigureNumbered.native-wrap-identity: +145ms (1406ms)
2026-09-06T17:41:16.8288547+08:00 pid=87408 [perf] ConfigureNumbered.native-resolve-display: +4ms (4ms)
2026-09-06T17:41:16.8658543+08:00 pid=87408 [perf] ConfigureNumbered.native-clear-artifacts: +37ms (41ms)
2026-09-06T17:41:17.0714512+08:00 pid=87408 [perf] ConfigureNumbered.native-measure-display: +206ms (247ms)
2026-09-06T17:41:17.1272020+08:00 pid=87408 [perf] ConfigureNumbered.native-ensure-table: +56ms (303ms)
2026-09-06T17:41:17.1322016+08:00 pid=87408 [perf] ConfigureNumbered.native-resolve-table-formula: +5ms (308ms)
2026-09-06T17:41:17.1332013+08:00 pid=87408 [perf] ConfigureNumbered.native-height-repair: +0ms (308ms)
2026-09-06T17:41:17.3468043+08:00 pid=87408 [perf] ConfigureNumbered.native-geometry: +214ms (522ms)
2026-09-06T17:41:17.3468043+08:00 pid=87408 [perf] ConfigureNumbered.native-1x3-table: +1ms (523ms)
2026-09-06T17:41:17.3488047+08:00 pid=87408 [perf] ConfigureNumbered.direct-number-plan: +2ms (525ms)
2026-09-06T17:41:18.0061160+08:00 pid=87408 [perf] ConfigureNumbered.direct-visible-seq: +657ms (1182ms)
2026-09-06T17:41:18.1452662+08:00 pid=87408 [perf] ConfigureNumbered.native-post-table-spacing: +139ms (1321ms)
2026-09-06T17:41:18.3078113+08:00 pid=87408 [perf] ConfigureNumbered.native-wrap-identity: +162ms (1483ms)
2026-09-06T17:41:18.5818003+08:00 pid=87408 [perf] ConfigureNumbered.native-resolve-display: +7ms (7ms)
2026-09-06T17:41:18.6202235+08:00 pid=87408 [perf] ConfigureNumbered.native-clear-artifacts: +39ms (46ms)
2026-09-06T17:41:18.8456658+08:00 pid=87408 [perf] ConfigureNumbered.native-measure-display: +225ms (271ms)
2026-09-06T17:41:18.9037481+08:00 pid=87408 [perf] ConfigureNumbered.native-ensure-table: +58ms (329ms)
2026-09-06T17:41:18.9097485+08:00 pid=87408 [perf] ConfigureNumbered.native-resolve-table-formula: +6ms (335ms)
2026-09-06T17:41:18.9097485+08:00 pid=87408 [perf] ConfigureNumbered.native-height-repair: +0ms (335ms)
2026-09-06T17:41:19.2075802+08:00 pid=87408 [perf] ConfigureNumbered.native-geometry: +298ms (633ms)
2026-09-06T17:41:19.2085789+08:00 pid=87408 [perf] ConfigureNumbered.native-1x3-table: +1ms (634ms)
2026-09-06T17:41:19.2095797+08:00 pid=87408 [perf] ConfigureNumbered.direct-number-plan: +1ms (635ms)
2026-09-06T17:41:19.8166838+08:00 pid=87408 [perf] ConfigureNumbered.direct-visible-seq: +607ms (1242ms)
2026-09-06T17:41:19.9765532+08:00 pid=87408 [perf] ConfigureNumbered.native-wrap-identity: +160ms (1402ms)
2026-09-06T17:41:19.9785523+08:00 pid=87408 [perf] Reconcile.configure-omml-formulas: +8467ms (12659ms)
2026-09-06T17:41:19.9795545+08:00 pid=87408 [perf] Reconcile.number-format-preference: +2ms (12661ms)
2026-09-06T17:41:19.9915524+08:00 pid=87408 [perf] Reconcile.remove-orphan-artifacts: +11ms (12672ms)
2026-09-06T17:41:19.9997846+08:00 pid=87408 [perf] Reconcile.rebuild-number-bookmarks-1: +8ms (12680ms)
2026-09-06T17:41:20.5557079+08:00 pid=87408 [perf] Reconcile.update-native-sequences: +556ms (13236ms)
2026-09-06T17:41:20.5587078+08:00 pid=87408 [perf] Reconcile.rebuild-number-bookmarks-2: +4ms (13240ms)
2026-09-06T17:41:20.6013732+08:00 pid=87408 [perf] Reconcile.update-main-story-fields: +42ms (13282ms)
2026-09-06T17:41:20.6013732+08:00 pid=87408 [perf] Reconcile.update-inline-number-fields: +0ms (13282ms)
2026-09-06T17:41:23.4579606+08:00 pid=87408 [perf] Reconcile.update-omml-number-fields: +2856ms (16138ms)
2026-09-06T17:41:23.4689619+08:00 pid=87408 [perf] Reconcile.update-cross-references: +11ms (16149ms)
