2026-09-06T14:30:31.0483472+08:00 pid=75316 tid=1 word-addin-loaded pid=75316 assembly=C:\Users\pojian_liao\AppData\Local\VisualTeX\office\remediation-builds\02C3E3FA3ED74E86002B6C6110300446B230A5743E9DC5E5BEFE50B4BE3E457C\VisualTeX.WordVsto.dll mvid=b126b51e-7846-4726-9647-299990546ed0
2026-09-06T14:30:31.4489883+08:00 pid=75316 tid=1 hook-started handle=0x1555C
2026-09-06T14:30:31.6608507+08:00 pid=75316 tid=10 mathtype-native-preview-shared-prewarm-complete
2026-09-06T14:30:53.9281516+08:00 pid=75316 tid=12 left-down x=1382 y=1120 wordForeground=False
2026-09-06T14:30:56.3749224+08:00 pid=75316 tid=12 left-down x=2178 y=458 wordForeground=False
2026-09-06T14:30:58.7041921+08:00 pid=75316 tid=12 left-down x=2492 y=460 wordForeground=False
2026-09-06T14:32:39.7827916+08:00 pid=75316 tid=12 left-down x=2332 y=460 wordForeground=False
2026-09-06T14:37:39.9829910+08:00 pid=75316 tid=12 left-down x=1382 y=1120 wordForeground=False
2026-09-06T14:37:42.7013825+08:00 pid=75316 tid=12 left-down x=2332 y=460 wordForeground=False
2026-09-06T14:37:45.2616189+08:00 pid=75316 tid=12 left-down x=2492 y=460 wordForeground=False
2026-09-06T14:39:06.0159390+08:00 pid=75316 tid=12 left-down x=2024 y=1259 wordForeground=True
2026-09-06T14:39:14.3586209+08:00 pid=75316 tid=12 left-down x=1838 y=688 wordForeground=True
2026-09-06T14:46:01.5782134+08:00 pid=75316 tid=12 left-down x=1838 y=860 wordForeground=True
2026-09-06T14:46:10.4942021+08:00 pid=75316 tid=12 left-down x=1382 y=1120 wordForeground=False
2026-09-06T14:47:27.2360872+08:00 pid=75316 tid=12 left-down x=2332 y=460 wordForeground=False
2026-09-06T14:47:29.8632397+08:00 pid=75316 tid=12 left-down x=2492 y=460 wordForeground=False
2026-09-06T14:48:35.1321540+08:00 pid=75316 tid=12 left-down x=2024 y=1259 wordForeground=True
2026-09-06T14:48:43.3733262+08:00 pid=75316 tid=12 left-down x=1838 y=688 wordForeground=True
2026-09-06T14:49:31.8091676+08:00 pid=75316 tid=12 left-down x=1136 y=1941 wordForeground=True
2026-09-06T14:49:32.4187232+08:00 pid=75316 tid=12 left-down x=1136 y=1941 wordForeground=True
2026-09-06T14:50:11.7882352+08:00 pid=75316 tid=12 left-down x=1838 y=860 wordForeground=True
2026-09-06T14:53:20.5402614+08:00 pid=75316 tid=12 left-down x=1838 y=688 wordForeground=True
2026-09-06T14:53:29.4726895+08:00 pid=75316 tid=12 left-down x=1382 y=1120 wordForeground=False
2026-09-06T14:53:32.3063614+08:00 pid=75316 tid=12 left-down x=2332 y=460 wordForeground=False
2026-09-06T14:53:34.6547873+08:00 pid=75316 tid=12 left-down x=2492 y=460 wordForeground=False
2026-09-06T14:55:35.0150079+08:00 pid=75316 tid=12 left-down x=2024 y=1187 wordForeground=True
2026-09-06T14:59:39.2963298+08:00 pid=75316 tid=12 left-down x=1776 y=1270 wordForeground=False
2026-09-06T15:07:00.6575721+08:00 pid=75316 tid=12 left-down x=1140 y=1245 wordForeground=True
2026-09-06T15:07:01.1620891+08:00 pid=75316 tid=12 left-down x=1140 y=1245 wordForeground=True
2026-09-06T15:09:34.5110951+08:00 pid=75316 tid=12 left-down x=1776 y=1270 wordForeground=False
2026-09-06T15:21:09.7640007+08:00 pid=75316 tid=12 left-down x=1838 y=688 wordForeground=True
2026-09-06T15:21:34.1050882+08:00 pid=75316 tid=12 left-down x=1382 y=1120 wordForeground=False
2026-09-06T15:21:36.9599586+08:00 pid=75316 tid=12 left-down x=2332 y=460 wordForeground=False
2026-09-06T15:21:39.4073278+08:00 pid=75316 tid=12 left-down x=2492 y=460 wordForeground=False
2026-09-06T15:22:31.5557572+08:00 pid=75316 tid=12 left-down x=2024 y=1187 wordForeground=True
2026-09-06T15:26:35.8258836+08:00 pid=75316 tid=12 left-down x=1140 y=1088 wordForeground=True
2026-09-06T15:26:36.4257187+08:00 pid=75316 tid=12 left-down x=1140 y=1088 wordForeground=True
2026-09-06T15:27:08.0438737+08:00 pid=75316 tid=12 left-down x=1838 y=688 wordForeground=True
2026-09-06T15:27:50.6754883+08:00 pid=75316 tid=12 left-down x=1382 y=1120 wordForeground=False
2026-09-06T15:27:53.5350466+08:00 pid=75316 tid=12 left-down x=2332 y=460 wordForeground=False
2026-09-06T15:27:55.9120056+08:00 pid=75316 tid=12 left-down x=2492 y=460 wordForeground=False
2026-09-06T15:29:56.1830083+08:00 pid=75316 tid=12 left-down x=1776 y=1270 wordForeground=False
2026-09-06T15:30:42.3865334+08:00 pid=75316 tid=12 left-down x=2024 y=1187 wordForeground=True
2026-09-06T15:31:47.5206567+08:00 pid=75316 tid=12 left-down x=698 y=1234 wordForeground=True
2026-09-06T15:31:51.3993501+08:00 pid=75316 tid=12 left-down x=1685 y=1610 wordForeground=False
2026-09-06T15:33:02.3327650+08:00 pid=75316 tid=12 left-down x=1838 y=860 wordForeground=True
2026-09-06T15:33:47.0979898+08:00 pid=75316 tid=12 left-down x=219 y=1479 wordForeground=True
2026-09-06T15:33:54.2769262+08:00 pid=75316 tid=12 left-down x=1323 y=1598 wordForeground=False
2026-09-06T15:34:59.5969423+08:00 pid=75316 tid=12 left-down x=1170 y=1088 wordForeground=True
2026-09-06T15:35:00.2969339+08:00 pid=75316 tid=12 left-down x=1170 y=1088 wordForeground=True
2026-09-06T15:35:42.4113758+08:00 pid=75316 tid=12 left-down x=837 y=1166 wordForeground=True
2026-09-06T15:35:59.0272249+08:00 pid=75316 tid=12 left-down x=2078 y=1366 wordForeground=False
2026-09-06T15:37:04.3208426+08:00 pid=75316 tid=12 left-down x=1776 y=1270 wordForeground=False
2026-09-06T15:46:35.9259935+08:00 pid=75316 tid=12 left-down x=1838 y=688 wordForeground=True
2026-09-06T15:46:44.9654571+08:00 pid=75316 tid=12 left-down x=1382 y=1120 wordForeground=False
2026-09-06T15:46:47.8315428+08:00 pid=75316 tid=12 left-down x=2332 y=460 wordForeground=False
2026-09-06T15:46:50.1640587+08:00 pid=75316 tid=12 left-down x=2492 y=460 wordForeground=False
2026-09-06T15:49:11.9727007+08:00 pid=75316 tid=12 left-down x=1776 y=1270 wordForeground=False
2026-09-06T15:50:00.0736946+08:00 pid=75316 tid=12 left-down x=2024 y=1187 wordForeground=True
2026-09-06T15:50:09.0550968+08:00 pid=75316 tid=12 left-down x=1838 y=860 wordForeground=True
2026-09-06T15:54:08.3219383+08:00 pid=75316 tid=12 left-down x=1170 y=1118 wordForeground=True
2026-09-06T15:54:09.1103208+08:00 pid=75316 tid=12 left-down x=1170 y=1118 wordForeground=True
2026-09-06T15:54:19.6239984+08:00 pid=75316 tid=12 left-down x=1776 y=1270 wordForeground=False
2026-09-06T15:55:18.2488195+08:00 pid=75316 tid=12 left-down x=758 y=1250 wordForeground=True
2026-09-06T15:55:44.0299592+08:00 pid=75316 tid=12 left-down x=820 y=1253 wordForeground=True
2026-09-06T15:55:55.8941735+08:00 pid=75316 tid=12 left-down x=2051 y=1093 wordForeground=True
2026-09-06T15:57:03.7310851+08:00 pid=75316 tid=12 left-down x=763 y=1216 wordForeground=False
2026-09-06T15:57:06.1899098+08:00 pid=75316 tid=12 left-down x=2028 y=1110 wordForeground=False
2026-09-06T15:57:09.1346873+08:00 pid=75316 tid=12 left-down x=770 y=1090 wordForeground=True
2026-09-06T15:57:10.8714947+08:00 pid=75316 tid=12 left-down x=618 y=1046 wordForeground=False
2026-09-06T15:57:14.8356042+08:00 pid=75316 tid=12 left-down x=1892 y=402 wordForeground=False
2026-09-06T15:57:19.6733510+08:00 pid=75316 tid=12 left-down x=1965 y=1091 wordForeground=True
2026-09-06T15:57:23.3017288+08:00 pid=75316 tid=12 left-down x=717 y=1085 wordForeground=True
2026-09-06T15:57:25.5573003+08:00 pid=75316 tid=12 left-down x=620 y=1012 wordForeground=False
2026-09-06T15:57:28.2667137+08:00 pid=75316 tid=12 left-down x=1896 y=398 wordForeground=False
2026-09-06T15:57:32.9653163+08:00 pid=75316 tid=12 left-down x=1979 y=1077 wordForeground=False
2026-09-06T16:04:18.6437275+08:00 pid=75316 tid=12 left-down x=153 y=1448 wordForeground=False
2026-09-06T16:04:21.8439520+08:00 pid=75316 tid=12 left-down x=963 y=1227 wordForeground=False
2026-09-06T16:05:04.3170544+08:00 pid=75316 tid=12 left-down x=1838 y=688 wordForeground=True
2026-09-06T16:05:13.1925514+08:00 pid=75316 tid=12 left-down x=1382 y=1120 wordForeground=False
2026-09-06T16:05:15.9900978+08:00 pid=75316 tid=12 left-down x=2332 y=460 wordForeground=False
2026-09-06T16:05:18.5467665+08:00 pid=75316 tid=12 left-down x=2492 y=460 wordForeground=False
2026-09-06T16:06:51.5209076+08:00 pid=75316 tid=12 left-down x=1776 y=1270 wordForeground=False
2026-09-06T16:07:59.2390167+08:00 pid=75316 tid=12 left-down x=2024 y=1187 wordForeground=True
2026-09-06T16:08:20.0501992+08:00 pid=75316 tid=12 left-down x=1838 y=860 wordForeground=True
2026-09-06T16:12:07.2312429+08:00 pid=75316 tid=12 left-down x=1776 y=1270 wordForeground=False
2026-09-06T16:15:14.8534480+08:00 pid=75316 tid=12 left-down x=772 y=1266 wordForeground=True
2026-09-06T16:15:23.9681536+08:00 pid=75316 tid=12 left-down x=1844 y=1725 wordForeground=False
2026-09-06T16:18:10.6557467+08:00 pid=75316 tid=12 left-down x=1776 y=1270 wordForeground=False
2026-09-06T16:26:32.7681042+08:00 pid=75316 tid=12 left-down x=1382 y=1120 wordForeground=False
2026-09-06T16:26:35.6457304+08:00 pid=75316 tid=12 left-down x=2332 y=460 wordForeground=False
2026-09-06T16:26:37.9668867+08:00 pid=75316 tid=12 left-down x=2492 y=460 wordForeground=False
2026-09-06T16:27:40.1650394+08:00 pid=75316 tid=12 left-down x=713 y=1227 wordForeground=False
2026-09-06T16:27:46.1213480+08:00 pid=75316 tid=12 left-down x=1874 y=1436 wordForeground=True
2026-09-06T16:27:56.6195795+08:00 pid=75316 tid=12 left-down x=700 y=1238 wordForeground=False
2026-09-06T16:28:01.9242644+08:00 pid=75316 tid=12 left-down x=1742 y=1814 wordForeground=False
2026-09-06T16:28:19.1313015+08:00 pid=75316 tid=12 left-down x=2024 y=1187 wordForeground=True
2026-09-06T16:29:38.9742969+08:00 pid=75316 tid=12 left-down x=1172 y=1836 wordForeground=True
2026-09-06T16:29:39.6618012+08:00 pid=75316 tid=12 left-down x=1172 y=1836 wordForeground=True
2026-09-06T16:30:23.7640520+08:00 pid=75316 tid=12 left-down x=739 y=1231 wordForeground=False
2026-09-06T16:30:34.9907921+08:00 pid=75316 tid=12 left-down x=1776 y=1270 wordForeground=False
2026-09-06T16:40:49.3209580+08:00 pid=75316 tid=12 left-down x=1382 y=1120 wordForeground=False
2026-09-06T16:40:52.1783670+08:00 pid=75316 tid=12 left-down x=2332 y=460 wordForeground=False
2026-09-06T16:40:54.4993424+08:00 pid=75316 tid=12 left-down x=2492 y=460 wordForeground=False
2026-09-06T16:43:14.8432219+08:00 pid=75316 tid=12 left-down x=1776 y=1270 wordForeground=False
2026-09-06T16:44:45.5369572+08:00 pid=75316 tid=12 left-down x=2024 y=1187 wordForeground=True
2026-09-06T16:45:50.3600582+08:00 pid=75316 tid=12 left-down x=691 y=1252 wordForeground=False
2026-09-06T16:46:00.1417748+08:00 pid=75316 tid=12 left-down x=191 y=1485 wordForeground=False
2026-09-06T16:46:02.9381512+08:00 pid=75316 tid=12 left-down x=2508 y=1121 wordForeground=True
2026-09-06T16:47:30.8220473+08:00 pid=75316 tid=12 left-down x=776 y=1255 wordForeground=False
2026-09-06T16:47:44.0027564+08:00 pid=75316 tid=12 left-down x=710 y=994 wordForeground=False
2026-09-06T16:47:45.9811335+08:00 pid=75316 tid=12 left-down x=699 y=1023 wordForeground=False
2026-09-06T16:47:47.6445045+08:00 pid=75316 tid=12 left-down x=743 y=1042 wordForeground=False
2026-09-06T16:47:50.0713840+08:00 pid=75316 tid=12 left-down x=764 y=1021 wordForeground=False
2026-09-06T16:47:54.1527772+08:00 pid=75316 tid=12 left-down x=831 y=1077 wordForeground=False
2026-09-06T16:48:04.4506672+08:00 pid=75316 tid=12 left-down x=1046 y=1329 wordForeground=False
2026-09-06T16:48:38.4825549+08:00 pid=75316 tid=12 left-down x=271 y=1440 wordForeground=False
2026-09-06T16:48:40.3528911+08:00 pid=75316 tid=12 left-down x=253 y=1462 wordForeground=False
2026-09-06T16:48:43.7237304+08:00 pid=75316 tid=12 left-down x=270 y=1333 wordForeground=False
2026-09-06T16:48:46.7157223+08:00 pid=75316 tid=12 left-down x=196 y=705 wordForeground=False
2026-09-06T16:48:49.8326496+08:00 pid=75316 tid=12 left-down x=135 y=384 wordForeground=False
2026-09-06T16:58:18.3376065+08:00 pid=75316 tid=12 left-down x=1382 y=1120 wordForeground=False
2026-09-06T16:58:21.4285385+08:00 pid=75316 tid=12 left-down x=2332 y=460 wordForeground=False
2026-09-06T16:58:23.8377435+08:00 pid=75316 tid=12 left-down x=2492 y=460 wordForeground=False
2026-09-06T16:59:23.4637372+08:00 pid=75316 tid=12 left-down x=1776 y=1270 wordForeground=False
2026-09-06T17:00:18.0303583+08:00 pid=75316 tid=12 left-down x=2024 y=1187 wordForeground=True
2026-09-06T17:03:54.1073288+08:00 pid=75316 tid=12 left-down x=711 y=1181 wordForeground=False
2026-09-06T17:04:01.8965012+08:00 pid=75316 tid=12 left-down x=2039 y=1034 wordForeground=True
2026-09-06T17:04:11.4160989+08:00 pid=75316 tid=12 left-down x=759 y=1233 wordForeground=False
2026-09-06T17:06:40.4184767+08:00 pid=75316 tid=12 left-down x=672 y=1256 wordForeground=False
2026-09-06T17:06:49.3010279+08:00 pid=75316 tid=12 left-down x=250 y=1460 wordForeground=False
2026-09-06T17:06:52.2884552+08:00 pid=75316 tid=12 left-down x=902 y=1143 wordForeground=False
2026-09-06T17:08:06.4015977+08:00 pid=75316 tid=12 left-down x=1382 y=1120 wordForeground=False
2026-09-06T17:08:09.3797733+08:00 pid=75316 tid=12 left-down x=2332 y=460 wordForeground=False
2026-09-06T17:08:11.8214136+08:00 pid=75316 tid=12 left-down x=2492 y=460 wordForeground=False
2026-09-06T17:08:27.3387228+08:00 pid=75316 tid=12 left-down x=1776 y=1270 wordForeground=False
2026-09-06T17:08:40.2846157+08:00 pid=75316 tid=12 left-down x=2024 y=1187 wordForeground=True
2026-09-06T17:09:35.3111886+08:00 pid=75316 tid=12 left-down x=841 y=1058 wordForeground=False
2026-09-06T17:10:29.4398471+08:00 pid=75316 tid=12 left-down x=1945 y=1414 wordForeground=True
2026-09-06T17:10:33.3970732+08:00 pid=75316 tid=12 left-down x=782 y=1229 wordForeground=False
2026-09-06T17:10:36.9336083+08:00 pid=75316 tid=12 left-down x=720 y=1078 wordForeground=False
2026-09-06T17:10:40.0050095+08:00 pid=75316 tid=12 left-down x=607 y=974 wordForeground=False
2026-09-06T17:10:43.5334845+08:00 pid=75316 tid=12 left-down x=1871 y=407 wordForeground=False
2026-09-06T17:10:47.5936225+08:00 pid=75316 tid=12 left-down x=2301 y=1453 wordForeground=True
2026-09-06T17:11:35.9753705+08:00 pid=75316 tid=12 left-down x=1776 y=1270 wordForeground=False
2026-09-06T17:13:18.3666126+08:00 pid=75316 tid=12 left-down x=837 y=1224 wordForeground=False
2026-09-06T17:14:14.7360510+08:00 pid=75316 tid=12 left-down x=1838 y=688 wordForeground=True
2026-09-06T17:15:23.1531772+08:00 pid=75316 tid=12 left-down x=1141 y=1087 wordForeground=True
2026-09-06T17:15:23.9825162+08:00 pid=75316 tid=12 left-down x=1141 y=1087 wordForeground=True
2026-09-06T17:16:49.0339044+08:00 pid=75316 tid=12 left-down x=779 y=1278 wordForeground=False
2026-09-06T17:18:47.9630853+08:00 pid=75316 tid=12 left-down x=770 y=1201 wordForeground=False
2026-09-06T17:18:55.0959495+08:00 pid=75316 tid=12 left-down x=2258 y=1350 wordForeground=True
2026-09-06T17:20:32.8304428+08:00 pid=75316 tid=12 left-down x=1382 y=1120 wordForeground=False
2026-09-06T17:20:35.6504790+08:00 pid=75316 tid=12 left-down x=2332 y=460 wordForeground=False
2026-09-06T17:20:38.2665863+08:00 pid=75316 tid=12 left-down x=2492 y=460 wordForeground=False
2026-09-06T17:22:09.5773085+08:00 pid=75316 tid=12 left-down x=1935 y=1345 wordForeground=True
2026-09-06T17:22:12.9194732+08:00 pid=75316 tid=12 left-down x=1808 y=1615 wordForeground=True
2026-09-06T17:23:03.9775691+08:00 pid=75316 tid=12 left-down x=1776 y=1270 wordForeground=False
2026-09-06T17:23:32.1952455+08:00 pid=75316 tid=12 left-down x=2024 y=1187 wordForeground=True
2026-09-06T17:32:00.2629645+08:00 pid=75316 tid=12 left-down x=868 y=930 wordForeground=False
2026-09-06T17:32:11.9638347+08:00 pid=75316 tid=12 left-down x=716 y=707 wordForeground=False
2026-09-06T17:32:14.4728694+08:00 pid=75316 tid=12 left-down x=653 y=533 wordForeground=False
2026-09-06T17:32:17.7639196+08:00 pid=75316 tid=12 left-down x=1891 y=416 wordForeground=False
2026-09-06T17:34:00.8665816+08:00 pid=75316 tid=12 left-down x=1382 y=1120 wordForeground=False
2026-09-06T17:34:04.1227670+08:00 pid=75316 tid=12 left-down x=2332 y=460 wordForeground=False
2026-09-06T17:34:06.6676365+08:00 pid=75316 tid=12 left-down x=2492 y=460 wordForeground=False
2026-09-06T17:35:38.9434947+08:00 pid=75316 tid=12 left-down x=675 y=1190 wordForeground=False
2026-09-06T17:35:45.6230242+08:00 pid=75316 tid=12 left-down x=1961 y=1652 wordForeground=True
2026-09-06T17:35:48.7139378+08:00 pid=75316 tid=12 left-down x=1986 y=1555 wordForeground=True
2026-09-06T17:36:00.2746327+08:00 pid=75316 tid=12 left-down x=1382 y=1120 wordForeground=False
2026-09-06T17:36:03.4672938+08:00 pid=75316 tid=12 left-down x=2332 y=460 wordForeground=False
2026-09-06T17:36:06.0751086+08:00 pid=75316 tid=12 left-down x=2492 y=460 wordForeground=False
2026-09-06T17:38:53.5821064+08:00 pid=75316 tid=12 left-down x=813 y=1058 wordForeground=False
2026-09-06T17:39:05.5372361+08:00 pid=75316 tid=12 left-down x=2050 y=1012 wordForeground=True
2026-09-06T17:39:09.2131335+08:00 pid=75316 tid=12 left-down x=255 y=1492 wordForeground=False
2026-09-06T17:39:12.1373284+08:00 pid=75316 tid=12 left-down x=961 y=1043 wordForeground=False
2026-09-06T17:40:56.0982602+08:00 pid=75316 tid=12 left-down x=1382 y=1120 wordForeground=False
2026-09-06T17:40:58.9371211+08:00 pid=75316 tid=12 left-down x=2332 y=460 wordForeground=False
2026-09-06T17:41:01.3423189+08:00 pid=75316 tid=12 left-down x=2492 y=460 wordForeground=False
2026-09-06T17:41:57.8288210+08:00 pid=75316 tid=12 left-down x=1776 y=1270 wordForeground=False
2026-09-06T17:42:16.1677376+08:00 pid=75316 tid=12 left-down x=2024 y=1187 wordForeground=True
2026-09-06T17:44:00.3465718+08:00 pid=75316 tid=12 left-down x=596 y=1205 wordForeground=False
2026-09-06T17:44:21.0451645+08:00 pid=75316 tid=12 left-down x=2094 y=1018 wordForeground=True
2026-09-06T17:44:24.4148907+08:00 pid=75316 tid=12 left-down x=763 y=1215 wordForeground=False
2026-09-06T17:45:08.4619259+08:00 pid=75316 tid=12 left-down x=737 y=1273 wordForeground=False
2026-09-06T17:45:12.9674274+08:00 pid=75316 tid=12 left-down x=2357 y=1096 wordForeground=False
2026-09-06T17:47:33.2993150+08:00 pid=75316 tid=12 left-down x=894 y=1217 wordForeground=False
2026-09-06T17:47:52.4299806+08:00 pid=75316 tid=12 left-down x=1382 y=1120 wordForeground=False
2026-09-06T17:47:55.2466704+08:00 pid=75316 tid=12 left-down x=2332 y=460 wordForeground=False
2026-09-06T17:47:57.9015756+08:00 pid=75316 tid=12 left-down x=2492 y=460 wordForeground=False
2026-09-06T17:48:43.2222458+08:00 pid=75316 tid=12 left-down x=1776 y=1270 wordForeground=False
2026-09-06T17:48:58.6313609+08:00 pid=75316 tid=12 left-down x=2024 y=1187 wordForeground=True
2026-09-06T17:50:38.3446039+08:00 pid=75316 tid=12 left-down x=836 y=1237 wordForeground=False
2026-09-06T17:50:42.4705499+08:00 pid=75316 tid=12 left-down x=2059 y=1068 wordForeground=True
2026-09-06T17:51:47.7161123+08:00 pid=75316 tid=12 left-down x=607 y=1205 wordForeground=False
2026-09-06T17:51:51.1492048+08:00 pid=75316 tid=12 left-down x=1466 y=1103 wordForeground=False
2026-09-06T17:54:22.6397607+08:00 pid=75316 tid=12 left-down x=1382 y=1120 wordForeground=False
2026-09-06T17:54:25.9835074+08:00 pid=75316 tid=12 left-down x=2332 y=460 wordForeground=False
2026-09-06T17:54:28.6897701+08:00 pid=75316 tid=12 left-down x=2492 y=460 wordForeground=False
2026-09-06T17:55:23.3658301+08:00 pid=75316 tid=12 left-down x=1776 y=1270 wordForeground=False
2026-09-06T17:55:38.9786291+08:00 pid=75316 tid=12 left-down x=2024 y=1211 wordForeground=True
2026-09-06T17:56:59.7688697+08:00 pid=75316 tid=12 left-down x=808 y=1255 wordForeground=False
2026-09-06T17:57:08.7762461+08:00 pid=75316 tid=12 left-down x=1866 y=1723 wordForeground=True
2026-09-06T17:57:18.5658324+08:00 pid=75316 tid=12 left-down x=1905 y=1516 wordForeground=True
2026-09-06T17:58:42.5737857+08:00 pid=75316 tid=12 left-down x=1948 y=1269 wordForeground=True
2026-09-06T17:58:46.3300048+08:00 pid=75316 tid=12 left-down x=1778 y=1476 wordForeground=True
2026-09-06T17:58:50.2001785+08:00 pid=75316 tid=12 left-down x=1141 y=1482 wordForeground=True
2026-09-06T17:58:50.9757653+08:00 pid=75316 tid=12 left-down x=1141 y=1482 wordForeground=True
2026-09-06T17:59:17.6786103+08:00 pid=75316 tid=12 left-down x=1776 y=1270 wordForeground=False
2026-09-06T18:00:00.8898047+08:00 pid=75316 tid=12 left-down x=853 y=1268 wordForeground=False
2026-09-06T18:00:04.2926637+08:00 pid=75316 tid=12 left-down x=2132 y=1445 wordForeground=True
2026-09-06T18:02:52.5091470+08:00 pid=75316 tid=12 left-down x=705 y=1242 wordForeground=False
2026-09-06T18:02:57.1383563+08:00 pid=75316 tid=12 left-down x=2064 y=1539 wordForeground=True
2026-09-06T18:03:22.3212679+08:00 pid=75316 tid=12 left-down x=1776 y=1270 wordForeground=False
2026-09-06T18:08:47.0950253+08:00 pid=75316 tid=12 left-down x=765 y=1027 wordForeground=False
2026-09-06T18:08:51.4241531+08:00 pid=75316 tid=12 left-down x=247 y=1478 wordForeground=False
2026-09-06T18:08:55.1254759+08:00 pid=75316 tid=12 left-down x=664 y=936 wordForeground=False
2026-09-06T18:08:59.0329905+08:00 pid=75316 tid=12 left-down x=1877 y=399 wordForeground=False
2026-09-06T18:11:20.7772881+08:00 pid=75316 tid=12 left-down x=822 y=1270 wordForeground=False
2026-09-06T18:11:30.6404616+08:00 pid=75316 tid=12 left-down x=1265 y=1795 wordForeground=True
2026-09-06T18:13:07.7981033+08:00 pid=75316 tid=12 left-down x=1317 y=747 wordForeground=False
2026-09-06T18:13:10.3299875+08:00 pid=75316 tid=12 left-down x=1602 y=747 wordForeground=False
2026-09-06T18:13:26.6595548+08:00 pid=75316 tid=12 left-down x=1382 y=1120 wordForeground=False
2026-09-06T18:13:29.8904348+08:00 pid=75316 tid=12 left-down x=2332 y=460 wordForeground=False
2026-09-06T18:13:32.3514377+08:00 pid=75316 tid=12 left-down x=2492 y=460 wordForeground=False
2026-09-06T18:14:34.1019732+08:00 pid=75316 tid=12 left-down x=806 y=1212 wordForeground=False
2026-09-06T18:14:50.9815645+08:00 pid=75316 tid=12 left-down x=815 y=1228 wordForeground=False
2026-09-06T18:14:57.9661593+08:00 pid=75316 tid=12 left-down x=2177 y=1494 wordForeground=True
2026-09-06T18:15:01.7102851+08:00 pid=75316 tid=12 left-down x=2100 y=1471 wordForeground=True
2026-09-06T18:15:03.4582696+08:00 pid=75316 tid=12 left-down x=2019 y=1474 wordForeground=True
2026-09-06T18:15:04.0070793+08:00 pid=75316 tid=12 left-down x=2019 y=1475 wordForeground=True
2026-09-06T18:15:12.2931933+08:00 pid=75316 tid=12 left-down x=2639 y=748 wordForeground=True
2026-09-06T18:15:16.9247471+08:00 pid=75316 tid=12 left-down x=835 y=1292 wordForeground=False
2026-09-06T18:15:19.1814690+08:00 pid=75316 tid=12 left-down x=848 y=1359 wordForeground=False
2026-09-06T18:15:21.3319479+08:00 pid=75316 tid=12 left-down x=863 y=1433 wordForeground=False
2026-09-06T18:15:56.4971278+08:00 pid=75316 tid=12 left-down x=218 y=1472 wordForeground=False
2026-09-06T18:18:00.2627350+08:00 pid=75316 tid=12 left-down x=1317 y=747 wordForeground=False
2026-09-06T18:18:18.1996062+08:00 pid=75316 tid=12 left-down x=1382 y=1120 wordForeground=False
2026-09-06T18:18:21.6084549+08:00 pid=75316 tid=12 left-down x=2332 y=460 wordForeground=False
2026-09-06T18:18:24.1760689+08:00 pid=75316 tid=12 left-down x=2492 y=460 wordForeground=False
2026-09-06T18:19:41.0876937+08:00 pid=75316 tid=12 left-down x=1776 y=1270 wordForeground=False
2026-09-06T18:19:54.9078606+08:00 pid=75316 tid=12 left-down x=2024 y=1211 wordForeground=True
2026-09-06T18:22:18.8417637+08:00 pid=75316 tid=12 left-down x=2067 y=1076 wordForeground=True
2026-09-06T18:22:24.7755974+08:00 pid=75316 tid=12 left-down x=1136 y=1362 wordForeground=False
2026-09-06T18:22:56.0505588+08:00 pid=75316 tid=12 left-down x=2228 y=1331 wordForeground=False
2026-09-06T18:23:01.7010433+08:00 pid=75316 tid=12 left-down x=684 y=811 wordForeground=False
2026-09-06T18:23:03.4202001+08:00 pid=75316 tid=12 left-down x=677 y=753 wordForeground=False
2026-09-06T18:23:09.5379536+08:00 pid=75316 tid=12 left-down x=1890 y=411 wordForeground=False
2026-09-06T18:23:16.2212926+08:00 pid=75316 tid=12 left-down x=1381 y=2159 wordForeground=False
2026-09-06T18:23:24.3828057+08:00 pid=75316 tid=12 left-down x=803 y=1363 wordForeground=False
2026-09-06T18:25:27.1545833+08:00 pid=75316 tid=12 left-down x=1245 y=1142 wordForeground=False
2026-09-06T18:25:32.4034663+08:00 pid=75316 tid=12 left-down x=227 y=1461 wordForeground=False
2026-09-06T18:25:37.7876587+08:00 pid=75316 tid=12 left-down x=830 y=1233 wordForeground=False
