2026-09-06T18:31:22.1938248+08:00 pid=111272 [perf] ConfigureNumbered.tab-paragraph: +28ms (28ms)
2026-09-06T18:31:22.2028244+08:00 pid=111272 [perf] NativeCaption.prepare-paragraph: +4ms (4ms)
2026-09-06T18:31:22.2048245+08:00 pid=111272 [perf] NativeCaption.add-seq: +2ms (6ms)
2026-09-06T18:31:22.2068247+08:00 pid=111272 [perf] NativeCaption.update-seq: +2ms (8ms)
2026-09-06T18:31:22.2088253+08:00 pid=111272 [perf] NativeCaption.bookmarks: +3ms (11ms)
2026-09-06T18:31:22.2328249+08:00 pid=111272 [perf] NativeCaption.style-frame: +23ms (34ms)
2026-09-06T18:31:22.2328249+08:00 pid=111272 [perf] ConfigureNumbered.native-caption: +41ms (69ms)
2026-09-06T18:31:22.2488244+08:00 pid=111272 [perf] VisibleRef.scaffold: +7ms (7ms)
2026-09-06T18:31:22.2558246+08:00 pid=111272 [perf] VisibleRef.add-ref: +7ms (14ms)
2026-09-06T18:31:22.2758243+08:00 pid=111272 [perf] VisibleRef.update-ref: +20ms (34ms)
2026-09-06T18:31:22.2788270+08:00 pid=111272 [perf] VisibleRef.bookmark-format: +4ms (38ms)
2026-09-06T18:31:22.2838247+08:00 pid=111272 [perf] VisibleRef.vertical-align: +4ms (42ms)
2026-09-06T18:31:22.2838247+08:00 pid=111272 [perf] ConfigureNumbered.visible-ref: +51ms (120ms)
2026-09-06T18:31:22.2878250+08:00 pid=111272 [perf] ConfigureNumbered.ole-baseline: +3ms (123ms)
2026-09-06T18:31:33.3328595+08:00 pid=111272 [perf] direct-row-health-fail formulaId=a2d55005-39a7-44f1-87dd-8e96560930a6 check=table-membership reason=not-in-table
2026-09-06T18:31:33.3688619+08:00 pid=111272 [perf] ConvertedOmmlBatch.inventory: +32ms (32ms)
2026-09-06T18:31:33.3758596+08:00 pid=111272 [perf] ConvertedOmmlBatch.number-plan: +6ms (38ms)
2026-09-06T18:31:33.4008621+08:00 pid=111272 [perf] ConvertedOmmlBatch.locate-target: +25ms (63ms)
2026-09-06T18:31:33.4058618+08:00 pid=111272 [perf] ConvertedOmmlBatch.true-display-native-resolve-display: +5ms (68ms)
2026-09-06T18:31:33.4228600+08:00 pid=111272 [perf] ConvertedOmmlBatch.true-display-native-clear-artifacts: +18ms (86ms)
2026-09-06T18:31:33.4288620+08:00 pid=111272 [perf] ConvertedOmmlBatch.true-display-native-measure-display: +6ms (92ms)
2026-09-06T18:31:33.4538594+08:00 pid=111272 [perf] ConvertedOmmlBatch.true-display-native-ensure-table: +25ms (117ms)
2026-09-06T18:31:33.4548595+08:00 pid=111272 [perf] ConvertedOmmlBatch.true-display-native-resolve-table-formula: +1ms (118ms)
2026-09-06T18:31:33.4558594+08:00 pid=111272 [perf] ConvertedOmmlBatch.true-display-native-height-repair: +0ms (118ms)
2026-09-06T18:31:33.5231743+08:00 pid=111272 [perf] ConvertedOmmlBatch.true-display-native-geometry: +68ms (186ms)
2026-09-06T18:31:33.5231743+08:00 pid=111272 [perf] ConvertedOmmlBatch.true-display-native-1x3-table: +0ms (186ms)
2026-09-06T18:31:33.5241726+08:00 pid=111272 [perf] ConvertedOmmlBatch.true-display-direct-number-plan: +1ms (187ms)
2026-09-06T18:31:33.5541720+08:00 pid=111272 [perf] ConvertedOmmlBatch.true-display-direct-visible-seq: +30ms (217ms)
2026-09-06T18:31:33.5631728+08:00 pid=111272 [perf] ConvertedOmmlBatch.true-display-native-wrap-identity: +9ms (226ms)
2026-09-06T18:31:33.5641724+08:00 pid=111272 [perf] ConvertedOmmlBatch.true-display-host: +1ms (227ms)
2026-09-06T18:31:33.5961718+08:00 pid=111272 [perf] ConvertedOmmlBatch.repair-identity: +32ms (259ms)
2026-09-06T18:32:42.8575093+08:00 pid=111272 [perf] ConfigureNumbered.tab-paragraph: +14ms (14ms)
2026-09-06T18:32:42.8605097+08:00 pid=111272 [perf] NativeCaption.prepare-paragraph: +2ms (2ms)
2026-09-06T18:32:42.8615085+08:00 pid=111272 [perf] NativeCaption.add-seq: +1ms (3ms)
2026-09-06T18:32:42.8635095+08:00 pid=111272 [perf] NativeCaption.update-seq: +2ms (5ms)
2026-09-06T18:32:42.8645085+08:00 pid=111272 [perf] NativeCaption.bookmarks: +1ms (6ms)
2026-09-06T18:32:42.8825084+08:00 pid=111272 [perf] NativeCaption.style-frame: +18ms (24ms)
2026-09-06T18:32:42.8825084+08:00 pid=111272 [perf] ConfigureNumbered.native-caption: +26ms (40ms)
2026-09-06T18:32:42.8875084+08:00 pid=111272 [perf] VisibleRef.scaffold: +4ms (4ms)
2026-09-06T18:32:42.8921268+08:00 pid=111272 [perf] VisibleRef.add-ref: +4ms (8ms)
2026-09-06T18:32:42.9033744+08:00 pid=111272 [perf] VisibleRef.update-ref: +11ms (19ms)
2026-09-06T18:32:42.9053769+08:00 pid=111272 [perf] VisibleRef.bookmark-format: +2ms (21ms)
2026-09-06T18:32:42.9103745+08:00 pid=111272 [perf] VisibleRef.vertical-align: +5ms (26ms)
2026-09-06T18:32:42.9103745+08:00 pid=111272 [perf] ConfigureNumbered.visible-ref: +27ms (67ms)
2026-09-06T18:32:42.9123768+08:00 pid=111272 [perf] ConfigureNumbered.ole-baseline: +2ms (69ms)
2026-09-06T18:33:00.3942430+08:00 pid=111272 [perf] ConfigureNumbered.tab-paragraph: +20ms (20ms)
2026-09-06T18:33:00.4002375+08:00 pid=111272 [perf] NativeCaption.prepare-paragraph: +5ms (5ms)
2026-09-06T18:33:00.4022374+08:00 pid=111272 [perf] NativeCaption.add-seq: +3ms (8ms)
2026-09-06T18:33:00.4042379+08:00 pid=111272 [perf] NativeCaption.update-seq: +1ms (9ms)
2026-09-06T18:33:00.4052357+08:00 pid=111272 [perf] NativeCaption.bookmarks: +2ms (11ms)
2026-09-06T18:33:00.4242358+08:00 pid=111272 [perf] NativeCaption.style-frame: +18ms (29ms)
2026-09-06T18:33:00.4242358+08:00 pid=111272 [perf] ConfigureNumbered.native-caption: +30ms (50ms)
2026-09-06T18:33:00.4282367+08:00 pid=111272 [perf] VisibleRef.scaffold: +3ms (3ms)
2026-09-06T18:33:00.4322396+08:00 pid=111272 [perf] VisibleRef.add-ref: +4ms (7ms)
2026-09-06T18:33:00.4382352+08:00 pid=111272 [perf] VisibleRef.update-ref: +6ms (13ms)
2026-09-06T18:33:00.4392361+08:00 pid=111272 [perf] VisibleRef.bookmark-format: +1ms (14ms)
2026-09-06T18:33:00.4412385+08:00 pid=111272 [perf] VisibleRef.vertical-align: +2ms (16ms)
2026-09-06T18:33:00.4422374+08:00 pid=111272 [perf] ConfigureNumbered.visible-ref: +17ms (67ms)
2026-09-06T18:33:00.4432373+08:00 pid=111272 [perf] ConfigureNumbered.ole-baseline: +1ms (68ms)
2026-09-06T18:33:00.4622374+08:00 pid=111272 [perf] ConfigureNumbered.tab-paragraph: +9ms (9ms)
2026-09-06T18:33:00.4662375+08:00 pid=111272 [perf] NativeCaption.prepare-paragraph: +4ms (4ms)
2026-09-06T18:33:00.4672374+08:00 pid=111272 [perf] NativeCaption.add-seq: +1ms (5ms)
2026-09-06T18:33:00.4692394+08:00 pid=111272 [perf] NativeCaption.update-seq: +2ms (7ms)
2026-09-06T18:33:00.4712354+08:00 pid=111272 [perf] NativeCaption.bookmarks: +1ms (8ms)
2026-09-06T18:33:00.4892361+08:00 pid=111272 [perf] NativeCaption.style-frame: +19ms (27ms)
2026-09-06T18:33:00.4892361+08:00 pid=111272 [perf] ConfigureNumbered.native-caption: +28ms (37ms)
2026-09-06T18:33:00.4942481+08:00 pid=111272 [perf] VisibleRef.scaffold: +3ms (3ms)
2026-09-06T18:33:00.4972482+08:00 pid=111272 [perf] VisibleRef.add-ref: +4ms (7ms)
2026-09-06T18:33:00.5032500+08:00 pid=111272 [perf] VisibleRef.update-ref: +6ms (13ms)
2026-09-06T18:33:00.5042495+08:00 pid=111272 [perf] VisibleRef.bookmark-format: +1ms (14ms)
2026-09-06T18:33:00.5072482+08:00 pid=111272 [perf] VisibleRef.vertical-align: +3ms (17ms)
2026-09-06T18:33:00.5072482+08:00 pid=111272 [perf] ConfigureNumbered.visible-ref: +18ms (55ms)
2026-09-06T18:33:00.5092489+08:00 pid=111272 [perf] ConfigureNumbered.ole-baseline: +1ms (56ms)
2026-09-06T18:33:00.5293142+08:00 pid=111272 [perf] ConfigureNumbered.tab-paragraph: +10ms (10ms)
2026-09-06T18:33:00.5353152+08:00 pid=111272 [perf] NativeCaption.prepare-paragraph: +5ms (5ms)
2026-09-06T18:33:00.5373164+08:00 pid=111272 [perf] NativeCaption.add-seq: +2ms (7ms)
2026-09-06T18:33:00.5393132+08:00 pid=111272 [perf] NativeCaption.update-seq: +2ms (9ms)
2026-09-06T18:33:00.5413157+08:00 pid=111272 [perf] NativeCaption.bookmarks: +2ms (11ms)
2026-09-06T18:33:00.5655216+08:00 pid=111272 [perf] NativeCaption.style-frame: +24ms (35ms)
2026-09-06T18:33:00.5655216+08:00 pid=111272 [perf] ConfigureNumbered.native-caption: +37ms (47ms)
2026-09-06T18:33:00.5725243+08:00 pid=111272 [perf] VisibleRef.scaffold: +6ms (6ms)
2026-09-06T18:33:00.5765246+08:00 pid=111272 [perf] VisibleRef.add-ref: +4ms (10ms)
2026-09-06T18:33:00.5845242+08:00 pid=111272 [perf] VisibleRef.update-ref: +8ms (18ms)
2026-09-06T18:33:00.5855262+08:00 pid=111272 [perf] VisibleRef.bookmark-format: +1ms (19ms)
2026-09-06T18:33:00.5885208+08:00 pid=111272 [perf] VisibleRef.vertical-align: +3ms (22ms)
2026-09-06T18:33:00.5895238+08:00 pid=111272 [perf] ConfigureNumbered.visible-ref: +23ms (70ms)
2026-09-06T18:33:00.5905231+08:00 pid=111272 [perf] ConfigureNumbered.ole-baseline: +2ms (72ms)
2026-09-06T18:33:00.6245223+08:00 pid=111272 [perf] ConfigureNumbered.tab-paragraph: +20ms (20ms)
2026-09-06T18:33:00.6315229+08:00 pid=111272 [perf] NativeCaption.prepare-paragraph: +6ms (6ms)
2026-09-06T18:33:00.6325230+08:00 pid=111272 [perf] NativeCaption.add-seq: +2ms (8ms)
2026-09-06T18:33:00.6355231+08:00 pid=111272 [perf] NativeCaption.update-seq: +2ms (10ms)
2026-09-06T18:33:00.6375245+08:00 pid=111272 [perf] NativeCaption.bookmarks: +2ms (12ms)
2026-09-06T18:33:00.6625212+08:00 pid=111272 [perf] NativeCaption.style-frame: +26ms (38ms)
2026-09-06T18:33:00.6635206+08:00 pid=111272 [perf] ConfigureNumbered.native-caption: +39ms (59ms)
2026-09-06T18:33:00.6695236+08:00 pid=111272 [perf] VisibleRef.scaffold: +6ms (6ms)
2026-09-06T18:33:00.6745245+08:00 pid=111272 [perf] VisibleRef.add-ref: +5ms (11ms)
2026-09-06T18:33:00.6835244+08:00 pid=111272 [perf] VisibleRef.update-ref: +8ms (19ms)
2026-09-06T18:33:00.6845215+08:00 pid=111272 [perf] VisibleRef.bookmark-format: +1ms (20ms)
2026-09-06T18:33:00.6885236+08:00 pid=111272 [perf] VisibleRef.vertical-align: +4ms (24ms)
2026-09-06T18:33:00.6885236+08:00 pid=111272 [perf] ConfigureNumbered.visible-ref: +25ms (84ms)
2026-09-06T18:33:00.6895217+08:00 pid=111272 [perf] ConfigureNumbered.ole-baseline: +1ms (85ms)
2026-09-06T18:33:00.7395473+08:00 pid=111272 [perf] ConfigureNumbered.tab-paragraph: +37ms (37ms)
2026-09-06T18:33:00.7575431+08:00 pid=111272 [perf] NativeCaption.prepare-paragraph: +16ms (16ms)
2026-09-06T18:33:00.7595430+08:00 pid=111272 [perf] NativeCaption.add-seq: +2ms (18ms)
2026-09-06T18:33:00.7625454+08:00 pid=111272 [perf] NativeCaption.update-seq: +4ms (22ms)
2026-09-06T18:33:00.7645457+08:00 pid=111272 [perf] NativeCaption.bookmarks: +2ms (24ms)
2026-09-06T18:33:00.8055434+08:00 pid=111272 [perf] NativeCaption.style-frame: +41ms (65ms)
2026-09-06T18:33:00.8065428+08:00 pid=111272 [perf] ConfigureNumbered.native-caption: +67ms (104ms)
2026-09-06T18:33:00.8125441+08:00 pid=111272 [perf] VisibleRef.scaffold: +5ms (5ms)
2026-09-06T18:33:00.8181707+08:00 pid=111272 [perf] VisibleRef.add-ref: +6ms (11ms)
2026-09-06T18:33:00.8301718+08:00 pid=111272 [perf] VisibleRef.update-ref: +12ms (23ms)
2026-09-06T18:33:00.8320407+08:00 pid=111272 [perf] VisibleRef.bookmark-format: +2ms (25ms)
2026-09-06T18:33:00.8383263+08:00 pid=111272 [perf] VisibleRef.vertical-align: +6ms (31ms)
2026-09-06T18:33:00.8383263+08:00 pid=111272 [perf] ConfigureNumbered.visible-ref: +32ms (136ms)
2026-09-06T18:33:00.8393239+08:00 pid=111272 [perf] ConfigureNumbered.ole-baseline: +2ms (138ms)
2026-09-06T18:33:00.8500948+08:00 pid=111272 [perf] ConversionFinalize.caption-inventory: +0ms (0ms)
2026-09-06T18:33:00.8551047+08:00 pid=111272 [perf] number-format-batch.plan: +0ms (0ms)
2026-09-06T18:33:00.8721053+08:00 pid=111272 [perf] number-format-batch.direct-table-targets: +17ms (17ms)
2026-09-06T18:33:00.8781031+08:00 pid=111272 [perf] number-format-batch.native-hash-inventory: +6ms (23ms)
2026-09-06T18:33:00.9001030+08:00 pid=111272 [perf] number-format-batch.native-breakdown lookup=0ms code=0ms update=15ms prefix=0ms bookmark=0ms
2026-09-06T18:33:00.9011032+08:00 pid=111272 [perf] number-format-batch.legacy-targets: +23ms (46ms)
2026-09-06T18:33:00.9011032+08:00 pid=111272 [perf] number-format-batch.native-hash-targets: +0ms (46ms)
2026-09-06T18:33:00.9608402+08:00 pid=111272 [perf] number-format-batch.visible-references: +60ms (106ms)
2026-09-06T18:33:01.0437358+08:00 pid=111272 [perf] number-format-batch.extra-references: +83ms (189ms)
2026-09-06T18:33:01.0447360+08:00 pid=111272 [perf] ConversionFinalize.field-batch: +195ms (195ms)
2026-09-06T18:33:01.1349336+08:00 pid=111272 [perf] ConversionFinalize.healthy-refresh: +90ms (285ms)
2026-09-06T18:33:18.5006708+08:00 pid=111272 [perf] ConfigureNumbered.tab-paragraph: +20ms (20ms)
2026-09-06T18:33:18.5566687+08:00 pid=111272 [perf] ConfigureNumbered.native-caption: +56ms (76ms)
2026-09-06T18:33:18.5606692+08:00 pid=111272 [perf] ConfigureNumbered.visible-ref: +5ms (81ms)
2026-09-06T18:33:18.5636681+08:00 pid=111272 [perf] ConfigureNumbered.ole-baseline: +2ms (83ms)
2026-09-06T18:33:46.3144761+08:00 pid=111272 [perf] direct-row-health-fail formulaId=ebc56bc3-92f9-462b-a4b0-4c1e718ef799 check=table-membership reason=not-in-table
2026-09-06T18:33:47.0020179+08:00 pid=111272 [perf] ConvertedOmmlBatch.inventory: +687ms (687ms)
2026-09-06T18:33:47.0060178+08:00 pid=111272 [perf] ConvertedOmmlBatch.number-plan: +4ms (691ms)
2026-09-06T18:33:47.1257408+08:00 pid=111272 [perf] ConvertedOmmlBatch.locate-target: +120ms (811ms)
2026-09-06T18:33:47.1287404+08:00 pid=111272 [perf] ConvertedOmmlBatch.true-display-native-resolve-display: +3ms (814ms)
2026-09-06T18:33:47.1647405+08:00 pid=111272 [perf] ConvertedOmmlBatch.true-display-native-clear-artifacts: +36ms (850ms)
2026-09-06T18:33:47.2597122+08:00 pid=111272 [perf] ConvertedOmmlBatch.true-display-native-measure-display: +94ms (944ms)
2026-09-06T18:33:47.2945265+08:00 pid=111272 [perf] ConvertedOmmlBatch.true-display-native-ensure-table: +35ms (979ms)
2026-09-06T18:33:47.2965269+08:00 pid=111272 [perf] ConvertedOmmlBatch.true-display-native-resolve-table-formula: +2ms (981ms)
2026-09-06T18:33:47.2965269+08:00 pid=111272 [perf] ConvertedOmmlBatch.true-display-native-height-repair: +0ms (981ms)
2026-09-06T18:33:47.4167700+08:00 pid=111272 [perf] ConvertedOmmlBatch.true-display-native-geometry: +120ms (1101ms)
2026-09-06T18:33:47.4167700+08:00 pid=111272 [perf] ConvertedOmmlBatch.true-display-native-1x3-table: +0ms (1101ms)
2026-09-06T18:33:47.4167700+08:00 pid=111272 [perf] ConvertedOmmlBatch.true-display-direct-number-plan: +1ms (1102ms)
2026-09-06T18:33:47.6238733+08:00 pid=111272 [perf] ConvertedOmmlBatch.true-display-direct-visible-seq: +207ms (1309ms)
2026-09-06T18:33:47.6919712+08:00 pid=111272 [perf] ConvertedOmmlBatch.true-display-native-post-table-spacing: +68ms (1377ms)
2026-09-06T18:33:47.7445628+08:00 pid=111272 [perf] ConvertedOmmlBatch.true-display-native-wrap-identity: +52ms (1429ms)
2026-09-06T18:33:47.7455628+08:00 pid=111272 [perf] ConvertedOmmlBatch.true-display-host: +1ms (1430ms)
2026-09-06T18:33:47.8285729+08:00 pid=111272 [perf] ConvertedOmmlBatch.repair-identity: +84ms (1514ms)
2026-09-06T18:33:47.9255752+08:00 pid=111272 [perf] ConvertedOmmlBatch.locate-target: +96ms (1610ms)
2026-09-06T18:33:47.9295729+08:00 pid=111272 [perf] ConvertedOmmlBatch.true-display-native-resolve-display: +4ms (1614ms)
2026-09-06T18:33:47.9685736+08:00 pid=111272 [perf] ConvertedOmmlBatch.true-display-native-clear-artifacts: +40ms (1654ms)
2026-09-06T18:33:48.0577533+08:00 pid=111272 [perf] ConvertedOmmlBatch.true-display-native-measure-display: +88ms (1742ms)
2026-09-06T18:33:48.1025526+08:00 pid=111272 [perf] ConvertedOmmlBatch.true-display-native-ensure-table: +45ms (1787ms)
2026-09-06T18:33:48.1045524+08:00 pid=111272 [perf] ConvertedOmmlBatch.true-display-native-resolve-table-formula: +2ms (1789ms)
2026-09-06T18:33:48.1045524+08:00 pid=111272 [perf] ConvertedOmmlBatch.true-display-native-height-repair: +1ms (1790ms)
2026-09-06T18:33:48.2577188+08:00 pid=111272 [perf] ConvertedOmmlBatch.true-display-native-geometry: +152ms (1942ms)
2026-09-06T18:33:48.2577188+08:00 pid=111272 [perf] ConvertedOmmlBatch.true-display-native-1x3-table: +1ms (1943ms)
2026-09-06T18:33:48.2577188+08:00 pid=111272 [perf] ConvertedOmmlBatch.true-display-direct-number-plan: +0ms (1943ms)
2026-09-06T18:33:48.4715700+08:00 pid=111272 [perf] ConvertedOmmlBatch.true-display-direct-visible-seq: +213ms (2156ms)
2026-09-06T18:33:48.5441558+08:00 pid=111272 [perf] ConvertedOmmlBatch.true-display-native-post-table-spacing: +73ms (2229ms)
2026-09-06T18:33:48.5841039+08:00 pid=111272 [perf] ConvertedOmmlBatch.true-display-native-wrap-identity: +40ms (2269ms)
2026-09-06T18:33:48.5841039+08:00 pid=111272 [perf] ConvertedOmmlBatch.true-display-host: +0ms (2269ms)
2026-09-06T18:33:48.6811593+08:00 pid=111272 [perf] ConvertedOmmlBatch.repair-identity: +97ms (2366ms)
2026-09-06T18:33:48.7957373+08:00 pid=111272 [perf] ConvertedOmmlBatch.locate-target: +114ms (2480ms)
2026-09-06T18:33:48.7977400+08:00 pid=111272 [perf] ConvertedOmmlBatch.true-display-native-resolve-display: +3ms (2483ms)
2026-09-06T18:33:48.8347385+08:00 pid=111272 [perf] ConvertedOmmlBatch.true-display-native-clear-artifacts: +37ms (2520ms)
2026-09-06T18:33:48.9107367+08:00 pid=111272 [perf] ConvertedOmmlBatch.true-display-native-measure-display: +76ms (2596ms)
2026-09-06T18:33:48.9567374+08:00 pid=111272 [perf] ConvertedOmmlBatch.true-display-native-ensure-table: +46ms (2642ms)
2026-09-06T18:33:48.9587401+08:00 pid=111272 [perf] ConvertedOmmlBatch.true-display-native-resolve-table-formula: +2ms (2644ms)
2026-09-06T18:33:48.9587401+08:00 pid=111272 [perf] ConvertedOmmlBatch.true-display-native-height-repair: +0ms (2644ms)
2026-09-06T18:33:49.0837193+08:00 pid=111272 [perf] ConvertedOmmlBatch.true-display-native-geometry: +124ms (2768ms)
2026-09-06T18:33:49.0837193+08:00 pid=111272 [perf] ConvertedOmmlBatch.true-display-native-1x3-table: +1ms (2769ms)
2026-09-06T18:33:49.0837193+08:00 pid=111272 [perf] ConvertedOmmlBatch.true-display-direct-number-plan: +0ms (2769ms)
2026-09-06T18:33:49.3267582+08:00 pid=111272 [perf] ConvertedOmmlBatch.true-display-direct-visible-seq: +243ms (3012ms)
2026-09-06T18:33:49.3831669+08:00 pid=111272 [perf] ConvertedOmmlBatch.true-display-native-post-table-spacing: +56ms (3068ms)
2026-09-06T18:33:49.4313770+08:00 pid=111272 [perf] ConvertedOmmlBatch.true-display-native-wrap-identity: +49ms (3117ms)
2026-09-06T18:33:49.4323781+08:00 pid=111272 [perf] ConvertedOmmlBatch.true-display-host: +0ms (3117ms)
2026-09-06T18:33:49.5251731+08:00 pid=111272 [perf] ConvertedOmmlBatch.repair-identity: +93ms (3210ms)
2026-09-06T18:33:49.6455283+08:00 pid=111272 [perf] ConvertedOmmlBatch.locate-target: +120ms (3330ms)
2026-09-06T18:33:49.6475293+08:00 pid=111272 [perf] ConvertedOmmlBatch.true-display-native-resolve-display: +2ms (3332ms)
2026-09-06T18:33:49.6782549+08:00 pid=111272 [perf] ConvertedOmmlBatch.true-display-native-clear-artifacts: +31ms (3363ms)
2026-09-06T18:33:49.7701681+08:00 pid=111272 [perf] ConvertedOmmlBatch.true-display-native-measure-display: +92ms (3455ms)
2026-09-06T18:33:49.8127718+08:00 pid=111272 [perf] ConvertedOmmlBatch.true-display-native-ensure-table: +43ms (3498ms)
2026-09-06T18:33:49.8147697+08:00 pid=111272 [perf] ConvertedOmmlBatch.true-display-native-resolve-table-formula: +2ms (3500ms)
2026-09-06T18:33:49.8147697+08:00 pid=111272 [perf] ConvertedOmmlBatch.true-display-native-height-repair: +0ms (3500ms)
2026-09-06T18:33:49.9337776+08:00 pid=111272 [perf] ConvertedOmmlBatch.true-display-native-geometry: +119ms (3619ms)
2026-09-06T18:33:49.9347780+08:00 pid=111272 [perf] ConvertedOmmlBatch.true-display-native-1x3-table: +0ms (3619ms)
2026-09-06T18:33:49.9347780+08:00 pid=111272 [perf] ConvertedOmmlBatch.true-display-direct-number-plan: +0ms (3619ms)
2026-09-06T18:33:50.1347365+08:00 pid=111272 [perf] ConvertedOmmlBatch.true-display-direct-visible-seq: +201ms (3820ms)
2026-09-06T18:33:50.1976768+08:00 pid=111272 [perf] ConvertedOmmlBatch.true-display-native-post-table-spacing: +62ms (3882ms)
2026-09-06T18:33:50.2597933+08:00 pid=111272 [perf] ConvertedOmmlBatch.true-display-native-wrap-identity: +62ms (3944ms)
2026-09-06T18:33:50.2597933+08:00 pid=111272 [perf] ConvertedOmmlBatch.true-display-host: +1ms (3945ms)
2026-09-06T18:33:50.3440018+08:00 pid=111272 [perf] ConvertedOmmlBatch.repair-identity: +84ms (4029ms)
2026-09-06T18:33:50.4685547+08:00 pid=111272 [perf] ConvertedOmmlBatch.locate-target: +124ms (4153ms)
2026-09-06T18:33:50.4715540+08:00 pid=111272 [perf] ConvertedOmmlBatch.true-display-native-resolve-display: +4ms (4157ms)
2026-09-06T18:33:50.5052771+08:00 pid=111272 [perf] ConvertedOmmlBatch.true-display-native-clear-artifacts: +34ms (4191ms)
2026-09-06T18:33:50.5882762+08:00 pid=111272 [perf] ConvertedOmmlBatch.true-display-native-measure-display: +82ms (4273ms)
2026-09-06T18:33:50.6272769+08:00 pid=111272 [perf] ConvertedOmmlBatch.true-display-native-ensure-table: +39ms (4312ms)
2026-09-06T18:33:50.6292764+08:00 pid=111272 [perf] ConvertedOmmlBatch.true-display-native-resolve-table-formula: +2ms (4314ms)
2026-09-06T18:33:50.6292764+08:00 pid=111272 [perf] ConvertedOmmlBatch.true-display-native-height-repair: +0ms (4314ms)
2026-09-06T18:33:50.7842638+08:00 pid=111272 [perf] ConvertedOmmlBatch.true-display-native-geometry: +155ms (4469ms)
2026-09-06T18:33:50.7852641+08:00 pid=111272 [perf] ConvertedOmmlBatch.true-display-native-1x3-table: +1ms (4470ms)
2026-09-06T18:33:50.7852641+08:00 pid=111272 [perf] ConvertedOmmlBatch.true-display-direct-number-plan: +0ms (4470ms)
2026-09-06T18:33:50.9897418+08:00 pid=111272 [perf] ConvertedOmmlBatch.true-display-direct-visible-seq: +205ms (4675ms)
2026-09-06T18:33:51.0317415+08:00 pid=111272 [perf] ConvertedOmmlBatch.true-display-native-wrap-identity: +42ms (4717ms)
2026-09-06T18:33:51.0317415+08:00 pid=111272 [perf] ConvertedOmmlBatch.true-display-host: +0ms (4717ms)
2026-09-06T18:33:51.1087117+08:00 pid=111272 [perf] ConvertedOmmlBatch.repair-identity: +77ms (4794ms)
2026-09-06T18:33:51.2112874+08:00 pid=111272 [perf] ConvertedOmmlBatch.locate-target: +102ms (4896ms)
2026-09-06T18:33:51.2202872+08:00 pid=111272 [perf] ConvertedOmmlBatch.true-display-native-resolve-display: +9ms (4905ms)
2026-09-06T18:33:51.2562873+08:00 pid=111272 [perf] ConvertedOmmlBatch.true-display-native-clear-artifacts: +36ms (4941ms)
2026-09-06T18:33:51.3278856+08:00 pid=111272 [perf] ConvertedOmmlBatch.true-display-native-measure-display: +72ms (5013ms)
2026-09-06T18:33:51.3708885+08:00 pid=111272 [perf] ConvertedOmmlBatch.true-display-native-ensure-table: +42ms (5055ms)
2026-09-06T18:33:51.3718886+08:00 pid=111272 [perf] ConvertedOmmlBatch.true-display-native-resolve-table-formula: +2ms (5057ms)
2026-09-06T18:33:51.3718886+08:00 pid=111272 [perf] ConvertedOmmlBatch.true-display-native-height-repair: +0ms (5057ms)
2026-09-06T18:33:51.4851875+08:00 pid=111272 [perf] ConvertedOmmlBatch.true-display-native-geometry: +113ms (5170ms)
2026-09-06T18:33:51.4851875+08:00 pid=111272 [perf] ConvertedOmmlBatch.true-display-native-1x3-table: +0ms (5170ms)
2026-09-06T18:33:51.4861853+08:00 pid=111272 [perf] ConvertedOmmlBatch.true-display-direct-number-plan: +1ms (5171ms)
2026-09-06T18:33:51.6702905+08:00 pid=111272 [perf] ConvertedOmmlBatch.true-display-direct-visible-seq: +185ms (5356ms)
2026-09-06T18:33:51.7098517+08:00 pid=111272 [perf] ConvertedOmmlBatch.true-display-native-wrap-identity: +39ms (5395ms)
2026-09-06T18:33:51.7108516+08:00 pid=111272 [perf] ConvertedOmmlBatch.true-display-host: +1ms (5396ms)
2026-09-06T18:33:51.7958525+08:00 pid=111272 [perf] ConvertedOmmlBatch.repair-identity: +84ms (5480ms)
2026-09-06T18:37:22.8161130+08:00 pid=111272 [perf] update-numbers.health-fail reason=bookmark-id-set-mismatch visible=6/6[ebc56bc3-92f9-462b-a4b0-4c1e718ef799,95d946fa-c915-4e95-b0ee-060c8c57196f,2c955060-9d07-44c3-b709-f38d2057e902,01d4b67f-50e1-4d82-be88-ac1988df9a6b,a65e4915-e1bf-4160-9501-42f50fa56329,e9e1a458-f2d0-4fb2-8ca4-b121c2eb5b2e] caption=6/6[ebc56bc3-92f9-462b-a4b0-4c1e718ef799,95d946fa-c915-4e95-b0ee-060c8c57196f,2c955060-9d07-44c3-b709-f38d2057e902,01d4b67f-50e1-4d82-be88-ac1988df9a6b,a65e4915-e1bf-4160-9501-42f50fa56329,e9e1a458-f2d0-4fb2-8ca4-b121c2eb5b2e] number=7/7[ebc56bc3-92f9-462b-a4b0-4c1e718ef799,95d946fa-c915-4e95-b0ee-060c8c57196f,2c955060-9d07-44c3-b709-f38d2057e902,c4c1d72a-6b7a-4aab-a80e-0c50a7e8495e,01d4b67f-50e1-4d82-be88-ac1988df9a6b,a65e4915-e1bf-4160-9501-42f50fa56329,e9e1a458-f2d0-4fb2-8ca4-b121c2eb5b2e]
2026-09-06T18:38:45.4427308+08:00 pid=111272 [perf] ConfigureNumbered.tab-paragraph: +10ms (10ms)
2026-09-06T18:38:45.4477311+08:00 pid=111272 [perf] NativeCaption.prepare-paragraph: +4ms (4ms)
2026-09-06T18:38:45.4497329+08:00 pid=111272 [perf] NativeCaption.add-seq: +2ms (6ms)
2026-09-06T18:38:45.4517382+08:00 pid=111272 [perf] NativeCaption.update-seq: +2ms (8ms)
2026-09-06T18:38:45.4527379+08:00 pid=111272 [perf] NativeCaption.bookmarks: +1ms (9ms)
2026-09-06T18:38:45.4742930+08:00 pid=111272 [perf] NativeCaption.style-frame: +21ms (30ms)
2026-09-06T18:38:45.4742930+08:00 pid=111272 [perf] ConfigureNumbered.native-caption: +31ms (41ms)
2026-09-06T18:38:45.4812925+08:00 pid=111272 [perf] VisibleRef.scaffold: +6ms (6ms)
2026-09-06T18:38:45.4852925+08:00 pid=111272 [perf] VisibleRef.add-ref: +5ms (11ms)
2026-09-06T18:38:45.4942926+08:00 pid=111272 [perf] VisibleRef.update-ref: +8ms (19ms)
2026-09-06T18:38:45.4952924+08:00 pid=111272 [perf] VisibleRef.bookmark-format: +1ms (20ms)
2026-09-06T18:38:45.5002928+08:00 pid=111272 [perf] VisibleRef.vertical-align: +6ms (26ms)
2026-09-06T18:38:45.5012924+08:00 pid=111272 [perf] ConfigureNumbered.visible-ref: +27ms (68ms)
2026-09-06T18:38:45.5022951+08:00 pid=111272 [perf] ConfigureNumbered.ole-baseline: +1ms (69ms)
2026-09-06T18:38:45.5172951+08:00 pid=111272 [perf] ConfigureNumbered.tab-paragraph: +11ms (11ms)
2026-09-06T18:38:45.5222925+08:00 pid=111272 [perf] NativeCaption.prepare-paragraph: +5ms (5ms)
2026-09-06T18:38:45.5242928+08:00 pid=111272 [perf] NativeCaption.add-seq: +1ms (6ms)
2026-09-06T18:38:45.5262927+08:00 pid=111272 [perf] NativeCaption.update-seq: +2ms (8ms)
2026-09-06T18:38:45.5282925+08:00 pid=111272 [perf] NativeCaption.bookmarks: +2ms (10ms)
2026-09-06T18:38:45.5502929+08:00 pid=111272 [perf] NativeCaption.style-frame: +23ms (33ms)
2026-09-06T18:38:45.5512927+08:00 pid=111272 [perf] ConfigureNumbered.native-caption: +34ms (45ms)
2026-09-06T18:38:45.5562927+08:00 pid=111272 [perf] VisibleRef.scaffold: +4ms (4ms)
2026-09-06T18:38:45.5602925+08:00 pid=111272 [perf] VisibleRef.add-ref: +4ms (8ms)
2026-09-06T18:38:45.5682936+08:00 pid=111272 [perf] VisibleRef.update-ref: +9ms (17ms)
2026-09-06T18:38:45.5712938+08:00 pid=111272 [perf] VisibleRef.bookmark-format: +2ms (19ms)
2026-09-06T18:38:45.5782925+08:00 pid=111272 [perf] VisibleRef.vertical-align: +7ms (26ms)
2026-09-06T18:38:45.5782925+08:00 pid=111272 [perf] ConfigureNumbered.visible-ref: +27ms (72ms)
2026-09-06T18:38:45.5802931+08:00 pid=111272 [perf] ConfigureNumbered.ole-baseline: +2ms (74ms)
2026-09-06T18:38:45.6082924+08:00 pid=111272 [perf] ConfigureNumbered.tab-paragraph: +22ms (22ms)
2026-09-06T18:38:45.6142925+08:00 pid=111272 [perf] NativeCaption.prepare-paragraph: +5ms (5ms)
2026-09-06T18:38:45.6162924+08:00 pid=111272 [perf] NativeCaption.add-seq: +1ms (6ms)
2026-09-06T18:38:45.6182930+08:00 pid=111272 [perf] NativeCaption.update-seq: +3ms (9ms)
2026-09-06T18:38:45.6202923+08:00 pid=111272 [perf] NativeCaption.bookmarks: +1ms (10ms)
2026-09-06T18:38:45.6482997+08:00 pid=111272 [perf] NativeCaption.style-frame: +29ms (39ms)
2026-09-06T18:38:45.6482997+08:00 pid=111272 [perf] ConfigureNumbered.native-caption: +40ms (62ms)
2026-09-06T18:38:45.6543026+08:00 pid=111272 [perf] VisibleRef.scaffold: +5ms (5ms)
2026-09-06T18:38:45.6592998+08:00 pid=111272 [perf] VisibleRef.add-ref: +5ms (10ms)
2026-09-06T18:38:45.6682770+08:00 pid=111272 [perf] VisibleRef.update-ref: +8ms (18ms)
2026-09-06T18:38:45.6692771+08:00 pid=111272 [perf] VisibleRef.bookmark-format: +2ms (20ms)
2026-09-06T18:38:45.6748603+08:00 pid=111272 [perf] VisibleRef.vertical-align: +6ms (26ms)
2026-09-06T18:38:45.6758601+08:00 pid=111272 [perf] ConfigureNumbered.visible-ref: +27ms (89ms)
2026-09-06T18:38:45.6768600+08:00 pid=111272 [perf] ConfigureNumbered.ole-baseline: +2ms (91ms)
2026-09-06T18:38:45.6948600+08:00 pid=111272 [perf] ConfigureNumbered.tab-paragraph: +13ms (13ms)
2026-09-06T18:38:45.7008601+08:00 pid=111272 [perf] NativeCaption.prepare-paragraph: +5ms (5ms)
2026-09-06T18:38:45.7028601+08:00 pid=111272 [perf] NativeCaption.add-seq: +2ms (7ms)
2026-09-06T18:38:45.7054360+08:00 pid=111272 [perf] NativeCaption.update-seq: +2ms (9ms)
2026-09-06T18:38:45.7064361+08:00 pid=111272 [perf] NativeCaption.bookmarks: +2ms (11ms)
2026-09-06T18:38:45.7364489+08:00 pid=111272 [perf] NativeCaption.style-frame: +29ms (40ms)
2026-09-06T18:38:45.7364489+08:00 pid=111272 [perf] ConfigureNumbered.native-caption: +42ms (55ms)
2026-09-06T18:38:45.7414909+08:00 pid=111272 [perf] VisibleRef.scaffold: +5ms (5ms)
2026-09-06T18:38:45.7464909+08:00 pid=111272 [perf] VisibleRef.add-ref: +5ms (10ms)
2026-09-06T18:38:45.7574910+08:00 pid=111272 [perf] VisibleRef.update-ref: +10ms (20ms)
2026-09-06T18:38:45.7584909+08:00 pid=111272 [perf] VisibleRef.bookmark-format: +1ms (21ms)
2026-09-06T18:38:45.7654907+08:00 pid=111272 [perf] VisibleRef.vertical-align: +7ms (28ms)
2026-09-06T18:38:45.7654907+08:00 pid=111272 [perf] ConfigureNumbered.visible-ref: +29ms (84ms)
2026-09-06T18:38:45.7674921+08:00 pid=111272 [perf] ConfigureNumbered.ole-baseline: +2ms (86ms)
2026-09-06T18:38:45.7854911+08:00 pid=111272 [perf] ConfigureNumbered.tab-paragraph: +14ms (14ms)
2026-09-06T18:38:45.7944912+08:00 pid=111272 [perf] NativeCaption.prepare-paragraph: +8ms (8ms)
2026-09-06T18:38:45.7964912+08:00 pid=111272 [perf] NativeCaption.add-seq: +2ms (10ms)
2026-09-06T18:38:45.7994933+08:00 pid=111272 [perf] NativeCaption.update-seq: +3ms (13ms)
2026-09-06T18:38:45.8014910+08:00 pid=111272 [perf] NativeCaption.bookmarks: +2ms (15ms)
2026-09-06T18:38:45.8324914+08:00 pid=111272 [perf] NativeCaption.style-frame: +31ms (46ms)
2026-09-06T18:38:45.8324914+08:00 pid=111272 [perf] ConfigureNumbered.native-caption: +48ms (62ms)
2026-09-06T18:38:45.8394908+08:00 pid=111272 [perf] VisibleRef.scaffold: +6ms (6ms)
2026-09-06T18:38:45.8444908+08:00 pid=111272 [perf] VisibleRef.add-ref: +5ms (11ms)
2026-09-06T18:38:45.8548478+08:00 pid=111272 [perf] VisibleRef.update-ref: +10ms (21ms)
2026-09-06T18:38:45.8558503+08:00 pid=111272 [perf] VisibleRef.bookmark-format: +1ms (22ms)
2026-09-06T18:38:45.8630842+08:00 pid=111272 [perf] VisibleRef.vertical-align: +8ms (30ms)
2026-09-06T18:38:45.8630842+08:00 pid=111272 [perf] ConfigureNumbered.visible-ref: +30ms (92ms)
2026-09-06T18:38:45.8650835+08:00 pid=111272 [perf] ConfigureNumbered.ole-baseline: +2ms (94ms)
2026-09-06T18:38:45.8866778+08:00 pid=111272 [perf] ConfigureNumbered.tab-paragraph: +15ms (15ms)
2026-09-06T18:38:45.8946778+08:00 pid=111272 [perf] NativeCaption.prepare-paragraph: +7ms (7ms)
2026-09-06T18:38:45.8966779+08:00 pid=111272 [perf] NativeCaption.add-seq: +2ms (9ms)
2026-09-06T18:38:45.8996846+08:00 pid=111272 [perf] NativeCaption.update-seq: +3ms (12ms)
2026-09-06T18:38:45.9021464+08:00 pid=111272 [perf] NativeCaption.bookmarks: +2ms (14ms)
2026-09-06T18:38:45.9382980+08:00 pid=111272 [perf] NativeCaption.style-frame: +36ms (50ms)
2026-09-06T18:38:45.9389165+08:00 pid=111272 [perf] ConfigureNumbered.native-caption: +52ms (67ms)
2026-09-06T18:38:45.9447540+08:00 pid=111272 [perf] VisibleRef.scaffold: +5ms (5ms)
2026-09-06T18:38:45.9506051+08:00 pid=111272 [perf] VisibleRef.add-ref: +6ms (11ms)
2026-09-06T18:38:45.9606051+08:00 pid=111272 [perf] VisibleRef.update-ref: +10ms (21ms)
2026-09-06T18:38:45.9616053+08:00 pid=111272 [perf] VisibleRef.bookmark-format: +1ms (22ms)
2026-09-06T18:38:45.9696052+08:00 pid=111272 [perf] VisibleRef.vertical-align: +8ms (30ms)
2026-09-06T18:38:45.9696052+08:00 pid=111272 [perf] ConfigureNumbered.visible-ref: +31ms (98ms)
2026-09-06T18:38:45.9706080+08:00 pid=111272 [perf] ConfigureNumbered.ole-baseline: +1ms (99ms)
2026-09-06T18:38:45.9806051+08:00 pid=111272 [perf] ConversionFinalize.caption-inventory: +0ms (0ms)
2026-09-06T18:38:45.9816052+08:00 pid=111272 [perf] number-format-batch.plan: +0ms (0ms)
2026-09-06T18:38:45.9936050+08:00 pid=111272 [perf] number-format-batch.direct-table-targets: +12ms (12ms)
2026-09-06T18:38:45.9946054+08:00 pid=111272 [perf] number-format-batch.native-hash-inventory: +1ms (13ms)
2026-09-06T18:38:46.0206054+08:00 pid=111272 [perf] number-format-batch.native-breakdown lookup=0ms code=0ms update=19ms prefix=0ms bookmark=0ms
2026-09-06T18:38:46.0206054+08:00 pid=111272 [perf] number-format-batch.legacy-targets: +26ms (39ms)
2026-09-06T18:38:46.0216057+08:00 pid=111272 [perf] number-format-batch.native-hash-targets: +0ms (39ms)
2026-09-06T18:38:46.1181286+08:00 pid=111272 [perf] number-format-batch.visible-references: +97ms (136ms)
2026-09-06T18:38:46.2047274+08:00 pid=111272 [perf] number-format-batch.extra-references: +87ms (223ms)
2026-09-06T18:38:46.2187264+08:00 pid=111272 [perf] ConversionFinalize.field-batch: +238ms (238ms)
2026-09-06T18:38:46.2967267+08:00 pid=111272 [perf] ConversionFinalize.healthy-refresh: +78ms (316ms)
2026-09-06T18:54:17.8663319+08:00 pid=111272 [perf] update-numbers.health-fail reason=no-numbering-bookmarks
2026-09-06T18:55:55.3959712+08:00 pid=111272 [perf] direct-row-health-fail formulaId=1daae78e-e899-4835-b68e-3c840b809db6 check=table-membership reason=not-in-table
2026-09-06T18:55:55.9688519+08:00 pid=111272 [perf] ConvertedOmmlBatch.inventory: +572ms (572ms)
2026-09-06T18:55:56.1151906+08:00 pid=111272 [perf] ConvertedOmmlBatch.number-plan: +146ms (718ms)
2026-09-06T18:55:56.2081924+08:00 pid=111272 [perf] ConvertedOmmlBatch.locate-target: +93ms (811ms)
2026-09-06T18:55:56.2141928+08:00 pid=111272 [perf] ConvertedOmmlBatch.true-display-native-resolve-display: +6ms (817ms)
2026-09-06T18:55:56.2508968+08:00 pid=111272 [perf] ConvertedOmmlBatch.true-display-native-clear-artifacts: +37ms (854ms)
2026-09-06T18:55:56.3181507+08:00 pid=111272 [perf] ConvertedOmmlBatch.true-display-native-measure-display: +67ms (921ms)
2026-09-06T18:55:56.3664146+08:00 pid=111272 [perf] ConvertedOmmlBatch.true-display-native-ensure-table: +48ms (969ms)
2026-09-06T18:55:56.3694171+08:00 pid=111272 [perf] ConvertedOmmlBatch.true-display-native-resolve-table-formula: +3ms (972ms)
2026-09-06T18:55:56.3694171+08:00 pid=111272 [perf] ConvertedOmmlBatch.true-display-native-height-repair: +0ms (972ms)
2026-09-06T18:55:56.5391175+08:00 pid=111272 [perf] ConvertedOmmlBatch.true-display-native-geometry: +170ms (1142ms)
2026-09-06T18:55:56.5391175+08:00 pid=111272 [perf] ConvertedOmmlBatch.true-display-native-1x3-table: +0ms (1142ms)
2026-09-06T18:55:56.5391175+08:00 pid=111272 [perf] ConvertedOmmlBatch.true-display-direct-number-plan: +0ms (1142ms)
2026-09-06T18:55:56.7393058+08:00 pid=111272 [perf] ConvertedOmmlBatch.true-display-direct-visible-seq: +200ms (1342ms)
2026-09-06T18:55:56.8072788+08:00 pid=111272 [perf] ConvertedOmmlBatch.true-display-native-post-table-spacing: +68ms (1410ms)
2026-09-06T18:55:56.8582801+08:00 pid=111272 [perf] ConvertedOmmlBatch.true-display-native-wrap-identity: +51ms (1461ms)
2026-09-06T18:55:56.8582801+08:00 pid=111272 [perf] ConvertedOmmlBatch.true-display-host: +0ms (1461ms)
2026-09-06T18:55:56.9723089+08:00 pid=111272 [perf] ConvertedOmmlBatch.repair-identity: +114ms (1575ms)
2026-09-06T18:55:57.1216576+08:00 pid=111272 [perf] ConvertedOmmlBatch.locate-target: +149ms (1724ms)
2026-09-06T18:55:57.1252651+08:00 pid=111272 [perf] ConvertedOmmlBatch.true-display-native-resolve-display: +4ms (1728ms)
2026-09-06T18:55:57.1742634+08:00 pid=111272 [perf] ConvertedOmmlBatch.true-display-native-clear-artifacts: +50ms (1778ms)
2026-09-06T18:55:57.2592680+08:00 pid=111272 [perf] ConvertedOmmlBatch.true-display-native-measure-display: +84ms (1862ms)
2026-09-06T18:55:57.3110678+08:00 pid=111272 [perf] ConvertedOmmlBatch.true-display-native-ensure-table: +52ms (1914ms)
2026-09-06T18:55:57.3130681+08:00 pid=111272 [perf] ConvertedOmmlBatch.true-display-native-resolve-table-formula: +2ms (1916ms)
2026-09-06T18:55:57.3140689+08:00 pid=111272 [perf] ConvertedOmmlBatch.true-display-native-height-repair: +1ms (1917ms)
2026-09-06T18:55:57.5167149+08:00 pid=111272 [perf] ConvertedOmmlBatch.true-display-native-geometry: +202ms (2119ms)
2026-09-06T18:55:57.5167149+08:00 pid=111272 [perf] ConvertedOmmlBatch.true-display-native-1x3-table: +0ms (2119ms)
2026-09-06T18:55:57.5167149+08:00 pid=111272 [perf] ConvertedOmmlBatch.true-display-direct-number-plan: +1ms (2120ms)
2026-09-06T18:55:57.7332291+08:00 pid=111272 [perf] ConvertedOmmlBatch.true-display-direct-visible-seq: +216ms (2336ms)
2026-09-06T18:55:57.8042281+08:00 pid=111272 [perf] ConvertedOmmlBatch.true-display-native-post-table-spacing: +71ms (2407ms)
2026-09-06T18:55:57.8412290+08:00 pid=111272 [perf] ConvertedOmmlBatch.true-display-native-wrap-identity: +37ms (2444ms)
2026-09-06T18:55:57.8422289+08:00 pid=111272 [perf] ConvertedOmmlBatch.true-display-host: +1ms (2445ms)
2026-09-06T18:55:57.9316459+08:00 pid=111272 [perf] ConvertedOmmlBatch.repair-identity: +90ms (2535ms)
2026-09-06T18:55:58.0478563+08:00 pid=111272 [perf] ConvertedOmmlBatch.locate-target: +116ms (2651ms)
2026-09-06T18:55:58.0578567+08:00 pid=111272 [perf] ConvertedOmmlBatch.true-display-native-resolve-display: +10ms (2661ms)
2026-09-06T18:55:58.0957904+08:00 pid=111272 [perf] ConvertedOmmlBatch.true-display-native-clear-artifacts: +38ms (2699ms)
2026-09-06T18:55:58.1810960+08:00 pid=111272 [perf] ConvertedOmmlBatch.true-display-native-measure-display: +85ms (2784ms)
2026-09-06T18:55:58.2370955+08:00 pid=111272 [perf] ConvertedOmmlBatch.true-display-native-ensure-table: +56ms (2840ms)
2026-09-06T18:55:58.2390979+08:00 pid=111272 [perf] ConvertedOmmlBatch.true-display-native-resolve-table-formula: +2ms (2842ms)
2026-09-06T18:55:58.2400957+08:00 pid=111272 [perf] ConvertedOmmlBatch.true-display-native-height-repair: +1ms (2843ms)
2026-09-06T18:55:58.4227523+08:00 pid=111272 [perf] ConvertedOmmlBatch.true-display-native-geometry: +183ms (3026ms)
2026-09-06T18:55:58.4237525+08:00 pid=111272 [perf] ConvertedOmmlBatch.true-display-native-1x3-table: +0ms (3026ms)
2026-09-06T18:55:58.4237525+08:00 pid=111272 [perf] ConvertedOmmlBatch.true-display-direct-number-plan: +0ms (3026ms)
2026-09-06T18:55:58.6513493+08:00 pid=111272 [perf] ConvertedOmmlBatch.true-display-direct-visible-seq: +228ms (3254ms)
2026-09-06T18:55:58.7059523+08:00 pid=111272 [perf] ConvertedOmmlBatch.true-display-native-post-table-spacing: +55ms (3309ms)
2026-09-06T18:55:58.7459530+08:00 pid=111272 [perf] ConvertedOmmlBatch.true-display-native-wrap-identity: +40ms (3349ms)
2026-09-06T18:55:58.7459530+08:00 pid=111272 [perf] ConvertedOmmlBatch.true-display-host: +0ms (3349ms)
2026-09-06T18:55:58.8239534+08:00 pid=111272 [perf] ConvertedOmmlBatch.repair-identity: +78ms (3427ms)
2026-09-06T18:55:58.9301747+08:00 pid=111272 [perf] ConvertedOmmlBatch.locate-target: +106ms (3533ms)
2026-09-06T18:55:58.9331718+08:00 pid=111272 [perf] ConvertedOmmlBatch.true-display-native-resolve-display: +3ms (3536ms)
2026-09-06T18:55:58.9649259+08:00 pid=111272 [perf] ConvertedOmmlBatch.true-display-native-clear-artifacts: +32ms (3568ms)
2026-09-06T18:55:59.0475169+08:00 pid=111272 [perf] ConvertedOmmlBatch.true-display-native-measure-display: +82ms (3650ms)
2026-09-06T18:55:59.1021170+08:00 pid=111272 [perf] ConvertedOmmlBatch.true-display-native-ensure-table: +55ms (3705ms)
2026-09-06T18:55:59.1057227+08:00 pid=111272 [perf] ConvertedOmmlBatch.true-display-native-resolve-table-formula: +4ms (3709ms)
2026-09-06T18:55:59.1067231+08:00 pid=111272 [perf] ConvertedOmmlBatch.true-display-native-height-repair: +0ms (3709ms)
2026-09-06T18:55:59.2930132+08:00 pid=111272 [perf] ConvertedOmmlBatch.true-display-native-geometry: +187ms (3896ms)
2026-09-06T18:55:59.2940130+08:00 pid=111272 [perf] ConvertedOmmlBatch.true-display-native-1x3-table: +0ms (3896ms)
2026-09-06T18:55:59.2940130+08:00 pid=111272 [perf] ConvertedOmmlBatch.true-display-direct-number-plan: +1ms (3897ms)
2026-09-06T18:55:59.4824281+08:00 pid=111272 [perf] ConvertedOmmlBatch.true-display-direct-visible-seq: +188ms (4085ms)
2026-09-06T18:55:59.5407461+08:00 pid=111272 [perf] ConvertedOmmlBatch.true-display-native-post-table-spacing: +58ms (4143ms)
2026-09-06T18:55:59.5850288+08:00 pid=111272 [perf] ConvertedOmmlBatch.true-display-native-wrap-identity: +45ms (4188ms)
2026-09-06T18:55:59.5860279+08:00 pid=111272 [perf] ConvertedOmmlBatch.true-display-host: +0ms (4188ms)
2026-09-06T18:55:59.6695912+08:00 pid=111272 [perf] ConvertedOmmlBatch.repair-identity: +84ms (4272ms)
2026-09-06T18:55:59.7708097+08:00 pid=111272 [perf] ConvertedOmmlBatch.locate-target: +102ms (4374ms)
2026-09-06T18:55:59.7758092+08:00 pid=111272 [perf] ConvertedOmmlBatch.true-display-native-resolve-display: +4ms (4378ms)
2026-09-06T18:55:59.8138099+08:00 pid=111272 [perf] ConvertedOmmlBatch.true-display-native-clear-artifacts: +38ms (4416ms)
2026-09-06T18:55:59.8808101+08:00 pid=111272 [perf] ConvertedOmmlBatch.true-display-native-measure-display: +68ms (4484ms)
2026-09-06T18:55:59.9350290+08:00 pid=111272 [perf] ConvertedOmmlBatch.true-display-native-ensure-table: +54ms (4538ms)
2026-09-06T18:55:59.9380298+08:00 pid=111272 [perf] ConvertedOmmlBatch.true-display-native-resolve-table-formula: +3ms (4541ms)
2026-09-06T18:55:59.9380298+08:00 pid=111272 [perf] ConvertedOmmlBatch.true-display-native-height-repair: +0ms (4541ms)
2026-09-06T18:56:00.1403696+08:00 pid=111272 [perf] ConvertedOmmlBatch.true-display-native-geometry: +202ms (4743ms)
2026-09-06T18:56:00.1403696+08:00 pid=111272 [perf] ConvertedOmmlBatch.true-display-native-1x3-table: +0ms (4743ms)
2026-09-06T18:56:00.1413694+08:00 pid=111272 [perf] ConvertedOmmlBatch.true-display-direct-number-plan: +1ms (4744ms)
2026-09-06T18:56:00.3688039+08:00 pid=111272 [perf] ConvertedOmmlBatch.true-display-direct-visible-seq: +227ms (4971ms)
2026-09-06T18:56:00.4118027+08:00 pid=111272 [perf] ConvertedOmmlBatch.true-display-native-wrap-identity: +44ms (5015ms)
2026-09-06T18:56:00.4128026+08:00 pid=111272 [perf] ConvertedOmmlBatch.true-display-host: +0ms (5015ms)
2026-09-06T18:56:00.5072237+08:00 pid=111272 [perf] ConvertedOmmlBatch.repair-identity: +95ms (5110ms)
2026-09-06T19:02:12.0428205+08:00 pid=111272 [perf] ConfigureNumbered.tab-paragraph: +10ms (10ms)
2026-09-06T19:02:12.0504277+08:00 pid=111272 [perf] NativeCaption.prepare-paragraph: +5ms (5ms)
2026-09-06T19:02:12.0524297+08:00 pid=111272 [perf] NativeCaption.add-seq: +2ms (7ms)
2026-09-06T19:02:12.0554298+08:00 pid=111272 [perf] NativeCaption.update-seq: +3ms (10ms)
2026-09-06T19:02:12.0564280+08:00 pid=111272 [perf] NativeCaption.bookmarks: +1ms (11ms)
2026-09-06T19:02:12.0762951+08:00 pid=111272 [perf] NativeCaption.style-frame: +20ms (31ms)
2026-09-06T19:02:12.0768193+08:00 pid=111272 [perf] ConfigureNumbered.native-caption: +34ms (44ms)
2026-09-06T19:02:12.0848182+08:00 pid=111272 [perf] VisibleRef.scaffold: +7ms (7ms)
2026-09-06T19:02:12.0898193+08:00 pid=111272 [perf] VisibleRef.add-ref: +6ms (13ms)
2026-09-06T19:02:12.0997230+08:00 pid=111272 [perf] VisibleRef.update-ref: +9ms (22ms)
2026-09-06T19:02:12.1007200+08:00 pid=111272 [perf] VisibleRef.bookmark-format: +1ms (23ms)
2026-09-06T19:02:12.1057197+08:00 pid=111272 [perf] VisibleRef.vertical-align: +5ms (28ms)
2026-09-06T19:02:12.1057197+08:00 pid=111272 [perf] ConfigureNumbered.visible-ref: +29ms (73ms)
2026-09-06T19:02:12.1078049+08:00 pid=111272 [perf] ConfigureNumbered.ole-baseline: +2ms (75ms)
2026-09-06T19:02:12.1353292+08:00 pid=111272 [perf] ConfigureNumbered.tab-paragraph: +14ms (14ms)
2026-09-06T19:02:12.1413256+08:00 pid=111272 [perf] NativeCaption.prepare-paragraph: +5ms (5ms)
2026-09-06T19:02:12.1423280+08:00 pid=111272 [perf] NativeCaption.add-seq: +2ms (7ms)
2026-09-06T19:02:12.1453261+08:00 pid=111272 [perf] NativeCaption.update-seq: +2ms (9ms)
2026-09-06T19:02:12.1463283+08:00 pid=111272 [perf] NativeCaption.bookmarks: +2ms (11ms)
2026-09-06T19:02:12.1699423+08:00 pid=111272 [perf] NativeCaption.style-frame: +23ms (34ms)
2026-09-06T19:02:12.1709419+08:00 pid=111272 [perf] ConfigureNumbered.native-caption: +35ms (49ms)
2026-09-06T19:02:12.1759447+08:00 pid=111272 [perf] VisibleRef.scaffold: +5ms (5ms)
2026-09-06T19:02:12.1819446+08:00 pid=111272 [perf] VisibleRef.add-ref: +5ms (10ms)
2026-09-06T19:02:12.1929428+08:00 pid=111272 [perf] VisibleRef.update-ref: +12ms (22ms)
2026-09-06T19:02:12.1939418+08:00 pid=111272 [perf] VisibleRef.bookmark-format: +1ms (23ms)
2026-09-06T19:02:12.1989435+08:00 pid=111272 [perf] VisibleRef.vertical-align: +5ms (28ms)
2026-09-06T19:02:12.1999407+08:00 pid=111272 [perf] ConfigureNumbered.visible-ref: +29ms (78ms)
2026-09-06T19:02:12.2015184+08:00 pid=111272 [perf] ConfigureNumbered.ole-baseline: +2ms (80ms)
2026-09-06T19:02:12.2311861+08:00 pid=111272 [perf] ConfigureNumbered.tab-paragraph: +15ms (15ms)
2026-09-06T19:02:12.2371876+08:00 pid=111272 [perf] NativeCaption.prepare-paragraph: +6ms (6ms)
2026-09-06T19:02:12.2391864+08:00 pid=111272 [perf] NativeCaption.add-seq: +2ms (8ms)
2026-09-06T19:02:12.2421892+08:00 pid=111272 [perf] NativeCaption.update-seq: +2ms (10ms)
2026-09-06T19:02:12.2441878+08:00 pid=111272 [perf] NativeCaption.bookmarks: +2ms (12ms)
2026-09-06T19:02:12.2701880+08:00 pid=111272 [perf] NativeCaption.style-frame: +26ms (38ms)
2026-09-06T19:02:12.2711870+08:00 pid=111272 [perf] ConfigureNumbered.native-caption: +40ms (55ms)
2026-09-06T19:02:12.2761867+08:00 pid=111272 [perf] VisibleRef.scaffold: +5ms (5ms)
2026-09-06T19:02:12.2831853+08:00 pid=111272 [perf] VisibleRef.add-ref: +7ms (12ms)
2026-09-06T19:02:12.2941896+08:00 pid=111272 [perf] VisibleRef.update-ref: +11ms (23ms)
2026-09-06T19:02:12.2951895+08:00 pid=111272 [perf] VisibleRef.bookmark-format: +1ms (24ms)
2026-09-06T19:02:12.3011846+08:00 pid=111272 [perf] VisibleRef.vertical-align: +6ms (30ms)
2026-09-06T19:02:12.3011846+08:00 pid=111272 [perf] ConfigureNumbered.visible-ref: +30ms (85ms)
2026-09-06T19:02:12.3031864+08:00 pid=111272 [perf] ConfigureNumbered.ole-baseline: +2ms (87ms)
2026-09-06T19:02:12.3322149+08:00 pid=111272 [perf] ConfigureNumbered.tab-paragraph: +15ms (15ms)
2026-09-06T19:02:12.3402129+08:00 pid=111272 [perf] NativeCaption.prepare-paragraph: +7ms (7ms)
2026-09-06T19:02:12.3422132+08:00 pid=111272 [perf] NativeCaption.add-seq: +2ms (9ms)
2026-09-06T19:02:12.3452141+08:00 pid=111272 [perf] NativeCaption.update-seq: +3ms (12ms)
2026-09-06T19:02:12.3472140+08:00 pid=111272 [perf] NativeCaption.bookmarks: +2ms (14ms)
2026-09-06T19:02:12.3782124+08:00 pid=111272 [perf] NativeCaption.style-frame: +31ms (45ms)
2026-09-06T19:02:12.3792133+08:00 pid=111272 [perf] ConfigureNumbered.native-caption: +47ms (62ms)
2026-09-06T19:02:12.3862137+08:00 pid=111272 [perf] VisibleRef.scaffold: +6ms (6ms)
2026-09-06T19:02:12.3922137+08:00 pid=111272 [perf] VisibleRef.add-ref: +6ms (12ms)
2026-09-06T19:02:12.4052141+08:00 pid=111272 [perf] VisibleRef.update-ref: +14ms (26ms)
2026-09-06T19:02:12.4072129+08:00 pid=111272 [perf] VisibleRef.bookmark-format: +1ms (27ms)
2026-09-06T19:02:12.4132118+08:00 pid=111272 [perf] VisibleRef.vertical-align: +6ms (33ms)
2026-09-06T19:02:12.4132118+08:00 pid=111272 [perf] ConfigureNumbered.visible-ref: +35ms (97ms)
2026-09-06T19:02:12.4152128+08:00 pid=111272 [perf] ConfigureNumbered.ole-baseline: +2ms (99ms)
2026-09-06T19:02:12.4339593+08:00 pid=111272 [perf] ConfigureNumbered.tab-paragraph: +16ms (16ms)
2026-09-06T19:02:12.4429607+08:00 pid=111272 [perf] NativeCaption.prepare-paragraph: +8ms (8ms)
2026-09-06T19:02:12.4449597+08:00 pid=111272 [perf] NativeCaption.add-seq: +3ms (11ms)
2026-09-06T19:02:12.4489637+08:00 pid=111272 [perf] NativeCaption.update-seq: +4ms (15ms)
2026-09-06T19:02:12.4519602+08:00 pid=111272 [perf] NativeCaption.bookmarks: +2ms (17ms)
2026-09-06T19:02:12.4857267+08:00 pid=111272 [perf] NativeCaption.style-frame: +34ms (51ms)
2026-09-06T19:02:12.4857267+08:00 pid=111272 [perf] ConfigureNumbered.native-caption: +52ms (68ms)
2026-09-06T19:02:12.4917268+08:00 pid=111272 [perf] VisibleRef.scaffold: +5ms (5ms)
2026-09-06T19:02:12.4967267+08:00 pid=111272 [perf] VisibleRef.add-ref: +5ms (10ms)
2026-09-06T19:02:12.5097269+08:00 pid=111272 [perf] VisibleRef.update-ref: +13ms (23ms)
2026-09-06T19:02:12.5107283+08:00 pid=111272 [perf] VisibleRef.bookmark-format: +1ms (24ms)
2026-09-06T19:02:12.5163203+08:00 pid=111272 [perf] VisibleRef.vertical-align: +6ms (30ms)
2026-09-06T19:02:12.5173188+08:00 pid=111272 [perf] ConfigureNumbered.visible-ref: +31ms (99ms)
2026-09-06T19:02:12.5183219+08:00 pid=111272 [perf] ConfigureNumbered.ole-baseline: +2ms (101ms)
2026-09-06T19:02:12.5253210+08:00 pid=111272 [perf] ConversionFinalize.caption-inventory: +0ms (0ms)
2026-09-06T19:02:12.5506213+08:00 pid=111272 [perf] number-format-batch.plan: +24ms (24ms)
2026-09-06T19:02:12.5586214+08:00 pid=111272 [perf] number-format-batch.direct-table-targets: +9ms (33ms)
2026-09-06T19:02:12.5596213+08:00 pid=111272 [perf] number-format-batch.native-hash-inventory: +1ms (34ms)
2026-09-06T19:02:12.5806207+08:00 pid=111272 [perf] number-format-batch.native-breakdown lookup=0ms code=0ms update=16ms prefix=0ms bookmark=0ms
2026-09-06T19:02:12.5806207+08:00 pid=111272 [perf] number-format-batch.legacy-targets: +21ms (55ms)
2026-09-06T19:02:12.5806207+08:00 pid=111272 [perf] number-format-batch.native-hash-targets: +0ms (55ms)
2026-09-06T19:02:12.6436216+08:00 pid=111272 [perf] number-format-batch.visible-references: +63ms (118ms)
2026-09-06T19:02:12.7505212+08:00 pid=111272 [perf] number-format-batch.extra-references: +107ms (225ms)
2026-09-06T19:02:12.7655195+08:00 pid=111272 [perf] ConversionFinalize.field-batch: +240ms (240ms)
2026-09-06T19:02:13.0180497+08:00 pid=111272 [perf] ConversionFinalize.healthy-refresh: +252ms (492ms)
