2026-09-06T11:45:34.5142615+08:00 pid=78632 tid=1 word-addin-loaded pid=78632 assembly=C:\Users\pojian_liao\AppData\Local\VisualTeX\office\remediation-builds\373001531AD44EA951C26242D05D3C027385D4D6632A9B05D49D7614C64F57A6\VisualTeX.WordVsto.dll mvid=a6a783b8-0ab3-4dc0-b7a4-60eba4a69456
2026-09-06T11:45:34.9083751+08:00 pid=78632 tid=1 hook-started handle=0x23E55
2026-09-06T11:45:35.1139292+08:00 pid=78632 tid=10 mathtype-native-preview-shared-prewarm-complete
2026-09-06T11:46:35.0081143+08:00 pid=78632 tid=1 word-undo-begin name=VisualTeX 重绘 LaTeX 公式 recording=False level=0
2026-09-06T11:46:35.0091143+08:00 pid=78632 tid=1 word-undo-started name=VisualTeX 重绘 LaTeX 公式 recording=True level=1
2026-09-06T11:46:36.6215514+08:00 pid=78632 tid=1 word-undo-end recording=False level=0
2026-09-06T11:47:54.0310549+08:00 pid=78632 tid=1 word-undo-begin name=VisualTeX 重绘 LaTeX 公式 recording=False level=0
2026-09-06T11:47:54.0320555+08:00 pid=78632 tid=1 word-undo-started name=VisualTeX 重绘 LaTeX 公式 recording=True level=1
2026-09-06T11:47:54.5084838+08:00 pid=78632 tid=1 word-undo-end recording=False level=0
2026-09-06T11:48:43.2727877+08:00 pid=78632 tid=12 left-down x=1618 y=1245 wordForeground=True
2026-09-06T11:48:44.0422813+08:00 pid=78632 tid=1 cache-active formulaId=910213a4-b5b1-49c2-a2ab-ee13fbebcb6b objectMode=nativeOle rect=1364,1151,2520,1337
2026-09-06T11:48:45.3775462+08:00 pid=78632 tid=12 left-down x=788 y=1222 wordForeground=True
2026-09-06T11:48:50.1603670+08:00 pid=78632 tid=12 left-down x=1329 y=1606 wordForeground=True
2026-09-06T11:48:54.9806820+08:00 pid=78632 tid=12 left-down x=780 y=1237 wordForeground=True
2026-09-06T11:48:59.0357956+08:00 pid=78632 tid=12 left-down x=1347 y=1604 wordForeground=False
2026-09-06T11:49:25.2039738+08:00 pid=78632 tid=1 word-undo-begin name=VisualTeX 重绘 LaTeX 公式 recording=False level=0
2026-09-06T11:49:25.2049723+08:00 pid=78632 tid=1 word-undo-started name=VisualTeX 重绘 LaTeX 公式 recording=True level=1
2026-09-06T11:49:25.5924385+08:00 pid=78632 tid=1 word-undo-begin name=VisualTeX Insert MathType OLE Numbered Display Formula recording=True level=1
2026-09-06T11:49:25.5994386+08:00 pid=78632 tid=1 mathtype-insert-perf stage=resolve-insertion numbered=True inline=False deltaMs=6 totalMs=6
2026-09-06T11:49:25.6004389+08:00 pid=78632 tid=1 mathtype-insert-perf stage=clear-incomplete-number-row numbered=True inline=False deltaMs=2 totalMs=8
2026-09-06T11:49:25.6044385+08:00 pid=78632 tid=1 mathtype-insert-perf stage=number-template-heading-state numbered=True inline=False deltaMs=3 totalMs=11
2026-09-06T11:49:25.6064391+08:00 pid=78632 tid=1 mathtype-insert-perf stage=prepare-display-row numbered=True inline=False deltaMs=2 totalMs=13
2026-09-06T11:49:25.6264386+08:00 pid=78632 tid=1 mathtype-insert-perf stage=build-flat-opc numbered=True inline=False deltaMs=21 totalMs=34
2026-09-06T11:49:25.6264386+08:00 pid=78632 tid=1 mathtype-insert-perf stage=pre-insert-bookkeeping numbered=True inline=False deltaMs=0 totalMs=34
2026-09-06T11:49:25.6739477+08:00 pid=78632 tid=1 mathtype-insert-perf stage=insert-flat-opc numbered=True inline=False deltaMs=47 totalMs=81
2026-09-06T11:49:25.6769502+08:00 pid=78632 tid=1 mathtype-insert-perf stage=resolve-new-shape numbered=True inline=False deltaMs=3 totalMs=84
2026-09-06T11:49:25.6929484+08:00 pid=78632 tid=1 mathtype-insert-perf stage=set-shape-geometry numbered=True inline=False deltaMs=16 totalMs=100
2026-09-06T11:49:25.6929484+08:00 pid=78632 tid=1 mathtype-insert-perf stage=repair-inline-paragraph numbered=True inline=False deltaMs=0 totalMs=100
2026-09-06T11:49:25.6939479+08:00 pid=78632 tid=1 mathtype-insert-perf stage=refresh-native-shape numbered=True inline=False deltaMs=1 totalMs=101
2026-09-06T11:49:25.7155749+08:00 pid=78632 tid=1 mathtype-insert-perf stage=complete numbered=True inline=False deltaMs=22 totalMs=123
2026-09-06T11:49:26.0829859+08:00 pid=78632 tid=1 word-undo-begin name=VisualTeX Insert MathType OLE Numbered Display Formula recording=True level=1
2026-09-06T11:49:26.0906588+08:00 pid=78632 tid=1 mathtype-insert-perf stage=resolve-insertion numbered=True inline=False deltaMs=7 totalMs=7
2026-09-06T11:49:26.0906588+08:00 pid=78632 tid=1 mathtype-insert-perf stage=clear-incomplete-number-row numbered=True inline=False deltaMs=1 totalMs=8
2026-09-06T11:49:26.0936578+08:00 pid=78632 tid=1 mathtype-insert-perf stage=number-template-heading-state numbered=True inline=False deltaMs=2 totalMs=10
2026-09-06T11:49:26.0936578+08:00 pid=78632 tid=1 mathtype-insert-perf stage=prepare-display-row numbered=True inline=False deltaMs=1 totalMs=11
2026-09-06T11:49:26.0996585+08:00 pid=78632 tid=1 mathtype-insert-perf stage=build-flat-opc numbered=True inline=False deltaMs=6 totalMs=17
2026-09-06T11:49:26.0996585+08:00 pid=78632 tid=1 mathtype-insert-perf stage=pre-insert-bookkeeping numbered=True inline=False deltaMs=0 totalMs=17
2026-09-06T11:49:26.1411614+08:00 pid=78632 tid=1 mathtype-insert-perf stage=insert-flat-opc numbered=True inline=False deltaMs=41 totalMs=58
2026-09-06T11:49:26.1411614+08:00 pid=78632 tid=1 mathtype-insert-perf stage=resolve-new-shape numbered=True inline=False deltaMs=0 totalMs=58
2026-09-06T11:49:26.1598213+08:00 pid=78632 tid=1 mathtype-insert-perf stage=set-shape-geometry numbered=True inline=False deltaMs=18 totalMs=76
2026-09-06T11:49:26.1598213+08:00 pid=78632 tid=1 mathtype-insert-perf stage=repair-inline-paragraph numbered=True inline=False deltaMs=1 totalMs=77
2026-09-06T11:49:26.1598213+08:00 pid=78632 tid=1 mathtype-insert-perf stage=refresh-native-shape numbered=True inline=False deltaMs=0 totalMs=77
2026-09-06T11:49:26.1738212+08:00 pid=78632 tid=1 mathtype-insert-perf stage=complete numbered=True inline=False deltaMs=14 totalMs=91
2026-09-06T11:49:26.2569453+08:00 pid=78632 tid=1 word-undo-end recording=False level=0
2026-09-06T11:51:44.2480573+08:00 pid=78632 tid=1 word-undo-begin name=VisualTeX 重绘 LaTeX 公式 recording=False level=0
2026-09-06T11:51:44.2480573+08:00 pid=78632 tid=1 word-undo-started name=VisualTeX 重绘 LaTeX 公式 recording=True level=1
2026-09-06T11:51:44.6140937+08:00 pid=78632 tid=1 word-undo-end recording=False level=0
2026-09-06T11:51:44.6230905+08:00 pid=78632 tid=1 word-undo-history-recovery original=3 current=82 owned=79
2026-09-06T11:51:45.0088062+08:00 pid=78632 tid=1 format-conversion-recovery afterUndoBodyMatches=True
2026-09-06T11:51:45.0358049+08:00 pid=78632 tid=1 format-conversion-recovery-verified body=True mathFont=True metadata=True variables=True
2026-09-06T11:53:50.3656148+08:00 pid=78632 tid=12 left-down x=1083 y=2146 wordForeground=True
2026-09-06T11:54:06.9156960+08:00 pid=78632 tid=12 left-down x=1984 y=1086 wordForeground=False
2026-09-06T11:56:53.7653246+08:00 pid=78632 tid=12 left-down x=2024 y=1187 wordForeground=True
2026-09-06T11:57:01.4592882+08:00 pid=78632 tid=12 left-down x=1838 y=818 wordForeground=True
2026-09-06T12:09:32.0599240+08:00 pid=78632 tid=12 left-down x=2024 y=1187 wordForeground=True
2026-09-06T12:10:06.4301721+08:00 pid=78632 tid=12 left-down x=1838 y=688 wordForeground=True
2026-09-06T12:10:48.6075712+08:00 pid=78632 tid=12 left-down x=1151 y=1515 wordForeground=True
2026-09-06T12:10:49.1750537+08:00 pid=78632 tid=12 left-down x=1151 y=1515 wordForeground=True
2026-09-06T12:12:07.1807598+08:00 pid=78632 tid=12 left-down x=1838 y=774 wordForeground=True
2026-09-06T12:12:58.5813094+08:00 pid=78632 tid=12 left-down x=1170 y=1320 wordForeground=True
2026-09-06T12:12:59.1029034+08:00 pid=78632 tid=12 left-down x=1170 y=1320 wordForeground=True
2026-09-06T12:16:38.0086239+08:00 pid=78632 tid=12 left-down x=801 y=814 wordForeground=True
2026-09-06T12:16:39.8137721+08:00 pid=78632 tid=12 left-down x=1006 y=849 wordForeground=False
2026-09-06T12:19:29.4302267+08:00 pid=78632 tid=12 left-down x=2024 y=1187 wordForeground=True
2026-09-06T12:19:37.3172636+08:00 pid=78632 tid=12 left-down x=1838 y=688 wordForeground=True
2026-09-06T12:30:32.5631141+08:00 pid=78632 tid=12 left-down x=2024 y=1187 wordForeground=True
2026-09-06T12:36:36.5019825+08:00 pid=78632 tid=12 left-down x=2024 y=1187 wordForeground=True
2026-09-06T12:38:55.9809344+08:00 pid=78632 tid=12 left-down x=2024 y=1187 wordForeground=True
2026-09-06T12:40:48.3936897+08:00 pid=78632 tid=12 left-down x=1838 y=860 wordForeground=True
2026-09-06T12:41:32.3668429+08:00 pid=78632 tid=12 left-down x=1183 y=1627 wordForeground=True
2026-09-06T12:41:32.9937423+08:00 pid=78632 tid=12 left-down x=1183 y=1627 wordForeground=True
2026-09-06T12:42:48.3048234+08:00 pid=78632 tid=12 left-down x=1838 y=732 wordForeground=True
2026-09-06T12:44:29.0254696+08:00 pid=78632 tid=12 left-down x=1838 y=688 wordForeground=True
2026-09-06T12:51:11.4201040+08:00 pid=78632 tid=12 left-down x=1302 y=747 wordForeground=False
2026-09-06T12:52:21.8108109+08:00 pid=78632 tid=12 left-down x=2058 y=1197 wordForeground=True
2026-09-06T12:59:16.7490550+08:00 pid=78632 tid=12 left-down x=1302 y=747 wordForeground=False
2026-09-06T13:00:33.5198109+08:00 pid=78632 tid=12 left-down x=2024 y=1163 wordForeground=True
2026-09-06T13:03:49.5699596+08:00 pid=78632 tid=12 left-down x=846 y=1216 wordForeground=True
2026-09-06T13:04:06.3661123+08:00 pid=78632 tid=12 left-down x=1992 y=1336 wordForeground=False
2026-09-06T13:04:08.4536352+08:00 pid=78632 tid=12 left-down x=1947 y=1234 wordForeground=True
2026-09-06T13:04:10.2313808+08:00 pid=78632 tid=12 left-down x=1796 y=1396 wordForeground=True
2026-09-06T13:04:11.4059475+08:00 pid=78632 tid=12 left-down x=1602 y=1458 wordForeground=True
2026-09-06T13:05:18.1526377+08:00 pid=78632 tid=12 left-down x=851 y=1174 wordForeground=True
2026-09-06T13:06:17.3314876+08:00 pid=78632 tid=12 left-down x=1302 y=747 wordForeground=False
2026-09-06T13:08:47.9275499+08:00 pid=78632 tid=12 left-down x=1302 y=747 wordForeground=True
2026-09-06T13:09:21.3947676+08:00 pid=78632 tid=12 left-down x=807 y=1221 wordForeground=True
2026-09-06T13:09:26.4751445+08:00 pid=78632 tid=12 left-down x=2025 y=1437 wordForeground=False
2026-09-06T13:09:28.0103825+08:00 pid=78632 tid=12 left-down x=1854 y=1262 wordForeground=True
2026-09-06T13:09:29.1260826+08:00 pid=78632 tid=12 left-down x=1605 y=1330 wordForeground=True
2026-09-06T13:11:25.3620312+08:00 pid=78632 tid=12 left-down x=2024 y=1163 wordForeground=True
2026-09-06T13:14:21.5134197+08:00 pid=78632 tid=12 left-down x=801 y=1230 wordForeground=False
2026-09-06T13:14:41.5366765+08:00 pid=78632 tid=12 left-down x=909 y=1354 wordForeground=False
2026-09-06T13:16:12.8612479+08:00 pid=78632 tid=12 left-down x=854 y=1380 wordForeground=False
2026-09-06T13:16:14.7739139+08:00 pid=78632 tid=12 left-down x=1838 y=1436 wordForeground=False
2026-09-06T13:20:47.7572804+08:00 pid=78632 tid=12 left-down x=897 y=1337 wordForeground=True
2026-09-06T13:22:16.4909987+08:00 pid=78632 tid=12 left-down x=1079 y=2134 wordForeground=True
2026-09-06T13:23:30.9391469+08:00 pid=78632 tid=12 left-down x=912 y=1198 wordForeground=True
2026-09-06T13:23:56.2774340+08:00 pid=78632 tid=12 left-down x=300 y=15 wordForeground=False
2026-09-06T13:25:29.1465670+08:00 pid=78632 tid=12 left-down x=832 y=1274 wordForeground=True
2026-09-06T13:28:26.1756850+08:00 pid=78632 tid=12 left-down x=663 y=1262 wordForeground=False
2026-09-06T13:28:52.8527399+08:00 pid=78632 tid=12 left-down x=1317 y=747 wordForeground=False
2026-09-06T13:28:56.2146912+08:00 pid=78632 tid=12 left-down x=1792 y=747 wordForeground=False
2026-09-06T13:29:58.7481397+08:00 pid=78632 tid=12 left-down x=1317 y=747 wordForeground=False
2026-09-06T13:30:02.2087501+08:00 pid=78632 tid=12 left-down x=1792 y=747 wordForeground=False
2026-09-06T13:31:56.5937793+08:00 pid=78632 tid=12 left-down x=2024 y=1187 wordForeground=True
2026-09-06T13:33:21.3665934+08:00 pid=78632 tid=12 left-down x=895 y=904 wordForeground=False
2026-09-06T13:34:33.5446700+08:00 pid=78632 tid=12 left-down x=1838 y=860 wordForeground=True
2026-09-06T13:35:08.7580396+08:00 pid=78632 tid=12 left-down x=766 y=1265 wordForeground=False
2026-09-06T13:40:46.1247381+08:00 pid=78632 tid=12 left-down x=1317 y=747 wordForeground=False
2026-09-06T13:40:49.5797010+08:00 pid=78632 tid=12 left-down x=1792 y=747 wordForeground=False
2026-09-06T13:41:57.9971598+08:00 pid=78632 tid=12 left-down x=1317 y=747 wordForeground=False
2026-09-06T13:42:01.3019401+08:00 pid=78632 tid=12 left-down x=1792 y=747 wordForeground=False
2026-09-06T13:43:10.4346186+08:00 pid=78632 tid=12 left-down x=2024 y=1187 wordForeground=True
2026-09-06T13:51:23.1497289+08:00 pid=78632 tid=12 left-down x=1172 y=1508 wordForeground=True
2026-09-06T13:51:23.7526666+08:00 pid=78632 tid=12 left-down x=1172 y=1508 wordForeground=True
2026-09-06T13:52:14.4618244+08:00 pid=78632 tid=12 left-down x=1172 y=1088 wordForeground=True
2026-09-06T13:52:15.1049802+08:00 pid=78632 tid=12 left-down x=1172 y=1088 wordForeground=True
2026-09-06T13:56:10.6252722+08:00 pid=78632 tid=12 left-down x=1317 y=747 wordForeground=False
2026-09-06T13:56:13.9812102+08:00 pid=78632 tid=12 left-down x=1792 y=747 wordForeground=False
2026-09-06T13:57:06.2993145+08:00 pid=78632 tid=12 left-down x=1317 y=747 wordForeground=False
2026-09-06T13:57:09.7757825+08:00 pid=78632 tid=12 left-down x=1792 y=747 wordForeground=False
2026-09-06T13:58:06.1145145+08:00 pid=78632 tid=12 left-down x=2024 y=1187 wordForeground=True
2026-09-06T14:03:32.8424273+08:00 pid=78632 tid=12 left-down x=1317 y=747 wordForeground=False
2026-09-06T14:03:36.1058722+08:00 pid=78632 tid=12 left-down x=1792 y=747 wordForeground=False
2026-09-06T14:04:16.6416322+08:00 pid=78632 tid=12 left-down x=1317 y=747 wordForeground=False
2026-09-06T14:04:20.1091651+08:00 pid=78632 tid=12 left-down x=1792 y=747 wordForeground=False
2026-09-06T14:05:24.8100396+08:00 pid=78632 tid=12 left-down x=2024 y=1187 wordForeground=True
2026-09-06T14:07:17.0558515+08:00 pid=78632 tid=12 left-down x=1838 y=688 wordForeground=True
2026-09-06T14:08:16.6971790+08:00 pid=78632 tid=12 left-down x=1141 y=1508 wordForeground=True
2026-09-06T14:08:17.3197646+08:00 pid=78632 tid=12 left-down x=1141 y=1508 wordForeground=True
2026-09-06T14:13:46.7363245+08:00 pid=78632 tid=12 left-down x=1141 y=1508 wordForeground=True
2026-09-06T14:13:47.3032057+08:00 pid=78632 tid=12 left-down x=1141 y=1508 wordForeground=True
2026-09-06T14:16:20.4072082+08:00 pid=78632 tid=12 left-down x=1317 y=747 wordForeground=False
2026-09-06T14:16:23.7755257+08:00 pid=78632 tid=12 left-down x=1792 y=747 wordForeground=False
2026-09-06T14:17:35.4509758+08:00 pid=78632 tid=12 left-down x=1317 y=747 wordForeground=False
2026-09-06T14:17:38.9606887+08:00 pid=78632 tid=12 left-down x=1792 y=747 wordForeground=False
2026-09-06T14:18:31.4883447+08:00 pid=78632 tid=12 left-down x=2024 y=1187 wordForeground=True
2026-09-06T14:20:28.5299793+08:00 pid=78632 tid=12 left-down x=1838 y=860 wordForeground=True
2026-09-06T14:21:51.1526818+08:00 pid=78632 tid=12 left-down x=1172 y=1568 wordForeground=True
2026-09-06T14:21:51.7076102+08:00 pid=78632 tid=12 left-down x=1172 y=1568 wordForeground=True
2026-09-06T14:22:32.9967920+08:00 pid=78632 tid=12 left-down x=1382 y=1120 wordForeground=False
2026-09-06T14:22:35.4784777+08:00 pid=78632 tid=12 left-down x=2178 y=458 wordForeground=False
2026-09-06T14:22:38.1301496+08:00 pid=78632 tid=12 left-down x=2492 y=460 wordForeground=False
2026-09-06T14:30:54.6839915+08:00 pid=78632 tid=12 left-down x=1382 y=1120 wordForeground=False
2026-09-06T14:30:56.9714422+08:00 pid=78632 tid=12 left-down x=2178 y=458 wordForeground=False
2026-09-06T14:30:59.3049844+08:00 pid=78632 tid=12 left-down x=2492 y=460 wordForeground=False
2026-09-06T14:32:40.3248844+08:00 pid=78632 tid=12 left-down x=2332 y=460 wordForeground=False
2026-09-06T14:37:40.7490251+08:00 pid=78632 tid=12 left-down x=1382 y=1120 wordForeground=False
2026-09-06T14:37:43.3865316+08:00 pid=78632 tid=12 left-down x=2332 y=460 wordForeground=False
2026-09-06T14:37:45.8046372+08:00 pid=78632 tid=12 left-down x=2492 y=460 wordForeground=False
2026-09-06T14:39:06.5557313+08:00 pid=78632 tid=12 left-down x=2024 y=1259 wordForeground=True
2026-09-06T14:39:15.0852060+08:00 pid=78632 tid=12 left-down x=1838 y=688 wordForeground=True
2026-09-06T14:46:02.3715239+08:00 pid=78632 tid=12 left-down x=1838 y=860 wordForeground=True
2026-09-06T14:46:11.1449380+08:00 pid=78632 tid=12 left-down x=1382 y=1120 wordForeground=False
2026-09-06T14:47:27.7914123+08:00 pid=78632 tid=12 left-down x=2332 y=460 wordForeground=False
2026-09-06T14:47:30.5543474+08:00 pid=78632 tid=12 left-down x=2492 y=460 wordForeground=False
2026-09-06T14:48:35.6753810+08:00 pid=78632 tid=12 left-down x=2024 y=1259 wordForeground=True
2026-09-06T14:48:44.0862019+08:00 pid=78632 tid=12 left-down x=1838 y=688 wordForeground=True
2026-09-06T14:49:32.3657263+08:00 pid=78632 tid=12 left-down x=1136 y=1941 wordForeground=True
2026-09-06T14:49:33.0395335+08:00 pid=78632 tid=12 left-down x=1136 y=1941 wordForeground=True
2026-09-06T14:50:12.5033749+08:00 pid=78632 tid=12 left-down x=1838 y=860 wordForeground=True
2026-09-06T14:53:20.9358254+08:00 pid=78632 tid=12 left-down x=1838 y=688 wordForeground=True
2026-09-06T14:53:29.7810886+08:00 pid=78632 tid=12 left-down x=1382 y=1120 wordForeground=False
2026-09-06T14:53:32.5706689+08:00 pid=78632 tid=12 left-down x=2332 y=460 wordForeground=False
2026-09-06T14:53:34.9743501+08:00 pid=78632 tid=12 left-down x=2492 y=460 wordForeground=False
2026-09-06T14:55:35.3241493+08:00 pid=78632 tid=12 left-down x=2024 y=1187 wordForeground=True
2026-09-06T14:59:39.8355822+08:00 pid=78632 tid=12 left-down x=1776 y=1270 wordForeground=False
2026-09-06T15:07:01.2252748+08:00 pid=78632 tid=12 left-down x=1140 y=1245 wordForeground=True
2026-09-06T15:07:01.6686738+08:00 pid=78632 tid=12 left-down x=1140 y=1245 wordForeground=True
2026-09-06T15:07:01.6716748+08:00 pid=78632 tid=12 double-click elapsedMs=442.987 withinX=True withinY=True nativeOleTarget=False suppressSecondDown=False dispatchCallback=True
2026-09-06T15:07:01.7813334+08:00 pid=78632 tid=6 callback-begin interceptedNativeOle=False x=1140 y=1245
2026-09-06T15:07:01.7823333+08:00 pid=78632 tid=6 addin-callback-received interceptedNativeOle=False x=1140 y=1245
2026-09-06T15:07:01.7823333+08:00 pid=78632 tid=6 callback-end
2026-09-06T15:07:01.7983334+08:00 pid=78632 tid=1 addin-coordinate-selection formulaId=<null> objectMode=<null>
2026-09-06T15:09:35.2040420+08:00 pid=78632 tid=12 left-down x=1776 y=1270 wordForeground=False
2026-09-06T15:21:10.3881872+08:00 pid=78632 tid=12 left-down x=1838 y=688 wordForeground=True
2026-09-06T15:21:34.8186568+08:00 pid=78632 tid=12 left-down x=1382 y=1120 wordForeground=False
2026-09-06T15:21:37.6254581+08:00 pid=78632 tid=12 left-down x=2332 y=460 wordForeground=False
2026-09-06T15:21:40.0116873+08:00 pid=78632 tid=12 left-down x=2492 y=460 wordForeground=False
2026-09-06T15:22:32.2451848+08:00 pid=78632 tid=12 left-down x=2024 y=1187 wordForeground=True
2026-09-06T15:26:36.4007181+08:00 pid=78632 tid=12 left-down x=1140 y=1088 wordForeground=True
2026-09-06T15:26:37.0534358+08:00 pid=78632 tid=12 left-down x=1140 y=1088 wordForeground=True
2026-09-06T15:27:08.8602643+08:00 pid=78632 tid=12 left-down x=1838 y=688 wordForeground=True
2026-09-06T15:27:51.3147019+08:00 pid=78632 tid=12 left-down x=1382 y=1120 wordForeground=False
2026-09-06T15:27:54.2842066+08:00 pid=78632 tid=12 left-down x=2332 y=460 wordForeground=False
2026-09-06T15:27:56.5514804+08:00 pid=78632 tid=12 left-down x=2492 y=460 wordForeground=False
2026-09-06T15:29:56.9042696+08:00 pid=78632 tid=12 left-down x=1776 y=1270 wordForeground=False
2026-09-06T15:30:42.9838360+08:00 pid=78632 tid=12 left-down x=2024 y=1187 wordForeground=True
2026-09-06T15:31:48.2299601+08:00 pid=78632 tid=12 left-down x=698 y=1234 wordForeground=False
2026-09-06T15:31:52.0671526+08:00 pid=78632 tid=12 left-down x=1685 y=1610 wordForeground=True
2026-09-06T15:33:03.0200449+08:00 pid=78632 tid=12 left-down x=1838 y=860 wordForeground=True
2026-09-06T15:33:48.0797681+08:00 pid=78632 tid=12 left-down x=219 y=1479 wordForeground=False
2026-09-06T15:33:54.3488692+08:00 pid=78632 tid=12 left-down x=1323 y=1598 wordForeground=False
2026-09-06T15:35:00.2159359+08:00 pid=78632 tid=12 left-down x=1170 y=1088 wordForeground=True
2026-09-06T15:35:00.8800723+08:00 pid=78632 tid=12 left-down x=1170 y=1088 wordForeground=True
2026-09-06T15:35:43.1608722+08:00 pid=78632 tid=12 left-down x=837 y=1166 wordForeground=False
2026-09-06T15:35:59.8580210+08:00 pid=78632 tid=12 left-down x=2078 y=1366 wordForeground=True
2026-09-06T15:37:05.0431858+08:00 pid=78632 tid=12 left-down x=1776 y=1270 wordForeground=False
2026-09-06T15:46:36.7903581+08:00 pid=78632 tid=12 left-down x=1838 y=688 wordForeground=True
2026-09-06T15:46:45.5547441+08:00 pid=78632 tid=12 left-down x=1382 y=1120 wordForeground=False
2026-09-06T15:46:48.6628736+08:00 pid=78632 tid=12 left-down x=2332 y=460 wordForeground=False
2026-09-06T15:46:50.7843333+08:00 pid=78632 tid=12 left-down x=2492 y=460 wordForeground=False
2026-09-06T15:49:12.6434033+08:00 pid=78632 tid=12 left-down x=1776 y=1270 wordForeground=False
2026-09-06T15:50:00.6281918+08:00 pid=78632 tid=12 left-down x=2024 y=1187 wordForeground=True
2026-09-06T15:50:09.6675154+08:00 pid=78632 tid=12 left-down x=1838 y=860 wordForeground=True
2026-09-06T15:54:09.0601270+08:00 pid=78632 tid=12 left-down x=1170 y=1118 wordForeground=True
2026-09-06T15:54:09.7836907+08:00 pid=78632 tid=12 left-down x=1170 y=1118 wordForeground=True
2026-09-06T15:54:20.2748866+08:00 pid=78632 tid=12 left-down x=1776 y=1270 wordForeground=False
2026-09-06T15:55:18.9464173+08:00 pid=78632 tid=12 left-down x=758 y=1250 wordForeground=False
2026-09-06T15:55:44.6945786+08:00 pid=78632 tid=12 left-down x=820 y=1253 wordForeground=False
2026-09-06T15:55:56.5364324+08:00 pid=78632 tid=12 left-down x=2051 y=1093 wordForeground=True
2026-09-06T15:57:04.4991519+08:00 pid=78632 tid=12 left-down x=763 y=1216 wordForeground=False
2026-09-06T15:57:06.8037308+08:00 pid=78632 tid=12 left-down x=2028 y=1110 wordForeground=True
2026-09-06T15:57:09.7648163+08:00 pid=78632 tid=12 left-down x=770 y=1090 wordForeground=False
2026-09-06T15:57:11.5185806+08:00 pid=78632 tid=12 left-down x=618 y=1046 wordForeground=False
2026-09-06T15:57:15.4753638+08:00 pid=78632 tid=12 left-down x=1892 y=402 wordForeground=False
2026-09-06T15:57:20.4375424+08:00 pid=78632 tid=12 left-down x=1965 y=1091 wordForeground=True
2026-09-06T15:57:23.9332719+08:00 pid=78632 tid=12 left-down x=717 y=1085 wordForeground=False
2026-09-06T15:57:26.1285639+08:00 pid=78632 tid=12 left-down x=620 y=1012 wordForeground=False
2026-09-06T15:57:28.9008500+08:00 pid=78632 tid=12 left-down x=1896 y=398 wordForeground=False
2026-09-06T15:57:33.5997212+08:00 pid=78632 tid=12 left-down x=1979 y=1077 wordForeground=True
2026-09-06T16:04:19.2454580+08:00 pid=78632 tid=12 left-down x=153 y=1448 wordForeground=False
2026-09-06T16:04:22.4546597+08:00 pid=78632 tid=12 left-down x=963 y=1227 wordForeground=False
2026-09-06T16:05:05.1545851+08:00 pid=78632 tid=12 left-down x=1838 y=688 wordForeground=True
2026-09-06T16:05:13.7912131+08:00 pid=78632 tid=12 left-down x=1382 y=1120 wordForeground=False
2026-09-06T16:05:16.6214164+08:00 pid=78632 tid=12 left-down x=2332 y=460 wordForeground=False
2026-09-06T16:05:19.1209658+08:00 pid=78632 tid=12 left-down x=2492 y=460 wordForeground=False
2026-09-06T16:06:52.1294297+08:00 pid=78632 tid=12 left-down x=1776 y=1270 wordForeground=False
2026-09-06T16:07:59.8328935+08:00 pid=78632 tid=12 left-down x=2024 y=1187 wordForeground=True
2026-09-06T16:08:20.6393159+08:00 pid=78632 tid=12 left-down x=1838 y=860 wordForeground=True
2026-09-06T16:12:07.8675097+08:00 pid=78632 tid=12 left-down x=1776 y=1270 wordForeground=False
2026-09-06T16:15:15.6245963+08:00 pid=78632 tid=12 left-down x=772 y=1266 wordForeground=False
2026-09-06T16:15:24.6354253+08:00 pid=78632 tid=12 left-down x=1844 y=1725 wordForeground=True
2026-09-06T16:18:11.3906373+08:00 pid=78632 tid=12 left-down x=1776 y=1270 wordForeground=False
2026-09-06T16:26:33.6761407+08:00 pid=78632 tid=12 left-down x=1382 y=1120 wordForeground=False
2026-09-06T16:26:36.3400239+08:00 pid=78632 tid=12 left-down x=2332 y=460 wordForeground=False
2026-09-06T16:26:38.5895605+08:00 pid=78632 tid=12 left-down x=2492 y=460 wordForeground=False
2026-09-06T16:27:40.9499726+08:00 pid=78632 tid=12 left-down x=713 y=1227 wordForeground=False
2026-09-06T16:27:46.7296003+08:00 pid=78632 tid=12 left-down x=1874 y=1436 wordForeground=True
2026-09-06T16:27:57.2821880+08:00 pid=78632 tid=12 left-down x=700 y=1238 wordForeground=False
2026-09-06T16:28:02.4960105+08:00 pid=78632 tid=12 left-down x=1742 y=1814 wordForeground=True
2026-09-06T16:28:19.8052060+08:00 pid=78632 tid=12 left-down x=2024 y=1187 wordForeground=True
2026-09-06T16:29:39.7323814+08:00 pid=78632 tid=12 left-down x=1172 y=1836 wordForeground=True
2026-09-06T16:29:40.3500051+08:00 pid=78632 tid=12 left-down x=1172 y=1836 wordForeground=True
2026-09-06T16:30:24.5314756+08:00 pid=78632 tid=12 left-down x=739 y=1231 wordForeground=False
2026-09-06T16:30:35.7668291+08:00 pid=78632 tid=12 left-down x=1776 y=1270 wordForeground=False
2026-09-06T16:40:50.1534856+08:00 pid=78632 tid=12 left-down x=1382 y=1120 wordForeground=False
2026-09-06T16:40:52.7887472+08:00 pid=78632 tid=12 left-down x=2332 y=460 wordForeground=False
2026-09-06T16:40:55.2798761+08:00 pid=78632 tid=12 left-down x=2492 y=460 wordForeground=False
2026-09-06T16:43:15.5053774+08:00 pid=78632 tid=12 left-down x=1776 y=1270 wordForeground=False
2026-09-06T16:44:46.3162262+08:00 pid=78632 tid=12 left-down x=2024 y=1187 wordForeground=True
2026-09-06T16:45:51.1371779+08:00 pid=78632 tid=12 left-down x=691 y=1252 wordForeground=False
2026-09-06T16:46:00.8073621+08:00 pid=78632 tid=12 left-down x=191 y=1485 wordForeground=False
2026-09-06T16:46:03.6563537+08:00 pid=78632 tid=12 left-down x=2508 y=1121 wordForeground=True
2026-09-06T16:47:31.5787022+08:00 pid=78632 tid=12 left-down x=776 y=1255 wordForeground=False
2026-09-06T16:47:44.6387490+08:00 pid=78632 tid=12 left-down x=710 y=994 wordForeground=False
2026-09-06T16:47:46.6184455+08:00 pid=78632 tid=12 left-down x=699 y=1023 wordForeground=False
2026-09-06T16:47:48.2582853+08:00 pid=78632 tid=12 left-down x=743 y=1042 wordForeground=False
2026-09-06T16:47:50.7505076+08:00 pid=78632 tid=12 left-down x=764 y=1021 wordForeground=False
2026-09-06T16:47:54.8012443+08:00 pid=78632 tid=12 left-down x=831 y=1077 wordForeground=False
2026-09-06T16:48:05.0919341+08:00 pid=78632 tid=12 left-down x=1046 y=1329 wordForeground=False
2026-09-06T16:48:39.1481149+08:00 pid=78632 tid=12 left-down x=271 y=1440 wordForeground=False
2026-09-06T16:48:40.9792913+08:00 pid=78632 tid=12 left-down x=253 y=1462 wordForeground=False
2026-09-06T16:48:44.3595063+08:00 pid=78632 tid=12 left-down x=270 y=1333 wordForeground=False
2026-09-06T16:48:47.0103332+08:00 pid=78632 tid=12 left-down x=196 y=705 wordForeground=False
2026-09-06T16:48:51.2830549+08:00 pid=78632 tid=12 left-down x=135 y=384 wordForeground=False
2026-09-06T16:58:19.1119296+08:00 pid=78632 tid=12 left-down x=1382 y=1120 wordForeground=False
2026-09-06T16:58:22.0788662+08:00 pid=78632 tid=12 left-down x=2332 y=460 wordForeground=False
2026-09-06T16:58:24.5236581+08:00 pid=78632 tid=12 left-down x=2492 y=460 wordForeground=False
2026-09-06T16:59:24.1678182+08:00 pid=78632 tid=12 left-down x=1776 y=1270 wordForeground=False
2026-09-06T17:00:18.8961414+08:00 pid=78632 tid=12 left-down x=2024 y=1187 wordForeground=True
2026-09-06T17:03:54.8455757+08:00 pid=78632 tid=12 left-down x=711 y=1181 wordForeground=False
2026-09-06T17:04:02.5774391+08:00 pid=78632 tid=12 left-down x=2039 y=1034 wordForeground=True
2026-09-06T17:04:12.1432183+08:00 pid=78632 tid=12 left-down x=759 y=1233 wordForeground=False
2026-09-06T17:06:41.1417802+08:00 pid=78632 tid=12 left-down x=672 y=1256 wordForeground=False
2026-09-06T17:06:49.9231716+08:00 pid=78632 tid=12 left-down x=250 y=1460 wordForeground=False
2026-09-06T17:06:52.9105161+08:00 pid=78632 tid=12 left-down x=902 y=1143 wordForeground=False
2026-09-06T17:08:07.2877108+08:00 pid=78632 tid=12 left-down x=1382 y=1120 wordForeground=False
2026-09-06T17:08:10.0337064+08:00 pid=78632 tid=12 left-down x=2332 y=460 wordForeground=False
2026-09-06T17:08:12.6303491+08:00 pid=78632 tid=12 left-down x=2492 y=460 wordForeground=False
2026-09-06T17:08:28.0306264+08:00 pid=78632 tid=12 left-down x=1776 y=1270 wordForeground=False
2026-09-06T17:08:41.1366993+08:00 pid=78632 tid=12 left-down x=2024 y=1187 wordForeground=True
2026-09-06T17:09:36.1211368+08:00 pid=78632 tid=12 left-down x=841 y=1058 wordForeground=False
2026-09-06T17:10:30.1397542+08:00 pid=78632 tid=12 left-down x=1945 y=1414 wordForeground=True
2026-09-06T17:10:34.1860783+08:00 pid=78632 tid=12 left-down x=782 y=1229 wordForeground=False
2026-09-06T17:10:37.6021406+08:00 pid=78632 tid=12 left-down x=720 y=1078 wordForeground=False
2026-09-06T17:10:40.7369364+08:00 pid=78632 tid=12 left-down x=607 y=974 wordForeground=False
2026-09-06T17:10:44.2308161+08:00 pid=78632 tid=12 left-down x=1871 y=407 wordForeground=False
2026-09-06T17:10:48.3389921+08:00 pid=78632 tid=12 left-down x=2301 y=1453 wordForeground=True
2026-09-06T17:11:36.8489497+08:00 pid=78632 tid=12 left-down x=1776 y=1270 wordForeground=False
2026-09-06T17:13:19.0596802+08:00 pid=78632 tid=12 left-down x=837 y=1224 wordForeground=False
2026-09-06T17:14:15.5710220+08:00 pid=78632 tid=12 left-down x=1838 y=688 wordForeground=True
2026-09-06T17:15:24.0662649+08:00 pid=78632 tid=12 left-down x=1141 y=1087 wordForeground=True
2026-09-06T17:15:24.5873189+08:00 pid=78632 tid=12 left-down x=1141 y=1087 wordForeground=True
2026-09-06T17:16:49.9402880+08:00 pid=78632 tid=12 left-down x=779 y=1278 wordForeground=False
2026-09-06T17:18:48.6930844+08:00 pid=78632 tid=12 left-down x=770 y=1201 wordForeground=False
2026-09-06T17:18:55.8374868+08:00 pid=78632 tid=12 left-down x=2258 y=1350 wordForeground=True
2026-09-06T17:20:33.8401178+08:00 pid=78632 tid=12 left-down x=1382 y=1120 wordForeground=False
2026-09-06T17:20:36.3818182+08:00 pid=78632 tid=12 left-down x=2332 y=460 wordForeground=False
2026-09-06T17:20:39.0790236+08:00 pid=78632 tid=12 left-down x=2492 y=460 wordForeground=False
2026-09-06T17:22:10.2761947+08:00 pid=78632 tid=12 left-down x=1935 y=1345 wordForeground=True
2026-09-06T17:22:13.6256247+08:00 pid=78632 tid=12 left-down x=1808 y=1615 wordForeground=True
2026-09-06T17:23:04.7964804+08:00 pid=78632 tid=12 left-down x=1776 y=1270 wordForeground=False
2026-09-06T17:23:33.0141604+08:00 pid=78632 tid=12 left-down x=2024 y=1187 wordForeground=True
2026-09-06T17:32:01.0423899+08:00 pid=78632 tid=12 left-down x=868 y=930 wordForeground=False
2026-09-06T17:32:12.7029485+08:00 pid=78632 tid=12 left-down x=716 y=707 wordForeground=False
2026-09-06T17:32:15.1955131+08:00 pid=78632 tid=12 left-down x=653 y=533 wordForeground=False
2026-09-06T17:32:18.5064531+08:00 pid=78632 tid=12 left-down x=1891 y=416 wordForeground=False
2026-09-06T17:34:01.8191950+08:00 pid=78632 tid=12 left-down x=1382 y=1120 wordForeground=False
2026-09-06T17:34:04.7804676+08:00 pid=78632 tid=12 left-down x=2332 y=460 wordForeground=False
2026-09-06T17:34:07.4635182+08:00 pid=78632 tid=12 left-down x=2492 y=460 wordForeground=False
2026-09-06T17:35:39.6720302+08:00 pid=78632 tid=12 left-down x=675 y=1190 wordForeground=False
2026-09-06T17:35:46.3661279+08:00 pid=78632 tid=12 left-down x=1961 y=1652 wordForeground=True
2026-09-06T17:35:49.4676541+08:00 pid=78632 tid=12 left-down x=1986 y=1555 wordForeground=True
2026-09-06T17:36:01.4066746+08:00 pid=78632 tid=12 left-down x=1382 y=1120 wordForeground=False
2026-09-06T17:36:04.1751327+08:00 pid=78632 tid=12 left-down x=2332 y=460 wordForeground=False
2026-09-06T17:36:06.8817970+08:00 pid=78632 tid=12 left-down x=2492 y=460 wordForeground=False
2026-09-06T17:38:54.3192675+08:00 pid=78632 tid=12 left-down x=813 y=1058 wordForeground=False
2026-09-06T17:39:06.2272605+08:00 pid=78632 tid=12 left-down x=2050 y=1012 wordForeground=True
2026-09-06T17:39:09.8845931+08:00 pid=78632 tid=12 left-down x=255 y=1492 wordForeground=False
2026-09-06T17:39:12.8003775+08:00 pid=78632 tid=12 left-down x=961 y=1043 wordForeground=False
2026-09-06T17:40:57.3210862+08:00 pid=78632 tid=12 left-down x=1382 y=1120 wordForeground=False
2026-09-06T17:40:59.8069785+08:00 pid=78632 tid=12 left-down x=2332 y=460 wordForeground=False
2026-09-06T17:41:02.1475203+08:00 pid=78632 tid=12 left-down x=2492 y=460 wordForeground=False
2026-09-06T17:41:58.6425538+08:00 pid=78632 tid=12 left-down x=1776 y=1270 wordForeground=False
2026-09-06T17:42:17.0779091+08:00 pid=78632 tid=12 left-down x=2024 y=1187 wordForeground=True
2026-09-06T17:44:01.0906883+08:00 pid=78632 tid=12 left-down x=596 y=1205 wordForeground=False
2026-09-06T17:44:21.7877963+08:00 pid=78632 tid=12 left-down x=2094 y=1018 wordForeground=True
2026-09-06T17:44:25.0844354+08:00 pid=78632 tid=12 left-down x=763 y=1215 wordForeground=False
2026-09-06T17:45:09.3995385+08:00 pid=78632 tid=12 left-down x=737 y=1273 wordForeground=False
2026-09-06T17:45:12.9754275+08:00 pid=78632 tid=12 left-down x=2357 y=1096 wordForeground=False
2026-09-06T17:47:34.0649281+08:00 pid=78632 tid=12 left-down x=894 y=1217 wordForeground=False
2026-09-06T17:47:53.3317626+08:00 pid=78632 tid=12 left-down x=1382 y=1120 wordForeground=False
2026-09-06T17:47:56.0647467+08:00 pid=78632 tid=12 left-down x=2332 y=460 wordForeground=False
2026-09-06T17:47:58.7613121+08:00 pid=78632 tid=12 left-down x=2492 y=460 wordForeground=False
2026-09-06T17:48:43.9730927+08:00 pid=78632 tid=12 left-down x=1776 y=1270 wordForeground=False
2026-09-06T17:48:59.4944681+08:00 pid=78632 tid=12 left-down x=2024 y=1187 wordForeground=True
2026-09-06T17:50:39.2739080+08:00 pid=78632 tid=12 left-down x=836 y=1237 wordForeground=False
2026-09-06T17:50:43.1211332+08:00 pid=78632 tid=12 left-down x=2059 y=1068 wordForeground=True
2026-09-06T17:51:48.5436202+08:00 pid=78632 tid=12 left-down x=607 y=1205 wordForeground=False
2026-09-06T17:51:51.8682590+08:00 pid=78632 tid=12 left-down x=1466 y=1103 wordForeground=False
2026-09-06T17:54:23.4339380+08:00 pid=78632 tid=12 left-down x=1382 y=1120 wordForeground=False
2026-09-06T17:54:26.6568311+08:00 pid=78632 tid=12 left-down x=2332 y=460 wordForeground=False
2026-09-06T17:54:29.4938671+08:00 pid=78632 tid=12 left-down x=2492 y=460 wordForeground=False
2026-09-06T17:55:24.0944060+08:00 pid=78632 tid=12 left-down x=1776 y=1270 wordForeground=False
2026-09-06T17:55:39.9344537+08:00 pid=78632 tid=12 left-down x=2024 y=1211 wordForeground=True
2026-09-06T17:57:00.5332052+08:00 pid=78632 tid=12 left-down x=808 y=1255 wordForeground=False
2026-09-06T17:57:09.5107683+08:00 pid=78632 tid=12 left-down x=1866 y=1723 wordForeground=True
2026-09-06T17:57:19.2436613+08:00 pid=78632 tid=12 left-down x=1905 y=1516 wordForeground=True
2026-09-06T17:58:43.2470613+08:00 pid=78632 tid=12 left-down x=1948 y=1269 wordForeground=True
2026-09-06T17:58:46.9835326+08:00 pid=78632 tid=12 left-down x=1778 y=1476 wordForeground=True
2026-09-06T17:58:51.0377649+08:00 pid=78632 tid=12 left-down x=1141 y=1482 wordForeground=True
2026-09-06T17:58:51.9764667+08:00 pid=78632 tid=12 left-down x=1141 y=1482 wordForeground=True
2026-09-06T17:59:18.6714126+08:00 pid=78632 tid=12 left-down x=1776 y=1270 wordForeground=False
2026-09-06T18:00:01.5655108+08:00 pid=78632 tid=12 left-down x=853 y=1268 wordForeground=False
2026-09-06T18:00:04.9594867+08:00 pid=78632 tid=12 left-down x=2132 y=1445 wordForeground=True
2026-09-06T18:02:53.2716803+08:00 pid=78632 tid=12 left-down x=705 y=1242 wordForeground=False
2026-09-06T18:02:58.0635565+08:00 pid=78632 tid=12 left-down x=2064 y=1539 wordForeground=True
2026-09-06T18:03:23.1811366+08:00 pid=78632 tid=12 left-down x=1776 y=1270 wordForeground=False
2026-09-06T18:08:47.9008740+08:00 pid=78632 tid=12 left-down x=765 y=1027 wordForeground=False
2026-09-06T18:08:52.1378144+08:00 pid=78632 tid=12 left-down x=247 y=1478 wordForeground=False
2026-09-06T18:08:55.8230819+08:00 pid=78632 tid=12 left-down x=664 y=936 wordForeground=False
2026-09-06T18:08:59.8435501+08:00 pid=78632 tid=12 left-down x=1877 y=399 wordForeground=False
2026-09-06T18:11:21.4744478+08:00 pid=78632 tid=12 left-down x=822 y=1270 wordForeground=False
2026-09-06T18:11:31.3368174+08:00 pid=78632 tid=12 left-down x=1265 y=1795 wordForeground=True
2026-09-06T18:13:08.8198134+08:00 pid=78632 tid=12 left-down x=1317 y=747 wordForeground=False
2026-09-06T18:13:11.1899843+08:00 pid=78632 tid=12 left-down x=1602 y=747 wordForeground=False
2026-09-06T18:13:27.6828762+08:00 pid=78632 tid=12 left-down x=1382 y=1120 wordForeground=False
2026-09-06T18:13:30.7102721+08:00 pid=78632 tid=12 left-down x=2332 y=460 wordForeground=False
2026-09-06T18:13:33.1369399+08:00 pid=78632 tid=12 left-down x=2492 y=460 wordForeground=False
2026-09-06T18:14:34.8431043+08:00 pid=78632 tid=12 left-down x=806 y=1212 wordForeground=False
2026-09-06T18:14:52.0093736+08:00 pid=78632 tid=12 left-down x=815 y=1228 wordForeground=False
2026-09-06T18:14:58.7750364+08:00 pid=78632 tid=12 left-down x=2177 y=1494 wordForeground=True
2026-09-06T18:15:02.5728328+08:00 pid=78632 tid=12 left-down x=2100 y=1471 wordForeground=True
2026-09-06T18:15:04.2717570+08:00 pid=78632 tid=12 left-down x=2019 y=1474 wordForeground=True
2026-09-06T18:15:04.7081556+08:00 pid=78632 tid=12 left-down x=2019 y=1475 wordForeground=True
2026-09-06T18:15:04.7091555+08:00 pid=78632 tid=12 double-click elapsedMs=436.423 withinX=True withinY=True nativeOleTarget=False suppressSecondDown=False dispatchCallback=True
2026-09-06T18:15:04.8097421+08:00 pid=78632 tid=6 callback-begin interceptedNativeOle=False x=2019 y=1475
2026-09-06T18:15:04.8097421+08:00 pid=78632 tid=6 addin-callback-received interceptedNativeOle=False x=2019 y=1475
2026-09-06T18:15:04.8097421+08:00 pid=78632 tid=6 callback-end
2026-09-06T18:15:04.8107426+08:00 pid=78632 tid=1 addin-coordinate-selection formulaId=<null> objectMode=<null>
2026-09-06T18:15:13.1678769+08:00 pid=78632 tid=12 left-down x=2639 y=748 wordForeground=True
2026-09-06T18:15:17.8937302+08:00 pid=78632 tid=12 left-down x=835 y=1292 wordForeground=False
2026-09-06T18:15:19.9270899+08:00 pid=78632 tid=12 left-down x=848 y=1359 wordForeground=False
2026-09-06T18:15:22.0512453+08:00 pid=78632 tid=12 left-down x=863 y=1433 wordForeground=False
2026-09-06T18:15:57.2260443+08:00 pid=78632 tid=12 left-down x=218 y=1472 wordForeground=False
2026-09-06T18:18:01.0634036+08:00 pid=78632 tid=12 left-down x=1317 y=747 wordForeground=False
2026-09-06T18:18:19.0042125+08:00 pid=78632 tid=12 left-down x=1382 y=1120 wordForeground=False
2026-09-06T18:18:22.3931370+08:00 pid=78632 tid=12 left-down x=2332 y=460 wordForeground=False
2026-09-06T18:18:25.0525880+08:00 pid=78632 tid=12 left-down x=2492 y=460 wordForeground=False
2026-09-06T18:19:41.9294639+08:00 pid=78632 tid=12 left-down x=1776 y=1270 wordForeground=False
2026-09-06T18:19:55.8358863+08:00 pid=78632 tid=12 left-down x=2024 y=1211 wordForeground=True
2026-09-06T18:22:19.6423216+08:00 pid=78632 tid=12 left-down x=2067 y=1076 wordForeground=True
2026-09-06T18:22:25.5299435+08:00 pid=78632 tid=12 left-down x=1136 y=1362 wordForeground=False
2026-09-06T18:22:56.0535605+08:00 pid=78632 tid=12 left-down x=2228 y=1331 wordForeground=False
2026-09-06T18:23:01.7056985+08:00 pid=78632 tid=12 left-down x=684 y=811 wordForeground=False
2026-09-06T18:23:04.1697275+08:00 pid=78632 tid=12 left-down x=677 y=753 wordForeground=False
2026-09-06T18:23:10.4347776+08:00 pid=78632 tid=12 left-down x=1890 y=411 wordForeground=False
2026-09-06T18:23:16.2278144+08:00 pid=78632 tid=12 left-down x=1381 y=2159 wordForeground=False
2026-09-06T18:23:25.1852420+08:00 pid=78632 tid=12 left-down x=803 y=1363 wordForeground=False
2026-09-06T18:25:28.1479983+08:00 pid=78632 tid=12 left-down x=1245 y=1142 wordForeground=False
2026-09-06T18:25:33.3637447+08:00 pid=78632 tid=12 left-down x=227 y=1461 wordForeground=False
2026-09-06T18:25:38.8944937+08:00 pid=78632 tid=12 left-down x=830 y=1233 wordForeground=False
