2026-09-06T17:48:04.1800539+08:00 pid=27936 [perf] ConvertedOmmlBatch.inventory: +1293ms (1293ms)
2026-09-06T17:48:04.1910547+08:00 pid=27936 [perf] ConvertedOmmlBatch.number-plan: +12ms (1305ms)
2026-09-06T17:48:04.4371348+08:00 pid=27936 [perf] ConvertedOmmlBatch.locate-target: +247ms (1552ms)
2026-09-06T17:48:04.4441335+08:00 pid=27936 [perf] ConvertedOmmlBatch.true-display-native-resolve-display: +6ms (1558ms)
2026-09-06T17:48:04.4850930+08:00 pid=27936 [perf] ConvertedOmmlBatch.true-display-native-clear-artifacts: +42ms (1600ms)
2026-09-06T17:48:04.6687140+08:00 pid=27936 [perf] ConvertedOmmlBatch.true-display-native-measure-display: +183ms (1783ms)
2026-09-06T17:48:04.7239394+08:00 pid=27936 [perf] ConvertedOmmlBatch.true-display-native-ensure-table: +56ms (1839ms)
2026-09-06T17:48:04.7269401+08:00 pid=27936 [perf] ConvertedOmmlBatch.true-display-native-resolve-table-formula: +2ms (1841ms)
2026-09-06T17:48:04.7269401+08:00 pid=27936 [perf] ConvertedOmmlBatch.true-display-native-height-repair: +0ms (1841ms)
2026-09-06T17:48:04.8922772+08:00 pid=27936 [perf] ConvertedOmmlBatch.true-display-native-geometry: +166ms (2007ms)
2026-09-06T17:48:04.8922772+08:00 pid=27936 [perf] ConvertedOmmlBatch.true-display-native-1x3-table: +0ms (2007ms)
2026-09-06T17:48:04.8932772+08:00 pid=27936 [perf] ConvertedOmmlBatch.true-display-direct-number-plan: +1ms (2008ms)
2026-09-06T17:48:05.4251545+08:00 pid=27936 [perf] ConvertedOmmlBatch.true-display-direct-visible-seq: +532ms (2540ms)
2026-09-06T17:48:05.5773578+08:00 pid=27936 [perf] ConvertedOmmlBatch.true-display-native-post-table-spacing: +152ms (2692ms)
2026-09-06T17:48:05.6947182+08:00 pid=27936 [perf] ConvertedOmmlBatch.true-display-native-wrap-identity: +117ms (2809ms)
2026-09-06T17:48:05.6957166+08:00 pid=27936 [perf] ConvertedOmmlBatch.true-display-host: +1ms (2810ms)
2026-09-06T17:48:05.8825323+08:00 pid=27936 [perf] ConvertedOmmlBatch.repair-identity: +187ms (2997ms)
2026-09-06T17:48:06.1349395+08:00 pid=27936 [perf] ConvertedOmmlBatch.locate-target: +252ms (3249ms)
2026-09-06T17:48:06.1399396+08:00 pid=27936 [perf] ConvertedOmmlBatch.true-display-native-resolve-display: +5ms (3254ms)
2026-09-06T17:48:06.1841641+08:00 pid=27936 [perf] ConvertedOmmlBatch.true-display-native-clear-artifacts: +44ms (3298ms)
2026-09-06T17:48:06.4039101+08:00 pid=27936 [perf] ConvertedOmmlBatch.true-display-native-measure-display: +220ms (3518ms)
2026-09-06T17:48:06.4456795+08:00 pid=27936 [perf] ConvertedOmmlBatch.true-display-native-ensure-table: +42ms (3560ms)
2026-09-06T17:48:06.4493313+08:00 pid=27936 [perf] ConvertedOmmlBatch.true-display-native-resolve-table-formula: +3ms (3563ms)
2026-09-06T17:48:06.4493313+08:00 pid=27936 [perf] ConvertedOmmlBatch.true-display-native-height-repair: +1ms (3564ms)
2026-09-06T17:48:06.6523647+08:00 pid=27936 [perf] ConvertedOmmlBatch.true-display-native-geometry: +203ms (3767ms)
2026-09-06T17:48:06.6533646+08:00 pid=27936 [perf] ConvertedOmmlBatch.true-display-native-1x3-table: +0ms (3767ms)
2026-09-06T17:48:06.6533646+08:00 pid=27936 [perf] ConvertedOmmlBatch.true-display-direct-number-plan: +1ms (3768ms)
2026-09-06T17:48:07.1742421+08:00 pid=27936 [perf] ConvertedOmmlBatch.true-display-direct-visible-seq: +520ms (4288ms)
2026-09-06T17:48:07.3080783+08:00 pid=27936 [perf] ConvertedOmmlBatch.true-display-native-post-table-spacing: +135ms (4423ms)
2026-09-06T17:48:07.4216599+08:00 pid=27936 [perf] ConvertedOmmlBatch.true-display-native-wrap-identity: +113ms (4536ms)
2026-09-06T17:48:07.4226604+08:00 pid=27936 [perf] ConvertedOmmlBatch.true-display-host: +1ms (4537ms)
2026-09-06T17:48:07.5875270+08:00 pid=27936 [perf] ConvertedOmmlBatch.repair-identity: +165ms (4702ms)
2026-09-06T17:48:07.8298231+08:00 pid=27936 [perf] ConvertedOmmlBatch.locate-target: +242ms (4944ms)
2026-09-06T17:48:07.8348258+08:00 pid=27936 [perf] ConvertedOmmlBatch.true-display-native-resolve-display: +5ms (4949ms)
2026-09-06T17:48:07.8742717+08:00 pid=27936 [perf] ConvertedOmmlBatch.true-display-native-clear-artifacts: +39ms (4988ms)
2026-09-06T17:48:08.1638930+08:00 pid=27936 [perf] ConvertedOmmlBatch.true-display-native-measure-display: +291ms (5279ms)
2026-09-06T17:48:08.2469902+08:00 pid=27936 [perf] ConvertedOmmlBatch.true-display-native-ensure-table: +82ms (5361ms)
2026-09-06T17:48:08.2529924+08:00 pid=27936 [perf] ConvertedOmmlBatch.true-display-native-resolve-table-formula: +7ms (5368ms)
2026-09-06T17:48:08.2539927+08:00 pid=27936 [perf] ConvertedOmmlBatch.true-display-native-height-repair: +0ms (5368ms)
2026-09-06T17:48:08.5197344+08:00 pid=27936 [perf] ConvertedOmmlBatch.true-display-native-geometry: +266ms (5634ms)
2026-09-06T17:48:08.5207377+08:00 pid=27936 [perf] ConvertedOmmlBatch.true-display-native-1x3-table: +1ms (5635ms)
2026-09-06T17:48:08.5207377+08:00 pid=27936 [perf] ConvertedOmmlBatch.true-display-direct-number-plan: +0ms (5635ms)
2026-09-06T17:48:09.0804791+08:00 pid=27936 [perf] ConvertedOmmlBatch.true-display-direct-visible-seq: +559ms (6194ms)
2026-09-06T17:48:09.2186630+08:00 pid=27936 [perf] ConvertedOmmlBatch.true-display-native-post-table-spacing: +139ms (6333ms)
2026-09-06T17:48:09.3323528+08:00 pid=27936 [perf] ConvertedOmmlBatch.true-display-native-wrap-identity: +114ms (6447ms)
2026-09-06T17:48:09.3333527+08:00 pid=27936 [perf] ConvertedOmmlBatch.true-display-host: +0ms (6447ms)
2026-09-06T17:48:09.4842483+08:00 pid=27936 [perf] ConvertedOmmlBatch.repair-identity: +152ms (6599ms)
2026-09-06T17:48:09.7136214+08:00 pid=27936 [perf] ConvertedOmmlBatch.locate-target: +229ms (6828ms)
2026-09-06T17:48:09.7196219+08:00 pid=27936 [perf] ConvertedOmmlBatch.true-display-native-resolve-display: +6ms (6834ms)
2026-09-06T17:48:09.7547307+08:00 pid=27936 [perf] ConvertedOmmlBatch.true-display-native-clear-artifacts: +35ms (6869ms)
2026-09-06T17:48:09.9573058+08:00 pid=27936 [perf] ConvertedOmmlBatch.true-display-native-measure-display: +203ms (7072ms)
2026-09-06T17:48:10.0038348+08:00 pid=27936 [perf] ConvertedOmmlBatch.true-display-native-ensure-table: +46ms (7118ms)
2026-09-06T17:48:10.0078345+08:00 pid=27936 [perf] ConvertedOmmlBatch.true-display-native-resolve-table-formula: +4ms (7122ms)
2026-09-06T17:48:10.0078345+08:00 pid=27936 [perf] ConvertedOmmlBatch.true-display-native-height-repair: +0ms (7122ms)
2026-09-06T17:48:10.2365061+08:00 pid=27936 [perf] ConvertedOmmlBatch.true-display-native-geometry: +229ms (7351ms)
2026-09-06T17:48:10.2365061+08:00 pid=27936 [perf] ConvertedOmmlBatch.true-display-native-1x3-table: +0ms (7351ms)
2026-09-06T17:48:10.2365061+08:00 pid=27936 [perf] ConvertedOmmlBatch.true-display-direct-number-plan: +0ms (7351ms)
2026-09-06T17:48:10.8173925+08:00 pid=27936 [perf] ConvertedOmmlBatch.true-display-direct-visible-seq: +581ms (7932ms)
2026-09-06T17:48:10.9579880+08:00 pid=27936 [perf] ConvertedOmmlBatch.true-display-native-post-table-spacing: +140ms (8072ms)
2026-09-06T17:48:11.0782669+08:00 pid=27936 [perf] ConvertedOmmlBatch.true-display-native-wrap-identity: +121ms (8193ms)
2026-09-06T17:48:11.0792770+08:00 pid=27936 [perf] ConvertedOmmlBatch.true-display-host: +0ms (8193ms)
2026-09-06T17:48:11.2296757+08:00 pid=27936 [perf] ConvertedOmmlBatch.repair-identity: +151ms (8344ms)
2026-09-06T17:48:11.4770928+08:00 pid=27936 [perf] ConvertedOmmlBatch.locate-target: +248ms (8592ms)
2026-09-06T17:48:11.4830908+08:00 pid=27936 [perf] ConvertedOmmlBatch.true-display-native-resolve-display: +5ms (8597ms)
2026-09-06T17:48:11.5169083+08:00 pid=27936 [perf] ConvertedOmmlBatch.true-display-native-clear-artifacts: +35ms (8632ms)
2026-09-06T17:48:11.7122704+08:00 pid=27936 [perf] ConvertedOmmlBatch.true-display-native-measure-display: +194ms (8826ms)
2026-09-06T17:48:11.7571149+08:00 pid=27936 [perf] ConvertedOmmlBatch.true-display-native-ensure-table: +45ms (8871ms)
2026-09-06T17:48:11.7591148+08:00 pid=27936 [perf] ConvertedOmmlBatch.true-display-native-resolve-table-formula: +2ms (8873ms)
2026-09-06T17:48:11.7591148+08:00 pid=27936 [perf] ConvertedOmmlBatch.true-display-native-height-repair: +0ms (8873ms)
2026-09-06T17:48:11.9828385+08:00 pid=27936 [perf] ConvertedOmmlBatch.true-display-native-geometry: +225ms (9098ms)
2026-09-06T17:48:11.9838425+08:00 pid=27936 [perf] ConvertedOmmlBatch.true-display-native-1x3-table: +0ms (9098ms)
2026-09-06T17:48:11.9838425+08:00 pid=27936 [perf] ConvertedOmmlBatch.true-display-direct-number-plan: +0ms (9098ms)
2026-09-06T17:48:12.5659861+08:00 pid=27936 [perf] ConvertedOmmlBatch.true-display-direct-visible-seq: +582ms (9680ms)
2026-09-06T17:48:12.6839510+08:00 pid=27936 [perf] ConvertedOmmlBatch.true-display-native-wrap-identity: +119ms (9799ms)
2026-09-06T17:48:12.6849511+08:00 pid=27936 [perf] ConvertedOmmlBatch.true-display-host: +0ms (9799ms)
2026-09-06T17:48:12.8436356+08:00 pid=27936 [perf] ConvertedOmmlBatch.repair-identity: +159ms (9958ms)
