2026-09-06T16:25:57.9428611+08:00 pid=100440 tid=1 word-addin-loaded pid=100440 assembly=C:\Users\pojian_liao\AppData\Local\VisualTeX\office\remediation-builds\9B1E83F90D737B4FE6DC9D752F1C25E9BED91321747523071F2B59169A35D3BF\VisualTeX.WordVsto.dll mvid=2cb540ca-702b-4068-92b6-892bf87f3f74
2026-09-06T16:25:58.3487580+08:00 pid=100440 tid=1 hook-started handle=0x26091
2026-09-06T16:25:58.5890020+08:00 pid=100440 tid=10 mathtype-native-preview-shared-prewarm-complete
2026-09-06T16:26:28.3438083+08:00 pid=100440 tid=1 bulk-import bulk-import-start
2026-09-06T16:26:28.4249535+08:00 pid=100440 tid=17 bulk-import bulk-import-ui-created sessionId=81f5f3cc-7f5e-4fbf-8773-d0b5e4cff84d
2026-09-06T16:26:28.4289520+08:00 pid=100440 tid=17 bulk-import bulk-import-ui-opened sessionId=81f5f3cc-7f5e-4fbf-8773-d0b5e4cff84d
2026-09-06T16:26:32.3254683+08:00 pid=100440 tid=12 left-down x=1382 y=1120 wordForeground=False
2026-09-06T16:26:35.3205734+08:00 pid=100440 tid=12 left-down x=2332 y=460 wordForeground=False
2026-09-06T16:26:37.6394698+08:00 pid=100440 tid=12 left-down x=2492 y=460 wordForeground=False
2026-09-06T16:26:40.7017486+08:00 pid=100440 tid=17 bulk-import bulk-import-ui-finished sessionId=81f5f3cc-7f5e-4fbf-8773-d0b5e4cff84d status=committing error=<null>
2026-09-06T16:26:40.7087487+08:00 pid=100440 tid=17 bulk-import parsed blocks=15 formulas=6 mode=Ole fontSizePt=10.5
2026-09-06T16:26:40.7255939+08:00 pid=100440 tid=17 bulk-import render-prepare index=1/6 display=inline latex=\sqrt{E-u\left(x\right)}=\frac{1}{f\left(\omega\right)v_{ph}\left(\omega,x\right)}
2026-09-06T16:26:40.7286465+08:00 pid=100440 tid=17 bulk-import converter-create display=inline mode=nativeOle latex=\sqrt{E-u\left(x\right)}=\frac{1}{f\left(\omega\right)v_{ph}\left(\omega,x\right)}
2026-09-06T16:26:40.7361695+08:00 pid=100440 tid=22 bulk-import converter-created sessionId=45bc86a4-c753-4e01-905d-7149e609e099
2026-09-06T16:26:40.7371698+08:00 pid=100440 tid=22 bulk-import render-prepare index=2/6 display=block latex=\begin{cases}\frac{\mathrm{d}}{\mathrm{d}\omega}\left(\omega f\left(\omega\right)\right)=0 \\ \frac{\omega f\left(\omega\right)}{2}\frac{\mathrm{d}E\left(\omega\right)}{\mathrm{d}\omega}=\sqrt{\frac{m}{2}} \end{cases}
2026-09-06T16:26:40.7371698+08:00 pid=100440 tid=22 bulk-import converter-create display=block mode=nativeOle latex=\begin{cases}\frac{\mathrm{d}}{\mathrm{d}\omega}\left(\omega f\left(\omega\right)\right)=0 \\ \frac{\omega f\left(\omega\right)}{2}\frac{\mathrm{d}E\left(\omega\right)}{\mathrm{d}\omega}=\sqrt{\frac{m}{2}} \end{cases}
2026-09-06T16:26:40.7401725+08:00 pid=100440 tid=21 bulk-import converter-created sessionId=8ae8085b-b88f-4c57-8ca7-bb6ca779cd97
2026-09-06T16:26:40.7411695+08:00 pid=100440 tid=21 bulk-import render-prepare index=3/6 display=block latex=\sqrt{\frac{m}{2\left(E\left(\omega\right)-U\right)}}=\frac{\mathrm{d}}{\mathrm{d}\omega}\left(\omega\cdot f\left(\omega\right)\sqrt{\left(E\left(\omega\right)-U\right)}\right)
2026-09-06T16:26:40.7411695+08:00 pid=100440 tid=21 bulk-import converter-create display=block mode=nativeOle latex=\sqrt{\frac{m}{2\left(E\left(\omega\right)-U\right)}}=\frac{\mathrm{d}}{\mathrm{d}\omega}\left(\omega\cdot f\left(\omega\right)\sqrt{\left(E\left(\omega\right)-U\right)}\right)
2026-09-06T16:26:40.7451696+08:00 pid=100440 tid=22 bulk-import converter-created sessionId=56011d67-1458-4ca9-ad35-4a926ffb51ea
2026-09-06T16:26:40.7451696+08:00 pid=100440 tid=22 bulk-import render-prepare index=4/6 display=block latex=i\hbar \frac{\partial}{\partial t}\psi(\mathbf{r},t) = \left[ -\frac{\hbar^2}{2m}\nabla^2 + V(\mathbf{r},t) \right]\psi(\mathbf{r},t)
2026-09-06T16:26:40.7461705+08:00 pid=100440 tid=22 bulk-import converter-create display=block mode=nativeOle latex=i\hbar \frac{\partial}{\partial t}\psi(\mathbf{r},t) = \left[ -\frac{\hbar^2}{2m}\nabla^2 + V(\mathbf{r},t) \right]\psi(\mathbf{r},t)
2026-09-06T16:26:40.7501694+08:00 pid=100440 tid=21 bulk-import converter-created sessionId=a7063ed7-c157-4c94-a0f3-854e44bbf746
2026-09-06T16:26:40.7511692+08:00 pid=100440 tid=21 bulk-import render-prepare index=5/6 display=block latex=\frac{\partial}{\partial t}\psi ^*\left( \vec{r} \right) \psi \left( \vec{r} \right) =\frac{i\hbar}{2m}\nabla \cdot \left[ \psi ^*\left( \vec{r} \right) \nabla \psi \left( \vec{r} \right) -\psi \left( \vec{r} \right) \nabla \psi ^*\left( r \right) \right]
2026-09-06T16:26:40.7511692+08:00 pid=100440 tid=21 bulk-import converter-create display=block mode=nativeOle latex=\frac{\partial}{\partial t}\psi ^*\left( \vec{r} \right) \psi \left( \vec{r} \right) =\frac{i\hbar}{2m}\nabla \cdot \left[ \psi ^*\left( \vec{r} \right) \nabla \psi \left( \vec{r} \right) -\psi \left( \vec{r} \right) \nabla \psi ^*\left( r \right) \right]
2026-09-06T16:26:40.7541712+08:00 pid=100440 tid=22 bulk-import converter-created sessionId=77fad8c0-277a-4953-a315-24738ec0abc3
2026-09-06T16:26:40.7551738+08:00 pid=100440 tid=22 bulk-import render-prepare index=6/6 display=block latex=\frac{\partial}{\partial t}\rho \left( \vec{r},t \right) +\nabla \cdot \vec{j}=0
2026-09-06T16:26:40.7551738+08:00 pid=100440 tid=22 bulk-import converter-create display=block mode=nativeOle latex=\frac{\partial}{\partial t}\rho \left( \vec{r},t \right) +\nabla \cdot \vec{j}=0
2026-09-06T16:26:40.7582429+08:00 pid=100440 tid=21 bulk-import converter-created sessionId=195b7ee0-f80c-48cb-ad5e-3352fec6f2f9
2026-09-06T16:26:40.7582429+08:00 pid=100440 tid=21 bulk-import render-batch-start unique=6 total=6
2026-09-06T16:26:40.9363765+08:00 pid=100440 tid=22 bulk-import render-batch-item sessionId=45bc86a4-c753-4e01-905d-7149e609e099 status=committing display=inline
2026-09-06T16:26:41.0495087+08:00 pid=100440 tid=21 bulk-import render-batch-item sessionId=8ae8085b-b88f-4c57-8ca7-bb6ca779cd97 status=committing display=block
2026-09-06T16:26:41.1532866+08:00 pid=100440 tid=22 bulk-import render-batch-item sessionId=56011d67-1458-4ca9-ad35-4a926ffb51ea status=committing display=block
2026-09-06T16:26:41.2595029+08:00 pid=100440 tid=21 bulk-import render-batch-item sessionId=a7063ed7-c157-4c94-a0f3-854e44bbf746 status=committing display=block
2026-09-06T16:26:41.3634750+08:00 pid=100440 tid=22 bulk-import render-batch-item sessionId=77fad8c0-277a-4953-a315-24738ec0abc3 status=committing display=block
2026-09-06T16:26:41.4636621+08:00 pid=100440 tid=21 bulk-import render-batch-item sessionId=195b7ee0-f80c-48cb-ad5e-3352fec6f2f9 status=committing display=block
2026-09-06T16:26:41.4636621+08:00 pid=100440 tid=21 bulk-import render-batch-complete unique=6 elapsedMs=704
2026-09-06T16:26:41.6055116+08:00 pid=100440 tid=1 word-undo-begin name=VisualTeX 批量导入 recording=False level=0
2026-09-06T16:26:41.6055116+08:00 pid=100440 tid=1 word-undo-started name=VisualTeX 批量导入 recording=True level=1
2026-09-06T16:26:43.6273003+08:00 pid=100440 tid=1 bulk-import-ole-identities-finalized repaired=5
2026-09-06T16:26:43.6293008+08:00 pid=100440 tid=1 word-undo-end recording=False level=0
2026-09-06T16:26:43.6293008+08:00 pid=100440 tid=19 bulk-import bulk-insert-complete blocks=15 formulas=6 elapsedMs=2163
2026-09-06T16:26:43.6293008+08:00 pid=100440 tid=19 bulk-import bulk-import-complete blocks=15 formulas=6 elapsedMs=15284
2026-09-06T16:26:43.6302997+08:00 pid=100440 tid=19 bulk-import bulk-operation-gate-released
2026-09-06T16:26:43.6712971+08:00 pid=100440 tid=16 office-session-finalization-complete sessions=7 completed=True
2026-09-06T16:27:32.3940279+08:00 pid=100440 tid=5 ribbon-session-operation-released sessionId=c9cd8809-0d2e-40f1-893c-e0fff390a3ac
2026-09-06T16:27:39.7170798+08:00 pid=100440 tid=12 left-down x=713 y=1227 wordForeground=True
2026-09-06T16:27:45.7925613+08:00 pid=100440 tid=12 left-down x=1874 y=1436 wordForeground=True
2026-09-06T16:27:56.2528369+08:00 pid=100440 tid=12 left-down x=700 y=1238 wordForeground=True
2026-09-06T16:28:01.6515379+08:00 pid=100440 tid=12 left-down x=1742 y=1814 wordForeground=False
2026-09-06T16:28:18.8073062+08:00 pid=100440 tid=12 left-down x=2024 y=1187 wordForeground=True
2026-09-06T16:28:25.3967561+08:00 pid=100440 tid=1 word-undo-begin name=VisualTeX Insert Equation Reference recording=False level=0
2026-09-06T16:28:25.3977562+08:00 pid=100440 tid=1 word-undo-started name=VisualTeX Insert Equation Reference recording=True level=1
2026-09-06T16:28:25.4658217+08:00 pid=100440 tid=1 word-undo-end recording=True level=1
2026-09-06T16:28:25.4668212+08:00 pid=100440 tid=1 reference-insertion-complete target=VisualTeX 公式 (0.0-2)
2026-09-06T16:29:38.6213790+08:00 pid=100440 tid=12 left-down x=1172 y=1836 wordForeground=True
2026-09-06T16:29:39.2351255+08:00 pid=100440 tid=12 left-down x=1172 y=1836 wordForeground=True
2026-09-06T16:30:23.3607106+08:00 pid=100440 tid=12 left-down x=739 y=1231 wordForeground=True
2026-09-06T16:30:34.5643153+08:00 pid=100440 tid=12 left-down x=1776 y=1270 wordForeground=False
2026-09-06T16:30:38.5582566+08:00 pid=100440 tid=1 word-undo-begin name=VisualTeX Convert or Update Native OLE Formula recording=False level=0
2026-09-06T16:30:38.5592571+08:00 pid=100440 tid=1 word-undo-started name=VisualTeX Convert or Update Native OLE Formula recording=True level=1
2026-09-06T16:30:38.5642564+08:00 pid=100440 tid=1 format-conversion-subperf [perf] ReplaceOle.locate-target: +5ms (5ms total)
2026-09-06T16:30:38.5802569+08:00 pid=100440 tid=1 format-conversion-subperf [perf] ReplaceOle.update-native-object: +17ms (22ms total)
2026-09-06T16:30:38.6042586+08:00 pid=100440 tid=1 format-conversion-subperf [perf] ReplaceOle.configure: +24ms (46ms total)
2026-09-06T16:30:38.8108552+08:00 pid=100440 tid=1 format-conversion-subperf [perf] ReplaceOle.reconcile: +206ms (252ms total)
2026-09-06T16:30:38.8118563+08:00 pid=100440 tid=1 format-conversion-subperf [perf] ReplaceOle.selection: +1ms (253ms total)
2026-09-06T16:30:38.8228557+08:00 pid=100440 tid=1 word-undo-end recording=True level=1
2026-09-06T16:30:38.8278553+08:00 pid=100440 tid=37 ribbon-session-operation-released sessionId=9af71fd4-722d-4947-a1e1-8cbcf04119b7
2026-09-06T16:31:43.4743241+08:00 pid=100440 tid=1 format-conversion-start sourceMode=nativeOle targetMode=wordOmml wholeDocument=True
2026-09-06T16:31:43.4873209+08:00 pid=100440 tid=1 format-conversion-plan-perf stage=shape-access source=nativeOle index=1/6 deltaMs=0 totalMs=0
2026-09-06T16:31:43.4883206+08:00 pid=100440 tid=1 format-conversion-plan-perf stage=shape-range source=nativeOle index=1/6 deltaMs=1 totalMs=1
2026-09-06T16:31:43.5025825+08:00 pid=100440 tid=1 format-conversion-plan-perf stage=target-added source=nativeOle index=1/6 deltaMs=14 totalMs=15
2026-09-06T16:31:43.5035799+08:00 pid=100440 tid=1 format-conversion-plan-perf stage=shape-access source=nativeOle index=2/6 deltaMs=0 totalMs=0
2026-09-06T16:31:43.5045796+08:00 pid=100440 tid=1 format-conversion-plan-perf stage=shape-range source=nativeOle index=2/6 deltaMs=0 totalMs=0
2026-09-06T16:31:43.5185799+08:00 pid=100440 tid=1 format-conversion-plan-perf stage=target-added source=nativeOle index=2/6 deltaMs=14 totalMs=14
2026-09-06T16:31:43.5195799+08:00 pid=100440 tid=1 format-conversion-plan-perf stage=shape-access source=nativeOle index=3/6 deltaMs=0 totalMs=0
2026-09-06T16:31:43.5195799+08:00 pid=100440 tid=1 format-conversion-plan-perf stage=shape-range source=nativeOle index=3/6 deltaMs=0 totalMs=0
2026-09-06T16:31:43.5325819+08:00 pid=100440 tid=1 format-conversion-plan-perf stage=target-added source=nativeOle index=3/6 deltaMs=13 totalMs=13
2026-09-06T16:31:43.5325819+08:00 pid=100440 tid=1 format-conversion-plan-perf stage=shape-access source=nativeOle index=4/6 deltaMs=0 totalMs=0
2026-09-06T16:31:43.5345821+08:00 pid=100440 tid=1 format-conversion-plan-perf stage=shape-range source=nativeOle index=4/6 deltaMs=1 totalMs=1
2026-09-06T16:31:43.5405797+08:00 pid=100440 tid=1 format-conversion-plan-perf stage=target-added source=nativeOle index=4/6 deltaMs=6 totalMs=7
2026-09-06T16:31:43.5415816+08:00 pid=100440 tid=1 format-conversion-plan-perf stage=shape-access source=nativeOle index=5/6 deltaMs=0 totalMs=0
2026-09-06T16:31:43.5415816+08:00 pid=100440 tid=1 format-conversion-plan-perf stage=shape-range source=nativeOle index=5/6 deltaMs=0 totalMs=0
2026-09-06T16:31:43.5505804+08:00 pid=100440 tid=1 format-conversion-plan-perf stage=target-added source=nativeOle index=5/6 deltaMs=8 totalMs=8
2026-09-06T16:31:43.5515829+08:00 pid=100440 tid=1 format-conversion-plan-perf stage=shape-access source=nativeOle index=6/6 deltaMs=0 totalMs=0
2026-09-06T16:31:43.5515829+08:00 pid=100440 tid=1 format-conversion-plan-perf stage=shape-range source=nativeOle index=6/6 deltaMs=0 totalMs=0
2026-09-06T16:31:43.5642375+08:00 pid=100440 tid=1 format-conversion-plan-perf stage=target-added source=nativeOle index=6/6 deltaMs=13 totalMs=13
2026-09-06T16:31:43.5652474+08:00 pid=100440 tid=1 format-conversion-plan sourceMode=nativeOle targetMode=wordOmml targets=6
2026-09-06T16:31:47.3422152+08:00 pid=100440 tid=1 bulk-import converter-create display=inline mode=wordOmml latex=\sqrt{E-u\left(x\right)}=\frac{1}{f\left(\omega\right)v_{ph}\left(\omega,x\right)}
2026-09-06T16:31:47.3472153+08:00 pid=100440 tid=45 bulk-import converter-created sessionId=bf83bf71-9f1a-4885-b818-03a672c131cd
2026-09-06T16:31:47.3472153+08:00 pid=100440 tid=45 bulk-import converter-create display=block mode=wordOmml latex=\begin{cases}\frac{\mathrm{d}}{\mathrm{d}\omega}\left(\omega f\left(\omega\right)\right)=0 \\ \frac{\omega f\left(\omega\right)}{2}\frac{\mathrm{d}E\left(\omega\right)}{\mathrm{d}\omega}=\sqrt{\frac{m}{2}} \end{cases}
2026-09-06T16:31:47.3512165+08:00 pid=100440 tid=36 bulk-import converter-created sessionId=8df69d81-4ee9-4622-aab8-d54941c8dd34
2026-09-06T16:31:47.3522159+08:00 pid=100440 tid=36 bulk-import converter-create display=block mode=wordOmml latex=E=mc^2
2026-09-06T16:31:47.3562173+08:00 pid=100440 tid=45 bulk-import converter-created sessionId=7a09a93c-0350-48f8-836e-63a5fdd27f4c
2026-09-06T16:31:47.3562173+08:00 pid=100440 tid=45 bulk-import converter-create display=block mode=wordOmml latex=i\hbar \frac{\partial}{\partial t}\psi(\mathbf{r},t) = \left[ -\frac{\hbar^2}{2m}\nabla^2 + V(\mathbf{r},t) \right]\psi(\mathbf{r},t)
2026-09-06T16:31:47.3602161+08:00 pid=100440 tid=36 bulk-import converter-created sessionId=0a5a51b3-0039-483f-a1c1-c8a64a125aad
2026-09-06T16:31:47.3602161+08:00 pid=100440 tid=36 bulk-import converter-create display=block mode=wordOmml latex=\frac{\partial}{\partial t}\psi ^*\left( \vec{r} \right) \psi \left( \vec{r} \right) =\frac{i\hbar}{2m}\nabla \cdot \left[ \psi ^*\left( \vec{r} \right) \nabla \psi \left( \vec{r} \right) -\psi \left( \vec{r} \right) \nabla \psi ^*\left( r \right) \right]
2026-09-06T16:31:47.3642157+08:00 pid=100440 tid=45 bulk-import converter-created sessionId=82c58877-7aba-447c-90c5-42b4fecc36bc
2026-09-06T16:31:47.3642157+08:00 pid=100440 tid=45 bulk-import converter-create display=block mode=wordOmml latex=\frac{\partial}{\partial t}\rho \left( \vec{r},t \right) +\nabla \cdot \vec{j}=0
2026-09-06T16:31:47.3678992+08:00 pid=100440 tid=36 bulk-import converter-created sessionId=a0122dc3-c43e-4198-b34f-77455dae424a
2026-09-06T16:31:47.3684364+08:00 pid=100440 tid=36 format-conversion-render-start sourceMode=nativeOle targetMode=wordOmml sessions=6
2026-09-06T16:31:47.3984158+08:00 pid=100440 tid=29 format-conversion-rendered sourceMode=nativeOle targetMode=wordOmml sessionId=bf83bf71-9f1a-4885-b818-03a672c131cd status=committing
2026-09-06T16:31:47.4004172+08:00 pid=100440 tid=36 format-conversion-rendered sourceMode=nativeOle targetMode=wordOmml sessionId=8df69d81-4ee9-4622-aab8-d54941c8dd34 status=committing
2026-09-06T16:31:47.4074150+08:00 pid=100440 tid=29 format-conversion-rendered sourceMode=nativeOle targetMode=wordOmml sessionId=7a09a93c-0350-48f8-836e-63a5fdd27f4c status=committing
2026-09-06T16:31:47.4304160+08:00 pid=100440 tid=29 format-conversion-rendered sourceMode=nativeOle targetMode=wordOmml sessionId=0a5a51b3-0039-483f-a1c1-c8a64a125aad status=committing
2026-09-06T16:31:47.4314160+08:00 pid=100440 tid=36 format-conversion-rendered sourceMode=nativeOle targetMode=wordOmml sessionId=82c58877-7aba-447c-90c5-42b4fecc36bc status=committing
2026-09-06T16:31:47.4354160+08:00 pid=100440 tid=29 format-conversion-rendered sourceMode=nativeOle targetMode=wordOmml sessionId=a0122dc3-c43e-4198-b34f-77455dae424a status=committing
2026-09-06T16:31:47.4364155+08:00 pid=100440 tid=29 format-conversion-word-apply-start sourceMode=nativeOle targetMode=wordOmml targets=6
2026-09-06T16:31:47.6059405+08:00 pid=100440 tid=1 format-conversion-runtime assembly=C:\Users\pojian_liao\AppData\Local\VisualTeX\office\remediation-builds\9B1E83F90D737B4FE6DC9D752F1C25E9BED91321747523071F2B59169A35D3BF\VisualTeX.WordVsto.dll source=nativeOle target=wordOmml targetIsVisualTeX=False targetIsMathType=False
2026-09-06T16:31:47.7724176+08:00 pid=100440 tid=1 format-conversion-reference-aliases-captured sourceMode=nativeOle formulaId=ff098fb0-d313-4fd4-9722-e98c1354138f aliases=VTEqNum_ff098fb0d3134fd49722e98c1354138f
2026-09-06T16:31:48.3977136+08:00 pid=100440 tid=1 format-conversion-omml-batch-source-created formulas=6 elapsedMs=572
2026-09-06T16:31:48.4907140+08:00 pid=100440 tid=1 format-conversion-reference-counts-fast-path source=nativeOle formulas=5
2026-09-06T16:31:52.8686682+08:00 pid=100440 tid=1 word-undo-begin name=VisualTeX Convert Formula Format recording=False level=0
2026-09-06T16:31:52.8686682+08:00 pid=100440 tid=1 word-undo-started name=VisualTeX Convert Formula Format recording=True level=1
2026-09-06T16:31:52.8696686+08:00 pid=100440 tid=1 format-conversion-undo-state stage=before-preferences document=文档136 recording=True level=1
2026-09-06T16:31:52.9489037+08:00 pid=100440 tid=1 format-conversion-transaction-start targets=6
2026-09-06T16:31:52.9499032+08:00 pid=100440 tid=1 format-conversion-undo-state stage=after-preferences document=文档136 recording=True level=1
2026-09-06T16:31:52.9519048+08:00 pid=100440 tid=1 format-conversion-undo-state stage=before-source-delete document=文档136 recording=True level=1
2026-09-06T16:31:53.1993016+08:00 pid=100440 tid=1 formula-to-latex-visualtex-paragraph-replaced formulaId=e06d1063-b233-473e-bcd8-88270eaa7e19 range=776:860
2026-09-06T16:31:53.2167636+08:00 pid=100440 tid=1 format-conversion-perf stage=delete-source-host formulaId=e06d1063-b233-473e-bcd8-88270eaa7e19 numbered=True deltaMs=265 totalMs=265
2026-09-06T16:31:53.2167636+08:00 pid=100440 tid=1 format-conversion-undo-state stage=after-source-delete document=文档136 recording=True level=1
2026-09-06T16:31:53.2207649+08:00 pid=100440 tid=1 word-undo-begin name=VisualTeX Insert Word OMML Display Formula recording=True level=1
2026-09-06T16:31:53.2415083+08:00 pid=100440 tid=1 format-conversion-subperf [perf] InsertOmml.insert-native-omml: +21ms (21ms total)
2026-09-06T16:31:53.2882255+08:00 pid=100440 tid=1 format-conversion-subperf [perf] InsertOmml.post-reconcile-layout: +46ms (67ms total)
2026-09-06T16:31:53.2887723+08:00 pid=100440 tid=1 format-conversion-subperf [perf] InsertOmml.final-fingerprint: +0ms (67ms total)
2026-09-06T16:31:53.2898330+08:00 pid=100440 tid=1 format-conversion-subperf [perf] InsertOmml.final-anchor: +1ms (68ms total)
2026-09-06T16:31:53.2984239+08:00 pid=100440 tid=1 format-conversion-subperf [perf] InsertOmml.final-metadata: +10ms (78ms total)
2026-09-06T16:31:53.2994227+08:00 pid=100440 tid=1 format-conversion-perf stage=insert-target formulaId=e06d1063-b233-473e-bcd8-88270eaa7e19 numbered=True deltaMs=83 totalMs=348
2026-09-06T16:31:53.2994227+08:00 pid=100440 tid=1 format-conversion-undo-state stage=after-target-insert document=文档136 recording=True level=1
2026-09-06T16:31:53.3387763+08:00 pid=100440 tid=1 format-conversion-target-stable formulaId=e06d1063-b233-473e-bcd8-88270eaa7e19 targetMode=wordOmml count=1 elapsedMs=37
2026-09-06T16:31:53.3397869+08:00 pid=100440 tid=1 format-conversion-perf stage=verify-target formulaId=e06d1063-b233-473e-bcd8-88270eaa7e19 numbered=True deltaMs=41 totalMs=389
2026-09-06T16:31:53.3407883+08:00 pid=100440 tid=1 format-conversion-undo-state stage=before-source-delete document=文档136 recording=True level=1
2026-09-06T16:31:53.5402378+08:00 pid=100440 tid=1 formula-to-latex-visualtex-paragraph-replaced formulaId=a120d3bf-9501-40fd-a8b8-39097b0243a1 range=600:859
2026-09-06T16:31:53.5552353+08:00 pid=100440 tid=1 format-conversion-perf stage=delete-source-host formulaId=a120d3bf-9501-40fd-a8b8-39097b0243a1 numbered=True deltaMs=214 totalMs=214
2026-09-06T16:31:53.5552353+08:00 pid=100440 tid=1 format-conversion-undo-state stage=after-source-delete document=文档136 recording=True level=1
2026-09-06T16:31:53.5562368+08:00 pid=100440 tid=1 word-undo-begin name=VisualTeX Insert Word OMML Display Formula recording=True level=1
2026-09-06T16:31:53.5752361+08:00 pid=100440 tid=1 format-conversion-subperf [perf] InsertOmml.insert-native-omml: +18ms (18ms total)
2026-09-06T16:31:53.6352368+08:00 pid=100440 tid=1 format-conversion-subperf [perf] InsertOmml.post-reconcile-layout: +61ms (79ms total)
2026-09-06T16:31:53.6362365+08:00 pid=100440 tid=1 format-conversion-subperf [perf] InsertOmml.final-fingerprint: +0ms (79ms total)
2026-09-06T16:31:53.6362365+08:00 pid=100440 tid=1 format-conversion-subperf [perf] InsertOmml.final-anchor: +1ms (80ms total)
2026-09-06T16:31:53.6372379+08:00 pid=100440 tid=1 format-conversion-subperf [perf] InsertOmml.final-metadata: +1ms (81ms total)
2026-09-06T16:31:53.6372379+08:00 pid=100440 tid=1 format-conversion-perf stage=insert-target formulaId=a120d3bf-9501-40fd-a8b8-39097b0243a1 numbered=True deltaMs=83 totalMs=297
2026-09-06T16:31:53.6372379+08:00 pid=100440 tid=1 format-conversion-undo-state stage=after-target-insert document=文档136 recording=True level=1
2026-09-06T16:31:53.6732367+08:00 pid=100440 tid=1 format-conversion-target-stable formulaId=a120d3bf-9501-40fd-a8b8-39097b0243a1 targetMode=wordOmml count=2 elapsedMs=35
2026-09-06T16:31:53.6732367+08:00 pid=100440 tid=1 format-conversion-perf stage=verify-target formulaId=a120d3bf-9501-40fd-a8b8-39097b0243a1 numbered=True deltaMs=36 totalMs=333
2026-09-06T16:31:53.6752376+08:00 pid=100440 tid=1 format-conversion-undo-state stage=before-source-delete document=文档136 recording=True level=1
2026-09-06T16:31:53.9273806+08:00 pid=100440 tid=1 formula-to-latex-visualtex-paragraph-replaced formulaId=6c81d94c-d33f-448d-bb39-75d06b7ceb72 range=434:571
2026-09-06T16:31:53.9423803+08:00 pid=100440 tid=1 format-conversion-perf stage=delete-source-host formulaId=6c81d94c-d33f-448d-bb39-75d06b7ceb72 numbered=True deltaMs=269 totalMs=269
2026-09-06T16:31:53.9433803+08:00 pid=100440 tid=1 format-conversion-undo-state stage=after-source-delete document=文档136 recording=True level=1
2026-09-06T16:31:53.9443803+08:00 pid=100440 tid=1 word-undo-begin name=VisualTeX Insert Word OMML Display Formula recording=True level=1
2026-09-06T16:31:53.9843805+08:00 pid=100440 tid=1 format-conversion-subperf [perf] InsertOmml.insert-native-omml: +40ms (40ms total)
2026-09-06T16:31:54.0429770+08:00 pid=100440 tid=1 format-conversion-subperf [perf] InsertOmml.post-reconcile-layout: +58ms (98ms total)
2026-09-06T16:31:54.0429770+08:00 pid=100440 tid=1 format-conversion-subperf [perf] InsertOmml.final-fingerprint: +1ms (99ms total)
2026-09-06T16:31:54.0429770+08:00 pid=100440 tid=1 format-conversion-subperf [perf] InsertOmml.final-anchor: +0ms (99ms total)
2026-09-06T16:31:54.0449781+08:00 pid=100440 tid=1 format-conversion-subperf [perf] InsertOmml.final-metadata: +2ms (101ms total)
2026-09-06T16:31:54.0449781+08:00 pid=100440 tid=1 format-conversion-perf stage=insert-target formulaId=6c81d94c-d33f-448d-bb39-75d06b7ceb72 numbered=True deltaMs=102 totalMs=371
2026-09-06T16:31:54.0459798+08:00 pid=100440 tid=1 format-conversion-undo-state stage=after-target-insert document=文档136 recording=True level=1
2026-09-06T16:31:54.0849765+08:00 pid=100440 tid=1 format-conversion-target-stable formulaId=6c81d94c-d33f-448d-bb39-75d06b7ceb72 targetMode=wordOmml count=3 elapsedMs=39
2026-09-06T16:31:54.0859781+08:00 pid=100440 tid=1 format-conversion-perf stage=verify-target formulaId=6c81d94c-d33f-448d-bb39-75d06b7ceb72 numbered=True deltaMs=41 totalMs=412
2026-09-06T16:31:54.0869778+08:00 pid=100440 tid=1 format-conversion-undo-state stage=before-source-delete document=文档136 recording=True level=1
2026-09-06T16:31:54.3119340+08:00 pid=100440 tid=1 formula-to-latex-visualtex-paragraph-replaced formulaId=ff098fb0-d313-4fd4-9722-e98c1354138f range=247:257
2026-09-06T16:31:54.3229334+08:00 pid=100440 tid=1 format-conversion-perf stage=delete-source-host formulaId=ff098fb0-d313-4fd4-9722-e98c1354138f numbered=True deltaMs=236 totalMs=236
2026-09-06T16:31:54.3229334+08:00 pid=100440 tid=1 format-conversion-undo-state stage=after-source-delete document=文档136 recording=True level=1
2026-09-06T16:31:54.3242679+08:00 pid=100440 tid=1 word-undo-begin name=VisualTeX Insert Word OMML Display Formula recording=True level=1
2026-09-06T16:31:54.3614371+08:00 pid=100440 tid=1 format-conversion-subperf [perf] InsertOmml.insert-native-omml: +38ms (38ms total)
2026-09-06T16:31:54.4220055+08:00 pid=100440 tid=1 format-conversion-subperf [perf] InsertOmml.post-reconcile-layout: +60ms (98ms total)
2026-09-06T16:31:54.4230060+08:00 pid=100440 tid=1 format-conversion-subperf [perf] InsertOmml.final-fingerprint: +0ms (98ms total)
2026-09-06T16:31:54.4230060+08:00 pid=100440 tid=1 format-conversion-subperf [perf] InsertOmml.final-anchor: +1ms (99ms total)
2026-09-06T16:31:54.4240075+08:00 pid=100440 tid=1 format-conversion-subperf [perf] InsertOmml.final-metadata: +1ms (100ms total)
2026-09-06T16:31:54.4240075+08:00 pid=100440 tid=1 format-conversion-perf stage=insert-target formulaId=ff098fb0-d313-4fd4-9722-e98c1354138f numbered=True deltaMs=102 totalMs=338
2026-09-06T16:31:54.4250067+08:00 pid=100440 tid=1 format-conversion-undo-state stage=after-target-insert document=文档136 recording=True level=1
2026-09-06T16:31:54.4623537+08:00 pid=100440 tid=1 format-conversion-target-stable formulaId=ff098fb0-d313-4fd4-9722-e98c1354138f targetMode=wordOmml count=4 elapsedMs=37
2026-09-06T16:31:54.4643515+08:00 pid=100440 tid=1 format-conversion-perf stage=verify-target formulaId=ff098fb0-d313-4fd4-9722-e98c1354138f numbered=True deltaMs=40 totalMs=378
2026-09-06T16:31:54.4653517+08:00 pid=100440 tid=1 format-conversion-undo-state stage=before-source-delete document=文档136 recording=True level=1
2026-09-06T16:31:54.7080945+08:00 pid=100440 tid=1 formula-to-latex-visualtex-paragraph-replaced formulaId=68ee0829-6199-48eb-81da-91d8a9b9e46e range=89:310
2026-09-06T16:31:54.7220964+08:00 pid=100440 tid=1 format-conversion-perf stage=delete-source-host formulaId=68ee0829-6199-48eb-81da-91d8a9b9e46e numbered=True deltaMs=257 totalMs=257
2026-09-06T16:31:54.7220964+08:00 pid=100440 tid=1 format-conversion-undo-state stage=after-source-delete document=文档136 recording=True level=1
2026-09-06T16:31:54.7240980+08:00 pid=100440 tid=1 word-undo-begin name=VisualTeX Insert Word OMML Display Formula recording=True level=1
2026-09-06T16:31:54.7860951+08:00 pid=100440 tid=1 format-conversion-subperf [perf] InsertOmml.insert-native-omml: +62ms (62ms total)
2026-09-06T16:31:54.8830937+08:00 pid=100440 tid=1 format-conversion-subperf [perf] InsertOmml.post-reconcile-layout: +97ms (159ms total)
2026-09-06T16:31:54.8840951+08:00 pid=100440 tid=1 format-conversion-subperf [perf] InsertOmml.final-fingerprint: +1ms (160ms total)
2026-09-06T16:31:54.8840951+08:00 pid=100440 tid=1 format-conversion-subperf [perf] InsertOmml.final-anchor: +0ms (160ms total)
2026-09-06T16:31:54.8860963+08:00 pid=100440 tid=1 format-conversion-subperf [perf] InsertOmml.final-metadata: +2ms (162ms total)
2026-09-06T16:31:54.8860963+08:00 pid=100440 tid=1 format-conversion-perf stage=insert-target formulaId=68ee0829-6199-48eb-81da-91d8a9b9e46e numbered=True deltaMs=164 totalMs=421
2026-09-06T16:31:54.8860963+08:00 pid=100440 tid=1 format-conversion-undo-state stage=after-target-insert document=文档136 recording=True level=1
2026-09-06T16:31:54.9190960+08:00 pid=100440 tid=1 format-conversion-target-stable formulaId=68ee0829-6199-48eb-81da-91d8a9b9e46e targetMode=wordOmml count=5 elapsedMs=32
2026-09-06T16:31:54.9200967+08:00 pid=100440 tid=1 format-conversion-perf stage=verify-target formulaId=68ee0829-6199-48eb-81da-91d8a9b9e46e numbered=True deltaMs=34 totalMs=455
2026-09-06T16:31:54.9210960+08:00 pid=100440 tid=1 format-conversion-undo-state stage=before-source-delete document=文档136 recording=True level=1
2026-09-06T16:31:54.9571027+08:00 pid=100440 tid=1 format-conversion-perf stage=delete-source-host formulaId=98bebad7-a36a-4e19-8527-dac098b258db numbered=False deltaMs=36 totalMs=36
2026-09-06T16:31:54.9571027+08:00 pid=100440 tid=1 format-conversion-undo-state stage=after-source-delete document=文档136 recording=True level=1
2026-09-06T16:31:54.9580959+08:00 pid=100440 tid=1 word-undo-begin name=VisualTeX Insert Word OMML Inline Formula recording=True level=1
2026-09-06T16:31:55.0863086+08:00 pid=100440 tid=1 format-conversion-subperf [perf] InsertOmml.insert-native-omml: +127ms (127ms total)
2026-09-06T16:31:55.4814207+08:00 pid=100440 tid=1 format-conversion-subperf [perf] InsertOmml.post-reconcile-layout: +396ms (523ms total)
2026-09-06T16:31:55.4824215+08:00 pid=100440 tid=1 format-conversion-subperf [perf] InsertOmml.final-fingerprint: +0ms (523ms total)
2026-09-06T16:31:55.4824215+08:00 pid=100440 tid=1 format-conversion-subperf [perf] InsertOmml.final-anchor: +1ms (524ms total)
2026-09-06T16:31:55.4834195+08:00 pid=100440 tid=1 format-conversion-subperf [perf] InsertOmml.final-metadata: +1ms (525ms total)
2026-09-06T16:31:55.4834195+08:00 pid=100440 tid=1 format-conversion-perf stage=insert-target formulaId=98bebad7-a36a-4e19-8527-dac098b258db numbered=False deltaMs=527 totalMs=563
2026-09-06T16:31:55.4844190+08:00 pid=100440 tid=1 format-conversion-undo-state stage=after-target-insert document=文档136 recording=False level=0
2026-09-06T16:31:55.5164199+08:00 pid=100440 tid=1 format-conversion-target-stable formulaId=98bebad7-a36a-4e19-8527-dac098b258db targetMode=wordOmml count=6 elapsedMs=29
2026-09-06T16:31:55.5174190+08:00 pid=100440 tid=1 format-conversion-perf stage=verify-target formulaId=98bebad7-a36a-4e19-8527-dac098b258db numbered=False deltaMs=33 totalMs=596
2026-09-06T16:31:55.5184209+08:00 pid=100440 tid=1 format-conversion-finalize-perf stage=source-residual-check sourceMode=nativeOle targetMode=wordOmml deltaMs=1 totalMs=1
2026-09-06T16:31:55.5194186+08:00 pid=100440 tid=1 format-conversion-finalize-perf stage=target-count-check sourceMode=nativeOle targetMode=wordOmml deltaMs=0 totalMs=1
2026-09-06T16:31:55.5204211+08:00 pid=100440 tid=1 format-conversion-undo-state stage=before-source-window-close-commit document=文档136 recording=False level=0
2026-09-06T16:31:55.5204211+08:00 pid=100440 tid=1 format-conversion-undo-state stage=after-source-window-close-commit document=文档136 recording=False level=0
2026-09-06T16:31:56.0524208+08:00 pid=100440 tid=1 word-undo-begin name=VisualTeX Finalize Formula Conversion recording=False level=0
2026-09-06T16:31:56.0534231+08:00 pid=100440 tid=1 word-undo-started name=VisualTeX Finalize Formula Conversion recording=True level=1
2026-09-06T16:31:56.1836820+08:00 pid=100440 tid=1 word-xml-incomplete-export document=文档136 attempt=1 maths=0/6 oles=0/0
2026-09-06T16:31:56.2636798+08:00 pid=100440 tid=1 format-conversion-undo-state stage=failure-before-end document=文档136 recording=False level=0
2026-09-06T16:31:56.2636798+08:00 pid=100440 tid=1 format-conversion-undo-state stage=failure-after-end document=文档136 recording=False level=0
2026-09-06T16:32:00.8131124+08:00 pid=100440 tid=1 word-undo-history-recovery original=2209 current=2219 owned=10
2026-09-06T16:32:06.4725627+08:00 pid=100440 tid=1 format-conversion-recovery afterUndoBodyMatches=False
2026-09-06T16:32:06.5182701+08:00 pid=100440 tid=1 word-xml-incomplete-export document=文档136 attempt=1 maths=0/0 oles=0/6
2026-09-06T16:32:06.5802587+08:00 pid=100440 tid=1 format-conversion-recovery-verified body=False mathFont=True metadata=True variables=True
2026-09-06T16:32:06.6348488+08:00 pid=100440 tid=29 office-session-finalization-complete sessions=6 completed=False
2026-09-06T16:32:06.6348488+08:00 pid=100440 tid=29 format-conversion-failed sourceMode=nativeOle targetMode=wordOmml error=System.AggregateException: Conversion failed and Word undo recovery could not be verified. ---> System.IO.InvalidDataException: OMML anchor 5ef24927-2637-453f-84cd-10eca241d11c owns different formula content.
   在 VisualTeX.WordVsto.WordOmmlNativeSource.IndexConversionEquationIdentities(XElement body, IReadOnlyDictionary`2 expectedFingerprints, Func`2 fingerprint, IReadOnlyDictionary`2 exactAnchorOwners)
   在 VisualTeX.WordVsto.WordOmmlNativeSource.RefreshFingerprintsFromDocumentOpenXml(Document document, IReadOnlyCollection`1 formulaIds, IReadOnlyDictionary`2 freshSourceOmml)
   在 VisualTeX.WordVsto.WordFormulaService.ApplyFormulaFormatConversionPlan(WordFormulaFormatConversionPlan plan, IReadOnlyDictionary`2 prepared)
   --- 内部异常堆栈跟踪的结尾 ---
   在 VisualTeX.WordVsto.WordFormulaService.ApplyFormulaFormatConversionPlan(WordFormulaFormatConversionPlan plan, IReadOnlyDictionary`2 prepared)
   在 VisualTeX.WordVsto.OfficeUiDispatcher.<>c__DisplayClass4_0`1.<InvokeAsync>g__Execute|0()
--- 引发异常的上一位置中堆栈跟踪的末尾 ---
   在 System.Runtime.ExceptionServices.ExceptionDispatchInfo.Throw()
   在 System.Runtime.CompilerServices.TaskAwaiter.HandleNonSuccessAndDebuggerNotification(Task task)
   在 System.Runtime.CompilerServices.ConfiguredTaskAwaitable`1.ConfiguredTaskAwaiter.GetResult()
   在 VisualTeX.WordVsto.ThisAddIn.<ConvertFormulaFormatAsync>d__165.MoveNext()
---> (内部异常 #0) System.IO.InvalidDataException: OMML anchor 5ef24927-2637-453f-84cd-10eca241d11c owns different formula content.
   在 VisualTeX.WordVsto.WordOmmlNativeSource.IndexConversionEquationIdentities(XElement body, IReadOnlyDictionary`2 expectedFingerprints, Func`2 fingerprint, IReadOnlyDictionary`2 exactAnchorOwners)
   在 VisualTeX.WordVsto.WordOmmlNativeSource.RefreshFingerprintsFromDocumentOpenXml(Document document, IReadOnlyCollection`1 formulaIds, IReadOnlyDictionary`2 freshSourceOmml)
   在 VisualTeX.WordVsto.WordFormulaService.ApplyFormulaFormatConversionPlan(WordFormulaFormatConversionPlan plan, IReadOnlyDictionary`2 prepared)<---

---> (内部异常 #1) System.IO.InvalidDataException: Word undo did not restore the original content, numbering, bookmarks, formatting and metadata.
   在 VisualTeX.WordVsto.WordDocumentEditSnapshot.Restore(Document document)
   在 VisualTeX.WordVsto.WordFormulaService.ApplyFormulaFormatConversionPlan(WordFormulaFormatConversionPlan plan, IReadOnlyDictionary`2 prepared)<---

2026-09-06T16:40:48.8982677+08:00 pid=100440 tid=12 left-down x=1382 y=1120 wordForeground=False
2026-09-06T16:40:51.8656133+08:00 pid=100440 tid=12 left-down x=2332 y=460 wordForeground=False
2026-09-06T16:40:54.2085287+08:00 pid=100440 tid=12 left-down x=2492 y=460 wordForeground=False
2026-09-06T16:43:14.3581636+08:00 pid=100440 tid=12 left-down x=1776 y=1270 wordForeground=False
2026-09-06T16:44:45.2233216+08:00 pid=100440 tid=12 left-down x=2024 y=1187 wordForeground=True
2026-09-06T16:45:49.9477130+08:00 pid=100440 tid=12 left-down x=691 y=1252 wordForeground=True
2026-09-06T16:45:59.7928617+08:00 pid=100440 tid=12 left-down x=191 y=1485 wordForeground=False
2026-09-06T16:46:02.5560659+08:00 pid=100440 tid=12 left-down x=2508 y=1121 wordForeground=False
2026-09-06T16:47:30.2370227+08:00 pid=100440 tid=12 left-down x=776 y=1255 wordForeground=True
2026-09-06T16:47:43.6885035+08:00 pid=100440 tid=12 left-down x=710 y=994 wordForeground=False
2026-09-06T16:47:45.6639972+08:00 pid=100440 tid=12 left-down x=699 y=1023 wordForeground=False
2026-09-06T16:47:47.2996863+08:00 pid=100440 tid=12 left-down x=743 y=1042 wordForeground=False
2026-09-06T16:47:49.7457125+08:00 pid=100440 tid=12 left-down x=764 y=1021 wordForeground=False
2026-09-06T16:47:53.8313114+08:00 pid=100440 tid=12 left-down x=831 y=1077 wordForeground=False
2026-09-06T16:48:04.1171688+08:00 pid=100440 tid=12 left-down x=1046 y=1329 wordForeground=False
2026-09-06T16:48:38.1999220+08:00 pid=100440 tid=12 left-down x=271 y=1440 wordForeground=False
2026-09-06T16:48:40.0305226+08:00 pid=100440 tid=12 left-down x=253 y=1462 wordForeground=False
2026-09-06T16:48:43.3823109+08:00 pid=100440 tid=12 left-down x=270 y=1333 wordForeground=False
2026-09-06T16:48:46.5117515+08:00 pid=100440 tid=12 left-down x=196 y=705 wordForeground=False
2026-09-06T16:48:49.2877077+08:00 pid=100440 tid=12 left-down x=135 y=384 wordForeground=False
2026-09-06T16:58:17.8796439+08:00 pid=100440 tid=12 left-down x=1382 y=1120 wordForeground=False
2026-09-06T16:58:21.0995561+08:00 pid=100440 tid=12 left-down x=2332 y=460 wordForeground=False
2026-09-06T16:58:23.4826045+08:00 pid=100440 tid=12 left-down x=2492 y=460 wordForeground=False
2026-09-06T16:59:23.0469907+08:00 pid=100440 tid=12 left-down x=1776 y=1270 wordForeground=False
2026-09-06T17:00:17.6681395+08:00 pid=100440 tid=12 left-down x=2024 y=1187 wordForeground=True
2026-09-06T17:03:53.6708827+08:00 pid=100440 tid=12 left-down x=711 y=1181 wordForeground=True
2026-09-06T17:04:01.5329721+08:00 pid=100440 tid=12 left-down x=2039 y=1034 wordForeground=False
2026-09-06T17:04:11.0541257+08:00 pid=100440 tid=12 left-down x=759 y=1233 wordForeground=True
2026-09-06T17:06:40.0228982+08:00 pid=100440 tid=12 left-down x=672 y=1256 wordForeground=True
2026-09-06T17:06:48.9631723+08:00 pid=100440 tid=12 left-down x=250 y=1460 wordForeground=False
2026-09-06T17:06:51.9444510+08:00 pid=100440 tid=12 left-down x=902 y=1143 wordForeground=False
2026-09-06T17:08:05.9683561+08:00 pid=100440 tid=12 left-down x=1382 y=1120 wordForeground=False
2026-09-06T17:08:09.0209692+08:00 pid=100440 tid=12 left-down x=2332 y=460 wordForeground=False
2026-09-06T17:08:11.4687681+08:00 pid=100440 tid=12 left-down x=2492 y=460 wordForeground=False
2026-09-06T17:08:26.9994807+08:00 pid=100440 tid=12 left-down x=1776 y=1270 wordForeground=False
2026-09-06T17:08:39.9574891+08:00 pid=100440 tid=12 left-down x=2024 y=1187 wordForeground=True
2026-09-06T17:09:34.6974766+08:00 pid=100440 tid=12 left-down x=841 y=1058 wordForeground=True
2026-09-06T17:10:29.0837078+08:00 pid=100440 tid=12 left-down x=1945 y=1414 wordForeground=True
2026-09-06T17:10:33.0079629+08:00 pid=100440 tid=12 left-down x=782 y=1229 wordForeground=True
2026-09-06T17:10:36.5967486+08:00 pid=100440 tid=12 left-down x=720 y=1078 wordForeground=False
2026-09-06T17:10:39.6508247+08:00 pid=100440 tid=12 left-down x=607 y=974 wordForeground=False
2026-09-06T17:10:43.1951354+08:00 pid=100440 tid=12 left-down x=1871 y=407 wordForeground=False
2026-09-06T17:10:47.2361206+08:00 pid=100440 tid=12 left-down x=2301 y=1453 wordForeground=False
2026-09-06T17:11:35.5992948+08:00 pid=100440 tid=12 left-down x=1776 y=1270 wordForeground=False
2026-09-06T17:13:17.9463180+08:00 pid=100440 tid=12 left-down x=837 y=1224 wordForeground=True
2026-09-06T17:14:14.3479422+08:00 pid=100440 tid=12 left-down x=1838 y=688 wordForeground=True
2026-09-06T17:15:22.7979122+08:00 pid=100440 tid=12 left-down x=1141 y=1087 wordForeground=True
2026-09-06T17:15:23.3831209+08:00 pid=100440 tid=12 left-down x=1141 y=1087 wordForeground=True
2026-09-06T17:16:48.5998118+08:00 pid=100440 tid=12 left-down x=779 y=1278 wordForeground=True
2026-09-06T17:18:47.4536798+08:00 pid=100440 tid=12 left-down x=770 y=1201 wordForeground=True
2026-09-06T17:18:54.7518763+08:00 pid=100440 tid=12 left-down x=2258 y=1350 wordForeground=False
2026-09-06T17:20:32.4047114+08:00 pid=100440 tid=12 left-down x=1382 y=1120 wordForeground=False
2026-09-06T17:20:35.2913527+08:00 pid=100440 tid=12 left-down x=2332 y=460 wordForeground=False
2026-09-06T17:20:37.9308681+08:00 pid=100440 tid=12 left-down x=2492 y=460 wordForeground=False
2026-09-06T17:22:09.2468002+08:00 pid=100440 tid=12 left-down x=1935 y=1345 wordForeground=True
2026-09-06T17:22:12.5496969+08:00 pid=100440 tid=12 left-down x=1808 y=1615 wordForeground=True
2026-09-06T17:23:03.5942102+08:00 pid=100440 tid=12 left-down x=1776 y=1270 wordForeground=False
2026-09-06T17:23:31.8397342+08:00 pid=100440 tid=12 left-down x=2024 y=1187 wordForeground=True
2026-09-06T17:31:59.6717833+08:00 pid=100440 tid=12 left-down x=868 y=930 wordForeground=True
2026-09-06T17:32:11.5783634+08:00 pid=100440 tid=12 left-down x=716 y=707 wordForeground=False
2026-09-06T17:32:14.0954135+08:00 pid=100440 tid=12 left-down x=653 y=533 wordForeground=False
2026-09-06T17:32:17.2686212+08:00 pid=100440 tid=12 left-down x=1891 y=416 wordForeground=False
2026-09-06T17:34:00.4667188+08:00 pid=100440 tid=12 left-down x=1382 y=1120 wordForeground=False
2026-09-06T17:34:03.7188069+08:00 pid=100440 tid=12 left-down x=2332 y=460 wordForeground=False
2026-09-06T17:34:06.2946927+08:00 pid=100440 tid=12 left-down x=2492 y=460 wordForeground=False
2026-09-06T17:35:38.5622026+08:00 pid=100440 tid=12 left-down x=675 y=1190 wordForeground=True
2026-09-06T17:35:45.2219601+08:00 pid=100440 tid=12 left-down x=1961 y=1652 wordForeground=False
2026-09-06T17:35:48.1938808+08:00 pid=100440 tid=12 left-down x=1986 y=1555 wordForeground=True
2026-09-06T17:35:59.8753813+08:00 pid=100440 tid=12 left-down x=1382 y=1120 wordForeground=False
2026-09-06T17:36:03.0737216+08:00 pid=100440 tid=12 left-down x=2332 y=460 wordForeground=False
2026-09-06T17:36:05.6906824+08:00 pid=100440 tid=12 left-down x=2492 y=460 wordForeground=False
2026-09-06T17:38:53.1179284+08:00 pid=100440 tid=12 left-down x=813 y=1058 wordForeground=True
2026-09-06T17:39:05.1827486+08:00 pid=100440 tid=12 left-down x=2050 y=1012 wordForeground=False
2026-09-06T17:39:08.7969044+08:00 pid=100440 tid=12 left-down x=255 y=1492 wordForeground=True
2026-09-06T17:39:11.7938608+08:00 pid=100440 tid=12 left-down x=961 y=1043 wordForeground=False
2026-09-06T17:40:55.5273291+08:00 pid=100440 tid=12 left-down x=1382 y=1120 wordForeground=False
2026-09-06T17:40:58.5178847+08:00 pid=100440 tid=12 left-down x=2332 y=460 wordForeground=False
2026-09-06T17:41:00.9806617+08:00 pid=100440 tid=12 left-down x=2492 y=460 wordForeground=False
2026-09-06T17:41:57.4306238+08:00 pid=100440 tid=12 left-down x=1776 y=1270 wordForeground=False
2026-09-06T17:42:15.8130790+08:00 pid=100440 tid=12 left-down x=2024 y=1187 wordForeground=True
2026-09-06T17:43:59.8685618+08:00 pid=100440 tid=12 left-down x=596 y=1205 wordForeground=True
2026-09-06T17:44:20.6671474+08:00 pid=100440 tid=12 left-down x=2094 y=1018 wordForeground=True
2026-09-06T17:44:24.1080431+08:00 pid=100440 tid=12 left-down x=763 y=1215 wordForeground=False
2026-09-06T17:45:07.9569334+08:00 pid=100440 tid=12 left-down x=737 y=1273 wordForeground=False
2026-09-06T17:45:12.9629065+08:00 pid=100440 tid=12 left-down x=2357 y=1096 wordForeground=False
2026-09-06T17:47:32.9066844+08:00 pid=100440 tid=12 left-down x=894 y=1217 wordForeground=False
2026-09-06T17:47:52.0443671+08:00 pid=100440 tid=12 left-down x=1382 y=1120 wordForeground=False
2026-09-06T17:47:54.8827068+08:00 pid=100440 tid=12 left-down x=2332 y=460 wordForeground=False
2026-09-06T17:47:57.5536833+08:00 pid=100440 tid=12 left-down x=2492 y=460 wordForeground=False
2026-09-06T17:48:42.8709825+08:00 pid=100440 tid=12 left-down x=1776 y=1270 wordForeground=False
2026-09-06T17:48:58.2771612+08:00 pid=100440 tid=12 left-down x=2024 y=1187 wordForeground=True
2026-09-06T17:50:37.9640033+08:00 pid=100440 tid=12 left-down x=836 y=1237 wordForeground=False
2026-09-06T17:50:42.0660192+08:00 pid=100440 tid=12 left-down x=2059 y=1068 wordForeground=True
2026-09-06T17:51:47.3366309+08:00 pid=100440 tid=12 left-down x=607 y=1205 wordForeground=False
2026-09-06T17:51:50.8005158+08:00 pid=100440 tid=12 left-down x=1466 y=1103 wordForeground=False
2026-09-06T17:54:22.2674319+08:00 pid=100440 tid=12 left-down x=1382 y=1120 wordForeground=False
2026-09-06T17:54:25.6356772+08:00 pid=100440 tid=12 left-down x=2332 y=460 wordForeground=False
2026-09-06T17:54:28.2223539+08:00 pid=100440 tid=12 left-down x=2492 y=460 wordForeground=False
2026-09-06T17:55:22.9704671+08:00 pid=100440 tid=12 left-down x=1776 y=1270 wordForeground=False
2026-09-06T17:55:38.6087188+08:00 pid=100440 tid=12 left-down x=2024 y=1211 wordForeground=True
2026-09-06T17:56:59.3563899+08:00 pid=100440 tid=12 left-down x=808 y=1255 wordForeground=False
2026-09-06T17:57:08.3811755+08:00 pid=100440 tid=12 left-down x=1866 y=1723 wordForeground=True
2026-09-06T17:57:18.1789087+08:00 pid=100440 tid=12 left-down x=1905 y=1516 wordForeground=True
2026-09-06T17:58:42.1884347+08:00 pid=100440 tid=12 left-down x=1948 y=1269 wordForeground=True
2026-09-06T17:58:45.9701340+08:00 pid=100440 tid=12 left-down x=1778 y=1476 wordForeground=True
2026-09-06T17:58:49.7872552+08:00 pid=100440 tid=12 left-down x=1141 y=1482 wordForeground=True
2026-09-06T17:58:50.5112074+08:00 pid=100440 tid=12 left-down x=1141 y=1482 wordForeground=True
2026-09-06T17:59:17.2025040+08:00 pid=100440 tid=12 left-down x=1776 y=1270 wordForeground=False
2026-09-06T18:00:00.3736807+08:00 pid=100440 tid=12 left-down x=853 y=1268 wordForeground=False
2026-09-06T18:00:03.8901407+08:00 pid=100440 tid=12 left-down x=2132 y=1445 wordForeground=True
2026-09-06T18:02:52.0919355+08:00 pid=100440 tid=12 left-down x=705 y=1242 wordForeground=False
2026-09-06T18:02:56.6137385+08:00 pid=100440 tid=12 left-down x=2064 y=1539 wordForeground=True
2026-09-06T18:03:21.9093300+08:00 pid=100440 tid=12 left-down x=1776 y=1270 wordForeground=False
2026-09-06T18:08:46.5733048+08:00 pid=100440 tid=12 left-down x=765 y=1027 wordForeground=False
2026-09-06T18:08:51.0336059+08:00 pid=100440 tid=12 left-down x=247 y=1478 wordForeground=False
2026-09-06T18:08:54.7576550+08:00 pid=100440 tid=12 left-down x=664 y=936 wordForeground=False
2026-09-06T18:08:58.6638582+08:00 pid=100440 tid=12 left-down x=1877 y=399 wordForeground=False
2026-09-06T18:11:20.3571513+08:00 pid=100440 tid=12 left-down x=822 y=1270 wordForeground=False
2026-09-06T18:11:30.2589585+08:00 pid=100440 tid=12 left-down x=1265 y=1795 wordForeground=True
2026-09-06T18:13:07.4120039+08:00 pid=100440 tid=12 left-down x=1317 y=747 wordForeground=False
2026-09-06T18:13:09.9325342+08:00 pid=100440 tid=12 left-down x=1602 y=747 wordForeground=False
2026-09-06T18:13:26.1827969+08:00 pid=100440 tid=12 left-down x=1382 y=1120 wordForeground=False
2026-09-06T18:13:29.5182987+08:00 pid=100440 tid=12 left-down x=2332 y=460 wordForeground=False
2026-09-06T18:13:32.0014719+08:00 pid=100440 tid=12 left-down x=2492 y=460 wordForeground=False
2026-09-06T18:14:33.4891966+08:00 pid=100440 tid=12 left-down x=806 y=1212 wordForeground=False
2026-09-06T18:14:50.4463109+08:00 pid=100440 tid=12 left-down x=815 y=1228 wordForeground=False
2026-09-06T18:14:57.5592886+08:00 pid=100440 tid=12 left-down x=2177 y=1494 wordForeground=True
2026-09-06T18:15:01.1634015+08:00 pid=100440 tid=12 left-down x=2100 y=1471 wordForeground=True
2026-09-06T18:15:02.9369912+08:00 pid=100440 tid=12 left-down x=2019 y=1474 wordForeground=True
2026-09-06T18:15:03.6416714+08:00 pid=100440 tid=12 left-down x=2019 y=1475 wordForeground=True
2026-09-06T18:15:11.8071772+08:00 pid=100440 tid=12 left-down x=2639 y=748 wordForeground=False
2026-09-06T18:15:16.5442362+08:00 pid=100440 tid=12 left-down x=835 y=1292 wordForeground=False
2026-09-06T18:15:18.8191202+08:00 pid=100440 tid=12 left-down x=848 y=1359 wordForeground=False
2026-09-06T18:15:20.9659466+08:00 pid=100440 tid=12 left-down x=863 y=1433 wordForeground=False
2026-09-06T18:15:56.1393726+08:00 pid=100440 tid=12 left-down x=218 y=1472 wordForeground=False
2026-09-06T18:17:59.8373824+08:00 pid=100440 tid=12 left-down x=1317 y=747 wordForeground=False
2026-09-06T18:18:17.8278654+08:00 pid=100440 tid=12 left-down x=1382 y=1120 wordForeground=False
2026-09-06T18:18:21.2352059+08:00 pid=100440 tid=12 left-down x=2332 y=460 wordForeground=False
2026-09-06T18:18:23.8224500+08:00 pid=100440 tid=12 left-down x=2492 y=460 wordForeground=False
2026-09-06T18:19:40.7030403+08:00 pid=100440 tid=12 left-down x=1776 y=1270 wordForeground=False
2026-09-06T18:19:54.5530162+08:00 pid=100440 tid=12 left-down x=2024 y=1211 wordForeground=True
2026-09-06T18:22:18.3765597+08:00 pid=100440 tid=12 left-down x=2067 y=1076 wordForeground=True
2026-09-06T18:22:24.3879309+08:00 pid=100440 tid=12 left-down x=1136 y=1362 wordForeground=False
2026-09-06T18:22:56.0480454+08:00 pid=100440 tid=12 left-down x=2228 y=1331 wordForeground=False
2026-09-06T18:23:01.6990431+08:00 pid=100440 tid=12 left-down x=684 y=811 wordForeground=False
2026-09-06T18:23:03.0313481+08:00 pid=100440 tid=12 left-down x=677 y=753 wordForeground=False
2026-09-06T18:23:09.0739820+08:00 pid=100440 tid=12 left-down x=1890 y=411 wordForeground=False
2026-09-06T18:23:16.2182929+08:00 pid=100440 tid=12 left-down x=1381 y=2159 wordForeground=False
2026-09-06T18:23:24.0073078+08:00 pid=100440 tid=12 left-down x=803 y=1363 wordForeground=False
2026-09-06T18:25:26.6476583+08:00 pid=100440 tid=12 left-down x=1245 y=1142 wordForeground=False
2026-09-06T18:25:31.9944930+08:00 pid=100440 tid=12 left-down x=227 y=1461 wordForeground=False
2026-09-06T18:25:37.3720166+08:00 pid=100440 tid=12 left-down x=830 y=1233 wordForeground=False
2026-09-06T18:26:58.6250705+08:00 pid=100440 tid=12 left-down x=1509 y=2116 wordForeground=False
2026-09-06T18:27:03.3410629+08:00 pid=100440 tid=12 left-down x=2283 y=1250 wordForeground=False
2026-09-06T18:27:07.8735069+08:00 pid=100440 tid=12 left-down x=1913 y=1107 wordForeground=True
2026-09-06T18:27:08.4192857+08:00 pid=100440 tid=12 left-down x=1913 y=1107 wordForeground=True
2026-09-06T18:27:10.5146151+08:00 pid=100440 tid=12 left-down x=1856 y=1123 wordForeground=True
2026-09-06T18:27:10.7402195+08:00 pid=100440 tid=12 left-down x=1856 y=1123 wordForeground=True
2026-09-06T18:27:10.7412209+08:00 pid=100440 tid=12 double-click elapsedMs=225.402 withinX=True withinY=True nativeOleTarget=False suppressSecondDown=False dispatchCallback=True
2026-09-06T18:27:10.8430565+08:00 pid=100440 tid=15 callback-begin interceptedNativeOle=False x=1856 y=1123
2026-09-06T18:27:10.8430565+08:00 pid=100440 tid=15 addin-callback-received interceptedNativeOle=False x=1856 y=1123
2026-09-06T18:27:10.8440591+08:00 pid=100440 tid=15 callback-end
2026-09-06T18:27:10.8460566+08:00 pid=100440 tid=1 addin-coordinate-selection formulaId=<null> objectMode=<null>
2026-09-06T18:27:12.4230677+08:00 pid=100440 tid=12 left-down x=2647 y=739 wordForeground=False
2026-09-06T18:27:13.7392265+08:00 pid=100440 tid=12 left-down x=636 y=1272 wordForeground=True
2026-09-06T18:27:14.8916546+08:00 pid=100440 tid=12 left-down x=762 y=1201 wordForeground=False
2026-09-06T18:28:24.2688354+08:00 pid=100440 tid=12 left-down x=1515 y=2124 wordForeground=False
2026-09-06T18:28:29.3678938+08:00 pid=100440 tid=12 left-down x=681 y=1234 wordForeground=True
2026-09-06T18:30:02.0786793+08:00 pid=100440 tid=12 left-down x=681 y=1234 wordForeground=False
2026-09-06T18:30:08.6271325+08:00 pid=100440 tid=12 left-down x=1509 y=2138 wordForeground=False
2026-09-06T18:30:12.5754660+08:00 pid=100440 tid=12 left-down x=2058 y=922 wordForeground=False
2026-09-06T18:32:52.6043727+08:00 pid=100440 tid=12 left-down x=1382 y=1120 wordForeground=False
2026-09-06T18:32:54.7325487+08:00 pid=100440 tid=12 left-down x=2332 y=460 wordForeground=False
2026-09-06T18:32:56.8866443+08:00 pid=100440 tid=12 left-down x=2492 y=460 wordForeground=False
2026-09-06T18:33:15.4976448+08:00 pid=100440 tid=12 left-down x=1776 y=1270 wordForeground=False
2026-09-06T18:33:26.7592738+08:00 pid=100440 tid=12 left-down x=1099 y=716 wordForeground=True
2026-09-06T18:34:34.9126737+08:00 pid=100440 tid=12 left-down x=1055 y=2143 wordForeground=True
2026-09-06T18:34:36.2956513+08:00 pid=100440 tid=12 left-down x=1112 y=285 wordForeground=False
2026-09-06T18:34:37.5236007+08:00 pid=100440 tid=12 left-down x=1489 y=316 wordForeground=False
2026-09-06T18:35:58.1424747+08:00 pid=100440 tid=12 left-down x=214 y=595 wordForeground=True
2026-09-06T18:35:58.3456754+08:00 pid=100440 tid=12 left-down x=214 y=595 wordForeground=True
2026-09-06T18:35:58.3456754+08:00 pid=100440 tid=12 double-click elapsedMs=202.493 withinX=True withinY=True nativeOleTarget=False suppressSecondDown=False dispatchCallback=True
2026-09-06T18:35:58.4506847+08:00 pid=100440 tid=17 callback-begin interceptedNativeOle=False x=214 y=595
2026-09-06T18:35:58.4506847+08:00 pid=100440 tid=17 addin-callback-received interceptedNativeOle=False x=214 y=595
2026-09-06T18:35:58.4516862+08:00 pid=100440 tid=17 callback-end
2026-09-06T18:35:58.4586862+08:00 pid=100440 tid=1 addin-coordinate-selection formulaId=<null> objectMode=<null>
2026-09-06T18:36:59.3285227+08:00 pid=100440 tid=12 left-down x=1776 y=1270 wordForeground=False
2026-09-06T18:38:25.0743861+08:00 pid=100440 tid=12 left-down x=1776 y=1270 wordForeground=False
2026-09-06T18:39:56.2695379+08:00 pid=100440 tid=12 left-down x=2688 y=1281 wordForeground=True
2026-09-06T18:39:57.3701690+08:00 pid=100440 tid=12 left-down x=2687 y=1255 wordForeground=False
2026-09-06T18:40:01.0732730+08:00 pid=100440 tid=12 left-down x=3453 y=883 wordForeground=False
2026-09-06T18:40:03.0924153+08:00 pid=100440 tid=12 left-down x=3255 y=934 wordForeground=False
2026-09-06T18:40:05.0610194+08:00 pid=100440 tid=12 left-down x=2821 y=832 wordForeground=False
2026-09-06T18:40:06.5221996+08:00 pid=100440 tid=12 left-down x=2370 y=1614 wordForeground=False
2026-09-06T18:40:07.3374027+08:00 pid=100440 tid=12 left-down x=2337 y=1551 wordForeground=False
2026-09-06T18:40:09.3516150+08:00 pid=100440 tid=12 left-down x=3541 y=952 wordForeground=False
2026-09-06T18:40:11.1456006+08:00 pid=100440 tid=12 left-down x=916 y=415 wordForeground=False
2026-09-06T18:40:12.0579267+08:00 pid=100440 tid=12 left-down x=952 y=461 wordForeground=True
2026-09-06T18:40:13.2643426+08:00 pid=100440 tid=12 left-down x=1016 y=491 wordForeground=True
2026-09-06T18:40:15.0397173+08:00 pid=100440 tid=12 left-down x=1044 y=500 wordForeground=True
2026-09-06T18:40:15.2257436+08:00 pid=100440 tid=12 left-down x=1044 y=500 wordForeground=True
2026-09-06T18:40:15.2257436+08:00 pid=100440 tid=12 double-click elapsedMs=185.461 withinX=True withinY=True nativeOleTarget=False suppressSecondDown=False dispatchCallback=True
2026-09-06T18:40:15.3181478+08:00 pid=100440 tid=19 callback-begin interceptedNativeOle=False x=1044 y=500
2026-09-06T18:40:15.3181478+08:00 pid=100440 tid=19 addin-callback-received interceptedNativeOle=False x=1044 y=500
2026-09-06T18:40:15.3181478+08:00 pid=100440 tid=19 callback-end
2026-09-06T18:40:15.3191489+08:00 pid=100440 tid=1 addin-coordinate-selection formulaId=<null> objectMode=<null>
2026-09-06T18:40:18.4150188+08:00 pid=100440 tid=12 left-down x=2748 y=671 wordForeground=False
2026-09-06T18:40:30.0365106+08:00 pid=100440 tid=12 left-down x=1382 y=1120 wordForeground=False
2026-09-06T18:40:32.2796692+08:00 pid=100440 tid=12 left-down x=2332 y=460 wordForeground=False
2026-09-06T18:40:34.5910970+08:00 pid=100440 tid=12 left-down x=2492 y=460 wordForeground=False
2026-09-06T18:43:24.0014568+08:00 pid=100440 tid=12 left-down x=1238 y=848 wordForeground=True
2026-09-06T18:43:24.3144796+08:00 pid=100440 tid=12 left-down x=1246 y=845 wordForeground=True
2026-09-06T18:43:25.8542511+08:00 pid=100440 tid=12 left-down x=1124 y=845 wordForeground=True
2026-09-06T18:43:26.0420532+08:00 pid=100440 tid=12 left-down x=1124 y=845 wordForeground=True
2026-09-06T18:43:26.0430531+08:00 pid=100440 tid=12 double-click elapsedMs=188.261 withinX=True withinY=True nativeOleTarget=False suppressSecondDown=False dispatchCallback=True
2026-09-06T18:43:26.1437953+08:00 pid=100440 tid=20 callback-begin interceptedNativeOle=False x=1124 y=845
2026-09-06T18:43:26.1437953+08:00 pid=100440 tid=20 addin-callback-received interceptedNativeOle=False x=1124 y=845
2026-09-06T18:43:26.1437953+08:00 pid=100440 tid=20 callback-end
2026-09-06T18:43:26.1437953+08:00 pid=100440 tid=1 addin-coordinate-selection formulaId=<null> objectMode=<null>
2026-09-06T18:43:28.3956875+08:00 pid=100440 tid=12 left-down x=3804 y=20 wordForeground=False
2026-09-06T18:47:28.2467762+08:00 pid=100440 tid=12 left-down x=1052 y=850 wordForeground=True
2026-09-06T18:47:28.4453664+08:00 pid=100440 tid=12 left-down x=1052 y=850 wordForeground=True
2026-09-06T18:47:28.4463660+08:00 pid=100440 tid=12 double-click elapsedMs=198.344 withinX=True withinY=True nativeOleTarget=False suppressSecondDown=False dispatchCallback=True
2026-09-06T18:47:28.5523426+08:00 pid=100440 tid=22 callback-begin interceptedNativeOle=False x=1052 y=850
2026-09-06T18:47:28.5523426+08:00 pid=100440 tid=22 addin-callback-received interceptedNativeOle=False x=1052 y=850
2026-09-06T18:47:28.5533442+08:00 pid=100440 tid=22 callback-end
2026-09-06T18:47:28.5543427+08:00 pid=100440 tid=1 addin-coordinate-selection formulaId=<null> objectMode=<null>
2026-09-06T18:47:30.1730916+08:00 pid=100440 tid=12 left-down x=3837 y=0 wordForeground=False
2026-09-06T18:47:39.2692886+08:00 pid=100440 tid=12 left-down x=1519 y=2147 wordForeground=True
2026-09-06T18:47:43.1639691+08:00 pid=100440 tid=12 left-down x=2436 y=1682 wordForeground=False
2026-09-06T18:47:44.7177634+08:00 pid=100440 tid=12 left-down x=2469 y=1375 wordForeground=False
2026-09-06T18:48:14.4289288+08:00 pid=100440 tid=12 left-down x=1921 y=2011 wordForeground=False
2026-09-06T18:48:16.3050590+08:00 pid=100440 tid=12 left-down x=2332 y=1805 wordForeground=False
2026-09-06T18:48:23.3845325+08:00 pid=100440 tid=12 left-down x=2421 y=1859 wordForeground=False
2026-09-06T18:50:06.3171133+08:00 pid=100440 tid=12 left-down x=1495 y=2143 wordForeground=False
2026-09-06T18:50:14.7134361+08:00 pid=100440 tid=12 left-down x=1847 y=2014 wordForeground=False
2026-09-06T18:50:16.7386315+08:00 pid=100440 tid=12 left-down x=2507 y=1649 wordForeground=False
2026-09-06T18:50:38.6484146+08:00 pid=100440 tid=12 left-down x=2738 y=1912 wordForeground=False
2026-09-06T18:50:40.1187252+08:00 pid=100440 tid=12 left-down x=2686 y=1888 wordForeground=False
2026-09-06T18:50:51.6773527+08:00 pid=100440 tid=12 left-down x=3503 y=1986 wordForeground=False
2026-09-06T18:50:52.8304441+08:00 pid=100440 tid=12 left-down x=3022 y=1910 wordForeground=False
2026-09-06T18:51:18.2249531+08:00 pid=100440 tid=12 left-down x=1970 y=718 wordForeground=False
2026-09-06T18:51:23.4052545+08:00 pid=100440 tid=12 left-down x=2357 y=1598 wordForeground=True
2026-09-06T18:51:24.2592530+08:00 pid=100440 tid=12 left-down x=2321 y=1594 wordForeground=False
2026-09-06T18:51:34.7899371+08:00 pid=100440 tid=12 left-down x=3553 y=948 wordForeground=False
2026-09-06T18:51:36.5389928+08:00 pid=100440 tid=12 left-down x=2386 y=1883 wordForeground=False
2026-09-06T18:52:00.3275751+08:00 pid=100440 tid=12 left-down x=2306 y=1494 wordForeground=True
2026-09-06T18:52:14.3224602+08:00 pid=100440 tid=12 left-down x=3533 y=934 wordForeground=False
2026-09-06T18:52:25.0928478+08:00 pid=100440 tid=12 left-down x=1236 y=1316 wordForeground=False
2026-09-06T18:52:26.7212141+08:00 pid=100440 tid=12 left-down x=2524 y=1507 wordForeground=True
2026-09-06T18:52:56.0922309+08:00 pid=100440 tid=12 left-down x=1776 y=1270 wordForeground=False
2026-09-06T18:53:33.4095812+08:00 pid=100440 tid=12 left-down x=1133 y=726 wordForeground=True
2026-09-06T18:54:16.6297972+08:00 pid=100440 tid=12 left-down x=947 y=400 wordForeground=True
2026-09-06T18:55:25.1558827+08:00 pid=100440 tid=12 left-down x=280 y=1480 wordForeground=True
2026-09-06T18:55:25.3573776+08:00 pid=100440 tid=12 left-down x=280 y=1480 wordForeground=True
2026-09-06T18:55:25.3583772+08:00 pid=100440 tid=12 double-click elapsedMs=201.209 withinX=True withinY=True nativeOleTarget=False suppressSecondDown=False dispatchCallback=True
2026-09-06T18:55:25.4513763+08:00 pid=100440 tid=37 callback-begin interceptedNativeOle=False x=280 y=1480
2026-09-06T18:55:25.4513763+08:00 pid=100440 tid=37 addin-callback-received interceptedNativeOle=False x=280 y=1480
2026-09-06T18:55:25.4513763+08:00 pid=100440 tid=37 callback-end
2026-09-06T18:55:25.4523778+08:00 pid=100440 tid=1 addin-coordinate-selection formulaId=<null> objectMode=<null>
2026-09-06T18:56:30.4780700+08:00 pid=100440 tid=12 left-down x=1042 y=1026 wordForeground=True
2026-09-06T18:56:31.2318013+08:00 pid=100440 tid=12 left-down x=995 y=1195 wordForeground=True
2026-09-06T18:56:33.6277572+08:00 pid=100440 tid=12 left-down x=2357 y=1684 wordForeground=True
2026-09-06T18:56:34.6831720+08:00 pid=100440 tid=12 left-down x=2340 y=1630 wordForeground=False
2026-09-06T18:56:38.9299089+08:00 pid=100440 tid=12 left-down x=3566 y=939 wordForeground=False
2026-09-06T18:56:40.4024831+08:00 pid=100440 tid=12 left-down x=2628 y=1912 wordForeground=False
2026-09-06T18:56:45.0741725+08:00 pid=100440 tid=12 left-down x=1424 y=1180 wordForeground=False
2026-09-06T18:59:35.8679175+08:00 pid=100440 tid=12 left-down x=2427 y=1888 wordForeground=True
2026-09-06T18:59:49.4921488+08:00 pid=100440 tid=12 left-down x=1150 y=1416 wordForeground=False
2026-09-06T18:59:53.2087324+08:00 pid=100440 tid=12 left-down x=2331 y=1892 wordForeground=True
2026-09-06T19:00:56.2594063+08:00 pid=100440 tid=12 left-down x=1776 y=1270 wordForeground=False
2026-09-06T19:06:27.7798765+08:00 pid=100440 tid=12 left-down x=1317 y=747 wordForeground=False
2026-09-06T19:07:30.4784774+08:00 pid=100440 tid=12 left-down x=1792 y=747 wordForeground=False
2026-09-06T19:08:18.4700138+08:00 pid=100440 tid=12 left-down x=1382 y=1120 wordForeground=False
2026-09-06T19:08:20.6148131+08:00 pid=100440 tid=12 left-down x=2332 y=460 wordForeground=False
2026-09-06T19:08:22.5035614+08:00 pid=100440 tid=12 left-down x=2492 y=460 wordForeground=False
2026-09-06T19:09:50.8364206+08:00 pid=100440 tid=12 left-down x=913 y=194 wordForeground=True
2026-09-06T19:10:15.9539480+08:00 pid=100440 tid=12 left-down x=1382 y=1120 wordForeground=False
2026-09-06T19:10:18.1212991+08:00 pid=100440 tid=12 left-down x=2332 y=460 wordForeground=False
2026-09-06T19:10:20.0565213+08:00 pid=100440 tid=12 left-down x=2492 y=460 wordForeground=False
2026-09-06T19:10:55.9803048+08:00 pid=100440 tid=12 left-down x=913 y=366 wordForeground=True
2026-09-06T19:11:41.0382637+08:00 pid=100440 tid=12 left-down x=3317 y=1332 wordForeground=True
2026-09-06T19:12:19.8926659+08:00 pid=100440 tid=12 left-down x=1099 y=716 wordForeground=True
2026-09-06T19:16:35.4671340+08:00 pid=100440 tid=12 left-down x=2718 y=1688 wordForeground=True
2026-09-06T19:16:45.0141683+08:00 pid=100440 tid=12 left-down x=1144 y=2139 wordForeground=False
2026-09-06T19:17:04.7555815+08:00 pid=100440 tid=12 left-down x=2617 y=1924 wordForeground=False
2026-09-06T19:17:05.8856463+08:00 pid=100440 tid=12 left-down x=1143 y=1214 wordForeground=False
2026-09-06T19:17:06.8487811+08:00 pid=100440 tid=12 left-down x=2443 y=1559 wordForeground=True
2026-09-06T19:17:08.0457214+08:00 pid=100440 tid=12 left-down x=2901 y=1707 wordForeground=False
2026-09-06T19:18:29.0326428+08:00 pid=100440 tid=12 left-down x=1776 y=1270 wordForeground=False
2026-09-06T19:19:29.5431605+08:00 pid=100440 tid=12 left-down x=1776 y=1270 wordForeground=False
2026-09-06T19:25:38.7148812+08:00 pid=100440 tid=12 left-down x=2218 y=1799 wordForeground=True
2026-09-06T19:25:51.5748239+08:00 pid=100440 tid=12 left-down x=1930 y=2008 wordForeground=False
2026-09-06T19:25:53.9068045+08:00 pid=100440 tid=12 left-down x=1819 y=1881 wordForeground=False
2026-09-06T19:25:55.8999064+08:00 pid=100440 tid=12 left-down x=1787 y=1221 wordForeground=False
2026-09-06T19:26:12.6692631+08:00 pid=100440 tid=12 left-down x=1817 y=925 wordForeground=False
2026-09-06T19:26:20.1691777+08:00 pid=100440 tid=12 left-down x=723 y=2133 wordForeground=False
2026-09-06T19:26:23.5120393+08:00 pid=100440 tid=12 left-down x=1003 y=1128 wordForeground=False
2026-09-06T19:26:25.1333797+08:00 pid=100440 tid=12 left-down x=759 y=1281 wordForeground=False
2026-09-06T19:26:25.3522151+08:00 pid=100440 tid=12 left-down x=759 y=1281 wordForeground=False
2026-09-06T19:26:27.0252659+08:00 pid=100440 tid=12 left-down x=765 y=1239 wordForeground=False
2026-09-06T19:26:27.2518376+08:00 pid=100440 tid=12 left-down x=765 y=1239 wordForeground=False
2026-09-06T19:26:32.9927660+08:00 pid=100440 tid=12 left-down x=1154 y=1125 wordForeground=False
2026-09-06T19:26:34.3026984+08:00 pid=100440 tid=12 left-down x=751 y=1249 wordForeground=False
2026-09-06T19:26:34.5346199+08:00 pid=100440 tid=12 left-down x=751 y=1249 wordForeground=False
2026-09-06T19:26:38.5433905+08:00 pid=100440 tid=12 left-down x=723 y=1485 wordForeground=False
2026-09-06T19:26:38.9907064+08:00 pid=100440 tid=12 left-down x=723 y=1485 wordForeground=False
2026-09-06T19:26:41.1775679+08:00 pid=100440 tid=12 left-down x=716 y=1445 wordForeground=False
2026-09-06T19:26:41.4634430+08:00 pid=100440 tid=12 left-down x=716 y=1445 wordForeground=False
2026-09-06T19:26:43.0770112+08:00 pid=100440 tid=12 left-down x=745 y=1260 wordForeground=False
2026-09-06T19:26:43.3541500+08:00 pid=100440 tid=12 left-down x=745 y=1260 wordForeground=False
2026-09-06T19:26:44.8098003+08:00 pid=100440 tid=12 left-down x=730 y=1286 wordForeground=False
2026-09-06T19:26:45.0892502+08:00 pid=100440 tid=12 left-down x=730 y=1286 wordForeground=False
2026-09-06T19:26:46.1669375+08:00 pid=100440 tid=12 left-down x=726 y=1221 wordForeground=False
2026-09-06T19:26:46.4572658+08:00 pid=100440 tid=12 left-down x=726 y=1221 wordForeground=False
2026-09-06T19:26:53.6963710+08:00 pid=100440 tid=12 left-down x=2547 y=1769 wordForeground=False
2026-09-06T19:27:08.3204630+08:00 pid=100440 tid=12 left-down x=2350 y=1340 wordForeground=False
2026-09-06T19:28:13.7382073+08:00 pid=100440 tid=12 left-down x=2358 y=727 wordForeground=False
2026-09-06T19:28:56.2643755+08:00 pid=100440 tid=12 left-down x=3340 y=1397 wordForeground=False
2026-09-06T19:28:59.9728160+08:00 pid=100440 tid=12 left-down x=2887 y=1708 wordForeground=False
2026-09-06T19:29:06.0391051+08:00 pid=100440 tid=12 left-down x=2872 y=1893 wordForeground=False
2026-09-06T19:31:37.6106627+08:00 pid=100440 tid=12 left-down x=2362 y=1685 wordForeground=False
2026-09-06T19:31:39.9156107+08:00 pid=100440 tid=12 left-down x=2431 y=1692 wordForeground=False
2026-09-06T19:36:16.6922916+08:00 pid=100440 tid=12 left-down x=947 y=228 wordForeground=True
2026-09-06T19:36:25.3561705+08:00 pid=100440 tid=12 left-down x=1382 y=1120 wordForeground=False
2026-09-06T19:36:27.5808779+08:00 pid=100440 tid=12 left-down x=2332 y=460 wordForeground=False
2026-09-06T19:36:29.5497534+08:00 pid=100440 tid=12 left-down x=2492 y=460 wordForeground=False
2026-09-06T19:40:29.3184370+08:00 pid=100440 tid=12 left-down x=947 y=400 wordForeground=True
2026-09-06T19:40:38.9084478+08:00 pid=100440 tid=12 left-down x=1133 y=750 wordForeground=True
2026-09-06T19:42:52.9373275+08:00 pid=100440 tid=12 left-down x=278 y=626 wordForeground=True
2026-09-06T19:42:53.1604305+08:00 pid=100440 tid=12 left-down x=278 y=626 wordForeground=True
2026-09-06T19:42:53.1604305+08:00 pid=100440 tid=12 double-click elapsedMs=222.369 withinX=True withinY=True nativeOleTarget=False suppressSecondDown=False dispatchCallback=True
2026-09-06T19:42:53.2594330+08:00 pid=100440 tid=28 callback-begin interceptedNativeOle=False x=278 y=626
2026-09-06T19:42:53.2594330+08:00 pid=100440 tid=28 addin-callback-received interceptedNativeOle=False x=278 y=626
2026-09-06T19:42:53.2604345+08:00 pid=100440 tid=28 callback-end
2026-09-06T19:42:53.2664332+08:00 pid=100440 tid=1 addin-coordinate-selection formulaId=<null> objectMode=<null>
2026-09-06T19:45:07.9925319+08:00 pid=100440 tid=12 left-down x=1776 y=1270 wordForeground=False
2026-09-06T19:46:04.7174164+08:00 pid=100440 tid=12 left-down x=1776 y=1270 wordForeground=False
2026-09-06T19:46:46.4552630+08:00 pid=100440 tid=12 left-down x=1776 y=1270 wordForeground=False
2026-09-06T19:50:59.1859147+08:00 pid=100440 tid=12 left-down x=2410 y=1634 wordForeground=True
2026-09-06T19:50:59.9717231+08:00 pid=100440 tid=12 left-down x=2326 y=1582 wordForeground=False
2026-09-06T19:51:02.1144388+08:00 pid=100440 tid=12 left-down x=3524 y=944 wordForeground=False
2026-09-06T19:51:05.1187743+08:00 pid=100440 tid=12 left-down x=2509 y=1260 wordForeground=False
2026-09-06T19:51:11.4496856+08:00 pid=100440 tid=12 left-down x=3563 y=923 wordForeground=True
2026-09-06T19:51:19.2646787+08:00 pid=100440 tid=12 left-down x=981 y=262 wordForeground=True
2026-09-06T19:51:27.1452992+08:00 pid=100440 tid=12 left-down x=1317 y=747 wordForeground=False
2026-09-06T19:51:29.1574924+08:00 pid=100440 tid=12 left-down x=1602 y=747 wordForeground=False
2026-09-06T19:51:44.1813333+08:00 pid=100440 tid=12 left-down x=1382 y=1120 wordForeground=False
2026-09-06T19:51:46.3503967+08:00 pid=100440 tid=12 left-down x=2332 y=460 wordForeground=False
2026-09-06T19:51:48.3193245+08:00 pid=100440 tid=12 left-down x=2492 y=460 wordForeground=False
2026-09-06T19:52:22.6354195+08:00 pid=100440 tid=12 left-down x=1776 y=1270 wordForeground=False
2026-09-06T19:52:34.3873981+08:00 pid=100440 tid=12 left-down x=1167 y=784 wordForeground=True
2026-09-06T19:54:30.6146228+08:00 pid=100440 tid=12 left-down x=1776 y=1270 wordForeground=False
2026-09-06T19:54:49.4565637+08:00 pid=100440 tid=12 left-down x=981 y=434 wordForeground=True
2026-09-06T19:55:50.4845185+08:00 pid=100440 tid=12 left-down x=1776 y=1270 wordForeground=False
2026-09-06T20:00:14.8131384+08:00 pid=100440 tid=12 left-down x=314 y=899 wordForeground=True
2026-09-06T20:00:15.0619912+08:00 pid=100440 tid=12 left-down x=314 y=899 wordForeground=True
2026-09-06T20:00:15.0619912+08:00 pid=100440 tid=12 double-click elapsedMs=248.91 withinX=True withinY=True nativeOleTarget=False suppressSecondDown=False dispatchCallback=True
2026-09-06T20:00:15.1546690+08:00 pid=100440 tid=42 callback-begin interceptedNativeOle=False x=314 y=899
2026-09-06T20:00:15.1546690+08:00 pid=100440 tid=42 addin-callback-received interceptedNativeOle=False x=314 y=899
2026-09-06T20:00:15.1546690+08:00 pid=100440 tid=42 callback-end
2026-09-06T20:00:15.1556706+08:00 pid=100440 tid=1 addin-coordinate-selection formulaId=<null> objectMode=<null>
2026-09-06T20:00:32.1592751+08:00 pid=100440 tid=12 left-down x=1015 y=296 wordForeground=True
2026-09-06T20:00:40.6438201+08:00 pid=100440 tid=12 left-down x=1382 y=1120 wordForeground=False
2026-09-06T20:00:43.7655839+08:00 pid=100440 tid=12 left-down x=2492 y=460 wordForeground=False
2026-09-06T20:01:13.1105557+08:00 pid=100440 tid=12 left-down x=1382 y=1120 wordForeground=False
2026-09-06T20:01:15.2535447+08:00 pid=100440 tid=12 left-down x=2332 y=460 wordForeground=False
2026-09-06T20:01:17.2400104+08:00 pid=100440 tid=12 left-down x=2492 y=460 wordForeground=False
2026-09-06T20:03:47.0006134+08:00 pid=100440 tid=12 left-down x=3150 y=914 wordForeground=True
2026-09-06T20:07:28.2595650+08:00 pid=100440 tid=12 left-down x=781 y=837 wordForeground=False
2026-09-06T20:07:29.0730094+08:00 pid=100440 tid=12 left-down x=1246 y=904 wordForeground=True
2026-09-06T20:07:31.9882024+08:00 pid=100440 tid=12 left-down x=2652 y=1876 wordForeground=True
2026-09-06T20:18:44.9252800+08:00 pid=100440 tid=12 left-down x=3202 y=1755 wordForeground=True
2026-09-06T20:18:55.5208320+08:00 pid=100440 tid=12 left-down x=1872 y=722 wordForeground=True
2026-09-06T20:19:04.1833487+08:00 pid=100440 tid=12 left-down x=1382 y=1120 wordForeground=False
2026-09-06T20:19:07.3776191+08:00 pid=100440 tid=12 left-down x=2492 y=460 wordForeground=False
2026-09-06T20:19:37.2124318+08:00 pid=100440 tid=12 left-down x=1382 y=1120 wordForeground=False
2026-09-06T20:19:39.5192081+08:00 pid=100440 tid=12 left-down x=2332 y=460 wordForeground=False
2026-09-06T20:19:41.4475175+08:00 pid=100440 tid=12 left-down x=2492 y=460 wordForeground=False
2026-09-06T20:21:07.2498847+08:00 pid=100440 tid=12 left-down x=1776 y=1270 wordForeground=False
2026-09-06T20:21:21.1407298+08:00 pid=100440 tid=12 left-down x=2058 y=1197 wordForeground=True
2026-09-06T20:21:29.0872779+08:00 pid=100440 tid=12 left-down x=1872 y=894 wordForeground=True
2026-09-06T20:23:50.5103247+08:00 pid=100440 tid=12 left-down x=1211 y=1746 wordForeground=True
2026-09-06T20:23:50.8107621+08:00 pid=100440 tid=12 left-down x=1211 y=1746 wordForeground=True
2026-09-06T20:23:50.8107621+08:00 pid=100440 tid=12 double-click elapsedMs=299.558 withinX=True withinY=True nativeOleTarget=False suppressSecondDown=False dispatchCallback=True
2026-09-06T20:23:50.9057615+08:00 pid=100440 tid=39 callback-begin interceptedNativeOle=False x=1211 y=1746
2026-09-06T20:23:50.9057615+08:00 pid=100440 tid=39 addin-callback-received interceptedNativeOle=False x=1211 y=1746
2026-09-06T20:23:50.9067614+08:00 pid=100440 tid=39 callback-end
2026-09-06T20:23:50.9097605+08:00 pid=100440 tid=1 addin-coordinate-selection formulaId=<null> objectMode=<null>
2026-09-06T20:25:37.8073695+08:00 pid=100440 tid=12 left-down x=913 y=194 wordForeground=True
2026-09-06T20:25:46.2735380+08:00 pid=100440 tid=12 left-down x=1382 y=1120 wordForeground=False
2026-09-06T20:25:49.4428184+08:00 pid=100440 tid=12 left-down x=2492 y=460 wordForeground=False
2026-09-06T20:26:38.9767996+08:00 pid=100440 tid=12 left-down x=1776 y=1270 wordForeground=False
2026-09-06T20:26:58.6900786+08:00 pid=100440 tid=12 left-down x=1099 y=692 wordForeground=True
2026-09-06T20:27:06.6994924+08:00 pid=100440 tid=12 left-down x=913 y=366 wordForeground=True
2026-09-06T20:28:01.7195665+08:00 pid=100440 tid=12 left-down x=1776 y=1270 wordForeground=False
2026-09-06T20:30:42.4898273+08:00 pid=100440 tid=12 left-down x=257 y=711 wordForeground=True
2026-09-06T20:30:42.7707487+08:00 pid=100440 tid=12 left-down x=257 y=711 wordForeground=True
2026-09-06T20:30:42.7707487+08:00 pid=100440 tid=12 double-click elapsedMs=280.469 withinX=True withinY=True nativeOleTarget=False suppressSecondDown=False dispatchCallback=True
2026-09-06T20:30:42.8743041+08:00 pid=100440 tid=35 callback-begin interceptedNativeOle=False x=257 y=711
2026-09-06T20:30:42.8743041+08:00 pid=100440 tid=35 addin-callback-received interceptedNativeOle=False x=257 y=711
2026-09-06T20:30:42.8743041+08:00 pid=100440 tid=35 callback-end
2026-09-06T20:30:42.8753062+08:00 pid=100440 tid=1 addin-coordinate-selection formulaId=<null> objectMode=<null>
2026-09-06T20:32:09.0187496+08:00 pid=100440 tid=12 left-down x=1776 y=1270 wordForeground=False
2026-09-06T20:38:37.0120492+08:00 pid=100440 tid=12 left-down x=2327 y=1615 wordForeground=True
2026-09-06T20:38:38.8852535+08:00 pid=100440 tid=12 left-down x=2294 y=1552 wordForeground=False
2026-09-06T20:38:42.5889849+08:00 pid=100440 tid=12 left-down x=3538 y=941 wordForeground=False
2026-09-06T20:38:59.7049870+08:00 pid=100440 tid=12 left-down x=838 y=2134 wordForeground=False
2026-09-06T20:39:02.8918419+08:00 pid=100440 tid=12 left-down x=2513 y=463 wordForeground=False
2026-09-06T20:43:15.6270258+08:00 pid=100440 tid=12 left-down x=1872 y=722 wordForeground=True
2026-09-06T20:43:23.5341481+08:00 pid=100440 tid=12 left-down x=1317 y=747 wordForeground=False
2026-09-06T20:43:26.6488634+08:00 pid=100440 tid=12 left-down x=1792 y=747 wordForeground=False
2026-09-06T20:43:38.5246955+08:00 pid=100440 tid=12 left-down x=2058 y=1197 wordForeground=True
2026-09-06T20:43:52.8827762+08:00 pid=100440 tid=12 left-down x=1382 y=1120 wordForeground=False
2026-09-06T20:43:55.2602737+08:00 pid=100440 tid=12 left-down x=2332 y=460 wordForeground=False
2026-09-06T20:43:57.1972514+08:00 pid=100440 tid=12 left-down x=2492 y=460 wordForeground=False
2026-09-06T20:44:32.0852284+08:00 pid=100440 tid=12 left-down x=1776 y=1270 wordForeground=False
2026-09-06T20:44:43.8856429+08:00 pid=100440 tid=12 left-down x=2058 y=1245 wordForeground=True
2026-09-06T20:44:52.1500101+08:00 pid=100440 tid=12 left-down x=1872 y=894 wordForeground=True
2026-09-06T20:51:58.9030587+08:00 pid=100440 tid=12 left-down x=3322 y=1198 wordForeground=True
2026-09-06T20:54:03.5625001+08:00 pid=100440 tid=12 left-down x=2649 y=1482 wordForeground=False
2026-09-06T20:54:04.6777401+08:00 pid=100440 tid=12 left-down x=1875 y=2003 wordForeground=False
2026-09-06T20:54:05.9043568+08:00 pid=100440 tid=12 left-down x=2514 y=1766 wordForeground=False
2026-09-06T20:54:43.1317290+08:00 pid=100440 tid=12 left-down x=1776 y=1270 wordForeground=False
2026-09-06T20:55:49.2272873+08:00 pid=100440 tid=12 left-down x=1776 y=1270 wordForeground=False
2026-09-06T20:55:55.3634271+08:00 pid=100440 tid=12 left-down x=3287 y=1277 wordForeground=False
2026-09-06T20:57:43.9259694+08:00 pid=100440 tid=12 left-down x=1226 y=1122 wordForeground=True
2026-09-06T20:57:44.2111052+08:00 pid=100440 tid=12 left-down x=1226 y=1122 wordForeground=True
2026-09-06T20:57:44.2121061+08:00 pid=100440 tid=12 double-click elapsedMs=285.336 withinX=True withinY=True nativeOleTarget=False suppressSecondDown=False dispatchCallback=True
2026-09-06T20:57:44.3034367+08:00 pid=100440 tid=36 callback-begin interceptedNativeOle=False x=1226 y=1122
2026-09-06T20:57:44.3034367+08:00 pid=100440 tid=36 addin-callback-received interceptedNativeOle=False x=1226 y=1122
2026-09-06T20:57:44.3034367+08:00 pid=100440 tid=36 callback-end
2026-09-06T20:57:44.3094357+08:00 pid=100440 tid=1 addin-coordinate-selection formulaId=<null> objectMode=<null>
2026-09-06T20:57:48.7282063+08:00 pid=100440 tid=12 left-down x=1967 y=958 wordForeground=True
2026-09-06T20:57:49.8426756+08:00 pid=100440 tid=12 left-down x=3220 y=1476 wordForeground=True
2026-09-06T20:57:52.2378460+08:00 pid=100440 tid=12 left-down x=2352 y=1621 wordForeground=False
2026-09-06T20:57:53.0184681+08:00 pid=100440 tid=12 left-down x=2325 y=1549 wordForeground=False
2026-09-06T20:57:57.3309664+08:00 pid=100440 tid=12 left-down x=3532 y=950 wordForeground=False
2026-09-06T20:58:50.1097689+08:00 pid=100440 tid=12 left-down x=1776 y=1270 wordForeground=False
2026-09-06T20:59:56.7887066+08:00 pid=100440 tid=12 left-down x=3419 y=1293 wordForeground=True
2026-09-06T20:59:58.4790028+08:00 pid=100440 tid=12 left-down x=1526 y=1265 wordForeground=False
2026-09-06T20:59:59.3068433+08:00 pid=100440 tid=12 left-down x=1951 y=1100 wordForeground=True
2026-09-06T21:00:01.0196773+08:00 pid=100440 tid=12 left-down x=1967 y=1302 wordForeground=True
2026-09-06T21:02:26.4660307+08:00 pid=100440 tid=12 left-down x=3305 y=1428 wordForeground=True
2026-09-06T21:02:28.5350612+08:00 pid=100440 tid=12 left-down x=2391 y=1613 wordForeground=False
2026-09-06T21:02:29.3820477+08:00 pid=100440 tid=12 left-down x=2345 y=1578 wordForeground=False
2026-09-06T21:02:31.7043633+08:00 pid=100440 tid=12 left-down x=3555 y=953 wordForeground=False
2026-09-06T21:02:49.3295610+08:00 pid=100440 tid=12 left-down x=1226 y=1122 wordForeground=True
2026-09-06T21:02:49.6159883+08:00 pid=100440 tid=12 left-down x=1226 y=1122 wordForeground=True
2026-09-06T21:02:49.6159883+08:00 pid=100440 tid=12 double-click elapsedMs=286.242 withinX=True withinY=True nativeOleTarget=False suppressSecondDown=False dispatchCallback=True
2026-09-06T21:02:49.7175408+08:00 pid=100440 tid=16 callback-begin interceptedNativeOle=False x=1226 y=1122
2026-09-06T21:02:49.7176606+08:00 pid=100440 tid=16 addin-callback-received interceptedNativeOle=False x=1226 y=1122
2026-09-06T21:02:49.7181812+08:00 pid=100440 tid=16 callback-end
2026-09-06T21:02:49.7261857+08:00 pid=100440 tid=1 addin-coordinate-selection formulaId=<null> objectMode=<null>
2026-09-06T21:04:01.3299135+08:00 pid=100440 tid=12 left-down x=1862 y=913 wordForeground=True
2026-09-06T21:04:02.8641372+08:00 pid=100440 tid=12 left-down x=3251 y=1257 wordForeground=True
2026-09-06T21:04:05.0718595+08:00 pid=100440 tid=12 left-down x=2360 y=1624 wordForeground=False
2026-09-06T21:04:05.8236026+08:00 pid=100440 tid=12 left-down x=2229 y=1506 wordForeground=False
2026-09-06T21:04:06.8009835+08:00 pid=100440 tid=12 left-down x=2296 y=1541 wordForeground=False
2026-09-06T21:04:10.1353760+08:00 pid=100440 tid=12 left-down x=3548 y=938 wordForeground=False
2026-09-06T21:04:11.7531805+08:00 pid=100440 tid=12 left-down x=1498 y=1085 wordForeground=False
2026-09-06T21:04:22.8491696+08:00 pid=100440 tid=12 left-down x=3288 y=1228 wordForeground=True
2026-09-06T21:04:36.6114276+08:00 pid=100440 tid=12 left-down x=1226 y=1122 wordForeground=True
2026-09-06T21:04:36.9360133+08:00 pid=100440 tid=12 left-down x=1226 y=1122 wordForeground=True
2026-09-06T21:04:36.9370131+08:00 pid=100440 tid=12 double-click elapsedMs=324.73 withinX=True withinY=True nativeOleTarget=False suppressSecondDown=False dispatchCallback=True
2026-09-06T21:04:37.0380129+08:00 pid=100440 tid=16 callback-begin interceptedNativeOle=False x=1226 y=1122
2026-09-06T21:04:37.0380129+08:00 pid=100440 tid=16 addin-callback-received interceptedNativeOle=False x=1226 y=1122
2026-09-06T21:04:37.0390161+08:00 pid=100440 tid=16 callback-end
2026-09-06T21:04:37.0450226+08:00 pid=100440 tid=1 addin-coordinate-selection formulaId=<null> objectMode=<null>
2026-09-06T21:05:55.3481862+08:00 pid=100440 tid=12 left-down x=3213 y=1319 wordForeground=True
2026-09-06T21:06:00.7725853+08:00 pid=100440 tid=12 left-down x=1423 y=1125 wordForeground=False
2026-09-06T21:07:41.2760436+08:00 pid=100440 tid=12 left-down x=1872 y=722 wordForeground=True
2026-09-06T21:08:01.9771646+08:00 pid=100440 tid=12 left-down x=2058 y=1197 wordForeground=True
2026-09-06T21:09:13.7009346+08:00 pid=100440 tid=12 left-down x=3259 y=1259 wordForeground=True
2026-09-06T21:09:21.7415930+08:00 pid=100440 tid=12 left-down x=1555 y=1220 wordForeground=False
2026-09-06T21:09:24.4358692+08:00 pid=100440 tid=12 left-down x=1640 y=1276 wordForeground=True
2026-09-06T21:10:06.1966332+08:00 pid=100440 tid=12 left-down x=913 y=194 wordForeground=True
2026-09-06T21:10:24.9553612+08:00 pid=100440 tid=12 left-down x=1099 y=668 wordForeground=True
2026-09-06T21:10:39.4532626+08:00 pid=100440 tid=12 left-down x=1382 y=1120 wordForeground=False
2026-09-06T21:10:42.7483650+08:00 pid=100440 tid=12 left-down x=2492 y=460 wordForeground=False
2026-09-06T21:11:33.7410707+08:00 pid=100440 tid=12 left-down x=1776 y=1270 wordForeground=False
2026-09-06T21:11:46.6550125+08:00 pid=100440 tid=12 left-down x=1099 y=716 wordForeground=True
2026-09-06T21:11:54.9457589+08:00 pid=100440 tid=12 left-down x=913 y=366 wordForeground=True
2026-09-06T21:13:04.3154946+08:00 pid=100440 tid=12 left-down x=3360 y=1425 wordForeground=True
2026-09-06T21:13:12.2964293+08:00 pid=100440 tid=12 left-down x=1336 y=1201 wordForeground=False
2026-09-06T21:13:16.6514105+08:00 pid=100440 tid=12 left-down x=1060 y=1037 wordForeground=True
2026-09-06T21:13:18.4102356+08:00 pid=100440 tid=12 left-down x=1147 y=1380 wordForeground=True
2026-09-06T21:14:17.0140333+08:00 pid=100440 tid=12 left-down x=1776 y=1270 wordForeground=False
2026-09-06T21:14:25.9574610+08:00 pid=100440 tid=12 left-down x=913 y=194 wordForeground=True
2026-09-06T21:14:39.3785434+08:00 pid=100440 tid=12 left-down x=913 y=366 wordForeground=True
2026-09-06T21:15:35.0442324+08:00 pid=100440 tid=12 left-down x=1776 y=1270 wordForeground=False
2026-09-06T21:20:43.9758614+08:00 pid=100440 tid=12 left-down x=257 y=681 wordForeground=True
2026-09-06T21:20:44.2942602+08:00 pid=100440 tid=12 left-down x=257 y=681 wordForeground=True
2026-09-06T21:20:44.2952592+08:00 pid=100440 tid=12 double-click elapsedMs=318.292 withinX=True withinY=True nativeOleTarget=False suppressSecondDown=False dispatchCallback=True
2026-09-06T21:20:44.3912697+08:00 pid=100440 tid=36 callback-begin interceptedNativeOle=False x=257 y=681
2026-09-06T21:20:44.3912697+08:00 pid=100440 tid=36 addin-callback-received interceptedNativeOle=False x=257 y=681
2026-09-06T21:20:44.3922709+08:00 pid=100440 tid=36 callback-end
2026-09-06T21:20:44.3982714+08:00 pid=100440 tid=1 addin-coordinate-selection formulaId=<null> objectMode=<null>
2026-09-06T21:22:57.2012581+08:00 pid=100440 tid=12 left-down x=1872 y=722 wordForeground=True
2026-09-06T21:23:05.7019501+08:00 pid=100440 tid=12 left-down x=1382 y=1120 wordForeground=False
2026-09-06T21:23:08.8751398+08:00 pid=100440 tid=12 left-down x=2492 y=460 wordForeground=False
2026-09-06T21:23:25.4702754+08:00 pid=100440 tid=12 left-down x=3244 y=1386 wordForeground=True
2026-09-06T21:23:39.8253795+08:00 pid=100440 tid=12 left-down x=1500 y=747 wordForeground=False
2026-09-06T21:24:17.2386389+08:00 pid=100440 tid=12 left-down x=1776 y=1270 wordForeground=False
2026-09-06T21:24:29.7601253+08:00 pid=100440 tid=12 left-down x=2058 y=1221 wordForeground=True
2026-09-06T21:24:37.8976568+08:00 pid=100440 tid=12 left-down x=1872 y=894 wordForeground=True
2026-09-06T21:25:47.1611756+08:00 pid=100440 tid=12 left-down x=3420 y=1159 wordForeground=True
2026-09-06T21:28:18.1594711+08:00 pid=100440 tid=12 left-down x=3020 y=1882 wordForeground=False
2026-09-06T21:28:41.1526034+08:00 pid=100440 tid=12 left-down x=2447 y=1622 wordForeground=False
2026-09-06T21:28:41.9645560+08:00 pid=100440 tid=12 left-down x=2351 y=1574 wordForeground=False
2026-09-06T21:28:48.6359436+08:00 pid=100440 tid=12 left-down x=3554 y=941 wordForeground=False
2026-09-06T21:29:06.7014473+08:00 pid=100440 tid=12 left-down x=2759 y=1917 wordForeground=False
2026-09-06T21:30:05.2956520+08:00 pid=100440 tid=12 left-down x=1776 y=1270 wordForeground=False
2026-09-06T21:30:14.4400377+08:00 pid=100440 tid=12 left-down x=1872 y=722 wordForeground=True
2026-09-06T21:30:27.4539780+08:00 pid=100440 tid=12 left-down x=1872 y=894 wordForeground=True
2026-09-06T21:30:58.7183657+08:00 pid=100440 tid=12 left-down x=3287 y=1354 wordForeground=True
2026-09-06T21:31:04.7208050+08:00 pid=100440 tid=12 left-down x=3193 y=1291 wordForeground=False
2026-09-06T21:31:12.0393791+08:00 pid=100440 tid=12 left-down x=3312 y=1360 wordForeground=True
2026-09-06T21:31:18.3569769+08:00 pid=100440 tid=12 left-down x=1776 y=1270 wordForeground=False
2026-09-06T21:31:33.0596890+08:00 pid=100440 tid=12 left-down x=3455 y=1476 wordForeground=True
2026-09-06T21:32:02.1565441+08:00 pid=100440 tid=12 left-down x=1925 y=1563 wordForeground=True
2026-09-06T21:32:03.4241153+08:00 pid=100440 tid=12 left-down x=3428 y=1458 wordForeground=False
2026-09-06T21:32:31.4607675+08:00 pid=100440 tid=12 left-down x=3294 y=1512 wordForeground=True
2026-09-06T21:34:48.7771388+08:00 pid=100440 tid=12 left-down x=3228 y=1368 wordForeground=False
2026-09-06T21:34:54.5775252+08:00 pid=100440 tid=12 left-down x=3061 y=1317 wordForeground=False
2026-09-06T21:35:04.4971534+08:00 pid=100440 tid=12 left-down x=2884 y=1710 wordForeground=False
2026-09-06T21:35:12.7967905+08:00 pid=100440 tid=12 left-down x=2818 y=1889 wordForeground=False
2026-09-06T21:35:23.1962066+08:00 pid=100440 tid=12 left-down x=2446 y=1904 wordForeground=False
2026-09-06T21:35:44.3064797+08:00 pid=100440 tid=12 left-down x=1750 y=2017 wordForeground=False
2026-09-06T21:35:47.8280346+08:00 pid=100440 tid=12 left-down x=2311 y=1771 wordForeground=False
2026-09-06T21:36:02.5938782+08:00 pid=100440 tid=12 left-down x=1216 y=1122 wordForeground=True
2026-09-06T21:36:02.9556316+08:00 pid=100440 tid=12 left-down x=1216 y=1122 wordForeground=True
2026-09-06T21:36:02.9556316+08:00 pid=100440 tid=12 double-click elapsedMs=360.731 withinX=True withinY=True nativeOleTarget=False suppressSecondDown=False dispatchCallback=True
2026-09-06T21:36:03.0482459+08:00 pid=100440 tid=35 callback-begin interceptedNativeOle=False x=1216 y=1122
2026-09-06T21:36:03.0482459+08:00 pid=100440 tid=35 addin-callback-received interceptedNativeOle=False x=1216 y=1122
2026-09-06T21:36:03.0487646+08:00 pid=100440 tid=35 callback-end
2026-09-06T21:36:03.0507624+08:00 pid=100440 tid=1 addin-coordinate-selection formulaId=<null> objectMode=<null>
2026-09-06T21:37:19.5825898+08:00 pid=100440 tid=12 left-down x=3336 y=1372 wordForeground=True
2026-09-06T21:37:26.0547134+08:00 pid=100440 tid=12 left-down x=2405 y=1625 wordForeground=False
2026-09-06T21:37:27.4483049+08:00 pid=100440 tid=12 left-down x=2310 y=1561 wordForeground=False
2026-09-06T21:37:29.8239368+08:00 pid=100440 tid=12 left-down x=3539 y=957 wordForeground=False
2026-09-06T21:37:31.7641064+08:00 pid=100440 tid=12 left-down x=2655 y=1907 wordForeground=False
2026-09-06T21:37:48.2278213+08:00 pid=100440 tid=12 left-down x=1382 y=1120 wordForeground=False
2026-09-06T21:37:51.5961431+08:00 pid=100440 tid=12 left-down x=2492 y=460 wordForeground=False
2026-09-06T21:38:18.5470910+08:00 pid=100440 tid=12 left-down x=1255 y=1032 wordForeground=True
2026-09-06T21:38:24.9347876+08:00 pid=100440 tid=12 left-down x=2693 y=1663 wordForeground=True
2026-09-06T21:38:26.3991512+08:00 pid=100440 tid=12 left-down x=3239 y=1682 wordForeground=False
2026-09-06T21:38:28.4975202+08:00 pid=100440 tid=12 left-down x=3146 y=1684 wordForeground=False
2026-09-06T21:38:45.6481857+08:00 pid=100440 tid=12 left-down x=1151 y=2140 wordForeground=False
2026-09-06T21:39:11.9068235+08:00 pid=100440 tid=12 left-down x=3303 y=1566 wordForeground=False
2026-09-06T21:39:17.7385011+08:00 pid=100440 tid=12 left-down x=3268 y=1483 wordForeground=False
2026-09-06T21:39:20.8066906+08:00 pid=100440 tid=12 left-down x=2801 y=1901 wordForeground=False
2026-09-06T21:39:32.1546937+08:00 pid=100440 tid=12 left-down x=2801 y=1901 wordForeground=True
2026-09-06T21:41:54.5683709+08:00 pid=100440 tid=12 left-down x=1872 y=722 wordForeground=True
2026-09-06T21:42:55.2684657+08:00 pid=100440 tid=12 left-down x=1332 y=734 wordForeground=True
2026-09-06T21:42:56.9292153+08:00 pid=100440 tid=12 left-down x=3277 y=1290 wordForeground=True
2026-09-06T21:44:10.2906647+08:00 pid=100440 tid=12 left-down x=1445 y=832 wordForeground=True
2026-09-06T21:44:10.6676002+08:00 pid=100440 tid=12 left-down x=1445 y=832 wordForeground=True
2026-09-06T21:44:10.6686007+08:00 pid=100440 tid=12 double-click elapsedMs=377.137 withinX=True withinY=True nativeOleTarget=False suppressSecondDown=False dispatchCallback=True
2026-09-06T21:44:10.7631989+08:00 pid=100440 tid=39 callback-begin interceptedNativeOle=False x=1445 y=832
2026-09-06T21:44:10.7631989+08:00 pid=100440 tid=39 addin-callback-received interceptedNativeOle=False x=1445 y=832
2026-09-06T21:44:10.7631989+08:00 pid=100440 tid=39 callback-end
2026-09-06T21:44:10.7641997+08:00 pid=100440 tid=1 addin-coordinate-selection formulaId=<null> objectMode=<null>
2026-09-06T21:44:12.4652300+08:00 pid=100440 tid=12 left-down x=3812 y=9 wordForeground=False
2026-09-06T21:44:14.7046105+08:00 pid=100440 tid=12 left-down x=1517 y=985 wordForeground=True
2026-09-06T21:44:43.2686221+08:00 pid=100440 tid=12 left-down x=1820 y=1993 wordForeground=True
2026-09-06T21:44:45.1812150+08:00 pid=100440 tid=12 left-down x=2265 y=1773 wordForeground=False
2026-09-06T21:45:35.2792361+08:00 pid=100440 tid=12 left-down x=1897 y=1997 wordForeground=False
2026-09-06T21:45:36.8087819+08:00 pid=100440 tid=12 left-down x=2373 y=1907 wordForeground=False
2026-09-06T21:45:37.8910209+08:00 pid=100440 tid=12 left-down x=2372 y=1627 wordForeground=False
2026-09-06T21:45:39.0189004+08:00 pid=100440 tid=12 left-down x=2305 y=1600 wordForeground=False
2026-09-06T21:45:41.5045598+08:00 pid=100440 tid=12 left-down x=3535 y=976 wordForeground=False
2026-09-06T21:45:43.0139817+08:00 pid=100440 tid=12 left-down x=2685 y=1869 wordForeground=False
2026-09-06T21:46:38.1836040+08:00 pid=100440 tid=12 left-down x=1982 y=2015 wordForeground=False
2026-09-06T21:46:45.4785000+08:00 pid=100440 tid=12 left-down x=852 y=2147 wordForeground=False
2026-09-06T21:46:48.9647793+08:00 pid=100440 tid=12 left-down x=2927 y=1203 wordForeground=False
2026-09-06T21:47:00.7052029+08:00 pid=100440 tid=12 left-down x=1718 y=624 wordForeground=False
2026-09-06T21:47:02.8391066+08:00 pid=100440 tid=12 left-down x=2217 y=1462 wordForeground=False
2026-09-06T21:47:32.2915960+08:00 pid=100440 tid=12 left-down x=1235 y=828 wordForeground=True
2026-09-06T21:47:40.3908628+08:00 pid=100440 tid=12 left-down x=1049 y=502 wordForeground=True
2026-09-06T21:47:45.8178532+08:00 pid=100440 tid=12 left-down x=403 y=1089 wordForeground=True
2026-09-06T21:47:46.1942956+08:00 pid=100440 tid=12 left-down x=403 y=1089 wordForeground=True
2026-09-06T21:47:46.1952952+08:00 pid=100440 tid=12 double-click elapsedMs=376.206 withinX=True withinY=True nativeOleTarget=False suppressSecondDown=False dispatchCallback=True
2026-09-06T21:47:46.2949703+08:00 pid=100440 tid=42 callback-begin interceptedNativeOle=False x=403 y=1089
2026-09-06T21:47:46.2949703+08:00 pid=100440 tid=42 addin-callback-received interceptedNativeOle=False x=403 y=1089
2026-09-06T21:47:46.2949703+08:00 pid=100440 tid=42 callback-end
2026-09-06T21:47:46.2959704+08:00 pid=100440 tid=1 addin-coordinate-selection formulaId=<null> objectMode=<null>
2026-09-06T21:47:56.6097743+08:00 pid=100440 tid=12 left-down x=584 y=1013 wordForeground=True
2026-09-06T21:48:00.9291272+08:00 pid=100440 tid=12 left-down x=2608 y=1634 wordForeground=True
2026-09-06T21:48:24.5910191+08:00 pid=100440 tid=12 left-down x=1927 y=1995 wordForeground=False
2026-09-06T21:48:27.0422255+08:00 pid=100440 tid=12 left-down x=2318 y=1897 wordForeground=False
2026-09-06T21:57:13.8394077+08:00 pid=100440 tid=12 left-down x=1938 y=2024 wordForeground=False
2026-09-06T21:57:15.4527541+08:00 pid=100440 tid=12 left-down x=2338 y=1891 wordForeground=False
2026-09-06T21:59:59.0487491+08:00 pid=100440 tid=12 left-down x=2320 y=1675 wordForeground=False
2026-09-06T22:00:03.1349321+08:00 pid=100440 tid=12 left-down x=686 y=2131 wordForeground=False
2026-09-06T22:00:05.7800021+08:00 pid=100440 tid=12 left-down x=1008 y=1231 wordForeground=False
2026-09-06T22:00:06.1917423+08:00 pid=100440 tid=12 left-down x=1008 y=1231 wordForeground=False
2026-09-06T22:00:08.4926300+08:00 pid=100440 tid=12 left-down x=2052 y=1288 wordForeground=False
2026-09-06T22:00:09.1649546+08:00 pid=100440 tid=12 left-down x=2052 y=1288 wordForeground=False
2026-09-06T22:00:10.2162652+08:00 pid=100440 tid=12 left-down x=2052 y=1288 wordForeground=False
