2026-09-06T17:20:43.1838246+08:00 pid=105892 [perf] update-numbers.health-fail reason=no-parseable-field-codes
2026-09-06T17:20:43.7042269+08:00 pid=105892 [perf] update-numbers.health-fail reason=no-parseable-field-codes
2026-09-06T17:20:45.7875909+08:00 pid=105892 [perf] Reconcile.adopt-native-hash-copies: +1615ms (1615ms)
2026-09-06T17:20:46.9002709+08:00 pid=105892 [perf] Reconcile.capture-omml-ids: +1112ms (2727ms)
2026-09-06T17:20:48.0021878+08:00 pid=105892 [perf] Reconcile.capture-numbered-locations: +1102ms (3829ms)
2026-09-06T17:20:48.0061895+08:00 pid=105892 [perf] Reconcile.repair-shared-captions: +4ms (3833ms)
2026-09-06T17:20:48.0071878+08:00 pid=105892 [perf] Reconcile.configure-inline-formulas: +1ms (3834ms)
2026-09-06T17:20:48.2735062+08:00 pid=105892 [perf] ConfigureNumbered.native-resolve-display: +6ms (6ms)
2026-09-06T17:20:48.3135063+08:00 pid=105892 [perf] ConfigureNumbered.native-clear-artifacts: +39ms (45ms)
2026-09-06T17:20:48.4912479+08:00 pid=105892 [perf] ConfigureNumbered.native-measure-display: +178ms (223ms)
2026-09-06T17:20:48.5534279+08:00 pid=105892 [perf] ConfigureNumbered.native-ensure-table: +62ms (285ms)
2026-09-06T17:20:48.5564279+08:00 pid=105892 [perf] ConfigureNumbered.native-resolve-table-formula: +3ms (288ms)
2026-09-06T17:20:48.5564279+08:00 pid=105892 [perf] ConfigureNumbered.native-height-repair: +0ms (288ms)
2026-09-06T17:20:48.7275313+08:00 pid=105892 [perf] ConfigureNumbered.native-geometry: +171ms (459ms)
2026-09-06T17:20:48.7285290+08:00 pid=105892 [perf] ConfigureNumbered.native-1x3-table: +1ms (460ms)
2026-09-06T17:20:48.7335283+08:00 pid=105892 [perf] ConfigureNumbered.direct-number-plan: +5ms (465ms)
2026-09-06T17:20:49.2366392+08:00 pid=105892 [perf] ConfigureNumbered.direct-visible-seq: +504ms (969ms)
2026-09-06T17:20:49.3738793+08:00 pid=105892 [perf] ConfigureNumbered.native-post-table-spacing: +137ms (1106ms)
2026-09-06T17:20:49.5311285+08:00 pid=105892 [perf] ConfigureNumbered.native-wrap-identity: +157ms (1263ms)
2026-09-06T17:20:49.7800509+08:00 pid=105892 [perf] ConfigureNumbered.native-resolve-display: +3ms (3ms)
2026-09-06T17:20:49.8214836+08:00 pid=105892 [perf] ConfigureNumbered.native-clear-artifacts: +42ms (45ms)
2026-09-06T17:20:50.0251956+08:00 pid=105892 [perf] ConfigureNumbered.native-measure-display: +204ms (249ms)
2026-09-06T17:20:50.0612106+08:00 pid=105892 [perf] ConfigureNumbered.native-ensure-table: +36ms (285ms)
2026-09-06T17:20:50.0632114+08:00 pid=105892 [perf] ConfigureNumbered.native-resolve-table-formula: +1ms (286ms)
2026-09-06T17:20:50.0632114+08:00 pid=105892 [perf] ConfigureNumbered.native-height-repair: +1ms (287ms)
2026-09-06T17:20:50.2524517+08:00 pid=105892 [perf] ConfigureNumbered.native-geometry: +189ms (476ms)
2026-09-06T17:20:50.2534492+08:00 pid=105892 [perf] ConfigureNumbered.native-1x3-table: +1ms (477ms)
2026-09-06T17:20:50.2554513+08:00 pid=105892 [perf] ConfigureNumbered.direct-number-plan: +2ms (479ms)
2026-09-06T17:20:50.7671717+08:00 pid=105892 [perf] ConfigureNumbered.direct-visible-seq: +512ms (991ms)
2026-09-06T17:20:50.9011648+08:00 pid=105892 [perf] ConfigureNumbered.native-post-table-spacing: +134ms (1125ms)
2026-09-06T17:20:51.0575171+08:00 pid=105892 [perf] ConfigureNumbered.native-wrap-identity: +156ms (1281ms)
2026-09-06T17:20:51.3026449+08:00 pid=105892 [perf] ConfigureNumbered.native-resolve-display: +5ms (5ms)
2026-09-06T17:20:51.3418332+08:00 pid=105892 [perf] ConfigureNumbered.native-clear-artifacts: +39ms (44ms)
2026-09-06T17:20:51.5354616+08:00 pid=105892 [perf] ConfigureNumbered.native-measure-display: +193ms (237ms)
2026-09-06T17:20:51.5794807+08:00 pid=105892 [perf] ConfigureNumbered.native-ensure-table: +45ms (282ms)
2026-09-06T17:20:51.5834798+08:00 pid=105892 [perf] ConfigureNumbered.native-resolve-table-formula: +4ms (286ms)
2026-09-06T17:20:51.5834798+08:00 pid=105892 [perf] ConfigureNumbered.native-height-repair: +0ms (286ms)
2026-09-06T17:20:51.7866656+08:00 pid=105892 [perf] ConfigureNumbered.native-geometry: +203ms (489ms)
2026-09-06T17:20:51.7866656+08:00 pid=105892 [perf] ConfigureNumbered.native-1x3-table: +0ms (489ms)
2026-09-06T17:20:51.7876667+08:00 pid=105892 [perf] ConfigureNumbered.direct-number-plan: +1ms (490ms)
2026-09-06T17:20:52.3251600+08:00 pid=105892 [perf] ConfigureNumbered.direct-visible-seq: +537ms (1027ms)
2026-09-06T17:20:52.4637165+08:00 pid=105892 [perf] ConfigureNumbered.native-post-table-spacing: +139ms (1166ms)
2026-09-06T17:20:52.6039332+08:00 pid=105892 [perf] ConfigureNumbered.native-wrap-identity: +140ms (1306ms)
2026-09-06T17:20:52.8362212+08:00 pid=105892 [perf] ConfigureNumbered.native-resolve-display: +4ms (4ms)
2026-09-06T17:20:52.8682197+08:00 pid=105892 [perf] ConfigureNumbered.native-clear-artifacts: +32ms (36ms)
2026-09-06T17:20:53.0522386+08:00 pid=105892 [perf] ConfigureNumbered.native-measure-display: +185ms (221ms)
2026-09-06T17:20:53.0954773+08:00 pid=105892 [perf] ConfigureNumbered.native-ensure-table: +42ms (263ms)
2026-09-06T17:20:53.0984784+08:00 pid=105892 [perf] ConfigureNumbered.native-resolve-table-formula: +3ms (266ms)
2026-09-06T17:20:53.0984784+08:00 pid=105892 [perf] ConfigureNumbered.native-height-repair: +0ms (266ms)
2026-09-06T17:20:53.2794081+08:00 pid=105892 [perf] ConfigureNumbered.native-geometry: +182ms (448ms)
2026-09-06T17:20:53.2804080+08:00 pid=105892 [perf] ConfigureNumbered.native-1x3-table: +0ms (448ms)
2026-09-06T17:20:53.2804080+08:00 pid=105892 [perf] ConfigureNumbered.direct-number-plan: +0ms (448ms)
2026-09-06T17:20:53.8248968+08:00 pid=105892 [perf] ConfigureNumbered.direct-visible-seq: +545ms (993ms)
2026-09-06T17:20:53.9824414+08:00 pid=105892 [perf] ConfigureNumbered.native-post-table-spacing: +158ms (1151ms)
2026-09-06T17:20:54.1367101+08:00 pid=105892 [perf] ConfigureNumbered.native-wrap-identity: +153ms (1304ms)
2026-09-06T17:20:54.3731452+08:00 pid=105892 [perf] ConfigureNumbered.native-resolve-display: +5ms (5ms)
2026-09-06T17:20:54.4067138+08:00 pid=105892 [perf] ConfigureNumbered.native-clear-artifacts: +33ms (38ms)
2026-09-06T17:20:54.5993837+08:00 pid=105892 [perf] ConfigureNumbered.native-measure-display: +193ms (231ms)
2026-09-06T17:20:54.6413814+08:00 pid=105892 [perf] ConfigureNumbered.native-ensure-table: +42ms (273ms)
2026-09-06T17:20:54.6433813+08:00 pid=105892 [perf] ConfigureNumbered.native-resolve-table-formula: +2ms (275ms)
2026-09-06T17:20:54.6433813+08:00 pid=105892 [perf] ConfigureNumbered.native-height-repair: +0ms (275ms)
2026-09-06T17:20:54.8341146+08:00 pid=105892 [perf] ConfigureNumbered.native-geometry: +191ms (466ms)
2026-09-06T17:20:54.8351147+08:00 pid=105892 [perf] ConfigureNumbered.native-1x3-table: +1ms (467ms)
2026-09-06T17:20:54.8351147+08:00 pid=105892 [perf] ConfigureNumbered.direct-number-plan: +0ms (467ms)
2026-09-06T17:20:55.4308341+08:00 pid=105892 [perf] ConfigureNumbered.direct-visible-seq: +595ms (1062ms)
2026-09-06T17:20:55.5784618+08:00 pid=105892 [perf] ConfigureNumbered.native-wrap-identity: +148ms (1210ms)
2026-09-06T17:20:55.5794628+08:00 pid=105892 [perf] Reconcile.configure-omml-formulas: +7572ms (11406ms)
2026-09-06T17:20:55.5804619+08:00 pid=105892 [perf] Reconcile.number-format-preference: +2ms (11408ms)
2026-09-06T17:20:55.5904617+08:00 pid=105892 [perf] Reconcile.remove-orphan-artifacts: +9ms (11417ms)
2026-09-06T17:20:55.6004625+08:00 pid=105892 [perf] Reconcile.rebuild-number-bookmarks-1: +10ms (11427ms)
2026-09-06T17:20:56.0982059+08:00 pid=105892 [perf] Reconcile.update-native-sequences: +498ms (11925ms)
2026-09-06T17:20:56.1002022+08:00 pid=105892 [perf] Reconcile.rebuild-number-bookmarks-2: +2ms (11927ms)
2026-09-06T17:20:56.1198326+08:00 pid=105892 [perf] Reconcile.update-main-story-fields: +20ms (11947ms)
2026-09-06T17:20:56.1198326+08:00 pid=105892 [perf] Reconcile.update-inline-number-fields: +0ms (11947ms)
2026-09-06T17:20:59.2760593+08:00 pid=105892 [perf] Reconcile.update-omml-number-fields: +3156ms (15103ms)
2026-09-06T17:20:59.2840591+08:00 pid=105892 [perf] Reconcile.update-cross-references: +8ms (15111ms)
