2026-09-06T10:20:40.2942187+08:00 pid=27668 tid=1 word-addin-loaded pid=27668 assembly=C:\Users\pojian_liao\AppData\Local\VisualTeX\office\remediation-builds\3AE5E903752FAB93D8B656D1E842370DD344DA4AE8600F90D46537D60DE4C4D3\VisualTeX.WordVsto.dll mvid=e678dad5-f2eb-42f4-bcba-07a3dd52b8a1
2026-09-06T10:20:40.6699231+08:00 pid=27668 tid=1 hook-started handle=0x2280B
2026-09-06T10:20:40.8742304+08:00 pid=27668 tid=8 mathtype-native-preview-shared-prewarm-complete
2026-09-06T10:21:08.9484743+08:00 pid=27668 tid=11 left-down x=1190 y=747 wordForeground=False
2026-09-06T10:21:13.8720483+08:00 pid=27668 tid=1 word-undo-begin name=VisualTeX Insert Native OLE Display Formula recording=False level=0
2026-09-06T10:21:13.8720483+08:00 pid=27668 tid=1 word-undo-started name=VisualTeX Insert Native OLE Display Formula recording=True level=1
2026-09-06T10:21:14.2521920+08:00 pid=27668 tid=1 word-undo-end recording=False level=0
2026-09-06T10:21:14.2641924+08:00 pid=27668 tid=5 ribbon-session-operation-released sessionId=75fb706f-2ecb-4782-9b63-1ac4a76b4069
2026-09-06T10:21:23.6584094+08:00 pid=27668 tid=11 left-down x=1190 y=747 wordForeground=False
2026-09-06T10:21:28.6118371+08:00 pid=27668 tid=1 word-undo-begin name=VisualTeX Insert Native OLE Display Formula recording=False level=0
2026-09-06T10:21:28.6118371+08:00 pid=27668 tid=1 word-undo-started name=VisualTeX Insert Native OLE Display Formula recording=True level=1
2026-09-06T10:21:28.8233085+08:00 pid=27668 tid=1 word-undo-end recording=True level=1
2026-09-06T10:21:28.8293093+08:00 pid=27668 tid=20 ribbon-session-operation-released sessionId=aa520d4e-4207-4928-9cbd-238652bd6d13
2026-09-06T10:21:38.4492937+08:00 pid=27668 tid=11 left-down x=1190 y=747 wordForeground=False
2026-09-06T10:21:42.3823399+08:00 pid=27668 tid=1 word-undo-begin name=VisualTeX Insert Native OLE Inline Formula recording=False level=0
2026-09-06T10:21:42.3823399+08:00 pid=27668 tid=1 word-undo-started name=VisualTeX Insert Native OLE Inline Formula recording=True level=1
2026-09-06T10:21:42.4393397+08:00 pid=27668 tid=1 word-undo-end recording=True level=1
2026-09-06T10:21:42.4433396+08:00 pid=27668 tid=20 ribbon-session-operation-released sessionId=cb6f62e1-384e-47c9-b643-932e80994251
2026-09-06T10:21:51.0148331+08:00 pid=27668 tid=1 format-conversion-start sourceMode=nativeOle targetMode=wordOmml wholeDocument=True
2026-09-06T10:21:51.0258348+08:00 pid=27668 tid=1 format-conversion-plan-perf stage=shape-access source=nativeOle index=1/3 deltaMs=0 totalMs=0
2026-09-06T10:21:51.0350852+08:00 pid=27668 tid=1 format-conversion-plan-perf stage=shape-range source=nativeOle index=1/3 deltaMs=10 totalMs=10
2026-09-06T10:21:51.0560855+08:00 pid=27668 tid=1 format-conversion-plan-perf stage=target-added source=nativeOle index=1/3 deltaMs=20 totalMs=30
2026-09-06T10:21:51.0560855+08:00 pid=27668 tid=1 format-conversion-plan-perf stage=shape-access source=nativeOle index=2/3 deltaMs=0 totalMs=0
2026-09-06T10:21:51.0570855+08:00 pid=27668 tid=1 format-conversion-plan-perf stage=shape-range source=nativeOle index=2/3 deltaMs=0 totalMs=0
2026-09-06T10:21:51.0789653+08:00 pid=27668 tid=1 format-conversion-plan-perf stage=target-added source=nativeOle index=2/3 deltaMs=22 totalMs=22
2026-09-06T10:21:51.0789653+08:00 pid=27668 tid=1 format-conversion-plan-perf stage=shape-access source=nativeOle index=3/3 deltaMs=0 totalMs=0
2026-09-06T10:21:51.0799637+08:00 pid=27668 tid=1 format-conversion-plan-perf stage=shape-range source=nativeOle index=3/3 deltaMs=0 totalMs=0
2026-09-06T10:21:51.0933521+08:00 pid=27668 tid=1 format-conversion-plan-perf stage=target-added source=nativeOle index=3/3 deltaMs=13 totalMs=13
2026-09-06T10:21:51.0933521+08:00 pid=27668 tid=1 format-conversion-plan sourceMode=nativeOle targetMode=wordOmml targets=3
2026-09-06T10:21:54.3439614+08:00 pid=27668 tid=5 format-conversion-render-start sourceMode=nativeOle targetMode=wordOmml sessions=3
2026-09-06T10:21:54.3769623+08:00 pid=27668 tid=5 format-conversion-rendered sourceMode=nativeOle targetMode=wordOmml sessionId=5cffdb6f-1e83-4c96-9875-2f2f6f5ec389 status=committing
2026-09-06T10:21:54.3779615+08:00 pid=27668 tid=21 format-conversion-rendered sourceMode=nativeOle targetMode=wordOmml sessionId=175ee686-7e6a-4873-9752-2e00f86aa2be status=committing
2026-09-06T10:21:54.3799611+08:00 pid=27668 tid=5 format-conversion-rendered sourceMode=nativeOle targetMode=wordOmml sessionId=bc19ba4c-f6b9-4d4f-949c-7713f47dcc5e status=committing
2026-09-06T10:21:54.3809613+08:00 pid=27668 tid=5 format-conversion-word-apply-start sourceMode=nativeOle targetMode=wordOmml targets=3
2026-09-06T10:21:54.4890341+08:00 pid=27668 tid=1 format-conversion-runtime assembly=C:\Users\pojian_liao\AppData\Local\VisualTeX\office\remediation-builds\3AE5E903752FAB93D8B656D1E842370DD344DA4AE8600F90D46537D60DE4C4D3\VisualTeX.WordVsto.dll source=nativeOle target=wordOmml targetIsVisualTeX=False targetIsMathType=False
2026-09-06T10:21:54.8480246+08:00 pid=27668 tid=1 format-conversion-omml-batch-source-created formulas=3 elapsedMs=313
2026-09-06T10:21:54.8820222+08:00 pid=27668 tid=1 format-conversion-reference-counts-fast-path source=nativeOle formulas=2
2026-09-06T10:21:54.9358925+08:00 pid=27668 tid=1 word-undo-begin name=VisualTeX Convert Formula Format recording=False level=0
2026-09-06T10:21:54.9358925+08:00 pid=27668 tid=1 word-undo-started name=VisualTeX Convert Formula Format recording=True level=1
2026-09-06T10:21:54.9368954+08:00 pid=27668 tid=1 format-conversion-undo-state stage=before-preferences document=文档34 recording=True level=1
2026-09-06T10:21:55.0201295+08:00 pid=27668 tid=1 format-conversion-transaction-start targets=3
2026-09-06T10:21:55.0201295+08:00 pid=27668 tid=1 format-conversion-undo-state stage=after-preferences document=文档34 recording=True level=1
2026-09-06T10:21:55.0221304+08:00 pid=27668 tid=1 format-conversion-undo-state stage=before-source-delete document=文档34 recording=True level=1
2026-09-06T10:21:55.0401286+08:00 pid=27668 tid=1 format-conversion-perf stage=delete-source-host formulaId=19f2c2c6-f4c5-455a-bde2-ccb3ffa257c7 numbered=False deltaMs=18 totalMs=18
2026-09-06T10:21:55.0401286+08:00 pid=27668 tid=1 format-conversion-undo-state stage=after-source-delete document=文档34 recording=True level=1
2026-09-06T10:21:55.0511304+08:00 pid=27668 tid=1 word-undo-begin name=VisualTeX Insert Word OMML Inline Formula recording=True level=1
2026-09-06T10:21:55.0661300+08:00 pid=27668 tid=1 format-conversion-subperf [perf] InsertOmml.insert-native-omml: +15ms (15ms total)
2026-09-06T10:21:55.2197884+08:00 pid=27668 tid=1 format-conversion-subperf [perf] InsertOmml.post-reconcile-layout: +154ms (169ms total)
2026-09-06T10:21:55.2207887+08:00 pid=27668 tid=1 format-conversion-subperf [perf] InsertOmml.final-fingerprint: +0ms (169ms total)
2026-09-06T10:21:55.2207887+08:00 pid=27668 tid=1 format-conversion-subperf [perf] InsertOmml.final-anchor: +1ms (170ms total)
2026-09-06T10:21:55.2297887+08:00 pid=27668 tid=1 format-conversion-subperf [perf] InsertOmml.final-metadata: +8ms (178ms total)
2026-09-06T10:21:55.2297887+08:00 pid=27668 tid=1 format-conversion-perf stage=insert-target formulaId=19f2c2c6-f4c5-455a-bde2-ccb3ffa257c7 numbered=False deltaMs=190 totalMs=208
2026-09-06T10:21:55.2297887+08:00 pid=27668 tid=1 format-conversion-undo-state stage=after-target-insert document=文档34 recording=False level=0
2026-09-06T10:21:55.2657869+08:00 pid=27668 tid=1 format-conversion-target-stable formulaId=19f2c2c6-f4c5-455a-bde2-ccb3ffa257c7 targetMode=wordOmml count=1 elapsedMs=35
2026-09-06T10:21:55.2667877+08:00 pid=27668 tid=1 format-conversion-perf stage=verify-target formulaId=19f2c2c6-f4c5-455a-bde2-ccb3ffa257c7 numbered=False deltaMs=37 totalMs=245
2026-09-06T10:21:55.2677878+08:00 pid=27668 tid=1 format-conversion-undo-state stage=before-source-delete document=文档34 recording=False level=0
2026-09-06T10:21:55.3857203+08:00 pid=27668 tid=1 format-conversion-perf stage=delete-source-host formulaId=a5bfbf04-1fe2-4599-81b2-d93ddaab1204 numbered=True deltaMs=118 totalMs=118
2026-09-06T10:21:55.3857203+08:00 pid=27668 tid=1 format-conversion-undo-state stage=after-source-delete document=文档34 recording=False level=0
2026-09-06T10:21:55.3887206+08:00 pid=27668 tid=1 word-undo-begin name=VisualTeX Insert Word OMML Display Formula recording=False level=0
2026-09-06T10:21:55.3887206+08:00 pid=27668 tid=1 word-undo-started name=VisualTeX Insert Word OMML Display Formula recording=True level=1
2026-09-06T10:21:55.4007217+08:00 pid=27668 tid=1 format-conversion-subperf [perf] InsertOmml.insert-native-omml: +12ms (12ms total)
2026-09-06T10:21:55.4487205+08:00 pid=27668 tid=1 format-conversion-subperf [perf] InsertOmml.post-reconcile-layout: +48ms (60ms total)
2026-09-06T10:21:55.4487205+08:00 pid=27668 tid=1 format-conversion-subperf [perf] InsertOmml.final-fingerprint: +0ms (60ms total)
2026-09-06T10:21:55.4487205+08:00 pid=27668 tid=1 format-conversion-subperf [perf] InsertOmml.final-anchor: +0ms (60ms total)
2026-09-06T10:21:55.4507211+08:00 pid=27668 tid=1 format-conversion-subperf [perf] InsertOmml.final-metadata: +2ms (62ms total)
2026-09-06T10:21:55.4507211+08:00 pid=27668 tid=1 word-undo-end recording=True level=1
2026-09-06T10:21:55.4507211+08:00 pid=27668 tid=1 format-conversion-perf stage=insert-target formulaId=a5bfbf04-1fe2-4599-81b2-d93ddaab1204 numbered=True deltaMs=65 totalMs=183
2026-09-06T10:21:55.4507211+08:00 pid=27668 tid=1 format-conversion-undo-state stage=after-target-insert document=文档34 recording=False level=0
2026-09-06T10:21:55.4854860+08:00 pid=27668 tid=1 format-conversion-target-stable formulaId=a5bfbf04-1fe2-4599-81b2-d93ddaab1204 targetMode=wordOmml count=2 elapsedMs=33
2026-09-06T10:21:55.4864867+08:00 pid=27668 tid=1 format-conversion-perf stage=verify-target formulaId=a5bfbf04-1fe2-4599-81b2-d93ddaab1204 numbered=True deltaMs=35 totalMs=218
2026-09-06T10:21:55.4864867+08:00 pid=27668 tid=1 format-conversion-undo-state stage=before-source-delete document=文档34 recording=False level=0
2026-09-06T10:21:55.6090863+08:00 pid=27668 tid=1 format-conversion-perf stage=delete-source-host formulaId=44ffd99d-40ab-42f7-96aa-33d9c70f7718 numbered=True deltaMs=122 totalMs=122
2026-09-06T10:21:55.6100859+08:00 pid=27668 tid=1 format-conversion-undo-state stage=after-source-delete document=文档34 recording=False level=0
2026-09-06T10:21:55.6100859+08:00 pid=27668 tid=1 word-undo-begin name=VisualTeX Insert Word OMML Display Formula recording=False level=0
2026-09-06T10:21:55.6100859+08:00 pid=27668 tid=1 word-undo-started name=VisualTeX Insert Word OMML Display Formula recording=True level=1
2026-09-06T10:21:55.6270846+08:00 pid=27668 tid=1 format-conversion-subperf [perf] InsertOmml.insert-native-omml: +16ms (16ms total)
2026-09-06T10:21:55.6786903+08:00 pid=27668 tid=1 format-conversion-subperf [perf] InsertOmml.post-reconcile-layout: +52ms (68ms total)
2026-09-06T10:21:55.6796902+08:00 pid=27668 tid=1 format-conversion-subperf [perf] InsertOmml.final-fingerprint: +1ms (69ms total)
2026-09-06T10:21:55.6796902+08:00 pid=27668 tid=1 format-conversion-subperf [perf] InsertOmml.final-anchor: +0ms (69ms total)
2026-09-06T10:21:55.6807091+08:00 pid=27668 tid=1 format-conversion-subperf [perf] InsertOmml.final-metadata: +1ms (70ms total)
2026-09-06T10:21:55.6807091+08:00 pid=27668 tid=1 word-undo-end recording=True level=1
2026-09-06T10:21:55.6816908+08:00 pid=27668 tid=1 format-conversion-perf stage=insert-target formulaId=44ffd99d-40ab-42f7-96aa-33d9c70f7718 numbered=True deltaMs=72 totalMs=194
2026-09-06T10:21:55.6816908+08:00 pid=27668 tid=1 format-conversion-undo-state stage=after-target-insert document=文档34 recording=False level=0
2026-09-06T10:21:55.7172801+08:00 pid=27668 tid=1 format-conversion-target-stable formulaId=44ffd99d-40ab-42f7-96aa-33d9c70f7718 targetMode=wordOmml count=3 elapsedMs=35
2026-09-06T10:21:55.7172801+08:00 pid=27668 tid=1 format-conversion-perf stage=verify-target formulaId=44ffd99d-40ab-42f7-96aa-33d9c70f7718 numbered=True deltaMs=37 totalMs=231
2026-09-06T10:21:55.7182791+08:00 pid=27668 tid=1 format-conversion-finalize-perf stage=source-residual-check sourceMode=nativeOle targetMode=wordOmml deltaMs=0 totalMs=0
2026-09-06T10:21:55.7192792+08:00 pid=27668 tid=1 format-conversion-finalize-perf stage=target-count-check sourceMode=nativeOle targetMode=wordOmml deltaMs=1 totalMs=1
2026-09-06T10:21:56.0365709+08:00 pid=27668 tid=1 omml-document-export-mismatch document=文档34 range=0:63 com=3 xml=0
2026-09-06T10:21:56.0605709+08:00 pid=27668 tid=1 format-conversion-undo-state stage=failure-before-end document=文档34 recording=False level=0
2026-09-06T10:21:56.0605709+08:00 pid=27668 tid=1 format-conversion-undo-state stage=failure-after-end document=文档34 recording=False level=0
2026-09-06T10:21:56.0771308+08:00 pid=27668 tid=1 word-undo-history-recovery original=84 current=126 owned=42
2026-09-06T10:21:56.5125315+08:00 pid=27668 tid=1 format-conversion-recovery afterUndoBodyMatches=True
2026-09-06T10:21:56.5515304+08:00 pid=27668 tid=1 format-conversion-recovery-verified body=True mathFont=True metadata=True variables=True
2026-09-06T10:21:56.5575312+08:00 pid=27668 tid=1 format-conversion-rollback-verified targets=3 error=System.IO.InvalidDataException: COM and Word XML disagree on the complete equation inventory.
   在 VisualTeX.WordVsto.WordOmmlNativeSource.RefreshFingerprintsFromDocumentOpenXml(Document document, IReadOnlyCollection`1 formulaIds, IReadOnlyDictionary`2 freshSourceOmml)
   在 VisualTeX.WordVsto.WordFormulaService.ApplyFormulaFormatConversionPlan(WordFormulaFormatConversionPlan plan, IReadOnlyDictionary`2 prepared)
2026-09-06T10:21:56.5585327+08:00 pid=27668 tid=16 format-conversion-failed sourceMode=nativeOle targetMode=wordOmml error=System.IO.InvalidDataException: COM and Word XML disagree on the complete equation inventory.
   在 VisualTeX.WordVsto.WordOmmlNativeSource.RefreshFingerprintsFromDocumentOpenXml(Document document, IReadOnlyCollection`1 formulaIds, IReadOnlyDictionary`2 freshSourceOmml)
   在 VisualTeX.WordVsto.WordFormulaService.ApplyFormulaFormatConversionPlan(WordFormulaFormatConversionPlan plan, IReadOnlyDictionary`2 prepared)
   在 VisualTeX.WordVsto.OfficeUiDispatcher.<>c__DisplayClass4_0`1.<InvokeAsync>g__Execute|0()
--- 引发异常的上一位置中堆栈跟踪的末尾 ---
   在 System.Runtime.ExceptionServices.ExceptionDispatchInfo.Throw()
   在 System.Runtime.CompilerServices.TaskAwaiter.HandleNonSuccessAndDebuggerNotification(Task task)
   在 VisualTeX.WordVsto.ThisAddIn.<ConvertFormulaFormatAsync>d__163.MoveNext()
2026-09-06T10:24:30.6818507+08:00 pid=27668 tid=11 left-down x=1190 y=747 wordForeground=False
2026-09-06T10:24:45.5286669+08:00 pid=27668 tid=11 left-down x=1190 y=747 wordForeground=False
2026-09-06T10:25:00.4348295+08:00 pid=27668 tid=11 left-down x=1190 y=747 wordForeground=False
2026-09-06T10:29:30.4260541+08:00 pid=27668 tid=11 left-down x=1190 y=747 wordForeground=False
2026-09-06T10:29:45.1596214+08:00 pid=27668 tid=11 left-down x=1190 y=747 wordForeground=False
2026-09-06T10:29:59.9155382+08:00 pid=27668 tid=11 left-down x=1190 y=747 wordForeground=False
2026-09-06T10:30:15.9897398+08:00 pid=27668 tid=11 left-down x=2058 y=1221 wordForeground=True
2026-09-06T10:31:35.6767944+08:00 pid=27668 tid=11 left-down x=1225 y=1553 wordForeground=True
2026-09-06T10:31:36.2254236+08:00 pid=27668 tid=11 left-down x=1225 y=1553 wordForeground=True
2026-09-06T10:33:00.7727292+08:00 pid=27668 tid=11 left-down x=1225 y=1553 wordForeground=True
2026-09-06T10:33:01.1353098+08:00 pid=27668 tid=11 left-down x=1225 y=1553 wordForeground=True
2026-09-06T10:33:01.1363106+08:00 pid=27668 tid=11 double-click elapsedMs=362.025 withinX=True withinY=True nativeOleTarget=False suppressSecondDown=False dispatchCallback=True
2026-09-06T10:33:01.2323735+08:00 pid=27668 tid=18 callback-begin interceptedNativeOle=False x=1225 y=1553
2026-09-06T10:33:01.2323735+08:00 pid=27668 tid=18 addin-callback-received interceptedNativeOle=False x=1225 y=1553
2026-09-06T10:33:01.2333737+08:00 pid=27668 tid=18 callback-end
2026-09-06T10:33:01.2353725+08:00 pid=27668 tid=1 addin-coordinate-selection formulaId=<null> objectMode=<null>
2026-09-06T10:35:54.7517113+08:00 pid=27668 tid=11 left-down x=1190 y=747 wordForeground=False
2026-09-06T10:36:08.9315845+08:00 pid=27668 tid=11 left-down x=2024 y=1163 wordForeground=True
2026-09-06T10:37:17.2396793+08:00 pid=27668 tid=11 left-down x=1838 y=688 wordForeground=True
2026-09-06T10:40:11.6491069+08:00 pid=27668 tid=11 left-down x=843 y=1255 wordForeground=True
2026-09-06T10:40:17.4883640+08:00 pid=27668 tid=11 left-down x=2308 y=1243 wordForeground=False
2026-09-06T10:40:18.6107147+08:00 pid=27668 tid=11 left-down x=2215 y=1257 wordForeground=True
2026-09-06T10:42:02.8575645+08:00 pid=27668 tid=11 left-down x=1190 y=747 wordForeground=False
2026-09-06T10:42:17.1777606+08:00 pid=27668 tid=11 left-down x=2024 y=1163 wordForeground=True
2026-09-06T10:44:29.3068810+08:00 pid=27668 tid=11 left-down x=1190 y=747 wordForeground=False
2026-09-06T10:44:43.6708546+08:00 pid=27668 tid=11 left-down x=2024 y=1163 wordForeground=True
2026-09-06T10:48:05.2247245+08:00 pid=27668 tid=11 left-down x=791 y=1268 wordForeground=True
2026-09-06T10:48:10.8487943+08:00 pid=27668 tid=11 left-down x=2071 y=1230 wordForeground=False
2026-09-06T10:48:32.0769766+08:00 pid=27668 tid=11 left-down x=111 y=1474 wordForeground=True
2026-09-06T10:48:47.7505347+08:00 pid=27668 tid=11 left-down x=2025 y=1235 wordForeground=False
2026-09-06T10:48:48.7722731+08:00 pid=27668 tid=11 left-down x=1893 y=1130 wordForeground=True
2026-09-06T10:48:49.5757614+08:00 pid=27668 tid=11 left-down x=1897 y=1126 wordForeground=True
2026-09-06T10:48:49.9979542+08:00 pid=27668 tid=11 left-down x=1897 y=1126 wordForeground=True
2026-09-06T10:48:49.9979542+08:00 pid=27668 tid=11 double-click elapsedMs=422.113 withinX=True withinY=True nativeOleTarget=False suppressSecondDown=False dispatchCallback=True
2026-09-06T10:48:50.0984020+08:00 pid=27668 tid=18 callback-begin interceptedNativeOle=False x=1897 y=1126
2026-09-06T10:48:50.0989315+08:00 pid=27668 tid=18 addin-callback-received interceptedNativeOle=False x=1897 y=1126
2026-09-06T10:48:50.0989315+08:00 pid=27668 tid=18 callback-end
2026-09-06T10:48:50.1000115+08:00 pid=27668 tid=1 addin-coordinate-selection formulaId=<null> objectMode=<null>
2026-09-06T10:48:53.8602778+08:00 pid=27668 tid=11 left-down x=1156 y=742 wordForeground=False
2026-09-06T10:48:55.5116627+08:00 pid=27668 tid=11 left-down x=2609 y=687 wordForeground=False
2026-09-06T10:48:57.1485253+08:00 pid=27668 tid=11 left-down x=1819 y=1111 wordForeground=True
2026-09-06T10:48:57.6051170+08:00 pid=27668 tid=11 left-down x=1819 y=1111 wordForeground=True
2026-09-06T10:48:57.6051170+08:00 pid=27668 tid=11 double-click elapsedMs=456.006 withinX=True withinY=True nativeOleTarget=False suppressSecondDown=False dispatchCallback=True
2026-09-06T10:48:57.7062335+08:00 pid=27668 tid=19 callback-begin interceptedNativeOle=False x=1819 y=1111
2026-09-06T10:48:57.7062335+08:00 pid=27668 tid=19 addin-callback-received interceptedNativeOle=False x=1819 y=1111
2026-09-06T10:48:57.7067447+08:00 pid=27668 tid=19 callback-end
2026-09-06T10:48:57.7067447+08:00 pid=27668 tid=1 addin-coordinate-selection formulaId=<null> objectMode=<null>
2026-09-06T10:48:59.9226538+08:00 pid=27668 tid=11 left-down x=1153 y=749 wordForeground=False
2026-09-06T10:49:01.3806695+08:00 pid=27668 tid=11 left-down x=1173 y=746 wordForeground=False
2026-09-06T10:49:02.6464378+08:00 pid=27668 tid=11 left-down x=1173 y=746 wordForeground=False
2026-09-06T10:49:04.4505644+08:00 pid=27668 tid=11 left-down x=2602 y=698 wordForeground=False
2026-09-06T10:49:06.0446715+08:00 pid=27668 tid=11 left-down x=1483 y=1251 wordForeground=True
2026-09-06T10:49:08.3800757+08:00 pid=27668 tid=11 left-down x=1883 y=1126 wordForeground=True
2026-09-06T10:49:09.5248276+08:00 pid=27668 tid=11 left-down x=1243 y=1261 wordForeground=True
2026-09-06T10:49:14.6104857+08:00 pid=27668 tid=11 left-down x=883 y=1241 wordForeground=True
2026-09-06T10:49:17.0997794+08:00 pid=27668 tid=11 left-down x=2108 y=1267 wordForeground=False
2026-09-06T10:49:19.3287431+08:00 pid=27668 tid=11 left-down x=1773 y=689 wordForeground=True
2026-09-06T10:49:21.1276795+08:00 pid=27668 tid=11 left-down x=2148 y=1488 wordForeground=True
2026-09-06T10:49:23.8729544+08:00 pid=27668 tid=11 left-down x=1764 y=686 wordForeground=True
2026-09-06T10:49:26.2027554+08:00 pid=27668 tid=11 left-down x=1903 y=1084 wordForeground=True
2026-09-06T10:49:27.9354733+08:00 pid=27668 tid=11 left-down x=2182 y=1500 wordForeground=True
2026-09-06T10:49:29.3010438+08:00 pid=27668 tid=11 left-down x=2182 y=1500 wordForeground=True
2026-09-06T10:49:32.2455479+08:00 pid=27668 tid=11 left-down x=1852 y=1134 wordForeground=True
2026-09-06T10:49:34.7093060+08:00 pid=27668 tid=11 left-down x=1270 y=663 wordForeground=True
2026-09-06T10:49:37.2978706+08:00 pid=27668 tid=11 left-down x=1252 y=659 wordForeground=False
2026-09-06T10:49:39.4478538+08:00 pid=27668 tid=11 left-down x=1352 y=2123 wordForeground=True
2026-09-06T10:49:40.3382078+08:00 pid=27668 tid=11 left-down x=1440 y=2033 wordForeground=False
2026-09-06T10:49:43.0560272+08:00 pid=27668 tid=11 left-down x=2607 y=696 wordForeground=False
2026-09-06T10:49:44.7695875+08:00 pid=27668 tid=11 left-down x=1324 y=1255 wordForeground=True
2026-09-06T10:49:46.8238518+08:00 pid=27668 tid=11 left-down x=727 y=1092 wordForeground=True
2026-09-06T10:49:48.1555951+08:00 pid=27668 tid=11 left-down x=682 y=1050 wordForeground=False
2026-09-06T10:49:50.1837332+08:00 pid=27668 tid=11 left-down x=1899 y=397 wordForeground=False
2026-09-06T10:49:52.1068374+08:00 pid=27668 tid=11 left-down x=2093 y=1262 wordForeground=False
2026-09-06T10:50:38.9346958+08:00 pid=27668 tid=11 left-down x=1190 y=747 wordForeground=False
2026-09-06T10:50:53.0918513+08:00 pid=27668 tid=11 left-down x=2024 y=1163 wordForeground=True
2026-09-06T10:51:40.5051702+08:00 pid=27668 tid=11 left-down x=779 y=1223 wordForeground=True
2026-09-06T10:51:49.2560406+08:00 pid=27668 tid=11 left-down x=2076 y=1278 wordForeground=False
2026-09-06T10:52:35.4733578+08:00 pid=27668 tid=11 left-down x=1190 y=747 wordForeground=False
2026-09-06T10:52:49.8947359+08:00 pid=27668 tid=11 left-down x=2024 y=1163 wordForeground=True
2026-09-06T10:54:55.5477914+08:00 pid=27668 tid=11 left-down x=736 y=1258 wordForeground=False
2026-09-06T10:54:58.2410237+08:00 pid=27668 tid=11 left-down x=2120 y=899 wordForeground=False
2026-09-06T10:54:58.7708844+08:00 pid=27668 tid=11 left-down x=1190 y=747 wordForeground=False
2026-09-06T10:55:13.8306643+08:00 pid=27668 tid=11 left-down x=2024 y=1163 wordForeground=True
2026-09-06T10:56:55.3217508+08:00 pid=27668 tid=11 left-down x=1190 y=747 wordForeground=False
2026-09-06T10:57:09.8224232+08:00 pid=27668 tid=11 left-down x=2024 y=1163 wordForeground=True
2026-09-06T10:58:00.7391396+08:00 pid=27668 tid=11 left-down x=1140 y=1210 wordForeground=True
2026-09-06T10:58:01.3458839+08:00 pid=27668 tid=11 left-down x=1140 y=1210 wordForeground=True
2026-09-06T10:59:31.6246317+08:00 pid=27668 tid=11 left-down x=846 y=1203 wordForeground=True
2026-09-06T10:59:34.7376428+08:00 pid=27668 tid=11 left-down x=2211 y=1232 wordForeground=False
2026-09-06T10:59:37.4344495+08:00 pid=27668 tid=11 left-down x=1718 y=1090 wordForeground=True
2026-09-06T10:59:38.5658948+08:00 pid=27668 tid=11 left-down x=1634 y=1069 wordForeground=True
2026-09-06T10:59:43.0766545+08:00 pid=27668 tid=11 left-down x=1838 y=818 wordForeground=True
2026-09-06T11:00:21.9354605+08:00 pid=27668 tid=11 left-down x=1155 y=1210 wordForeground=True
2026-09-06T11:00:22.5500777+08:00 pid=27668 tid=11 left-down x=1155 y=1210 wordForeground=True
2026-09-06T11:01:25.8146461+08:00 pid=27668 tid=11 left-down x=1155 y=1060 wordForeground=True
2026-09-06T11:01:26.4492374+08:00 pid=27668 tid=11 left-down x=1155 y=1060 wordForeground=True
2026-09-06T11:03:19.9936100+08:00 pid=27668 tid=11 left-down x=872 y=865 wordForeground=False
2026-09-06T11:03:29.3983085+08:00 pid=27668 tid=11 left-down x=1190 y=747 wordForeground=False
2026-09-06T11:03:44.1043594+08:00 pid=27668 tid=11 left-down x=2024 y=1163 wordForeground=True
2026-09-06T11:04:28.5173415+08:00 pid=27668 tid=11 left-down x=1155 y=1210 wordForeground=True
2026-09-06T11:04:29.1710445+08:00 pid=27668 tid=11 left-down x=1155 y=1210 wordForeground=True
2026-09-06T11:04:48.8206801+08:00 pid=27668 tid=11 left-down x=1838 y=688 wordForeground=True
2026-09-06T11:05:33.1758633+08:00 pid=27668 tid=11 left-down x=1140 y=1207 wordForeground=True
2026-09-06T11:05:33.8040003+08:00 pid=27668 tid=11 left-down x=1140 y=1207 wordForeground=True
2026-09-06T11:06:57.3305826+08:00 pid=27668 tid=11 left-down x=1382 y=1120 wordForeground=False
2026-09-06T11:07:00.1723245+08:00 pid=27668 tid=11 left-down x=2178 y=458 wordForeground=False
2026-09-06T11:07:02.5009234+08:00 pid=27668 tid=11 left-down x=2492 y=460 wordForeground=False
2026-09-06T11:07:52.8700445+08:00 pid=27668 tid=11 left-down x=795 y=1222 wordForeground=True
2026-09-06T11:07:57.6747610+08:00 pid=27668 tid=11 left-down x=2315 y=1180 wordForeground=False
2026-09-06T11:09:30.1513273+08:00 pid=27668 tid=11 left-down x=2178 y=458 wordForeground=False
2026-09-06T11:10:07.3234461+08:00 pid=27668 tid=11 left-down x=1382 y=1120 wordForeground=False
2026-09-06T11:10:10.1000789+08:00 pid=27668 tid=11 left-down x=2492 y=460 wordForeground=False
2026-09-06T11:14:03.4905915+08:00 pid=27668 tid=11 left-down x=1190 y=747 wordForeground=False
2026-09-06T11:14:06.9009204+08:00 pid=27668 tid=11 left-down x=1665 y=747 wordForeground=False
2026-09-06T11:14:21.4100325+08:00 pid=27668 tid=11 left-down x=1190 y=747 wordForeground=False
2026-09-06T11:14:24.7661237+08:00 pid=27668 tid=11 left-down x=1665 y=747 wordForeground=False
2026-09-06T11:14:38.9614028+08:00 pid=27668 tid=11 left-down x=1190 y=747 wordForeground=False
2026-09-06T11:15:52.0131343+08:00 pid=27668 tid=11 left-down x=2024 y=1187 wordForeground=True
2026-09-06T11:17:35.0396788+08:00 pid=27668 tid=11 left-down x=1838 y=774 wordForeground=True
2026-09-06T11:20:19.2114989+08:00 pid=27668 tid=11 left-down x=1072 y=2130 wordForeground=True
2026-09-06T11:20:22.5746763+08:00 pid=27668 tid=11 left-down x=2255 y=1372 wordForeground=True
2026-09-06T11:20:23.7823986+08:00 pid=27668 tid=11 left-down x=2198 y=1441 wordForeground=True
2026-09-06T11:21:15.5007799+08:00 pid=27668 tid=11 left-down x=795 y=1238 wordForeground=False
2026-09-06T11:21:17.7790105+08:00 pid=27668 tid=11 left-down x=2192 y=1367 wordForeground=True
2026-09-06T11:21:18.8952357+08:00 pid=27668 tid=11 left-down x=740 y=1215 wordForeground=False
2026-09-06T11:22:20.0892266+08:00 pid=27668 tid=11 left-down x=1190 y=747 wordForeground=False
2026-09-06T11:22:23.3796941+08:00 pid=27668 tid=11 left-down x=1665 y=747 wordForeground=False
2026-09-06T11:22:37.3294400+08:00 pid=27668 tid=11 left-down x=1190 y=747 wordForeground=False
2026-09-06T11:22:41.0411845+08:00 pid=27668 tid=11 left-down x=1665 y=747 wordForeground=False
2026-09-06T11:22:54.8838005+08:00 pid=27668 tid=11 left-down x=1190 y=747 wordForeground=False
2026-09-06T11:23:11.4491023+08:00 pid=27668 tid=11 left-down x=2024 y=1187 wordForeground=True
2026-09-06T11:24:09.4357091+08:00 pid=27668 tid=11 left-down x=809 y=1245 wordForeground=False
2026-09-06T11:24:16.2873419+08:00 pid=27668 tid=11 left-down x=199 y=1498 wordForeground=False
2026-09-06T11:24:17.0618734+08:00 pid=27668 tid=11 left-down x=206 y=1485 wordForeground=False
2026-09-06T11:24:19.0241991+08:00 pid=27668 tid=11 left-down x=2049 y=1405 wordForeground=True
2026-09-06T11:30:08.6588905+08:00 pid=27668 tid=11 left-down x=1838 y=688 wordForeground=True
2026-09-06T11:30:56.5385072+08:00 pid=27668 tid=11 left-down x=1155 y=1337 wordForeground=True
2026-09-06T11:30:57.2031416+08:00 pid=27668 tid=11 left-down x=1155 y=1337 wordForeground=True
2026-09-06T11:42:00.2387488+08:00 pid=27668 tid=11 left-down x=806 y=1112 wordForeground=False
2026-09-06T11:42:44.3178252+08:00 pid=27668 tid=11 left-down x=239 y=1463 wordForeground=False
2026-09-06T11:42:48.1568247+08:00 pid=27668 tid=11 left-down x=1500 y=1569 wordForeground=True
2026-09-06T11:42:49.5255942+08:00 pid=27668 tid=11 left-down x=661 y=1211 wordForeground=False
2026-09-06T11:42:51.6601103+08:00 pid=27668 tid=11 left-down x=1925 y=1462 wordForeground=False
2026-09-06T11:42:57.5439993+08:00 pid=27668 tid=11 left-down x=1927 y=477 wordForeground=False
2026-09-06T11:43:13.4601002+08:00 pid=27668 tid=11 left-down x=2392 y=184 wordForeground=False
2026-09-06T11:43:16.1736679+08:00 pid=27668 tid=11 left-down x=145 y=94 wordForeground=False
2026-09-06T11:43:19.7199725+08:00 pid=27668 tid=11 left-down x=343 y=307 wordForeground=False
2026-09-06T11:43:22.5997691+08:00 pid=27668 tid=11 left-down x=1441 y=2145 wordForeground=False
2026-09-06T11:43:24.9542310+08:00 pid=27668 tid=11 left-down x=1057 y=2123 wordForeground=False
2026-09-06T11:43:26.1788144+08:00 pid=27668 tid=11 left-down x=1355 y=2138 wordForeground=False
2026-09-06T11:43:40.8765718+08:00 pid=27668 tid=11 left-down x=1076 y=1158 wordForeground=False
2026-09-06T11:43:49.1281378+08:00 pid=27668 tid=11 left-down x=1360 y=2079 wordForeground=False
2026-09-06T11:44:01.7248478+08:00 pid=27668 tid=11 left-down x=1353 y=2049 wordForeground=False
2026-09-06T11:44:04.0648798+08:00 pid=27668 tid=11 left-down x=1902 y=1224 wordForeground=True
2026-09-06T11:44:05.6701146+08:00 pid=27668 tid=11 left-down x=1620 y=1535 wordForeground=True
2026-09-06T11:44:07.7763411+08:00 pid=27668 tid=11 left-down x=880 y=1260 wordForeground=True
2026-09-06T11:48:43.6124386+08:00 pid=27668 tid=11 left-down x=1618 y=1245 wordForeground=True
2026-09-06T11:48:45.8290167+08:00 pid=27668 tid=11 left-down x=788 y=1222 wordForeground=False
2026-09-06T11:48:50.4036394+08:00 pid=27668 tid=11 left-down x=1329 y=1606 wordForeground=True
2026-09-06T11:48:55.2696090+08:00 pid=27668 tid=11 left-down x=780 y=1237 wordForeground=False
2026-09-06T11:48:59.2921252+08:00 pid=27668 tid=11 left-down x=1347 y=1604 wordForeground=False
2026-09-06T11:53:50.6084150+08:00 pid=27668 tid=11 left-down x=1083 y=2146 wordForeground=False
2026-09-06T11:54:07.1483007+08:00 pid=27668 tid=11 left-down x=1984 y=1086 wordForeground=False
2026-09-06T11:56:54.0523755+08:00 pid=27668 tid=11 left-down x=2024 y=1187 wordForeground=True
2026-09-06T11:57:01.8184578+08:00 pid=27668 tid=11 left-down x=1838 y=818 wordForeground=True
2026-09-06T12:09:32.3605092+08:00 pid=27668 tid=11 left-down x=2024 y=1187 wordForeground=True
2026-09-06T12:10:06.7239100+08:00 pid=27668 tid=11 left-down x=1838 y=688 wordForeground=True
2026-09-06T12:10:48.8755510+08:00 pid=27668 tid=11 left-down x=1151 y=1515 wordForeground=True
2026-09-06T12:10:49.3910513+08:00 pid=27668 tid=11 left-down x=1151 y=1515 wordForeground=True
2026-09-06T12:12:07.4536608+08:00 pid=27668 tid=11 left-down x=1838 y=774 wordForeground=True
2026-09-06T12:12:58.7964568+08:00 pid=27668 tid=11 left-down x=1170 y=1320 wordForeground=True
2026-09-06T12:12:59.3927123+08:00 pid=27668 tid=11 left-down x=1170 y=1320 wordForeground=True
2026-09-06T12:16:38.3388467+08:00 pid=27668 tid=11 left-down x=801 y=814 wordForeground=False
2026-09-06T12:16:40.0530138+08:00 pid=27668 tid=11 left-down x=1006 y=849 wordForeground=False
2026-09-06T12:19:29.7422276+08:00 pid=27668 tid=11 left-down x=2024 y=1187 wordForeground=True
2026-09-06T12:19:37.6501076+08:00 pid=27668 tid=11 left-down x=1838 y=688 wordForeground=True
2026-09-06T12:30:32.9876272+08:00 pid=27668 tid=11 left-down x=2024 y=1187 wordForeground=True
2026-09-06T12:36:36.7356515+08:00 pid=27668 tid=11 left-down x=2024 y=1187 wordForeground=True
2026-09-06T12:38:56.2550452+08:00 pid=27668 tid=11 left-down x=2024 y=1187 wordForeground=True
2026-09-06T12:40:48.7297914+08:00 pid=27668 tid=11 left-down x=1838 y=860 wordForeground=True
2026-09-06T12:41:32.5972878+08:00 pid=27668 tid=11 left-down x=1183 y=1627 wordForeground=True
2026-09-06T12:41:33.2957974+08:00 pid=27668 tid=11 left-down x=1183 y=1627 wordForeground=True
2026-09-06T12:42:48.7028957+08:00 pid=27668 tid=11 left-down x=1838 y=732 wordForeground=True
2026-09-06T12:44:29.2841345+08:00 pid=27668 tid=11 left-down x=1838 y=688 wordForeground=True
2026-09-06T12:51:11.6404075+08:00 pid=27668 tid=11 left-down x=1302 y=747 wordForeground=False
2026-09-06T12:52:22.0321914+08:00 pid=27668 tid=11 left-down x=2058 y=1197 wordForeground=True
2026-09-06T12:59:17.1225185+08:00 pid=27668 tid=11 left-down x=1302 y=747 wordForeground=False
2026-09-06T13:00:33.8054395+08:00 pid=27668 tid=11 left-down x=2024 y=1163 wordForeground=True
2026-09-06T13:03:49.9166428+08:00 pid=27668 tid=11 left-down x=846 y=1216 wordForeground=False
2026-09-06T13:04:06.7241771+08:00 pid=27668 tid=11 left-down x=1992 y=1336 wordForeground=True
2026-09-06T13:04:08.7493244+08:00 pid=27668 tid=11 left-down x=1947 y=1234 wordForeground=True
2026-09-06T13:04:10.5074561+08:00 pid=27668 tid=11 left-down x=1796 y=1396 wordForeground=True
2026-09-06T13:04:11.6536122+08:00 pid=27668 tid=11 left-down x=1602 y=1458 wordForeground=True
2026-09-06T13:05:18.5664290+08:00 pid=27668 tid=11 left-down x=851 y=1174 wordForeground=False
2026-09-06T13:06:17.7401132+08:00 pid=27668 tid=11 left-down x=1302 y=747 wordForeground=False
2026-09-06T13:08:48.3197813+08:00 pid=27668 tid=11 left-down x=1302 y=747 wordForeground=True
2026-09-06T13:09:21.7158350+08:00 pid=27668 tid=11 left-down x=807 y=1221 wordForeground=False
2026-09-06T13:09:26.7808493+08:00 pid=27668 tid=11 left-down x=2025 y=1437 wordForeground=True
2026-09-06T13:09:28.2545231+08:00 pid=27668 tid=11 left-down x=1854 y=1262 wordForeground=True
2026-09-06T13:09:29.3789752+08:00 pid=27668 tid=11 left-down x=1605 y=1330 wordForeground=True
2026-09-06T13:11:25.6114179+08:00 pid=27668 tid=11 left-down x=2024 y=1163 wordForeground=True
2026-09-06T13:14:21.8185724+08:00 pid=27668 tid=11 left-down x=801 y=1230 wordForeground=False
2026-09-06T13:14:41.9514387+08:00 pid=27668 tid=11 left-down x=909 y=1354 wordForeground=False
2026-09-06T13:16:13.1258827+08:00 pid=27668 tid=11 left-down x=854 y=1380 wordForeground=False
2026-09-06T13:16:15.2953653+08:00 pid=27668 tid=11 left-down x=1838 y=1436 wordForeground=False
2026-09-06T13:20:48.3704774+08:00 pid=27668 tid=11 left-down x=897 y=1337 wordForeground=False
2026-09-06T13:22:16.6350642+08:00 pid=27668 tid=11 left-down x=1079 y=2134 wordForeground=False
2026-09-06T13:23:31.2193725+08:00 pid=27668 tid=11 left-down x=912 y=1198 wordForeground=False
2026-09-06T13:23:56.4986928+08:00 pid=27668 tid=11 left-down x=300 y=15 wordForeground=False
2026-09-06T13:25:29.4681383+08:00 pid=27668 tid=11 left-down x=832 y=1274 wordForeground=False
2026-09-06T13:28:26.5585284+08:00 pid=27668 tid=11 left-down x=663 y=1262 wordForeground=False
2026-09-06T13:28:53.2063956+08:00 pid=27668 tid=11 left-down x=1317 y=747 wordForeground=False
2026-09-06T13:28:56.6103157+08:00 pid=27668 tid=11 left-down x=1792 y=747 wordForeground=False
2026-09-06T13:29:59.0506935+08:00 pid=27668 tid=11 left-down x=1317 y=747 wordForeground=False
2026-09-06T13:30:02.4968702+08:00 pid=27668 tid=11 left-down x=1792 y=747 wordForeground=False
2026-09-06T13:31:56.9308371+08:00 pid=27668 tid=11 left-down x=2024 y=1187 wordForeground=True
2026-09-06T13:33:21.6613199+08:00 pid=27668 tid=11 left-down x=895 y=904 wordForeground=False
2026-09-06T13:34:33.8176050+08:00 pid=27668 tid=11 left-down x=1838 y=860 wordForeground=True
2026-09-06T13:35:09.0686472+08:00 pid=27668 tid=11 left-down x=766 y=1265 wordForeground=False
2026-09-06T13:40:46.4220656+08:00 pid=27668 tid=11 left-down x=1317 y=747 wordForeground=False
2026-09-06T13:40:49.8349378+08:00 pid=27668 tid=11 left-down x=1792 y=747 wordForeground=False
2026-09-06T13:41:58.2563842+08:00 pid=27668 tid=11 left-down x=1317 y=747 wordForeground=False
2026-09-06T13:42:01.5514569+08:00 pid=27668 tid=11 left-down x=1792 y=747 wordForeground=False
2026-09-06T13:43:10.6976047+08:00 pid=27668 tid=11 left-down x=2024 y=1187 wordForeground=True
2026-09-06T13:51:23.4183322+08:00 pid=27668 tid=11 left-down x=1172 y=1508 wordForeground=True
2026-09-06T13:51:24.1243114+08:00 pid=27668 tid=11 left-down x=1172 y=1508 wordForeground=True
2026-09-06T13:52:14.7444733+08:00 pid=27668 tid=11 left-down x=1172 y=1088 wordForeground=True
2026-09-06T13:52:15.4393110+08:00 pid=27668 tid=11 left-down x=1172 y=1088 wordForeground=True
2026-09-06T13:56:10.9533517+08:00 pid=27668 tid=11 left-down x=1317 y=747 wordForeground=False
2026-09-06T13:56:14.2641611+08:00 pid=27668 tid=11 left-down x=1792 y=747 wordForeground=False
2026-09-06T13:57:06.5768828+08:00 pid=27668 tid=11 left-down x=1317 y=747 wordForeground=False
2026-09-06T13:57:10.0252261+08:00 pid=27668 tid=11 left-down x=1792 y=747 wordForeground=False
2026-09-06T13:58:06.4515162+08:00 pid=27668 tid=11 left-down x=2024 y=1187 wordForeground=True
2026-09-06T14:03:33.2820262+08:00 pid=27668 tid=11 left-down x=1317 y=747 wordForeground=False
2026-09-06T14:03:36.4771079+08:00 pid=27668 tid=11 left-down x=1792 y=747 wordForeground=False
2026-09-06T14:04:16.9652053+08:00 pid=27668 tid=11 left-down x=1317 y=747 wordForeground=False
2026-09-06T14:04:20.3670287+08:00 pid=27668 tid=11 left-down x=1792 y=747 wordForeground=False
2026-09-06T14:05:25.3431496+08:00 pid=27668 tid=11 left-down x=2024 y=1187 wordForeground=True
2026-09-06T14:07:17.3167324+08:00 pid=27668 tid=11 left-down x=1838 y=688 wordForeground=True
2026-09-06T14:08:17.0598920+08:00 pid=27668 tid=11 left-down x=1141 y=1508 wordForeground=True
2026-09-06T14:08:17.5914761+08:00 pid=27668 tid=11 left-down x=1141 y=1508 wordForeground=True
2026-09-06T14:13:47.1059913+08:00 pid=27668 tid=11 left-down x=1141 y=1508 wordForeground=True
2026-09-06T14:13:47.6159088+08:00 pid=27668 tid=11 left-down x=1141 y=1508 wordForeground=True
2026-09-06T14:16:20.8187305+08:00 pid=27668 tid=11 left-down x=1317 y=747 wordForeground=False
2026-09-06T14:16:24.1199587+08:00 pid=27668 tid=11 left-down x=1792 y=747 wordForeground=False
2026-09-06T14:17:35.7915545+08:00 pid=27668 tid=11 left-down x=1317 y=747 wordForeground=False
2026-09-06T14:17:39.2956604+08:00 pid=27668 tid=11 left-down x=1792 y=747 wordForeground=False
2026-09-06T14:18:31.7468679+08:00 pid=27668 tid=11 left-down x=2024 y=1187 wordForeground=True
2026-09-06T14:20:28.8486638+08:00 pid=27668 tid=11 left-down x=1838 y=860 wordForeground=True
2026-09-06T14:21:51.5236926+08:00 pid=27668 tid=11 left-down x=1172 y=1568 wordForeground=True
2026-09-06T14:21:52.0542640+08:00 pid=27668 tid=11 left-down x=1172 y=1568 wordForeground=True
2026-09-06T14:22:33.4551807+08:00 pid=27668 tid=11 left-down x=1382 y=1120 wordForeground=False
2026-09-06T14:22:35.8211454+08:00 pid=27668 tid=11 left-down x=2178 y=458 wordForeground=False
2026-09-06T14:22:38.3855607+08:00 pid=27668 tid=11 left-down x=2492 y=460 wordForeground=False
2026-09-06T14:30:55.0502571+08:00 pid=27668 tid=11 left-down x=1382 y=1120 wordForeground=False
2026-09-06T14:30:57.3230139+08:00 pid=27668 tid=11 left-down x=2178 y=458 wordForeground=False
2026-09-06T14:30:59.5643315+08:00 pid=27668 tid=11 left-down x=2492 y=460 wordForeground=False
2026-09-06T14:32:40.5802010+08:00 pid=27668 tid=11 left-down x=2332 y=460 wordForeground=False
2026-09-06T14:37:41.1391531+08:00 pid=27668 tid=11 left-down x=1382 y=1120 wordForeground=False
2026-09-06T14:37:43.7083739+08:00 pid=27668 tid=11 left-down x=2332 y=460 wordForeground=False
2026-09-06T14:37:46.1150113+08:00 pid=27668 tid=11 left-down x=2492 y=460 wordForeground=False
2026-09-06T14:39:06.8227900+08:00 pid=27668 tid=11 left-down x=2024 y=1259 wordForeground=True
2026-09-06T14:39:15.4876363+08:00 pid=27668 tid=11 left-down x=1838 y=688 wordForeground=True
2026-09-06T14:46:03.1292118+08:00 pid=27668 tid=11 left-down x=1838 y=860 wordForeground=True
2026-09-06T14:46:11.4753310+08:00 pid=27668 tid=11 left-down x=1382 y=1120 wordForeground=False
2026-09-06T14:47:28.0620647+08:00 pid=27668 tid=11 left-down x=2332 y=460 wordForeground=False
2026-09-06T14:47:30.8478879+08:00 pid=27668 tid=11 left-down x=2492 y=460 wordForeground=False
2026-09-06T14:48:36.1515081+08:00 pid=27668 tid=11 left-down x=2024 y=1259 wordForeground=True
2026-09-06T14:48:44.4267522+08:00 pid=27668 tid=11 left-down x=1838 y=688 wordForeground=True
2026-09-06T14:49:32.7766972+08:00 pid=27668 tid=11 left-down x=1136 y=1941 wordForeground=True
2026-09-06T14:49:33.3593940+08:00 pid=27668 tid=11 left-down x=1136 y=1941 wordForeground=True
2026-09-06T14:50:12.8615908+08:00 pid=27668 tid=11 left-down x=1838 y=860 wordForeground=True
2026-09-06T14:53:21.3223670+08:00 pid=27668 tid=11 left-down x=1838 y=688 wordForeground=True
2026-09-06T14:53:30.2120915+08:00 pid=27668 tid=11 left-down x=1382 y=1120 wordForeground=False
2026-09-06T14:53:32.9894395+08:00 pid=27668 tid=11 left-down x=2332 y=460 wordForeground=False
2026-09-06T14:53:35.2234301+08:00 pid=27668 tid=11 left-down x=2492 y=460 wordForeground=False
2026-09-06T14:55:35.5611566+08:00 pid=27668 tid=11 left-down x=2024 y=1187 wordForeground=True
2026-09-06T14:59:40.1609308+08:00 pid=27668 tid=11 left-down x=1776 y=1270 wordForeground=False
2026-09-06T15:07:01.6516749+08:00 pid=27668 tid=11 left-down x=1140 y=1245 wordForeground=True
2026-09-06T15:07:02.1236935+08:00 pid=27668 tid=11 left-down x=1140 y=1245 wordForeground=True
2026-09-06T15:07:02.1246938+08:00 pid=27668 tid=11 double-click elapsedMs=472.747 withinX=True withinY=True nativeOleTarget=False suppressSecondDown=False dispatchCallback=True
2026-09-06T15:07:02.2155882+08:00 pid=27668 tid=19 callback-begin interceptedNativeOle=False x=1140 y=1245
2026-09-06T15:07:02.2155882+08:00 pid=27668 tid=19 addin-callback-received interceptedNativeOle=False x=1140 y=1245
2026-09-06T15:07:02.2155882+08:00 pid=27668 tid=19 callback-end
2026-09-06T15:07:02.2165888+08:00 pid=27668 tid=1 addin-coordinate-selection formulaId=<null> objectMode=<null>
2026-09-06T15:09:35.5320192+08:00 pid=27668 tid=11 left-down x=1776 y=1270 wordForeground=False
2026-09-06T15:21:10.8423183+08:00 pid=27668 tid=11 left-down x=1838 y=688 wordForeground=True
2026-09-06T15:21:35.1439430+08:00 pid=27668 tid=11 left-down x=1382 y=1120 wordForeground=False
2026-09-06T15:21:37.9627052+08:00 pid=27668 tid=11 left-down x=2332 y=460 wordForeground=False
2026-09-06T15:21:40.3066846+08:00 pid=27668 tid=11 left-down x=2492 y=460 wordForeground=False
2026-09-06T15:22:32.5986767+08:00 pid=27668 tid=11 left-down x=2024 y=1187 wordForeground=True
2026-09-06T15:26:36.7702953+08:00 pid=27668 tid=11 left-down x=1140 y=1088 wordForeground=True
2026-09-06T15:26:37.3809085+08:00 pid=27668 tid=11 left-down x=1140 y=1088 wordForeground=True
2026-09-06T15:27:09.3709228+08:00 pid=27668 tid=11 left-down x=1838 y=688 wordForeground=True
2026-09-06T15:27:51.8154082+08:00 pid=27668 tid=11 left-down x=1382 y=1120 wordForeground=False
2026-09-06T15:27:54.6971922+08:00 pid=27668 tid=11 left-down x=2332 y=460 wordForeground=False
2026-09-06T15:27:57.1230495+08:00 pid=27668 tid=11 left-down x=2492 y=460 wordForeground=False
2026-09-06T15:29:57.4075927+08:00 pid=27668 tid=11 left-down x=1776 y=1270 wordForeground=False
2026-09-06T15:30:43.4275730+08:00 pid=27668 tid=11 left-down x=2024 y=1187 wordForeground=True
2026-09-06T15:31:48.6795295+08:00 pid=27668 tid=11 left-down x=698 y=1234 wordForeground=False
2026-09-06T15:31:52.3485021+08:00 pid=27668 tid=11 left-down x=1685 y=1610 wordForeground=True
2026-09-06T15:33:03.5551139+08:00 pid=27668 tid=11 left-down x=1838 y=860 wordForeground=True
2026-09-06T15:33:48.5858648+08:00 pid=27668 tid=11 left-down x=219 y=1479 wordForeground=False
2026-09-06T15:33:54.3578696+08:00 pid=27668 tid=11 left-down x=1323 y=1598 wordForeground=False
2026-09-06T15:35:00.7017335+08:00 pid=27668 tid=11 left-down x=1170 y=1088 wordForeground=True
2026-09-06T15:35:01.2917246+08:00 pid=27668 tid=11 left-down x=1170 y=1088 wordForeground=True
2026-09-06T15:35:43.4875162+08:00 pid=27668 tid=11 left-down x=837 y=1166 wordForeground=False
2026-09-06T15:36:00.3258453+08:00 pid=27668 tid=11 left-down x=2078 y=1366 wordForeground=True
2026-09-06T15:37:05.5826473+08:00 pid=27668 tid=11 left-down x=1776 y=1270 wordForeground=False
2026-09-06T15:46:37.2343150+08:00 pid=27668 tid=11 left-down x=1838 y=688 wordForeground=True
2026-09-06T15:46:45.9207367+08:00 pid=27668 tid=11 left-down x=1382 y=1120 wordForeground=False
2026-09-06T15:46:49.1777756+08:00 pid=27668 tid=11 left-down x=2332 y=460 wordForeground=False
2026-09-06T15:46:51.1783670+08:00 pid=27668 tid=11 left-down x=2492 y=460 wordForeground=False
2026-09-06T15:49:12.9925385+08:00 pid=27668 tid=11 left-down x=1776 y=1270 wordForeground=False
2026-09-06T15:50:01.0325481+08:00 pid=27668 tid=11 left-down x=2024 y=1187 wordForeground=True
2026-09-06T15:50:10.0215702+08:00 pid=27668 tid=11 left-down x=1838 y=860 wordForeground=True
2026-09-06T15:54:09.5229043+08:00 pid=27668 tid=11 left-down x=1170 y=1118 wordForeground=True
2026-09-06T15:54:10.0771746+08:00 pid=27668 tid=11 left-down x=1170 y=1118 wordForeground=True
2026-09-06T15:54:20.5594673+08:00 pid=27668 tid=11 left-down x=1776 y=1270 wordForeground=False
2026-09-06T15:55:19.3295588+08:00 pid=27668 tid=11 left-down x=758 y=1250 wordForeground=False
2026-09-06T15:55:45.3729530+08:00 pid=27668 tid=11 left-down x=820 y=1253 wordForeground=False
2026-09-06T15:55:56.9444072+08:00 pid=27668 tid=11 left-down x=2051 y=1093 wordForeground=True
2026-09-06T15:57:04.9528455+08:00 pid=27668 tid=11 left-down x=763 y=1216 wordForeground=False
2026-09-06T15:57:07.1040265+08:00 pid=27668 tid=11 left-down x=2028 y=1110 wordForeground=True
2026-09-06T15:57:10.1017392+08:00 pid=27668 tid=11 left-down x=770 y=1090 wordForeground=False
2026-09-06T15:57:11.8630562+08:00 pid=27668 tid=11 left-down x=618 y=1046 wordForeground=False
2026-09-06T15:57:16.0063083+08:00 pid=27668 tid=11 left-down x=1892 y=402 wordForeground=False
2026-09-06T15:57:20.9448634+08:00 pid=27668 tid=11 left-down x=1965 y=1091 wordForeground=True
2026-09-06T15:57:24.3777819+08:00 pid=27668 tid=11 left-down x=717 y=1085 wordForeground=False
2026-09-06T15:57:26.6372932+08:00 pid=27668 tid=11 left-down x=620 y=1012 wordForeground=False
2026-09-06T15:57:29.2771232+08:00 pid=27668 tid=11 left-down x=1896 y=398 wordForeground=False
2026-09-06T15:57:33.9065394+08:00 pid=27668 tid=11 left-down x=1979 y=1077 wordForeground=True
2026-09-06T16:04:19.6464813+08:00 pid=27668 tid=11 left-down x=153 y=1448 wordForeground=False
2026-09-06T16:04:22.9121912+08:00 pid=27668 tid=11 left-down x=963 y=1227 wordForeground=False
2026-09-06T16:05:05.5588915+08:00 pid=27668 tid=11 left-down x=1838 y=688 wordForeground=True
2026-09-06T16:05:14.2275540+08:00 pid=27668 tid=11 left-down x=1382 y=1120 wordForeground=False
2026-09-06T16:05:16.9214041+08:00 pid=27668 tid=11 left-down x=2332 y=460 wordForeground=False
2026-09-06T16:05:19.5230864+08:00 pid=27668 tid=11 left-down x=2492 y=460 wordForeground=False
2026-09-06T16:06:52.4545402+08:00 pid=27668 tid=11 left-down x=1776 y=1270 wordForeground=False
2026-09-06T16:08:00.4627099+08:00 pid=27668 tid=11 left-down x=2024 y=1187 wordForeground=True
2026-09-06T16:08:21.1426241+08:00 pid=27668 tid=11 left-down x=1838 y=860 wordForeground=True
2026-09-06T16:12:08.3032472+08:00 pid=27668 tid=11 left-down x=1776 y=1270 wordForeground=False
2026-09-06T16:15:16.2085336+08:00 pid=27668 tid=11 left-down x=772 y=1266 wordForeground=False
2026-09-06T16:15:25.1285779+08:00 pid=27668 tid=11 left-down x=1844 y=1725 wordForeground=True
2026-09-06T16:18:11.8782940+08:00 pid=27668 tid=11 left-down x=1776 y=1270 wordForeground=False
2026-09-06T16:26:34.2338692+08:00 pid=27668 tid=11 left-down x=1382 y=1120 wordForeground=False
2026-09-06T16:26:36.7782918+08:00 pid=27668 tid=11 left-down x=2332 y=460 wordForeground=False
2026-09-06T16:26:39.1712308+08:00 pid=27668 tid=11 left-down x=2492 y=460 wordForeground=False
2026-09-06T16:27:41.4410926+08:00 pid=27668 tid=11 left-down x=713 y=1227 wordForeground=False
2026-09-06T16:27:47.1241619+08:00 pid=27668 tid=11 left-down x=1874 y=1436 wordForeground=True
2026-09-06T16:27:57.8708782+08:00 pid=27668 tid=11 left-down x=700 y=1238 wordForeground=False
2026-09-06T16:28:03.0022514+08:00 pid=27668 tid=11 left-down x=1742 y=1814 wordForeground=True
2026-09-06T16:28:20.4906649+08:00 pid=27668 tid=11 left-down x=2024 y=1187 wordForeground=True
2026-09-06T16:29:40.3520008+08:00 pid=27668 tid=11 left-down x=1172 y=1836 wordForeground=True
2026-09-06T16:29:41.0365942+08:00 pid=27668 tid=11 left-down x=1172 y=1836 wordForeground=True
2026-09-06T16:30:24.9919722+08:00 pid=27668 tid=11 left-down x=739 y=1231 wordForeground=False
2026-09-06T16:30:36.4101047+08:00 pid=27668 tid=11 left-down x=1776 y=1270 wordForeground=False
2026-09-06T16:40:50.6519447+08:00 pid=27668 tid=11 left-down x=1382 y=1120 wordForeground=False
2026-09-06T16:40:53.1894141+08:00 pid=27668 tid=11 left-down x=2332 y=460 wordForeground=False
2026-09-06T16:40:55.6276201+08:00 pid=27668 tid=11 left-down x=2492 y=460 wordForeground=False
2026-09-06T16:43:15.8585034+08:00 pid=27668 tid=11 left-down x=1776 y=1270 wordForeground=False
2026-09-06T16:44:46.6953281+08:00 pid=27668 tid=11 left-down x=2024 y=1187 wordForeground=True
2026-09-06T16:45:51.6131093+08:00 pid=27668 tid=11 left-down x=691 y=1252 wordForeground=False
2026-09-06T16:46:01.1954034+08:00 pid=27668 tid=11 left-down x=191 y=1485 wordForeground=False
2026-09-06T16:46:04.2056469+08:00 pid=27668 tid=11 left-down x=2508 y=1121 wordForeground=True
2026-09-06T16:47:31.9032831+08:00 pid=27668 tid=11 left-down x=776 y=1255 wordForeground=False
2026-09-06T16:47:45.2103004+08:00 pid=27668 tid=11 left-down x=710 y=994 wordForeground=False
2026-09-06T16:47:46.9315933+08:00 pid=27668 tid=11 left-down x=699 y=1023 wordForeground=False
2026-09-06T16:47:48.6322237+08:00 pid=27668 tid=11 left-down x=743 y=1042 wordForeground=False
2026-09-06T16:47:51.1545054+08:00 pid=27668 tid=11 left-down x=764 y=1021 wordForeground=False
2026-09-06T16:47:55.1076083+08:00 pid=27668 tid=11 left-down x=831 y=1077 wordForeground=False
2026-09-06T16:48:05.4332832+08:00 pid=27668 tid=11 left-down x=1046 y=1329 wordForeground=False
2026-09-06T16:48:39.5360515+08:00 pid=27668 tid=11 left-down x=271 y=1440 wordForeground=False
2026-09-06T16:48:41.3240576+08:00 pid=27668 tid=11 left-down x=253 y=1462 wordForeground=False
2026-09-06T16:48:45.1995922+08:00 pid=27668 tid=11 left-down x=270 y=1333 wordForeground=False
2026-09-06T16:48:47.2982151+08:00 pid=27668 tid=11 left-down x=196 y=705 wordForeground=False
2026-09-06T16:48:52.0809383+08:00 pid=27668 tid=11 left-down x=135 y=384 wordForeground=False
2026-09-06T16:58:19.6315850+08:00 pid=27668 tid=11 left-down x=1382 y=1120 wordForeground=False
2026-09-06T16:58:22.5542999+08:00 pid=27668 tid=11 left-down x=2332 y=460 wordForeground=False
2026-09-06T16:58:25.0987537+08:00 pid=27668 tid=11 left-down x=2492 y=460 wordForeground=False
2026-09-06T16:59:24.9141494+08:00 pid=27668 tid=11 left-down x=1776 y=1270 wordForeground=False
2026-09-06T17:00:19.3533576+08:00 pid=27668 tid=11 left-down x=2024 y=1187 wordForeground=True
2026-09-06T17:03:55.1687006+08:00 pid=27668 tid=11 left-down x=711 y=1181 wordForeground=False
2026-09-06T17:04:03.0513922+08:00 pid=27668 tid=11 left-down x=2039 y=1034 wordForeground=True
2026-09-06T17:04:12.6650767+08:00 pid=27668 tid=11 left-down x=759 y=1233 wordForeground=False
2026-09-06T17:06:41.6515681+08:00 pid=27668 tid=11 left-down x=672 y=1256 wordForeground=False
2026-09-06T17:06:50.3547081+08:00 pid=27668 tid=11 left-down x=250 y=1460 wordForeground=False
2026-09-06T17:06:53.3516999+08:00 pid=27668 tid=11 left-down x=902 y=1143 wordForeground=False
2026-09-06T17:08:07.9020556+08:00 pid=27668 tid=11 left-down x=1382 y=1120 wordForeground=False
2026-09-06T17:08:10.4275766+08:00 pid=27668 tid=11 left-down x=2332 y=460 wordForeground=False
2026-09-06T17:08:12.9695892+08:00 pid=27668 tid=11 left-down x=2492 y=460 wordForeground=False
2026-09-06T17:08:28.4560826+08:00 pid=27668 tid=11 left-down x=1776 y=1270 wordForeground=False
2026-09-06T17:08:41.4759968+08:00 pid=27668 tid=11 left-down x=2024 y=1187 wordForeground=True
2026-09-06T17:09:36.7816309+08:00 pid=27668 tid=11 left-down x=841 y=1058 wordForeground=True
2026-09-06T17:10:30.5240251+08:00 pid=27668 tid=11 left-down x=1945 y=1414 wordForeground=True
2026-09-06T17:10:34.8724656+08:00 pid=27668 tid=11 left-down x=782 y=1229 wordForeground=False
2026-09-06T17:10:37.9561976+08:00 pid=27668 tid=11 left-down x=720 y=1078 wordForeground=False
2026-09-06T17:10:41.1106231+08:00 pid=27668 tid=11 left-down x=607 y=974 wordForeground=False
2026-09-06T17:10:44.6125741+08:00 pid=27668 tid=11 left-down x=1871 y=407 wordForeground=False
2026-09-06T17:10:48.8099124+08:00 pid=27668 tid=11 left-down x=2301 y=1453 wordForeground=True
2026-09-06T17:11:37.3442543+08:00 pid=27668 tid=11 left-down x=1776 y=1270 wordForeground=False
2026-09-06T17:13:19.3567241+08:00 pid=27668 tid=11 left-down x=837 y=1224 wordForeground=False
2026-09-06T17:14:16.0070618+08:00 pid=27668 tid=11 left-down x=1838 y=688 wordForeground=True
2026-09-06T17:15:24.5183502+08:00 pid=27668 tid=11 left-down x=1141 y=1087 wordForeground=True
2026-09-06T17:15:25.0031518+08:00 pid=27668 tid=11 left-down x=1141 y=1087 wordForeground=True
2026-09-06T17:15:25.0031518+08:00 pid=27668 tid=11 double-click elapsedMs=484.406 withinX=True withinY=True nativeOleTarget=False suppressSecondDown=False dispatchCallback=True
2026-09-06T17:15:25.0968316+08:00 pid=27668 tid=19 callback-begin interceptedNativeOle=False x=1141 y=1087
2026-09-06T17:15:25.0968316+08:00 pid=27668 tid=19 addin-callback-received interceptedNativeOle=False x=1141 y=1087
2026-09-06T17:15:25.0978327+08:00 pid=27668 tid=19 callback-end
2026-09-06T17:15:25.1154634+08:00 pid=27668 tid=1 addin-coordinate-selection formulaId=<null> objectMode=<null>
2026-09-06T17:16:50.4138190+08:00 pid=27668 tid=11 left-down x=779 y=1278 wordForeground=False
2026-09-06T17:18:49.0885666+08:00 pid=27668 tid=11 left-down x=770 y=1201 wordForeground=False
2026-09-06T17:18:56.2221983+08:00 pid=27668 tid=11 left-down x=2258 y=1350 wordForeground=True
2026-09-06T17:20:34.5350088+08:00 pid=27668 tid=11 left-down x=1382 y=1120 wordForeground=False
2026-09-06T17:20:36.8336305+08:00 pid=27668 tid=11 left-down x=2332 y=460 wordForeground=False
2026-09-06T17:20:39.5047086+08:00 pid=27668 tid=11 left-down x=2492 y=460 wordForeground=False
2026-09-06T17:22:10.7126632+08:00 pid=27668 tid=11 left-down x=1935 y=1345 wordForeground=True
2026-09-06T17:22:13.9926657+08:00 pid=27668 tid=11 left-down x=1808 y=1615 wordForeground=True
2026-09-06T17:23:05.5144796+08:00 pid=27668 tid=11 left-down x=1776 y=1270 wordForeground=False
2026-09-06T17:23:33.5573015+08:00 pid=27668 tid=11 left-down x=2024 y=1187 wordForeground=True
2026-09-06T17:32:01.3683489+08:00 pid=27668 tid=11 left-down x=868 y=930 wordForeground=False
2026-09-06T17:32:13.1137947+08:00 pid=27668 tid=11 left-down x=716 y=707 wordForeground=False
2026-09-06T17:32:15.7137024+08:00 pid=27668 tid=11 left-down x=653 y=533 wordForeground=False
2026-09-06T17:32:19.0726750+08:00 pid=27668 tid=11 left-down x=1891 y=416 wordForeground=False
2026-09-06T17:34:02.3575027+08:00 pid=27668 tid=11 left-down x=1382 y=1120 wordForeground=False
2026-09-06T17:34:05.1545421+08:00 pid=27668 tid=11 left-down x=2332 y=460 wordForeground=False
2026-09-06T17:34:07.8368876+08:00 pid=27668 tid=11 left-down x=2492 y=460 wordForeground=False
2026-09-06T17:35:40.2375049+08:00 pid=27668 tid=11 left-down x=675 y=1190 wordForeground=False
2026-09-06T17:35:46.8027488+08:00 pid=27668 tid=11 left-down x=1961 y=1652 wordForeground=True
2026-09-06T17:35:49.8899027+08:00 pid=27668 tid=11 left-down x=1986 y=1555 wordForeground=True
2026-09-06T17:36:01.9528893+08:00 pid=27668 tid=11 left-down x=1382 y=1120 wordForeground=False
2026-09-06T17:36:04.6553382+08:00 pid=27668 tid=11 left-down x=2332 y=460 wordForeground=False
2026-09-06T17:36:07.3352787+08:00 pid=27668 tid=11 left-down x=2492 y=460 wordForeground=False
2026-09-06T17:38:54.8222621+08:00 pid=27668 tid=11 left-down x=813 y=1058 wordForeground=False
2026-09-06T17:39:06.7067017+08:00 pid=27668 tid=11 left-down x=2050 y=1012 wordForeground=True
2026-09-06T17:39:10.2606789+08:00 pid=27668 tid=11 left-down x=255 y=1492 wordForeground=False
2026-09-06T17:39:13.2197973+08:00 pid=27668 tid=11 left-down x=961 y=1043 wordForeground=False
2026-09-06T17:40:58.0147447+08:00 pid=27668 tid=11 left-down x=1382 y=1120 wordForeground=False
2026-09-06T17:41:00.5279021+08:00 pid=27668 tid=11 left-down x=2332 y=460 wordForeground=False
2026-09-06T17:41:02.4976667+08:00 pid=27668 tid=11 left-down x=2492 y=460 wordForeground=False
2026-09-06T17:41:59.3805996+08:00 pid=27668 tid=11 left-down x=1776 y=1270 wordForeground=False
2026-09-06T17:42:17.6412794+08:00 pid=27668 tid=11 left-down x=2024 y=1187 wordForeground=True
2026-09-06T17:44:01.4825072+08:00 pid=27668 tid=11 left-down x=596 y=1205 wordForeground=False
2026-09-06T17:44:22.2322810+08:00 pid=27668 tid=11 left-down x=2094 y=1018 wordForeground=True
2026-09-06T17:44:25.5027119+08:00 pid=27668 tid=11 left-down x=763 y=1215 wordForeground=False
2026-09-06T17:45:09.9916075+08:00 pid=27668 tid=11 left-down x=737 y=1273 wordForeground=False
2026-09-06T17:45:13.0024273+08:00 pid=27668 tid=11 left-down x=2357 y=1096 wordForeground=False
2026-09-06T17:47:34.4883547+08:00 pid=27668 tid=11 left-down x=894 y=1217 wordForeground=False
2026-09-06T17:47:53.9933780+08:00 pid=27668 tid=11 left-down x=1382 y=1120 wordForeground=False
2026-09-06T17:47:56.4748908+08:00 pid=27668 tid=11 left-down x=2332 y=460 wordForeground=False
2026-09-06T17:47:59.2198784+08:00 pid=27668 tid=11 left-down x=2492 y=460 wordForeground=False
2026-09-06T17:48:44.4631524+08:00 pid=27668 tid=11 left-down x=1776 y=1270 wordForeground=False
2026-09-06T17:48:59.8859783+08:00 pid=27668 tid=11 left-down x=2024 y=1187 wordForeground=True
2026-09-06T17:50:39.8534470+08:00 pid=27668 tid=11 left-down x=836 y=1237 wordForeground=False
2026-09-06T17:50:43.5258263+08:00 pid=27668 tid=11 left-down x=2059 y=1068 wordForeground=True
2026-09-06T17:51:49.0711643+08:00 pid=27668 tid=11 left-down x=607 y=1205 wordForeground=False
2026-09-06T17:51:52.3303178+08:00 pid=27668 tid=11 left-down x=1466 y=1103 wordForeground=False
2026-09-06T17:54:24.0726260+08:00 pid=27668 tid=11 left-down x=1382 y=1120 wordForeground=False
2026-09-06T17:54:27.1941659+08:00 pid=27668 tid=11 left-down x=2332 y=460 wordForeground=False
2026-09-06T17:54:30.0821749+08:00 pid=27668 tid=11 left-down x=2492 y=460 wordForeground=False
2026-09-06T17:55:24.7236853+08:00 pid=27668 tid=11 left-down x=1776 y=1270 wordForeground=False
2026-09-06T17:55:40.2826229+08:00 pid=27668 tid=11 left-down x=2024 y=1211 wordForeground=True
2026-09-06T17:57:00.9649771+08:00 pid=27668 tid=11 left-down x=808 y=1255 wordForeground=False
2026-09-06T17:57:10.0243591+08:00 pid=27668 tid=11 left-down x=1866 y=1723 wordForeground=True
2026-09-06T17:57:19.7560321+08:00 pid=27668 tid=11 left-down x=1905 y=1516 wordForeground=True
2026-09-06T17:58:43.6322485+08:00 pid=27668 tid=11 left-down x=1948 y=1269 wordForeground=True
2026-09-06T17:58:47.3599787+08:00 pid=27668 tid=11 left-down x=1778 y=1476 wordForeground=True
2026-09-06T17:58:51.8950320+08:00 pid=27668 tid=11 left-down x=1141 y=1482 wordForeground=True
2026-09-06T17:58:52.5267180+08:00 pid=27668 tid=11 left-down x=1141 y=1482 wordForeground=True
2026-09-06T17:59:19.4305387+08:00 pid=27668 tid=11 left-down x=1776 y=1270 wordForeground=False
2026-09-06T18:00:01.9058045+08:00 pid=27668 tid=11 left-down x=853 y=1268 wordForeground=False
2026-09-06T18:00:05.3631501+08:00 pid=27668 tid=11 left-down x=2132 y=1445 wordForeground=True
2026-09-06T18:02:53.7690544+08:00 pid=27668 tid=11 left-down x=705 y=1242 wordForeground=False
2026-09-06T18:02:58.5467322+08:00 pid=27668 tid=11 left-down x=2064 y=1539 wordForeground=True
2026-09-06T18:03:23.9853811+08:00 pid=27668 tid=11 left-down x=1776 y=1270 wordForeground=False
2026-09-06T18:08:48.6007469+08:00 pid=27668 tid=11 left-down x=765 y=1027 wordForeground=False
2026-09-06T18:08:52.4838832+08:00 pid=27668 tid=11 left-down x=247 y=1478 wordForeground=False
2026-09-06T18:08:56.2542487+08:00 pid=27668 tid=11 left-down x=664 y=936 wordForeground=False
2026-09-06T18:09:00.3416003+08:00 pid=27668 tid=11 left-down x=1877 y=399 wordForeground=False
2026-09-06T18:11:22.0627616+08:00 pid=27668 tid=11 left-down x=822 y=1270 wordForeground=False
2026-09-06T18:11:31.7590304+08:00 pid=27668 tid=11 left-down x=1265 y=1795 wordForeground=True
2026-09-06T18:13:09.4265668+08:00 pid=27668 tid=11 left-down x=1317 y=747 wordForeground=False
2026-09-06T18:13:11.6420526+08:00 pid=27668 tid=11 left-down x=1602 y=747 wordForeground=False
2026-09-06T18:13:28.2789153+08:00 pid=27668 tid=11 left-down x=1382 y=1120 wordForeground=False
2026-09-06T18:13:31.0988072+08:00 pid=27668 tid=11 left-down x=2332 y=460 wordForeground=False
2026-09-06T18:13:33.7491366+08:00 pid=27668 tid=11 left-down x=2492 y=460 wordForeground=False
2026-09-06T18:14:35.2477856+08:00 pid=27668 tid=11 left-down x=806 y=1212 wordForeground=False
2026-09-06T18:14:52.4690670+08:00 pid=27668 tid=11 left-down x=815 y=1228 wordForeground=False
2026-09-06T18:14:59.3407881+08:00 pid=27668 tid=11 left-down x=2177 y=1494 wordForeground=True
2026-09-06T18:15:03.3442029+08:00 pid=27668 tid=11 left-down x=2100 y=1471 wordForeground=True
2026-09-06T18:15:04.9542163+08:00 pid=27668 tid=11 left-down x=2019 y=1474 wordForeground=True
2026-09-06T18:15:05.3041526+08:00 pid=27668 tid=11 left-down x=2019 y=1475 wordForeground=True
2026-09-06T18:15:05.3041526+08:00 pid=27668 tid=11 double-click elapsedMs=349.901 withinX=True withinY=True nativeOleTarget=False suppressSecondDown=False dispatchCallback=True
2026-09-06T18:15:05.4054774+08:00 pid=27668 tid=19 callback-begin interceptedNativeOle=False x=2019 y=1475
2026-09-06T18:15:05.4054774+08:00 pid=27668 tid=19 addin-callback-received interceptedNativeOle=False x=2019 y=1475
2026-09-06T18:15:05.4064773+08:00 pid=27668 tid=19 callback-end
2026-09-06T18:15:05.4124771+08:00 pid=27668 tid=1 addin-coordinate-selection formulaId=<null> objectMode=<null>
2026-09-06T18:15:13.8184869+08:00 pid=27668 tid=11 left-down x=2639 y=748 wordForeground=True
2026-09-06T18:15:18.4453730+08:00 pid=27668 tid=11 left-down x=835 y=1292 wordForeground=False
2026-09-06T18:15:20.3098528+08:00 pid=27668 tid=11 left-down x=848 y=1359 wordForeground=False
2026-09-06T18:15:22.4094848+08:00 pid=27668 tid=11 left-down x=863 y=1433 wordForeground=False
2026-09-06T18:15:57.7149155+08:00 pid=27668 tid=11 left-down x=218 y=1472 wordForeground=False
2026-09-06T18:18:01.5868696+08:00 pid=27668 tid=11 left-down x=1317 y=747 wordForeground=False
2026-09-06T18:18:19.6001775+08:00 pid=27668 tid=11 left-down x=1382 y=1120 wordForeground=False
2026-09-06T18:18:22.8691785+08:00 pid=27668 tid=11 left-down x=2332 y=460 wordForeground=False
2026-09-06T18:18:25.6138159+08:00 pid=27668 tid=11 left-down x=2492 y=460 wordForeground=False
2026-09-06T18:19:42.5956260+08:00 pid=27668 tid=11 left-down x=1776 y=1270 wordForeground=False
2026-09-06T18:19:56.2490394+08:00 pid=27668 tid=11 left-down x=2024 y=1211 wordForeground=True
2026-09-06T18:22:20.0010576+08:00 pid=27668 tid=11 left-down x=2067 y=1076 wordForeground=True
2026-09-06T18:22:26.1254623+08:00 pid=27668 tid=11 left-down x=1136 y=1362 wordForeground=False
2026-09-06T18:22:56.0585591+08:00 pid=27668 tid=11 left-down x=2228 y=1331 wordForeground=False
2026-09-06T18:23:01.7096292+08:00 pid=27668 tid=11 left-down x=684 y=811 wordForeground=False
2026-09-06T18:23:04.5481732+08:00 pid=27668 tid=11 left-down x=677 y=753 wordForeground=False
2026-09-06T18:23:10.9430782+08:00 pid=27668 tid=11 left-down x=1890 y=411 wordForeground=False
2026-09-06T18:23:16.2588137+08:00 pid=27668 tid=11 left-down x=1381 y=2159 wordForeground=False
2026-09-06T18:23:25.5853759+08:00 pid=27668 tid=11 left-down x=803 y=1363 wordForeground=False
2026-09-06T18:25:28.5845073+08:00 pid=27668 tid=11 left-down x=1245 y=1142 wordForeground=False
2026-09-06T18:25:34.0317355+08:00 pid=27668 tid=11 left-down x=227 y=1461 wordForeground=False
2026-09-06T18:25:39.5360209+08:00 pid=27668 tid=11 left-down x=830 y=1233 wordForeground=False
