2026-09-06T10:54:30.6300315+08:00 pid=67744 tid=1 word-addin-loaded pid=67744 assembly=C:\Users\pojian_liao\AppData\Local\VisualTeX\office\remediation-builds\9C3C7A74D168A8CC4152560C8ADDF31C32338D8ED7BCBDDCD80E21EBC51E5038\VisualTeX.WordVsto.dll mvid=b0f21285-3983-4125-ae0d-4d82440d5fe7
2026-09-06T10:54:31.0308866+08:00 pid=67744 tid=1 hook-started handle=0x233E3
2026-09-06T10:54:31.2401182+08:00 pid=67744 tid=10 mathtype-native-preview-shared-prewarm-complete
2026-09-06T10:54:55.3000347+08:00 pid=67744 tid=12 left-down x=736 y=1258 wordForeground=False
2026-09-06T10:54:57.9042469+08:00 pid=67744 tid=12 left-down x=2120 y=899 wordForeground=False
2026-09-06T10:54:58.5313839+08:00 pid=67744 tid=12 left-down x=1190 y=747 wordForeground=False
2026-09-06T10:55:03.5103104+08:00 pid=67744 tid=1 word-undo-begin name=VisualTeX Insert Native OLE Display Formula recording=False level=0
2026-09-06T10:55:03.5103104+08:00 pid=67744 tid=1 word-undo-started name=VisualTeX Insert Native OLE Display Formula recording=True level=1
2026-09-06T10:55:03.8378688+08:00 pid=67744 tid=1 word-undo-end recording=True level=1
2026-09-06T10:55:03.8521471+08:00 pid=67744 tid=17 ribbon-session-operation-released sessionId=dcfcf630-241a-429e-82d4-943a78b33371
2026-09-06T10:55:13.5881596+08:00 pid=67744 tid=12 left-down x=2024 y=1163 wordForeground=True
2026-09-06T10:55:15.2838009+08:00 pid=67744 tid=1 word-xml-incomplete-export document=文档77 attempt=1 maths=0/0 oles=0/1
2026-09-06T10:55:15.3402648+08:00 pid=67744 tid=1 word-undo-begin name=VisualTeX Insert Equation Reference recording=False level=0
2026-09-06T10:55:15.3412646+08:00 pid=67744 tid=1 word-undo-started name=VisualTeX Insert Equation Reference recording=True level=1
2026-09-06T10:55:15.3802631+08:00 pid=67744 tid=1 word-undo-end recording=True level=1
2026-09-06T10:56:54.9280836+08:00 pid=67744 tid=12 left-down x=1190 y=747 wordForeground=False
2026-09-06T10:57:09.5989278+08:00 pid=67744 tid=12 left-down x=2024 y=1163 wordForeground=True
2026-09-06T10:58:00.5094046+08:00 pid=67744 tid=12 left-down x=1140 y=1210 wordForeground=True
2026-09-06T10:58:01.1142792+08:00 pid=67744 tid=12 left-down x=1140 y=1210 wordForeground=True
2026-09-06T10:59:31.4191679+08:00 pid=67744 tid=12 left-down x=846 y=1203 wordForeground=True
2026-09-06T10:59:34.5139735+08:00 pid=67744 tid=12 left-down x=2211 y=1232 wordForeground=False
2026-09-06T10:59:37.2084265+08:00 pid=67744 tid=12 left-down x=1718 y=1090 wordForeground=True
2026-09-06T10:59:38.2075699+08:00 pid=67744 tid=12 left-down x=1634 y=1069 wordForeground=True
2026-09-06T10:59:42.7452699+08:00 pid=67744 tid=12 left-down x=1838 y=818 wordForeground=True
2026-09-06T11:00:21.7073186+08:00 pid=67744 tid=12 left-down x=1155 y=1210 wordForeground=True
2026-09-06T11:00:22.3048676+08:00 pid=67744 tid=12 left-down x=1155 y=1210 wordForeground=True
2026-09-06T11:01:25.5886388+08:00 pid=67744 tid=12 left-down x=1155 y=1060 wordForeground=True
2026-09-06T11:01:26.2176217+08:00 pid=67744 tid=12 left-down x=1155 y=1060 wordForeground=True
2026-09-06T11:03:19.6057617+08:00 pid=67744 tid=12 left-down x=872 y=865 wordForeground=True
2026-09-06T11:03:29.1400390+08:00 pid=67744 tid=12 left-down x=1190 y=747 wordForeground=False
2026-09-06T11:03:43.8773047+08:00 pid=67744 tid=12 left-down x=2024 y=1163 wordForeground=True
2026-09-06T11:04:28.2941506+08:00 pid=67744 tid=12 left-down x=1155 y=1210 wordForeground=True
2026-09-06T11:04:28.9331540+08:00 pid=67744 tid=12 left-down x=1155 y=1210 wordForeground=True
2026-09-06T11:04:48.4855740+08:00 pid=67744 tid=12 left-down x=1838 y=688 wordForeground=True
2026-09-06T11:05:32.9500767+08:00 pid=67744 tid=12 left-down x=1140 y=1207 wordForeground=True
2026-09-06T11:05:33.5764240+08:00 pid=67744 tid=12 left-down x=1140 y=1207 wordForeground=True
2026-09-06T11:06:57.1083048+08:00 pid=67744 tid=12 left-down x=1382 y=1120 wordForeground=False
2026-09-06T11:06:59.8772811+08:00 pid=67744 tid=12 left-down x=2178 y=458 wordForeground=False
2026-09-06T11:07:02.1183735+08:00 pid=67744 tid=12 left-down x=2492 y=460 wordForeground=False
2026-09-06T11:07:52.6651942+08:00 pid=67744 tid=12 left-down x=795 y=1222 wordForeground=True
2026-09-06T11:07:57.4428974+08:00 pid=67744 tid=12 left-down x=2315 y=1180 wordForeground=False
2026-09-06T11:09:29.9396080+08:00 pid=67744 tid=12 left-down x=2178 y=458 wordForeground=False
2026-09-06T11:10:07.1084029+08:00 pid=67744 tid=12 left-down x=1382 y=1120 wordForeground=False
2026-09-06T11:10:09.8044615+08:00 pid=67744 tid=12 left-down x=2492 y=460 wordForeground=False
2026-09-06T11:14:03.2069951+08:00 pid=67744 tid=12 left-down x=1190 y=747 wordForeground=False
2026-09-06T11:14:06.6684757+08:00 pid=67744 tid=12 left-down x=1665 y=747 wordForeground=False
2026-09-06T11:14:21.0626082+08:00 pid=67744 tid=12 left-down x=1190 y=747 wordForeground=False
2026-09-06T11:14:24.3941611+08:00 pid=67744 tid=12 left-down x=1665 y=747 wordForeground=False
2026-09-06T11:14:38.7215397+08:00 pid=67744 tid=12 left-down x=1190 y=747 wordForeground=False
2026-09-06T11:15:51.8194740+08:00 pid=67744 tid=12 left-down x=2024 y=1187 wordForeground=True
2026-09-06T11:17:34.7067934+08:00 pid=67744 tid=12 left-down x=1838 y=774 wordForeground=True
2026-09-06T11:20:18.9419248+08:00 pid=67744 tid=12 left-down x=1072 y=2130 wordForeground=True
2026-09-06T11:20:22.3350582+08:00 pid=67744 tid=12 left-down x=2255 y=1372 wordForeground=False
2026-09-06T11:20:23.5040045+08:00 pid=67744 tid=12 left-down x=2198 y=1441 wordForeground=True
2026-09-06T11:21:15.2541161+08:00 pid=67744 tid=12 left-down x=795 y=1238 wordForeground=True
2026-09-06T11:21:17.5238304+08:00 pid=67744 tid=12 left-down x=2192 y=1367 wordForeground=False
2026-09-06T11:21:18.6590902+08:00 pid=67744 tid=12 left-down x=740 y=1215 wordForeground=True
2026-09-06T11:22:19.6662661+08:00 pid=67744 tid=12 left-down x=1190 y=747 wordForeground=False
2026-09-06T11:22:23.0774672+08:00 pid=67744 tid=12 left-down x=1665 y=747 wordForeground=False
2026-09-06T11:22:37.0719981+08:00 pid=67744 tid=12 left-down x=1190 y=747 wordForeground=False
2026-09-06T11:22:40.6895518+08:00 pid=67744 tid=12 left-down x=1665 y=747 wordForeground=False
2026-09-06T11:22:54.6332333+08:00 pid=67744 tid=12 left-down x=1190 y=747 wordForeground=False
2026-09-06T11:23:11.2098660+08:00 pid=67744 tid=12 left-down x=2024 y=1187 wordForeground=True
2026-09-06T11:24:09.1703270+08:00 pid=67744 tid=12 left-down x=809 y=1245 wordForeground=True
2026-09-06T11:24:16.0119995+08:00 pid=67744 tid=12 left-down x=199 y=1498 wordForeground=False
2026-09-06T11:24:16.7936605+08:00 pid=67744 tid=12 left-down x=206 y=1485 wordForeground=False
2026-09-06T11:24:18.7768745+08:00 pid=67744 tid=12 left-down x=2049 y=1405 wordForeground=False
2026-09-06T11:30:08.3538697+08:00 pid=67744 tid=12 left-down x=1838 y=688 wordForeground=True
2026-09-06T11:30:56.2867971+08:00 pid=67744 tid=12 left-down x=1155 y=1337 wordForeground=True
2026-09-06T11:30:56.9161974+08:00 pid=67744 tid=12 left-down x=1155 y=1337 wordForeground=True
2026-09-06T11:41:59.9391151+08:00 pid=67744 tid=12 left-down x=806 y=1112 wordForeground=True
2026-09-06T11:42:44.0782763+08:00 pid=67744 tid=12 left-down x=239 y=1463 wordForeground=False
2026-09-06T11:42:47.8970352+08:00 pid=67744 tid=12 left-down x=1500 y=1569 wordForeground=False
2026-09-06T11:42:49.2750087+08:00 pid=67744 tid=12 left-down x=661 y=1211 wordForeground=True
2026-09-06T11:42:51.4251035+08:00 pid=67744 tid=12 left-down x=1925 y=1462 wordForeground=False
2026-09-06T11:42:57.3041924+08:00 pid=67744 tid=12 left-down x=1927 y=477 wordForeground=False
2026-09-06T11:43:13.1004960+08:00 pid=67744 tid=12 left-down x=2392 y=184 wordForeground=False
2026-09-06T11:43:15.9468169+08:00 pid=67744 tid=12 left-down x=145 y=94 wordForeground=False
2026-09-06T11:43:19.6164764+08:00 pid=67744 tid=12 left-down x=343 y=307 wordForeground=False
2026-09-06T11:43:22.5027694+08:00 pid=67744 tid=12 left-down x=1441 y=2145 wordForeground=False
2026-09-06T11:43:24.8562237+08:00 pid=67744 tid=12 left-down x=1057 y=2123 wordForeground=False
2026-09-06T11:43:26.0449902+08:00 pid=67744 tid=12 left-down x=1355 y=2138 wordForeground=False
2026-09-06T11:43:40.7791177+08:00 pid=67744 tid=12 left-down x=1076 y=1158 wordForeground=False
2026-09-06T11:43:49.0198785+08:00 pid=67744 tid=12 left-down x=1360 y=2079 wordForeground=False
2026-09-06T11:44:01.5349960+08:00 pid=67744 tid=12 left-down x=1353 y=2049 wordForeground=False
2026-09-06T11:44:03.9535666+08:00 pid=67744 tid=12 left-down x=1902 y=1224 wordForeground=True
2026-09-06T11:44:05.5561142+08:00 pid=67744 tid=12 left-down x=1620 y=1535 wordForeground=True
2026-09-06T11:44:07.6466720+08:00 pid=67744 tid=12 left-down x=880 y=1260 wordForeground=True
2026-09-06T11:48:43.4503747+08:00 pid=67744 tid=12 left-down x=1618 y=1245 wordForeground=True
2026-09-06T11:48:45.5551373+08:00 pid=67744 tid=12 left-down x=788 y=1222 wordForeground=True
2026-09-06T11:48:50.2730393+08:00 pid=67744 tid=12 left-down x=1329 y=1606 wordForeground=True
2026-09-06T11:48:55.1313112+08:00 pid=67744 tid=12 left-down x=780 y=1237 wordForeground=True
2026-09-06T11:48:59.1688254+08:00 pid=67744 tid=12 left-down x=1347 y=1604 wordForeground=False
2026-09-06T11:53:50.5464150+08:00 pid=67744 tid=12 left-down x=1083 y=2146 wordForeground=True
2026-09-06T11:54:07.0338164+08:00 pid=67744 tid=12 left-down x=1984 y=1086 wordForeground=False
2026-09-06T11:56:53.9064972+08:00 pid=67744 tid=12 left-down x=2024 y=1187 wordForeground=True
2026-09-06T11:57:01.6329302+08:00 pid=67744 tid=12 left-down x=1838 y=818 wordForeground=True
2026-09-06T12:09:32.2259803+08:00 pid=67744 tid=12 left-down x=2024 y=1187 wordForeground=True
2026-09-06T12:10:06.6074788+08:00 pid=67744 tid=12 left-down x=1838 y=688 wordForeground=True
2026-09-06T12:10:48.7780411+08:00 pid=67744 tid=12 left-down x=1151 y=1515 wordForeground=True
2026-09-06T12:10:49.2940506+08:00 pid=67744 tid=12 left-down x=1151 y=1515 wordForeground=True
2026-09-06T12:12:07.3244122+08:00 pid=67744 tid=12 left-down x=1838 y=774 wordForeground=True
2026-09-06T12:12:58.6993088+08:00 pid=67744 tid=12 left-down x=1170 y=1320 wordForeground=True
2026-09-06T12:12:59.2461369+08:00 pid=67744 tid=12 left-down x=1170 y=1320 wordForeground=True
2026-09-06T12:16:38.1626173+08:00 pid=67744 tid=12 left-down x=801 y=814 wordForeground=True
2026-09-06T12:16:39.9405635+08:00 pid=67744 tid=12 left-down x=1006 y=849 wordForeground=False
2026-09-06T12:19:29.5801074+08:00 pid=67744 tid=12 left-down x=2024 y=1187 wordForeground=True
2026-09-06T12:19:37.5009344+08:00 pid=67744 tid=12 left-down x=1838 y=688 wordForeground=True
2026-09-06T12:30:32.7906271+08:00 pid=67744 tid=12 left-down x=2024 y=1187 wordForeground=True
2026-09-06T12:36:36.6242992+08:00 pid=67744 tid=12 left-down x=2024 y=1187 wordForeground=True
2026-09-06T12:38:56.1281503+08:00 pid=67744 tid=12 left-down x=2024 y=1187 wordForeground=True
2026-09-06T12:40:48.5876869+08:00 pid=67744 tid=12 left-down x=1838 y=860 wordForeground=True
2026-09-06T12:41:32.4907492+08:00 pid=67744 tid=12 left-down x=1183 y=1627 wordForeground=True
2026-09-06T12:41:33.1515587+08:00 pid=67744 tid=12 left-down x=1183 y=1627 wordForeground=True
2026-09-06T12:42:48.5693014+08:00 pid=67744 tid=12 left-down x=1838 y=732 wordForeground=True
2026-09-06T12:44:29.1831271+08:00 pid=67744 tid=12 left-down x=1838 y=688 wordForeground=True
2026-09-06T12:51:11.5383220+08:00 pid=67744 tid=12 left-down x=1302 y=747 wordForeground=False
2026-09-06T12:52:21.9308106+08:00 pid=67744 tid=12 left-down x=2058 y=1197 wordForeground=True
2026-09-06T12:59:16.9225064+08:00 pid=67744 tid=12 left-down x=1302 y=747 wordForeground=False
2026-09-06T13:00:33.6723501+08:00 pid=67744 tid=12 left-down x=2024 y=1163 wordForeground=True
2026-09-06T13:03:49.7814189+08:00 pid=67744 tid=12 left-down x=846 y=1216 wordForeground=False
2026-09-06T13:04:06.5527322+08:00 pid=67744 tid=12 left-down x=1992 y=1336 wordForeground=True
2026-09-06T13:04:08.5951634+08:00 pid=67744 tid=12 left-down x=1947 y=1234 wordForeground=True
2026-09-06T13:04:10.3751085+08:00 pid=67744 tid=12 left-down x=1796 y=1396 wordForeground=True
2026-09-06T13:04:11.5323282+08:00 pid=67744 tid=12 left-down x=1602 y=1458 wordForeground=True
2026-09-06T13:05:18.3895729+08:00 pid=67744 tid=12 left-down x=851 y=1174 wordForeground=False
2026-09-06T13:06:17.5185860+08:00 pid=67744 tid=12 left-down x=1302 y=747 wordForeground=False
2026-09-06T13:08:48.1165427+08:00 pid=67744 tid=12 left-down x=1302 y=747 wordForeground=True
2026-09-06T13:09:21.6031889+08:00 pid=67744 tid=12 left-down x=807 y=1221 wordForeground=False
2026-09-06T13:09:26.6395418+08:00 pid=67744 tid=12 left-down x=2025 y=1437 wordForeground=True
2026-09-06T13:09:28.1399697+08:00 pid=67744 tid=12 left-down x=1854 y=1262 wordForeground=True
2026-09-06T13:09:29.2673684+08:00 pid=67744 tid=12 left-down x=1605 y=1330 wordForeground=True
2026-09-06T13:11:25.4910979+08:00 pid=67744 tid=12 left-down x=2024 y=1163 wordForeground=True
2026-09-06T13:14:21.6777235+08:00 pid=67744 tid=12 left-down x=801 y=1230 wordForeground=False
2026-09-06T13:14:41.6833132+08:00 pid=67744 tid=12 left-down x=909 y=1354 wordForeground=False
2026-09-06T13:16:12.9949560+08:00 pid=67744 tid=12 left-down x=854 y=1380 wordForeground=False
2026-09-06T13:16:15.0255086+08:00 pid=67744 tid=12 left-down x=1838 y=1436 wordForeground=False
2026-09-06T13:20:48.0166646+08:00 pid=67744 tid=12 left-down x=897 y=1337 wordForeground=False
2026-09-06T13:22:16.6021970+08:00 pid=67744 tid=12 left-down x=1079 y=2134 wordForeground=True
2026-09-06T13:23:31.0362707+08:00 pid=67744 tid=12 left-down x=912 y=1198 wordForeground=True
2026-09-06T13:23:56.3777813+08:00 pid=67744 tid=12 left-down x=300 y=15 wordForeground=False
2026-09-06T13:25:29.3450343+08:00 pid=67744 tid=12 left-down x=832 y=1274 wordForeground=False
2026-09-06T13:28:26.3824856+08:00 pid=67744 tid=12 left-down x=663 y=1262 wordForeground=False
2026-09-06T13:28:53.0361138+08:00 pid=67744 tid=12 left-down x=1317 y=747 wordForeground=False
2026-09-06T13:28:56.3955116+08:00 pid=67744 tid=12 left-down x=1792 y=747 wordForeground=False
2026-09-06T13:29:58.9143429+08:00 pid=67744 tid=12 left-down x=1317 y=747 wordForeground=False
2026-09-06T13:30:02.3677925+08:00 pid=67744 tid=12 left-down x=1792 y=747 wordForeground=False
2026-09-06T13:31:56.7713051+08:00 pid=67744 tid=12 left-down x=2024 y=1187 wordForeground=True
2026-09-06T13:33:21.5425447+08:00 pid=67744 tid=12 left-down x=895 y=904 wordForeground=False
2026-09-06T13:34:33.6855769+08:00 pid=67744 tid=12 left-down x=1838 y=860 wordForeground=True
2026-09-06T13:35:08.9223226+08:00 pid=67744 tid=12 left-down x=766 y=1265 wordForeground=False
2026-09-06T13:40:46.2793593+08:00 pid=67744 tid=12 left-down x=1317 y=747 wordForeground=False
2026-09-06T13:40:49.7160824+08:00 pid=67744 tid=12 left-down x=1792 y=747 wordForeground=False
2026-09-06T13:41:58.1318280+08:00 pid=67744 tid=12 left-down x=1317 y=747 wordForeground=False
2026-09-06T13:42:01.4415158+08:00 pid=67744 tid=12 left-down x=1792 y=747 wordForeground=False
2026-09-06T13:43:10.5829255+08:00 pid=67744 tid=12 left-down x=2024 y=1187 wordForeground=True
2026-09-06T13:51:23.2787346+08:00 pid=67744 tid=12 left-down x=1172 y=1508 wordForeground=True
2026-09-06T13:51:23.9433795+08:00 pid=67744 tid=12 left-down x=1172 y=1508 wordForeground=True
2026-09-06T13:52:14.5934889+08:00 pid=67744 tid=12 left-down x=1172 y=1088 wordForeground=True
2026-09-06T13:52:15.2957579+08:00 pid=67744 tid=12 left-down x=1172 y=1088 wordForeground=True
2026-09-06T13:56:10.8049739+08:00 pid=67744 tid=12 left-down x=1317 y=747 wordForeground=False
2026-09-06T13:56:14.1173186+08:00 pid=67744 tid=12 left-down x=1792 y=747 wordForeground=False
2026-09-06T13:57:06.4538842+08:00 pid=67744 tid=12 left-down x=1317 y=747 wordForeground=False
2026-09-06T13:57:09.9097830+08:00 pid=67744 tid=12 left-down x=1792 y=747 wordForeground=False
2026-09-06T13:58:06.3055165+08:00 pid=67744 tid=12 left-down x=2024 y=1187 wordForeground=True
2026-09-06T14:03:33.0529177+08:00 pid=67744 tid=12 left-down x=1317 y=747 wordForeground=False
2026-09-06T14:03:36.2954458+08:00 pid=67744 tid=12 left-down x=1792 y=747 wordForeground=False
2026-09-06T14:04:16.8135186+08:00 pid=67744 tid=12 left-down x=1317 y=747 wordForeground=False
2026-09-06T14:04:20.2455822+08:00 pid=67744 tid=12 left-down x=1792 y=747 wordForeground=False
2026-09-06T14:05:25.0550421+08:00 pid=67744 tid=12 left-down x=2024 y=1187 wordForeground=True
2026-09-06T14:07:17.2003617+08:00 pid=67744 tid=12 left-down x=1838 y=688 wordForeground=True
2026-09-06T14:08:16.8751572+08:00 pid=67744 tid=12 left-down x=1141 y=1508 wordForeground=True
2026-09-06T14:08:17.4665432+08:00 pid=67744 tid=12 left-down x=1141 y=1508 wordForeground=True
2026-09-06T14:13:46.9197044+08:00 pid=67744 tid=12 left-down x=1141 y=1508 wordForeground=True
2026-09-06T14:13:47.4886728+08:00 pid=67744 tid=12 left-down x=1141 y=1508 wordForeground=True
2026-09-06T14:16:20.6071085+08:00 pid=67744 tid=12 left-down x=1317 y=747 wordForeground=False
2026-09-06T14:16:23.9556276+08:00 pid=67744 tid=12 left-down x=1792 y=747 wordForeground=False
2026-09-06T14:17:35.5949566+08:00 pid=67744 tid=12 left-down x=1317 y=747 wordForeground=False
2026-09-06T14:17:39.1367905+08:00 pid=67744 tid=12 left-down x=1792 y=747 wordForeground=False
2026-09-06T14:18:31.6265921+08:00 pid=67744 tid=12 left-down x=2024 y=1187 wordForeground=True
2026-09-06T14:20:28.6897319+08:00 pid=67744 tid=12 left-down x=1838 y=860 wordForeground=True
2026-09-06T14:21:51.3596927+08:00 pid=67744 tid=12 left-down x=1172 y=1568 wordForeground=True
2026-09-06T14:21:51.8962325+08:00 pid=67744 tid=12 left-down x=1172 y=1568 wordForeground=True
2026-09-06T14:22:33.2211339+08:00 pid=67744 tid=12 left-down x=1382 y=1120 wordForeground=False
2026-09-06T14:22:35.6351723+08:00 pid=67744 tid=12 left-down x=2178 y=458 wordForeground=False
2026-09-06T14:22:38.2673944+08:00 pid=67744 tid=12 left-down x=2492 y=460 wordForeground=False
2026-09-06T14:30:54.8815322+08:00 pid=67744 tid=12 left-down x=1382 y=1120 wordForeground=False
2026-09-06T14:30:57.1450139+08:00 pid=67744 tid=12 left-down x=2178 y=458 wordForeground=False
2026-09-06T14:30:59.4466068+08:00 pid=67744 tid=12 left-down x=2492 y=460 wordForeground=False
2026-09-06T14:32:40.4628851+08:00 pid=67744 tid=12 left-down x=2332 y=460 wordForeground=False
2026-09-06T14:37:40.9571018+08:00 pid=67744 tid=12 left-down x=1382 y=1120 wordForeground=False
2026-09-06T14:37:43.5514185+08:00 pid=67744 tid=12 left-down x=2332 y=460 wordForeground=False
2026-09-06T14:37:45.9636489+08:00 pid=67744 tid=12 left-down x=2492 y=460 wordForeground=False
2026-09-06T14:39:06.6969720+08:00 pid=67744 tid=12 left-down x=2024 y=1259 wordForeground=True
2026-09-06T14:39:15.2745822+08:00 pid=67744 tid=12 left-down x=1838 y=688 wordForeground=True
2026-09-06T14:46:02.8101417+08:00 pid=67744 tid=12 left-down x=1838 y=860 wordForeground=True
2026-09-06T14:46:11.3075080+08:00 pid=67744 tid=12 left-down x=1382 y=1120 wordForeground=False
2026-09-06T14:47:27.9364235+08:00 pid=67744 tid=12 left-down x=2332 y=460 wordForeground=False
2026-09-06T14:47:30.6980310+08:00 pid=67744 tid=12 left-down x=2492 y=460 wordForeground=False
2026-09-06T14:48:35.8849318+08:00 pid=67744 tid=12 left-down x=2024 y=1259 wordForeground=True
2026-09-06T14:48:44.2391271+08:00 pid=67744 tid=12 left-down x=1838 y=688 wordForeground=True
2026-09-06T14:49:32.5761299+08:00 pid=67744 tid=12 left-down x=1136 y=1941 wordForeground=True
2026-09-06T14:49:33.1917806+08:00 pid=67744 tid=12 left-down x=1136 y=1941 wordForeground=True
2026-09-06T14:50:12.6996939+08:00 pid=67744 tid=12 left-down x=1838 y=860 wordForeground=True
2026-09-06T14:53:21.1202875+08:00 pid=67744 tid=12 left-down x=1838 y=688 wordForeground=True
2026-09-06T14:53:29.9737207+08:00 pid=67744 tid=12 left-down x=1382 y=1120 wordForeground=False
2026-09-06T14:53:32.7515415+08:00 pid=67744 tid=12 left-down x=2332 y=460 wordForeground=False
2026-09-06T14:53:35.0961995+08:00 pid=67744 tid=12 left-down x=2492 y=460 wordForeground=False
2026-09-06T14:55:35.4351562+08:00 pid=67744 tid=12 left-down x=2024 y=1187 wordForeground=True
2026-09-06T14:59:40.0016763+08:00 pid=67744 tid=12 left-down x=1776 y=1270 wordForeground=False
2026-09-06T15:07:01.4209242+08:00 pid=67744 tid=12 left-down x=1140 y=1245 wordForeground=True
2026-09-06T15:07:01.8949799+08:00 pid=67744 tid=12 left-down x=1140 y=1245 wordForeground=True
2026-09-06T15:07:01.9039786+08:00 pid=67744 tid=12 double-click elapsedMs=473.956 withinX=True withinY=True nativeOleTarget=False suppressSecondDown=False dispatchCallback=True
2026-09-06T15:07:02.0157563+08:00 pid=67744 tid=19 callback-begin interceptedNativeOle=False x=1140 y=1245
2026-09-06T15:07:02.0167538+08:00 pid=67744 tid=19 addin-callback-received interceptedNativeOle=False x=1140 y=1245
2026-09-06T15:07:02.0177562+08:00 pid=67744 tid=19 callback-end
2026-09-06T15:07:02.0287560+08:00 pid=67744 tid=1 addin-coordinate-selection formulaId=<null> objectMode=<null>
2026-09-06T15:09:35.3732135+08:00 pid=67744 tid=12 left-down x=1776 y=1270 wordForeground=False
2026-09-06T15:21:10.5558753+08:00 pid=67744 tid=12 left-down x=1838 y=688 wordForeground=True
2026-09-06T15:21:34.9903255+08:00 pid=67744 tid=12 left-down x=1382 y=1120 wordForeground=False
2026-09-06T15:21:37.8077046+08:00 pid=67744 tid=12 left-down x=2332 y=460 wordForeground=False
2026-09-06T15:21:40.1583441+08:00 pid=67744 tid=12 left-down x=2492 y=460 wordForeground=False
2026-09-06T15:22:32.4265110+08:00 pid=67744 tid=12 left-down x=2024 y=1187 wordForeground=True
2026-09-06T15:26:36.5988533+08:00 pid=67744 tid=12 left-down x=1140 y=1088 wordForeground=True
2026-09-06T15:26:37.2240586+08:00 pid=67744 tid=12 left-down x=1140 y=1088 wordForeground=True
2026-09-06T15:27:09.1075779+08:00 pid=67744 tid=12 left-down x=1838 y=688 wordForeground=True
2026-09-06T15:27:51.5861763+08:00 pid=67744 tid=12 left-down x=1382 y=1120 wordForeground=False
2026-09-06T15:27:54.4985327+08:00 pid=67744 tid=12 left-down x=2332 y=460 wordForeground=False
2026-09-06T15:27:56.8654113+08:00 pid=67744 tid=12 left-down x=2492 y=460 wordForeground=False
2026-09-06T15:29:57.1174035+08:00 pid=67744 tid=12 left-down x=1776 y=1270 wordForeground=False
2026-09-06T15:30:43.1657212+08:00 pid=67744 tid=12 left-down x=2024 y=1187 wordForeground=True
2026-09-06T15:31:48.4643739+08:00 pid=67744 tid=12 left-down x=698 y=1234 wordForeground=False
2026-09-06T15:31:52.2194006+08:00 pid=67744 tid=12 left-down x=1685 y=1610 wordForeground=True
2026-09-06T15:33:03.3530181+08:00 pid=67744 tid=12 left-down x=1838 y=860 wordForeground=True
2026-09-06T15:33:48.3594240+08:00 pid=67744 tid=12 left-down x=219 y=1479 wordForeground=False
2026-09-06T15:33:54.3538691+08:00 pid=67744 tid=12 left-down x=1323 y=1598 wordForeground=False
2026-09-06T15:35:00.4478984+08:00 pid=67744 tid=12 left-down x=1170 y=1088 wordForeground=True
2026-09-06T15:35:01.1159974+08:00 pid=67744 tid=12 left-down x=1170 y=1088 wordForeground=True
2026-09-06T15:35:43.3456295+08:00 pid=67744 tid=12 left-down x=837 y=1166 wordForeground=False
2026-09-06T15:36:00.1220533+08:00 pid=67744 tid=12 left-down x=2078 y=1366 wordForeground=True
2026-09-06T15:37:05.3055870+08:00 pid=67744 tid=12 left-down x=1776 y=1270 wordForeground=False
2026-09-06T15:46:37.0640445+08:00 pid=67744 tid=12 left-down x=1838 y=688 wordForeground=True
2026-09-06T15:46:45.7393170+08:00 pid=67744 tid=12 left-down x=1382 y=1120 wordForeground=False
2026-09-06T15:46:48.8607452+08:00 pid=67744 tid=12 left-down x=2332 y=460 wordForeground=False
2026-09-06T15:46:50.9651980+08:00 pid=67744 tid=12 left-down x=2492 y=460 wordForeground=False
2026-09-06T15:49:12.8288320+08:00 pid=67744 tid=12 left-down x=1776 y=1270 wordForeground=False
2026-09-06T15:50:00.7980786+08:00 pid=67744 tid=12 left-down x=2024 y=1187 wordForeground=True
2026-09-06T15:50:09.8655207+08:00 pid=67744 tid=12 left-down x=1838 y=860 wordForeground=True
2026-09-06T15:54:09.3157591+08:00 pid=67744 tid=12 left-down x=1170 y=1118 wordForeground=True
2026-09-06T15:54:09.9296355+08:00 pid=67744 tid=12 left-down x=1170 y=1118 wordForeground=True
2026-09-06T15:54:20.4269269+08:00 pid=67744 tid=12 left-down x=1776 y=1270 wordForeground=False
2026-09-06T15:55:19.1705385+08:00 pid=67744 tid=12 left-down x=758 y=1250 wordForeground=False
2026-09-06T15:55:45.0733739+08:00 pid=67744 tid=12 left-down x=820 y=1253 wordForeground=False
2026-09-06T15:55:56.7511409+08:00 pid=67744 tid=12 left-down x=2051 y=1093 wordForeground=True
2026-09-06T15:57:04.8108455+08:00 pid=67744 tid=12 left-down x=763 y=1216 wordForeground=False
2026-09-06T15:57:06.9533642+08:00 pid=67744 tid=12 left-down x=2028 y=1110 wordForeground=True
2026-09-06T15:57:09.9728242+08:00 pid=67744 tid=12 left-down x=770 y=1090 wordForeground=False
2026-09-06T15:57:11.6731238+08:00 pid=67744 tid=12 left-down x=618 y=1046 wordForeground=False
2026-09-06T15:57:15.7811926+08:00 pid=67744 tid=12 left-down x=1892 y=402 wordForeground=False
2026-09-06T15:57:20.6517651+08:00 pid=67744 tid=12 left-down x=1965 y=1091 wordForeground=True
2026-09-06T15:57:24.1864124+08:00 pid=67744 tid=12 left-down x=717 y=1085 wordForeground=False
2026-09-06T15:57:26.3745309+08:00 pid=67744 tid=12 left-down x=620 y=1012 wordForeground=False
2026-09-06T15:57:29.0912609+08:00 pid=67744 tid=12 left-down x=1896 y=398 wordForeground=False
2026-09-06T15:57:33.7545316+08:00 pid=67744 tid=12 left-down x=1979 y=1077 wordForeground=True
2026-09-06T16:04:19.4434433+08:00 pid=67744 tid=12 left-down x=153 y=1448 wordForeground=False
2026-09-06T16:04:22.7362586+08:00 pid=67744 tid=12 left-down x=963 y=1227 wordForeground=False
2026-09-06T16:05:05.4343088+08:00 pid=67744 tid=12 left-down x=1838 y=688 wordForeground=True
2026-09-06T16:05:13.9798912+08:00 pid=67744 tid=12 left-down x=1382 y=1120 wordForeground=False
2026-09-06T16:05:16.7934072+08:00 pid=67744 tid=12 left-down x=2332 y=460 wordForeground=False
2026-09-06T16:05:19.2914727+08:00 pid=67744 tid=12 left-down x=2492 y=460 wordForeground=False
2026-09-06T16:06:52.3174957+08:00 pid=67744 tid=12 left-down x=1776 y=1270 wordForeground=False
2026-09-06T16:08:00.1913411+08:00 pid=67744 tid=12 left-down x=2024 y=1187 wordForeground=True
2026-09-06T16:08:20.8834141+08:00 pid=67744 tid=12 left-down x=1838 y=860 wordForeground=True
2026-09-06T16:12:08.0767533+08:00 pid=67744 tid=12 left-down x=1776 y=1270 wordForeground=False
2026-09-06T16:15:15.9641201+08:00 pid=67744 tid=12 left-down x=772 y=1266 wordForeground=False
2026-09-06T16:15:24.8924100+08:00 pid=67744 tid=12 left-down x=1844 y=1725 wordForeground=True
2026-09-06T16:18:11.6114047+08:00 pid=67744 tid=12 left-down x=1776 y=1270 wordForeground=False
2026-09-06T16:26:33.9684126+08:00 pid=67744 tid=12 left-down x=1382 y=1120 wordForeground=False
2026-09-06T16:26:36.5206408+08:00 pid=67744 tid=12 left-down x=2332 y=460 wordForeground=False
2026-09-06T16:26:38.8389266+08:00 pid=67744 tid=12 left-down x=2492 y=460 wordForeground=False
2026-09-06T16:27:41.1801804+08:00 pid=67744 tid=12 left-down x=713 y=1227 wordForeground=False
2026-09-06T16:27:46.9117888+08:00 pid=67744 tid=12 left-down x=1874 y=1436 wordForeground=True
2026-09-06T16:27:57.5831409+08:00 pid=67744 tid=12 left-down x=700 y=1238 wordForeground=False
2026-09-06T16:28:02.7447573+08:00 pid=67744 tid=12 left-down x=1742 y=1814 wordForeground=True
2026-09-06T16:28:20.2125335+08:00 pid=67744 tid=12 left-down x=2024 y=1187 wordForeground=True
2026-09-06T16:29:40.0489664+08:00 pid=67744 tid=12 left-down x=1172 y=1836 wordForeground=True
2026-09-06T16:29:40.5887477+08:00 pid=67744 tid=12 left-down x=1172 y=1836 wordForeground=True
2026-09-06T16:30:24.7725138+08:00 pid=67744 tid=12 left-down x=739 y=1231 wordForeground=False
2026-09-06T16:30:36.0306194+08:00 pid=67744 tid=12 left-down x=1776 y=1270 wordForeground=False
2026-09-06T16:40:50.4249931+08:00 pid=67744 tid=12 left-down x=1382 y=1120 wordForeground=False
2026-09-06T16:40:52.9382953+08:00 pid=67744 tid=12 left-down x=2332 y=460 wordForeground=False
2026-09-06T16:40:55.4478737+08:00 pid=67744 tid=12 left-down x=2492 y=460 wordForeground=False
2026-09-06T16:43:15.6955946+08:00 pid=67744 tid=12 left-down x=1776 y=1270 wordForeground=False
2026-09-06T16:44:46.5533183+08:00 pid=67744 tid=12 left-down x=2024 y=1187 wordForeground=True
2026-09-06T16:45:51.4016319+08:00 pid=67744 tid=12 left-down x=691 y=1252 wordForeground=False
2026-09-06T16:46:00.9937346+08:00 pid=67744 tid=12 left-down x=191 y=1485 wordForeground=False
2026-09-06T16:46:03.8680711+08:00 pid=67744 tid=12 left-down x=2508 y=1121 wordForeground=True
2026-09-06T16:47:31.7566784+08:00 pid=67744 tid=12 left-down x=776 y=1255 wordForeground=False
2026-09-06T16:47:44.9144440+08:00 pid=67744 tid=12 left-down x=710 y=994 wordForeground=False
2026-09-06T16:47:46.7861318+08:00 pid=67744 tid=12 left-down x=699 y=1023 wordForeground=False
2026-09-06T16:47:48.4532855+08:00 pid=67744 tid=12 left-down x=743 y=1042 wordForeground=False
2026-09-06T16:47:50.9391703+08:00 pid=67744 tid=12 left-down x=764 y=1021 wordForeground=False
2026-09-06T16:47:54.9769506+08:00 pid=67744 tid=12 left-down x=831 y=1077 wordForeground=False
2026-09-06T16:48:05.2845323+08:00 pid=67744 tid=12 left-down x=1046 y=1329 wordForeground=False
2026-09-06T16:48:39.3537380+08:00 pid=67744 tid=12 left-down x=271 y=1440 wordForeground=False
2026-09-06T16:48:41.1484924+08:00 pid=67744 tid=12 left-down x=253 y=1462 wordForeground=False
2026-09-06T16:48:44.8907250+08:00 pid=67744 tid=12 left-down x=270 y=1333 wordForeground=False
2026-09-06T16:48:47.1596625+08:00 pid=67744 tid=12 left-down x=196 y=705 wordForeground=False
2026-09-06T16:48:51.6458106+08:00 pid=67744 tid=12 left-down x=135 y=384 wordForeground=False
2026-09-06T16:58:19.3302236+08:00 pid=67744 tid=12 left-down x=1382 y=1120 wordForeground=False
2026-09-06T16:58:22.2846153+08:00 pid=67744 tid=12 left-down x=2332 y=460 wordForeground=False
2026-09-06T16:58:24.7992919+08:00 pid=67744 tid=12 left-down x=2492 y=460 wordForeground=False
2026-09-06T16:59:24.5645143+08:00 pid=67744 tid=12 left-down x=1776 y=1270 wordForeground=False
2026-09-06T17:00:19.1353505+08:00 pid=67744 tid=12 left-down x=2024 y=1187 wordForeground=True
2026-09-06T17:03:55.0102396+08:00 pid=67744 tid=12 left-down x=711 y=1181 wordForeground=False
2026-09-06T17:04:02.8287981+08:00 pid=67744 tid=12 left-down x=2039 y=1034 wordForeground=True
2026-09-06T17:04:12.3767805+08:00 pid=67744 tid=12 left-down x=759 y=1233 wordForeground=False
2026-09-06T17:06:41.4378987+08:00 pid=67744 tid=12 left-down x=672 y=1256 wordForeground=False
2026-09-06T17:06:50.1488123+08:00 pid=67744 tid=12 left-down x=250 y=1460 wordForeground=False
2026-09-06T17:06:53.0874671+08:00 pid=67744 tid=12 left-down x=902 y=1143 wordForeground=False
2026-09-06T17:08:07.6308610+08:00 pid=67744 tid=12 left-down x=1382 y=1120 wordForeground=False
2026-09-06T17:08:10.2331452+08:00 pid=67744 tid=12 left-down x=2332 y=460 wordForeground=False
2026-09-06T17:08:12.8180990+08:00 pid=67744 tid=12 left-down x=2492 y=460 wordForeground=False
2026-09-06T17:08:28.2313812+08:00 pid=67744 tid=12 left-down x=1776 y=1270 wordForeground=False
2026-09-06T17:08:41.3326928+08:00 pid=67744 tid=12 left-down x=2024 y=1187 wordForeground=True
2026-09-06T17:09:36.4176851+08:00 pid=67744 tid=12 left-down x=841 y=1058 wordForeground=True
2026-09-06T17:10:30.3338233+08:00 pid=67744 tid=12 left-down x=1945 y=1414 wordForeground=True
2026-09-06T17:10:34.6148512+08:00 pid=67744 tid=12 left-down x=782 y=1229 wordForeground=False
2026-09-06T17:10:37.7863773+08:00 pid=67744 tid=12 left-down x=720 y=1078 wordForeground=False
2026-09-06T17:10:40.9359530+08:00 pid=67744 tid=12 left-down x=607 y=974 wordForeground=False
2026-09-06T17:10:44.4539533+08:00 pid=67744 tid=12 left-down x=1871 y=407 wordForeground=False
2026-09-06T17:10:48.5397885+08:00 pid=67744 tid=12 left-down x=2301 y=1453 wordForeground=True
2026-09-06T17:11:37.1140642+08:00 pid=67744 tid=12 left-down x=1776 y=1270 wordForeground=False
2026-09-06T17:13:19.2115071+08:00 pid=67744 tid=12 left-down x=837 y=1224 wordForeground=False
2026-09-06T17:14:15.7800459+08:00 pid=67744 tid=12 left-down x=1838 y=688 wordForeground=True
2026-09-06T17:15:24.2791915+08:00 pid=67744 tid=12 left-down x=1141 y=1087 wordForeground=True
2026-09-06T17:15:24.7869064+08:00 pid=67744 tid=12 left-down x=1141 y=1087 wordForeground=True
2026-09-06T17:16:50.1462955+08:00 pid=67744 tid=12 left-down x=779 y=1278 wordForeground=False
2026-09-06T17:18:48.9225070+08:00 pid=67744 tid=12 left-down x=770 y=1201 wordForeground=False
2026-09-06T17:18:56.0361390+08:00 pid=67744 tid=12 left-down x=2258 y=1350 wordForeground=True
2026-09-06T17:20:34.1424313+08:00 pid=67744 tid=12 left-down x=1382 y=1120 wordForeground=False
2026-09-06T17:20:36.5896062+08:00 pid=67744 tid=12 left-down x=2332 y=460 wordForeground=False
2026-09-06T17:20:39.2883010+08:00 pid=67744 tid=12 left-down x=2492 y=460 wordForeground=False
2026-09-06T17:22:10.5013320+08:00 pid=67744 tid=12 left-down x=1935 y=1345 wordForeground=True
2026-09-06T17:22:13.8269421+08:00 pid=67744 tid=12 left-down x=1808 y=1615 wordForeground=True
2026-09-06T17:23:05.1831027+08:00 pid=67744 tid=12 left-down x=1776 y=1270 wordForeground=False
2026-09-06T17:23:33.3040738+08:00 pid=67744 tid=12 left-down x=2024 y=1187 wordForeground=True
2026-09-06T17:32:01.2144296+08:00 pid=67744 tid=12 left-down x=868 y=930 wordForeground=False
2026-09-06T17:32:12.9017542+08:00 pid=67744 tid=12 left-down x=716 y=707 wordForeground=False
2026-09-06T17:32:15.4170066+08:00 pid=67744 tid=12 left-down x=653 y=533 wordForeground=False
2026-09-06T17:32:18.7583714+08:00 pid=67744 tid=12 left-down x=1891 y=416 wordForeground=False
2026-09-06T17:34:02.0754082+08:00 pid=67744 tid=12 left-down x=1382 y=1120 wordForeground=False
2026-09-06T17:34:04.9483666+08:00 pid=67744 tid=12 left-down x=2332 y=460 wordForeground=False
2026-09-06T17:34:07.6645179+08:00 pid=67744 tid=12 left-down x=2492 y=460 wordForeground=False
2026-09-06T17:35:39.9069202+08:00 pid=67744 tid=12 left-down x=675 y=1190 wordForeground=False
2026-09-06T17:35:46.5999948+08:00 pid=67744 tid=12 left-down x=1961 y=1652 wordForeground=True
2026-09-06T17:35:49.7034096+08:00 pid=67744 tid=12 left-down x=1986 y=1555 wordForeground=True
2026-09-06T17:36:01.6381084+08:00 pid=67744 tid=12 left-down x=1382 y=1120 wordForeground=False
2026-09-06T17:36:04.4437879+08:00 pid=67744 tid=12 left-down x=2332 y=460 wordForeground=False
2026-09-06T17:36:07.0918490+08:00 pid=67744 tid=12 left-down x=2492 y=460 wordForeground=False
2026-09-06T17:38:54.5133740+08:00 pid=67744 tid=12 left-down x=813 y=1058 wordForeground=False
2026-09-06T17:39:06.4517466+08:00 pid=67744 tid=12 left-down x=2050 y=1012 wordForeground=True
2026-09-06T17:39:10.0706962+08:00 pid=67744 tid=12 left-down x=255 y=1492 wordForeground=False
2026-09-06T17:39:12.9927332+08:00 pid=67744 tid=12 left-down x=961 y=1043 wordForeground=False
2026-09-06T17:40:57.7038839+08:00 pid=67744 tid=12 left-down x=1382 y=1120 wordForeground=False
2026-09-06T17:41:00.1475406+08:00 pid=67744 tid=12 left-down x=2332 y=460 wordForeground=False
2026-09-06T17:41:02.3227735+08:00 pid=67744 tid=12 left-down x=2492 y=460 wordForeground=False
2026-09-06T17:41:59.0025480+08:00 pid=67744 tid=12 left-down x=1776 y=1270 wordForeground=False
2026-09-06T17:42:17.2985257+08:00 pid=67744 tid=12 left-down x=2024 y=1187 wordForeground=True
2026-09-06T17:44:01.2903224+08:00 pid=67744 tid=12 left-down x=596 y=1205 wordForeground=False
2026-09-06T17:44:22.0190404+08:00 pid=67744 tid=12 left-down x=2094 y=1018 wordForeground=True
2026-09-06T17:44:25.3106153+08:00 pid=67744 tid=12 left-down x=763 y=1215 wordForeground=False
2026-09-06T17:45:09.6998693+08:00 pid=67744 tid=12 left-down x=737 y=1273 wordForeground=False
2026-09-06T17:45:12.9884274+08:00 pid=67744 tid=12 left-down x=2357 y=1096 wordForeground=False
2026-09-06T17:47:34.2932635+08:00 pid=67744 tid=12 left-down x=894 y=1217 wordForeground=False
2026-09-06T17:47:53.6026762+08:00 pid=67744 tid=12 left-down x=1382 y=1120 wordForeground=False
2026-09-06T17:47:56.3075808+08:00 pid=67744 tid=12 left-down x=2332 y=460 wordForeground=False
2026-09-06T17:47:58.9825637+08:00 pid=67744 tid=12 left-down x=2492 y=460 wordForeground=False
2026-09-06T17:48:44.2365831+08:00 pid=67744 tid=12 left-down x=1776 y=1270 wordForeground=False
2026-09-06T17:48:59.6681598+08:00 pid=67744 tid=12 left-down x=2024 y=1187 wordForeground=True
2026-09-06T17:50:39.5920413+08:00 pid=67744 tid=12 left-down x=836 y=1237 wordForeground=False
2026-09-06T17:50:43.3242274+08:00 pid=67744 tid=12 left-down x=2059 y=1068 wordForeground=True
2026-09-06T17:51:48.8314519+08:00 pid=67744 tid=12 left-down x=607 y=1205 wordForeground=False
2026-09-06T17:51:52.0794508+08:00 pid=67744 tid=12 left-down x=1466 y=1103 wordForeground=False
2026-09-06T17:54:23.7209037+08:00 pid=67744 tid=12 left-down x=1382 y=1120 wordForeground=False
2026-09-06T17:54:26.9784684+08:00 pid=67744 tid=12 left-down x=2332 y=460 wordForeground=False
2026-09-06T17:54:29.7663766+08:00 pid=67744 tid=12 left-down x=2492 y=460 wordForeground=False
2026-09-06T17:55:24.3808225+08:00 pid=67744 tid=12 left-down x=1776 y=1270 wordForeground=False
2026-09-06T17:55:40.1210086+08:00 pid=67744 tid=12 left-down x=2024 y=1211 wordForeground=True
2026-09-06T17:57:00.7517463+08:00 pid=67744 tid=12 left-down x=808 y=1255 wordForeground=False
2026-09-06T17:57:09.7832578+08:00 pid=67744 tid=12 left-down x=1866 y=1723 wordForeground=True
2026-09-06T17:57:19.5246622+08:00 pid=67744 tid=12 left-down x=1905 y=1516 wordForeground=True
2026-09-06T17:58:43.4269177+08:00 pid=67744 tid=12 left-down x=1948 y=1269 wordForeground=True
2026-09-06T17:58:47.1929538+08:00 pid=67744 tid=12 left-down x=1778 y=1476 wordForeground=True
2026-09-06T17:58:51.3330013+08:00 pid=67744 tid=12 left-down x=1141 y=1482 wordForeground=True
2026-09-06T17:58:52.2360867+08:00 pid=67744 tid=12 left-down x=1141 y=1482 wordForeground=True
2026-09-06T17:59:19.0723826+08:00 pid=67744 tid=12 left-down x=1776 y=1270 wordForeground=False
2026-09-06T18:00:01.7441235+08:00 pid=67744 tid=12 left-down x=853 y=1268 wordForeground=False
2026-09-06T18:00:05.1670274+08:00 pid=67744 tid=12 left-down x=2132 y=1445 wordForeground=True
2026-09-06T18:02:53.4628205+08:00 pid=67744 tid=12 left-down x=705 y=1242 wordForeground=False
2026-09-06T18:02:58.3085798+08:00 pid=67744 tid=12 left-down x=2064 y=1539 wordForeground=True
2026-09-06T18:03:23.5898655+08:00 pid=67744 tid=12 left-down x=1776 y=1270 wordForeground=False
2026-09-06T18:08:48.1969420+08:00 pid=67744 tid=12 left-down x=765 y=1027 wordForeground=False
2026-09-06T18:08:52.3151574+08:00 pid=67744 tid=12 left-down x=247 y=1478 wordForeground=False
2026-09-06T18:08:56.0279725+08:00 pid=67744 tid=12 left-down x=664 y=936 wordForeground=False
2026-09-06T18:09:00.0983596+08:00 pid=67744 tid=12 left-down x=1877 y=399 wordForeground=False
2026-09-06T18:11:21.7838603+08:00 pid=67744 tid=12 left-down x=822 y=1270 wordForeground=False
2026-09-06T18:11:31.5360654+08:00 pid=67744 tid=12 left-down x=1265 y=1795 wordForeground=True
2026-09-06T18:13:09.1253911+08:00 pid=67744 tid=12 left-down x=1317 y=747 wordForeground=False
2026-09-06T18:13:11.4386327+08:00 pid=67744 tid=12 left-down x=1602 y=747 wordForeground=False
2026-09-06T18:13:27.9775502+08:00 pid=67744 tid=12 left-down x=1382 y=1120 wordForeground=False
2026-09-06T18:13:30.9268295+08:00 pid=67744 tid=12 left-down x=2332 y=460 wordForeground=False
2026-09-06T18:13:33.3875200+08:00 pid=67744 tid=12 left-down x=2492 y=460 wordForeground=False
2026-09-06T18:14:35.0444423+08:00 pid=67744 tid=12 left-down x=806 y=1212 wordForeground=False
2026-09-06T18:14:52.2512935+08:00 pid=67744 tid=12 left-down x=815 y=1228 wordForeground=False
2026-09-06T18:14:59.0455341+08:00 pid=67744 tid=12 left-down x=2177 y=1494 wordForeground=True
2026-09-06T18:15:02.9819920+08:00 pid=67744 tid=12 left-down x=2100 y=1471 wordForeground=True
2026-09-06T18:15:04.6488468+08:00 pid=67744 tid=12 left-down x=2019 y=1474 wordForeground=True
2026-09-06T18:15:04.9542163+08:00 pid=67744 tid=12 left-down x=2019 y=1475 wordForeground=True
2026-09-06T18:15:04.9552162+08:00 pid=67744 tid=12 double-click elapsedMs=305.632 withinX=True withinY=True nativeOleTarget=False suppressSecondDown=False dispatchCallback=True
2026-09-06T18:15:05.0473590+08:00 pid=67744 tid=17 callback-begin interceptedNativeOle=False x=2019 y=1475
2026-09-06T18:15:05.0473590+08:00 pid=67744 tid=17 addin-callback-received interceptedNativeOle=False x=2019 y=1475
2026-09-06T18:15:05.0478872+08:00 pid=67744 tid=17 callback-end
2026-09-06T18:15:05.0528851+08:00 pid=67744 tid=1 addin-coordinate-selection formulaId=<null> objectMode=<null>
2026-09-06T18:15:13.4066795+08:00 pid=67744 tid=12 left-down x=2639 y=748 wordForeground=True
2026-09-06T18:15:18.1791117+08:00 pid=67744 tid=12 left-down x=835 y=1292 wordForeground=False
2026-09-06T18:15:20.1346155+08:00 pid=67744 tid=12 left-down x=848 y=1359 wordForeground=False
2026-09-06T18:15:22.2484290+08:00 pid=67744 tid=12 left-down x=863 y=1433 wordForeground=False
2026-09-06T18:15:57.4948754+08:00 pid=67744 tid=12 left-down x=218 y=1472 wordForeground=False
2026-09-06T18:18:01.2783682+08:00 pid=67744 tid=12 left-down x=1317 y=747 wordForeground=False
2026-09-06T18:18:19.3279893+08:00 pid=67744 tid=12 left-down x=1382 y=1120 wordForeground=False
2026-09-06T18:18:22.5966795+08:00 pid=67744 tid=12 left-down x=2332 y=460 wordForeground=False
2026-09-06T18:18:25.4040090+08:00 pid=67744 tid=12 left-down x=2492 y=460 wordForeground=False
2026-09-06T18:19:42.1917736+08:00 pid=67744 tid=12 left-down x=1776 y=1270 wordForeground=False
2026-09-06T18:19:56.0492730+08:00 pid=67744 tid=12 left-down x=2024 y=1211 wordForeground=True
2026-09-06T18:22:19.8366282+08:00 pid=67744 tid=12 left-down x=2067 y=1076 wordForeground=True
2026-09-06T18:22:25.7851892+08:00 pid=67744 tid=12 left-down x=1136 y=1362 wordForeground=False
2026-09-06T18:22:56.0565593+08:00 pid=67744 tid=12 left-down x=2228 y=1331 wordForeground=False
2026-09-06T18:23:01.7066962+08:00 pid=67744 tid=12 left-down x=684 y=811 wordForeground=False
2026-09-06T18:23:04.3747179+08:00 pid=67744 tid=12 left-down x=677 y=753 wordForeground=False
2026-09-06T18:23:10.7200643+08:00 pid=67744 tid=12 left-down x=1890 y=411 wordForeground=False
2026-09-06T18:23:16.2378143+08:00 pid=67744 tid=12 left-down x=1381 y=2159 wordForeground=False
2026-09-06T18:23:25.3766666+08:00 pid=67744 tid=12 left-down x=803 y=1363 wordForeground=False
2026-09-06T18:25:28.3757684+08:00 pid=67744 tid=12 left-down x=1245 y=1142 wordForeground=False
2026-09-06T18:25:33.6564775+08:00 pid=67744 tid=12 left-down x=227 y=1461 wordForeground=False
2026-09-06T18:25:39.1660511+08:00 pid=67744 tid=12 left-down x=830 y=1233 wordForeground=False
