2026-09-06T17:20:28.2141617+08:00 bulk-import-start
2026-09-06T17:20:28.2996979+08:00 bulk-import-ui-created sessionId=a767c6a6-e1a8-406d-9499-4e1128f5b118
2026-09-06T17:20:28.3037104+08:00 bulk-import-ui-opened sessionId=a767c6a6-e1a8-406d-9499-4e1128f5b118
2026-09-06T17:20:40.7056811+08:00 bulk-import-ui-finished sessionId=a767c6a6-e1a8-406d-9499-4e1128f5b118 status=committing error=<null>
2026-09-06T17:20:40.7136920+08:00 parsed blocks=15 formulas=6 mode=Omml fontSizePt=10.5
2026-09-06T17:20:40.7346907+08:00 render-prepare index=1/6 display=inline latex=\sqrt{E-u\left(x\right)}=\frac{1}{f\left(\omega\right)v_{ph}\left(\omega,x\right)}
2026-09-06T17:20:40.7376920+08:00 converter-create display=inline mode=wordOmml latex=\sqrt{E-u\left(x\right)}=\frac{1}{f\left(\omega\right)v_{ph}\left(\omega,x\right)}
2026-09-06T17:20:40.7446923+08:00 converter-created sessionId=fec08ad9-9d7d-4975-bfd9-8b9dc44ee95a
2026-09-06T17:20:40.7456910+08:00 render-prepare index=2/6 display=block latex=\begin{cases}\frac{\mathrm{d}}{\mathrm{d}\omega}\left(\omega f\left(\omega\right)\right)=0 \\ \frac{\omega f\left(\omega\right)}{2}\frac{\mathrm{d}E\left(\omega\right)}{\mathrm{d}\omega}=\sqrt{\frac{m}{2}} \end{cases}
2026-09-06T17:20:40.7466914+08:00 converter-create display=block mode=wordOmml latex=\begin{cases}\frac{\mathrm{d}}{\mathrm{d}\omega}\left(\omega f\left(\omega\right)\right)=0 \\ \frac{\omega f\left(\omega\right)}{2}\frac{\mathrm{d}E\left(\omega\right)}{\mathrm{d}\omega}=\sqrt{\frac{m}{2}} \end{cases}
2026-09-06T17:20:40.7496934+08:00 converter-created sessionId=32a05d62-f414-41f6-bdf7-7c3874574e38
2026-09-06T17:20:40.7496934+08:00 render-prepare index=3/6 display=block latex=\sqrt{\frac{m}{2\left(E\left(\omega\right)-U\right)}}=\frac{\mathrm{d}}{\mathrm{d}\omega}\left(\omega\cdot f\left(\omega\right)\sqrt{\left(E\left(\omega\right)-U\right)}\right)
2026-09-06T17:20:40.7496934+08:00 converter-create display=block mode=wordOmml latex=\sqrt{\frac{m}{2\left(E\left(\omega\right)-U\right)}}=\frac{\mathrm{d}}{\mathrm{d}\omega}\left(\omega\cdot f\left(\omega\right)\sqrt{\left(E\left(\omega\right)-U\right)}\right)
2026-09-06T17:20:40.7536981+08:00 converter-created sessionId=b9d5b001-383a-4bdd-a35c-66b02e360012
2026-09-06T17:20:40.7546930+08:00 render-prepare index=4/6 display=block latex=i\hbar \frac{\partial}{\partial t}\psi(\mathbf{r},t) = \left[ -\frac{\hbar^2}{2m}\nabla^2 + V(\mathbf{r},t) \right]\psi(\mathbf{r},t)
2026-09-06T17:20:40.7546930+08:00 converter-create display=block mode=wordOmml latex=i\hbar \frac{\partial}{\partial t}\psi(\mathbf{r},t) = \left[ -\frac{\hbar^2}{2m}\nabla^2 + V(\mathbf{r},t) \right]\psi(\mathbf{r},t)
2026-09-06T17:20:40.7586935+08:00 converter-created sessionId=a810cae2-ee6e-4971-bb1f-c59519869682
2026-09-06T17:20:40.7586935+08:00 render-prepare index=5/6 display=block latex=\frac{\partial}{\partial t}\psi ^*\left( \vec{r} \right) \psi \left( \vec{r} \right) =\frac{i\hbar}{2m}\nabla \cdot \left[ \psi ^*\left( \vec{r} \right) \nabla \psi \left( \vec{r} \right) -\psi \left( \vec{r} \right) \nabla \psi ^*\left( r \right) \right]
2026-09-06T17:20:40.7586935+08:00 converter-create display=block mode=wordOmml latex=\frac{\partial}{\partial t}\psi ^*\left( \vec{r} \right) \psi \left( \vec{r} \right) =\frac{i\hbar}{2m}\nabla \cdot \left[ \psi ^*\left( \vec{r} \right) \nabla \psi \left( \vec{r} \right) -\psi \left( \vec{r} \right) \nabla \psi ^*\left( r \right) \right]
2026-09-06T17:20:40.7616916+08:00 converter-created sessionId=a2e43364-0c4c-461f-b692-fda8c63d881f
2026-09-06T17:20:40.7626959+08:00 render-prepare index=6/6 display=block latex=\frac{\partial}{\partial t}\rho \left( \vec{r},t \right) +\nabla \cdot \vec{j}=0
2026-09-06T17:20:40.7626959+08:00 converter-create display=block mode=wordOmml latex=\frac{\partial}{\partial t}\rho \left( \vec{r},t \right) +\nabla \cdot \vec{j}=0
2026-09-06T17:20:40.7656946+08:00 converter-created sessionId=2cc99f18-1075-4e32-9a29-35b9aac7424f
2026-09-06T17:20:40.7656946+08:00 render-batch-start unique=6 total=6
2026-09-06T17:20:40.8016963+08:00 render-batch-item sessionId=fec08ad9-9d7d-4975-bfd9-8b9dc44ee95a status=committing display=inline
2026-09-06T17:20:40.8046960+08:00 render-batch-item sessionId=32a05d62-f414-41f6-bdf7-7c3874574e38 status=committing display=block
2026-09-06T17:20:40.8086907+08:00 render-batch-item sessionId=b9d5b001-383a-4bdd-a35c-66b02e360012 status=committing display=block
2026-09-06T17:20:40.8316931+08:00 render-batch-item sessionId=a810cae2-ee6e-4971-bb1f-c59519869682 status=committing display=block
2026-09-06T17:20:40.8636947+08:00 render-batch-item sessionId=a2e43364-0c4c-461f-b692-fda8c63d881f status=committing display=block
2026-09-06T17:20:40.9397074+08:00 render-batch-item sessionId=2cc99f18-1075-4e32-9a29-35b9aac7424f status=committing display=block
2026-09-06T17:20:40.9397074+08:00 render-batch-complete unique=6 elapsedMs=173
2026-09-06T17:20:59.3623540+08:00 bulk-insert-complete blocks=15 formulas=6 elapsedMs=18420
2026-09-06T17:20:59.3623540+08:00 bulk-import-complete blocks=15 formulas=6 elapsedMs=31147
2026-09-06T17:20:59.3623540+08:00 bulk-operation-gate-released
