C:\Users\pojian_liao\Desktop\devspace\visualtex1.2.3-reference-3d207d7\apps\windows\src-tauri\target\release\bundle\nsis\VisualTeX_1.2.6_x64-setup.exe | 323777910 bytes | SHA256 A324ACB61252C15D9EC06FE118DA76A17339ABA6B30B94447421879413181F19
C:\Users\pojian_liao\Desktop\devspace\visualtex1.2.3-reference-3d207d7\apps\windows\src-tauri\resources\windows-office\VisualTeX-WindowsOffice-VSTO-x64.msi | 1896448 bytes | SHA256 AAC442AFFB65C1D5DF157933DB1FD8AF3113DB6293D1136563B66B1396497A07
C:\Users\pojian_liao\Desktop\devspace\visualtex1.2.3-reference-3d207d7\apps\windows\src-tauri\resources\windows-office\VisualTeX-WindowsOffice-VSTO-x86.msi | 1880064 bytes | SHA256 6B4C06B2A4923C87CC914992D207CAC5630B64C6834935C718C44D7B63D82883
C:\Users\pojian_liao\Desktop\devspace\visualtex1.2.3-reference-3d207d7\apps\windows\src-tauri\resources\windows-office\VisualTeX-WindowsOffice-VSTO-x64.sha256.json | 3877 bytes | SHA256 944448AE18B2CD4E604B791E5F384D19C4E5ED5DFA5FDBC34AD40FCE167296FE
C:\Users\pojian_liao\Desktop\devspace\visualtex1.2.3-reference-3d207d7\apps\windows\src-tauri\resources\windows-office\VisualTeX-WindowsOffice-VSTO-x86.sha256.json | 3877 bytes | SHA256 30330EEA1653FD1FA924C20B047563E1D59D7DF1AECA05EF00202EBA26AEF3C0
C:\Users\pojian_liao\Desktop\devspace\visualtex1.2.3-reference-3d207d7\apps\windows\src-tauri\resources\windows-office\vstor_redist.exe | 41828424 bytes | SHA256 CFE1A40BBE4A50022DB2164ABDB0154984E2CECB761A23CDC81CB5754F6E0A18
C:\Users\pojian_liao\Desktop\devspace\visualtex1.2.3-reference-3d207d7\apps\windows\src-tauri\resources\windows-office\vstor_redist.sha256.json | 915 bytes | SHA256 A0E63F65C48BD7A38AAC0974FC2625AEAD44568B044A4FBE41410D428D5B0360
C:\Users\pojian_liao\Desktop\devspace\visualtex1.2.3-reference-3d207d7\apps\windows\src-windows\VisualTeX.WindowsOffice.Installer\bin\x64\Release\VisualTeX-WindowsOffice-VSTO-x64.msi | 1896448 bytes | SHA256 AAC442AFFB65C1D5DF157933DB1FD8AF3113DB6293D1136563B66B1396497A07
C:\Users\pojian_liao\Desktop\devspace\visualtex1.2.3-reference-3d207d7\apps\windows\src-windows\VisualTeX.WindowsOffice.Installer\bin\x86\Release\VisualTeX-WindowsOffice-VSTO-x86.msi | 1880064 bytes | SHA256 6B4C06B2A4923C87CC914992D207CAC5630B64C6834935C718C44D7B63D82883
C:\Users\pojian_liao\Desktop\devspace\visualtex1.2.3-reference-3d207d7\apps\windows\src-tauri\resources\ocr-python\windows-x64\manifest.json | 27310 bytes | SHA256 07149B7F0B703D2AC40BDDCAB54F91A9EC21E982CCA9E8DE18E9B9495351D02E
C:\Users\pojian_liao\Desktop\devspace\visualtex1.2.3-reference-3d207d7\apps\windows\src-tauri\resources\ocr-models\windows-x64\catalog.json | 1340 bytes | SHA256 B4B6AC149BA7FFA17B9FD070BFD79AE7240A38E91F507603D10D367CE33F1003
Private OCR Python 3.12.10 x64 archive, app-local Microsoft OpenMP runtime and exact 71-wheel offline closure verified.
OCR model catalog verified; S/M/L model packages are excluded from bundled resources.
C:\Users\pojian_liao\Desktop\devspace\visualtex1.2.3-reference-3d207d7\apps\windows\src-tauri\resources\windows-office\VisualTeX-WindowsOffice-VSTO-x64.msi | ProductVersion 1.0.43.0
C:\Users\pojian_liao\Desktop\devspace\visualtex1.2.3-reference-3d207d7\apps\windows\src-tauri\resources\windows-office\VisualTeX-WindowsOffice-VSTO-x64.msi | ALLUSERS=1 machine-wide scope verified
C:\Users\pojian_liao\Desktop\devspace\visualtex1.2.3-reference-3d207d7\apps\windows\src-tauri\resources\windows-office\VisualTeX-WindowsOffice-VSTO-x86.msi | ProductVersion 1.0.43.0
C:\Users\pojian_liao\Desktop\devspace\visualtex1.2.3-reference-3d207d7\apps\windows\src-tauri\resources\windows-office\VisualTeX-WindowsOffice-VSTO-x86.msi | ALLUSERS=1 machine-wide scope verified
C:\Users\pojian_liao\Desktop\devspace\visualtex1.2.3-reference-3d207d7\apps\windows\src-windows\VisualTeX.WindowsOffice.Installer\bin\x64\Release\VisualTeX-WindowsOffice-VSTO-x64.msi | ProductVersion 1.0.43.0
C:\Users\pojian_liao\Desktop\devspace\visualtex1.2.3-reference-3d207d7\apps\windows\src-windows\VisualTeX.WindowsOffice.Installer\bin\x64\Release\VisualTeX-WindowsOffice-VSTO-x64.msi | ALLUSERS=1 machine-wide scope verified
C:\Users\pojian_liao\Desktop\devspace\visualtex1.2.3-reference-3d207d7\apps\windows\src-windows\VisualTeX.WindowsOffice.Installer\bin\x86\Release\VisualTeX-WindowsOffice-VSTO-x86.msi | ProductVersion 1.0.43.0
C:\Users\pojian_liao\Desktop\devspace\visualtex1.2.3-reference-3d207d7\apps\windows\src-windows\VisualTeX.WindowsOffice.Installer\bin\x86\Release\VisualTeX-WindowsOffice-VSTO-x86.msi | ALLUSERS=1 machine-wide scope verified
C:\Users\pojian_liao\Desktop\devspace\visualtex1.2.3-reference-3d207d7\apps\windows\src-tauri\resources\windows-office\VisualTeX-WindowsOffice-VSTO-x64.msi | Component bitness x64 verified for 8 components
C:\Users\pojian_liao\Desktop\devspace\visualtex1.2.3-reference-3d207d7\apps\windows\src-windows\VisualTeX.WindowsOffice.Installer\bin\x64\Release\VisualTeX-WindowsOffice-VSTO-x64.msi | Component bitness x64 verified for 8 components
C:\Users\pojian_liao\Desktop\devspace\visualtex1.2.3-reference-3d207d7\apps\windows\src-tauri\resources\windows-office\VisualTeX-WindowsOffice-VSTO-x86.msi | Component bitness x86 verified for 8 components
C:\Users\pojian_liao\Desktop\devspace\visualtex1.2.3-reference-3d207d7\apps\windows\src-windows\VisualTeX.WindowsOffice.Installer\bin\x86\Release\VisualTeX-WindowsOffice-VSTO-x86.msi | Component bitness x86 verified for 8 components
Verified embedded Tauri frontend asset table in C:\Users\pojian_liao\Desktop\devspace\visualtex1.2.3-reference-3d207d7\apps\windows\src-tauri\target\release\visualtex.exe: index.html + 2 current JS/CSS assets
VisualTeX Windows release artifacts passed static verification, including the private offline OCR runtime, model-package exclusion, embedded main frontend and patched maintenance flow.
