2026-09-06T12:52:52.7363954+08:00 pid=74892 tid=1 word-addin-loaded pid=74892 assembly=C:\Users\pojian_liao\AppData\Local\VisualTeX\office\remediation-builds\6E9D017EDCCD71A5D0C2E25EF821A32C8D9CA2468C314257FFAB88762D52E365\VisualTeX.WordVsto.dll mvid=f85e210d-b4f0-4315-ae9d-78649c46e2c0
2026-09-06T12:52:53.1010456+08:00 pid=74892 tid=1 hook-started handle=0x2479F
2026-09-06T12:52:53.3230857+08:00 pid=74892 tid=10 mathtype-native-preview-shared-prewarm-complete
2026-09-06T12:59:16.4849899+08:00 pid=74892 tid=12 left-down x=1302 y=747 wordForeground=False
2026-09-06T13:00:33.3337956+08:00 pid=74892 tid=12 left-down x=2024 y=1163 wordForeground=True
2026-09-06T13:03:49.3721877+08:00 pid=74892 tid=12 left-down x=846 y=1216 wordForeground=True
2026-09-06T13:04:06.1762113+08:00 pid=74892 tid=12 left-down x=1992 y=1336 wordForeground=False
2026-09-06T13:04:08.2650937+08:00 pid=74892 tid=12 left-down x=1947 y=1234 wordForeground=True
2026-09-06T13:04:10.0107974+08:00 pid=74892 tid=12 left-down x=1796 y=1396 wordForeground=True
2026-09-06T13:04:11.2215425+08:00 pid=74892 tid=12 left-down x=1602 y=1458 wordForeground=True
2026-09-06T13:05:17.9448693+08:00 pid=74892 tid=12 left-down x=851 y=1174 wordForeground=True
2026-09-06T13:06:16.9835611+08:00 pid=74892 tid=12 left-down x=1302 y=747 wordForeground=False
2026-09-06T13:08:47.7398762+08:00 pid=74892 tid=12 left-down x=1302 y=747 wordForeground=True
2026-09-06T13:09:21.1962090+08:00 pid=74892 tid=12 left-down x=807 y=1221 wordForeground=True
2026-09-06T13:09:26.2834007+08:00 pid=74892 tid=12 left-down x=2025 y=1437 wordForeground=False
2026-09-06T13:09:27.8178018+08:00 pid=74892 tid=12 left-down x=1854 y=1262 wordForeground=True
2026-09-06T13:09:28.9406211+08:00 pid=74892 tid=12 left-down x=1605 y=1330 wordForeground=True
2026-09-06T13:11:25.1672656+08:00 pid=74892 tid=12 left-down x=2024 y=1163 wordForeground=True
2026-09-06T13:14:21.1795583+08:00 pid=74892 tid=12 left-down x=801 y=1230 wordForeground=True
2026-09-06T13:14:41.3415804+08:00 pid=74892 tid=12 left-down x=909 y=1354 wordForeground=False
2026-09-06T13:16:12.5552013+08:00 pid=74892 tid=12 left-down x=854 y=1380 wordForeground=True
2026-09-06T13:16:14.5207589+08:00 pid=74892 tid=12 left-down x=1838 y=1436 wordForeground=False
2026-09-06T13:20:47.5237054+08:00 pid=74892 tid=12 left-down x=897 y=1337 wordForeground=True
2026-09-06T13:22:16.4010825+08:00 pid=74892 tid=12 left-down x=1079 y=2134 wordForeground=True
2026-09-06T13:23:30.8486591+08:00 pid=74892 tid=12 left-down x=912 y=1198 wordForeground=True
2026-09-06T13:23:56.1824377+08:00 pid=74892 tid=12 left-down x=300 y=15 wordForeground=False
2026-09-06T13:25:28.9626738+08:00 pid=74892 tid=12 left-down x=832 y=1274 wordForeground=True
2026-09-06T13:28:25.8960722+08:00 pid=74892 tid=12 left-down x=663 y=1262 wordForeground=True
2026-09-06T13:28:52.5648823+08:00 pid=74892 tid=12 left-down x=1317 y=747 wordForeground=False
2026-09-06T13:28:55.9427776+08:00 pid=74892 tid=12 left-down x=1792 y=747 wordForeground=False
2026-09-06T13:29:58.5034369+08:00 pid=74892 tid=12 left-down x=1317 y=747 wordForeground=False
2026-09-06T13:30:01.8965775+08:00 pid=74892 tid=12 left-down x=1792 y=747 wordForeground=False
2026-09-06T13:31:56.4098560+08:00 pid=74892 tid=12 left-down x=2024 y=1187 wordForeground=True
2026-09-06T13:33:21.0743529+08:00 pid=74892 tid=12 left-down x=895 y=904 wordForeground=True
2026-09-06T13:34:33.2678861+08:00 pid=74892 tid=12 left-down x=1838 y=860 wordForeground=True
2026-09-06T13:35:08.4356940+08:00 pid=74892 tid=12 left-down x=766 y=1265 wordForeground=True
2026-09-06T13:40:45.8849749+08:00 pid=74892 tid=12 left-down x=1317 y=747 wordForeground=False
2026-09-06T13:40:49.2743376+08:00 pid=74892 tid=12 left-down x=1792 y=747 wordForeground=False
2026-09-06T13:41:57.7923859+08:00 pid=74892 tid=12 left-down x=1317 y=747 wordForeground=False
2026-09-06T13:42:01.1072932+08:00 pid=74892 tid=12 left-down x=1792 y=747 wordForeground=False
2026-09-06T13:43:10.2446788+08:00 pid=74892 tid=12 left-down x=2024 y=1187 wordForeground=True
2026-09-06T13:51:22.9560465+08:00 pid=74892 tid=12 left-down x=1172 y=1508 wordForeground=True
2026-09-06T13:51:23.5269851+08:00 pid=74892 tid=12 left-down x=1172 y=1508 wordForeground=True
2026-09-06T13:52:14.2645410+08:00 pid=74892 tid=12 left-down x=1172 y=1088 wordForeground=True
2026-09-06T13:52:14.9076958+08:00 pid=74892 tid=12 left-down x=1172 y=1088 wordForeground=True
2026-09-06T13:56:10.3494108+08:00 pid=74892 tid=12 left-down x=1317 y=747 wordForeground=False
2026-09-06T13:56:13.7804513+08:00 pid=74892 tid=12 left-down x=1792 y=747 wordForeground=False
2026-09-06T13:57:06.0833113+08:00 pid=74892 tid=12 left-down x=1317 y=747 wordForeground=False
2026-09-06T13:57:09.5437670+08:00 pid=74892 tid=12 left-down x=1792 y=747 wordForeground=False
2026-09-06T13:58:05.9200396+08:00 pid=74892 tid=12 left-down x=2024 y=1187 wordForeground=True
2026-09-06T14:03:32.5396807+08:00 pid=74892 tid=12 left-down x=1317 y=747 wordForeground=False
2026-09-06T14:03:35.9022179+08:00 pid=74892 tid=12 left-down x=1792 y=747 wordForeground=False
2026-09-06T14:04:16.4140984+08:00 pid=74892 tid=12 left-down x=1317 y=747 wordForeground=False
2026-09-06T14:04:19.9109199+08:00 pid=74892 tid=12 left-down x=1792 y=747 wordForeground=False
2026-09-06T14:05:24.5452378+08:00 pid=74892 tid=12 left-down x=2024 y=1187 wordForeground=True
2026-09-06T14:07:16.8445009+08:00 pid=74892 tid=12 left-down x=1838 y=688 wordForeground=True
2026-09-06T14:08:16.4880104+08:00 pid=74892 tid=12 left-down x=1141 y=1508 wordForeground=True
2026-09-06T14:08:17.1131438+08:00 pid=74892 tid=12 left-down x=1141 y=1508 wordForeground=True
2026-09-06T14:13:46.5366949+08:00 pid=74892 tid=12 left-down x=1141 y=1508 wordForeground=True
2026-09-06T14:13:47.0862742+08:00 pid=74892 tid=12 left-down x=1141 y=1508 wordForeground=True
2026-09-06T14:16:20.1266340+08:00 pid=74892 tid=12 left-down x=1317 y=747 wordForeground=False
2026-09-06T14:16:23.5215253+08:00 pid=74892 tid=12 left-down x=1792 y=747 wordForeground=False
2026-09-06T14:17:35.2215321+08:00 pid=74892 tid=12 left-down x=1317 y=747 wordForeground=False
2026-09-06T14:17:38.7635999+08:00 pid=74892 tid=12 left-down x=1792 y=747 wordForeground=False
2026-09-06T14:18:31.2844200+08:00 pid=74892 tid=12 left-down x=2024 y=1187 wordForeground=True
2026-09-06T14:20:28.3113614+08:00 pid=74892 tid=12 left-down x=1838 y=860 wordForeground=True
2026-09-06T14:21:50.9433740+08:00 pid=74892 tid=12 left-down x=1172 y=1568 wordForeground=True
2026-09-06T14:21:51.4676927+08:00 pid=74892 tid=12 left-down x=1172 y=1568 wordForeground=True
2026-09-06T14:22:32.7819604+08:00 pid=74892 tid=12 left-down x=1382 y=1120 wordForeground=False
2026-09-06T14:22:35.2717258+08:00 pid=74892 tid=12 left-down x=2178 y=458 wordForeground=False
2026-09-06T14:22:37.9212019+08:00 pid=74892 tid=12 left-down x=2492 y=460 wordForeground=False
2026-09-06T14:30:54.3751711+08:00 pid=74892 tid=12 left-down x=1382 y=1120 wordForeground=False
2026-09-06T14:30:56.7380479+08:00 pid=74892 tid=12 left-down x=2178 y=458 wordForeground=False
2026-09-06T14:30:59.0979747+08:00 pid=74892 tid=12 left-down x=2492 y=460 wordForeground=False
2026-09-06T14:32:40.1162861+08:00 pid=74892 tid=12 left-down x=2332 y=460 wordForeground=False
2026-09-06T14:37:40.4592354+08:00 pid=74892 tid=12 left-down x=1382 y=1120 wordForeground=False
2026-09-06T14:37:43.1163765+08:00 pid=74892 tid=12 left-down x=2332 y=460 wordForeground=False
2026-09-06T14:37:45.5972143+08:00 pid=74892 tid=12 left-down x=2492 y=460 wordForeground=False
2026-09-06T14:39:06.3467303+08:00 pid=74892 tid=12 left-down x=2024 y=1259 wordForeground=True
2026-09-06T14:39:14.8700440+08:00 pid=74892 tid=12 left-down x=1838 y=688 wordForeground=True
2026-09-06T14:46:02.0953254+08:00 pid=74892 tid=12 left-down x=1838 y=860 wordForeground=True
2026-09-06T14:46:10.8655986+08:00 pid=74892 tid=12 left-down x=1382 y=1120 wordForeground=False
2026-09-06T14:47:27.5741708+08:00 pid=74892 tid=12 left-down x=2332 y=460 wordForeground=False
2026-09-06T14:47:30.2209309+08:00 pid=74892 tid=12 left-down x=2492 y=460 wordForeground=False
2026-09-06T14:48:35.4643828+08:00 pid=74892 tid=12 left-down x=2024 y=1259 wordForeground=True
2026-09-06T14:48:43.8720067+08:00 pid=74892 tid=12 left-down x=1838 y=688 wordForeground=True
2026-09-06T14:49:32.1513096+08:00 pid=74892 tid=12 left-down x=1136 y=1941 wordForeground=True
2026-09-06T14:49:32.7876971+08:00 pid=74892 tid=12 left-down x=1136 y=1941 wordForeground=True
2026-09-06T14:50:12.2746539+08:00 pid=74892 tid=12 left-down x=1838 y=860 wordForeground=True
2026-09-06T14:53:20.7986828+08:00 pid=74892 tid=12 left-down x=1838 y=688 wordForeground=True
2026-09-06T14:53:29.6361488+08:00 pid=74892 tid=12 left-down x=1382 y=1120 wordForeground=False
2026-09-06T14:53:32.4636600+08:00 pid=74892 tid=12 left-down x=2332 y=460 wordForeground=False
2026-09-06T14:53:34.8715017+08:00 pid=74892 tid=12 left-down x=2492 y=460 wordForeground=False
2026-09-06T14:55:35.2118576+08:00 pid=74892 tid=12 left-down x=2024 y=1187 wordForeground=True
2026-09-06T14:59:39.6299160+08:00 pid=74892 tid=12 left-down x=1776 y=1270 wordForeground=False
2026-09-06T15:07:00.9988052+08:00 pid=74892 tid=12 left-down x=1140 y=1245 wordForeground=True
2026-09-06T15:07:01.4819252+08:00 pid=74892 tid=12 left-down x=1140 y=1245 wordForeground=True
2026-09-06T15:07:01.4829249+08:00 pid=74892 tid=12 double-click elapsedMs=483.341 withinX=True withinY=True nativeOleTarget=False suppressSecondDown=False dispatchCallback=True
2026-09-06T15:07:01.5771565+08:00 pid=74892 tid=10 callback-begin interceptedNativeOle=False x=1140 y=1245
2026-09-06T15:07:01.5791573+08:00 pid=74892 tid=10 addin-callback-received interceptedNativeOle=False x=1140 y=1245
2026-09-06T15:07:01.5801565+08:00 pid=74892 tid=10 callback-end
2026-09-06T15:07:01.5851570+08:00 pid=74892 tid=1 addin-coordinate-selection formulaId=<null> objectMode=<null>
2026-09-06T15:09:34.9203355+08:00 pid=74892 tid=12 left-down x=1776 y=1270 wordForeground=False
2026-09-06T15:21:10.1379912+08:00 pid=74892 tid=12 left-down x=1838 y=688 wordForeground=True
2026-09-06T15:21:34.5163415+08:00 pid=74892 tid=12 left-down x=1382 y=1120 wordForeground=False
2026-09-06T15:21:37.3708261+08:00 pid=74892 tid=12 left-down x=2332 y=460 wordForeground=False
2026-09-06T15:21:39.7921009+08:00 pid=74892 tid=12 left-down x=2492 y=460 wordForeground=False
2026-09-06T15:22:31.9243381+08:00 pid=74892 tid=12 left-down x=2024 y=1187 wordForeground=True
2026-09-06T15:26:36.1736501+08:00 pid=74892 tid=12 left-down x=1140 y=1088 wordForeground=True
2026-09-06T15:26:36.7932963+08:00 pid=74892 tid=12 left-down x=1140 y=1088 wordForeground=True
2026-09-06T15:27:08.5313379+08:00 pid=74892 tid=12 left-down x=1838 y=688 wordForeground=True
2026-09-06T15:27:51.0544337+08:00 pid=74892 tid=12 left-down x=1382 y=1120 wordForeground=False
2026-09-06T15:27:54.0057969+08:00 pid=74892 tid=12 left-down x=2332 y=460 wordForeground=False
2026-09-06T15:27:56.2749331+08:00 pid=74892 tid=12 left-down x=2492 y=460 wordForeground=False
2026-09-06T15:29:56.5702085+08:00 pid=74892 tid=12 left-down x=1776 y=1270 wordForeground=False
2026-09-06T15:30:42.7357419+08:00 pid=74892 tid=12 left-down x=2024 y=1187 wordForeground=True
2026-09-06T15:31:47.9582527+08:00 pid=74892 tid=12 left-down x=698 y=1234 wordForeground=False
2026-09-06T15:31:51.8162067+08:00 pid=74892 tid=12 left-down x=1685 y=1610 wordForeground=True
2026-09-06T15:33:02.7648669+08:00 pid=74892 tid=12 left-down x=1838 y=860 wordForeground=True
2026-09-06T15:33:47.7360758+08:00 pid=74892 tid=12 left-down x=219 y=1479 wordForeground=False
2026-09-06T15:33:54.3468613+08:00 pid=74892 tid=12 left-down x=1323 y=1598 wordForeground=False
2026-09-06T15:34:59.9644140+08:00 pid=74892 tid=12 left-down x=1170 y=1088 wordForeground=True
2026-09-06T15:35:00.6537336+08:00 pid=74892 tid=12 left-down x=1170 y=1088 wordForeground=True
2026-09-06T15:35:42.9258004+08:00 pid=74892 tid=12 left-down x=837 y=1166 wordForeground=False
2026-09-06T15:35:59.5269581+08:00 pid=74892 tid=12 left-down x=2078 y=1366 wordForeground=True
2026-09-06T15:37:04.7056006+08:00 pid=74892 tid=12 left-down x=1776 y=1270 wordForeground=False
2026-09-06T15:46:36.4064708+08:00 pid=74892 tid=12 left-down x=1838 y=688 wordForeground=True
2026-09-06T15:46:45.3116649+08:00 pid=74892 tid=12 left-down x=1382 y=1120 wordForeground=False
2026-09-06T15:46:48.3420785+08:00 pid=74892 tid=12 left-down x=2332 y=460 wordForeground=False
2026-09-06T15:46:50.5415663+08:00 pid=74892 tid=12 left-down x=2492 y=460 wordForeground=False
2026-09-06T15:49:12.3430390+08:00 pid=74892 tid=12 left-down x=1776 y=1270 wordForeground=False
2026-09-06T15:50:00.4125839+08:00 pid=74892 tid=12 left-down x=2024 y=1187 wordForeground=True
2026-09-06T15:50:09.4480012+08:00 pid=74892 tid=12 left-down x=1838 y=860 wordForeground=True
2026-09-06T15:54:08.6862297+08:00 pid=74892 tid=12 left-down x=1170 y=1118 wordForeground=True
2026-09-06T15:54:09.5429010+08:00 pid=74892 tid=12 left-down x=1170 y=1118 wordForeground=True
2026-09-06T15:54:20.0503331+08:00 pid=74892 tid=12 left-down x=1776 y=1270 wordForeground=False
2026-09-06T15:55:18.7261598+08:00 pid=74892 tid=12 left-down x=758 y=1250 wordForeground=False
2026-09-06T15:55:44.4275773+08:00 pid=74892 tid=12 left-down x=820 y=1253 wordForeground=False
2026-09-06T15:55:56.2981356+08:00 pid=74892 tid=12 left-down x=2051 y=1093 wordForeground=True
2026-09-06T15:57:04.2179397+08:00 pid=74892 tid=12 left-down x=763 y=1216 wordForeground=False
2026-09-06T15:57:06.5609317+08:00 pid=74892 tid=12 left-down x=2028 y=1110 wordForeground=True
2026-09-06T15:57:09.5261676+08:00 pid=74892 tid=12 left-down x=770 y=1090 wordForeground=False
2026-09-06T15:57:11.2924916+08:00 pid=74892 tid=12 left-down x=618 y=1046 wordForeground=False
2026-09-06T15:57:15.2388867+08:00 pid=74892 tid=12 left-down x=1892 y=402 wordForeground=False
2026-09-06T15:57:20.1695985+08:00 pid=74892 tid=12 left-down x=1965 y=1091 wordForeground=True
2026-09-06T15:57:23.6928828+08:00 pid=74892 tid=12 left-down x=717 y=1085 wordForeground=False
2026-09-06T15:57:25.9024166+08:00 pid=74892 tid=12 left-down x=620 y=1012 wordForeground=False
2026-09-06T15:57:28.6656853+08:00 pid=74892 tid=12 left-down x=1896 y=398 wordForeground=False
2026-09-06T15:57:33.3667165+08:00 pid=74892 tid=12 left-down x=1979 y=1077 wordForeground=True
2026-09-06T16:04:18.9974127+08:00 pid=74892 tid=12 left-down x=153 y=1448 wordForeground=False
2026-09-06T16:04:22.2102195+08:00 pid=74892 tid=12 left-down x=963 y=1227 wordForeground=False
2026-09-06T16:05:04.8096457+08:00 pid=74892 tid=12 left-down x=1838 y=688 wordForeground=True
2026-09-06T16:05:13.5452432+08:00 pid=74892 tid=12 left-down x=1382 y=1120 wordForeground=False
2026-09-06T16:05:16.3884795+08:00 pid=74892 tid=12 left-down x=2332 y=460 wordForeground=False
2026-09-06T16:05:18.8969276+08:00 pid=74892 tid=12 left-down x=2492 y=460 wordForeground=False
2026-09-06T16:06:51.8879240+08:00 pid=74892 tid=12 left-down x=1776 y=1270 wordForeground=False
2026-09-06T16:07:59.5930689+08:00 pid=74892 tid=12 left-down x=2024 y=1187 wordForeground=True
2026-09-06T16:08:20.4098254+08:00 pid=74892 tid=12 left-down x=1838 y=860 wordForeground=True
2026-09-06T16:12:07.6410728+08:00 pid=74892 tid=12 left-down x=1776 y=1270 wordForeground=False
2026-09-06T16:15:15.3704525+08:00 pid=74892 tid=12 left-down x=772 y=1266 wordForeground=False
2026-09-06T16:15:24.3976924+08:00 pid=74892 tid=12 left-down x=1844 y=1725 wordForeground=True
2026-09-06T16:18:11.1285275+08:00 pid=74892 tid=12 left-down x=1776 y=1270 wordForeground=False
2026-09-06T16:26:33.3361145+08:00 pid=74892 tid=12 left-down x=1382 y=1120 wordForeground=False
2026-09-06T16:26:36.0946283+08:00 pid=74892 tid=12 left-down x=2332 y=460 wordForeground=False
2026-09-06T16:26:38.3645212+08:00 pid=74892 tid=12 left-down x=2492 y=460 wordForeground=False
2026-09-06T16:27:40.6246511+08:00 pid=74892 tid=12 left-down x=713 y=1227 wordForeground=False
2026-09-06T16:27:46.5072196+08:00 pid=74892 tid=12 left-down x=1874 y=1436 wordForeground=True
2026-09-06T16:27:57.0369684+08:00 pid=74892 tid=12 left-down x=700 y=1238 wordForeground=False
2026-09-06T16:28:02.2191050+08:00 pid=74892 tid=12 left-down x=1742 y=1814 wordForeground=True
2026-09-06T16:28:19.5195480+08:00 pid=74892 tid=12 left-down x=2024 y=1187 wordForeground=True
2026-09-06T16:29:39.4240052+08:00 pid=74892 tid=12 left-down x=1172 y=1836 wordForeground=True
2026-09-06T16:29:40.0891517+08:00 pid=74892 tid=12 left-down x=1172 y=1836 wordForeground=True
2026-09-06T16:30:24.1840706+08:00 pid=74892 tid=12 left-down x=739 y=1231 wordForeground=False
2026-09-06T16:30:35.3971277+08:00 pid=74892 tid=12 left-down x=1776 y=1270 wordForeground=False
2026-09-06T16:40:49.8135035+08:00 pid=74892 tid=12 left-down x=1382 y=1120 wordForeground=False
2026-09-06T16:40:52.5667405+08:00 pid=74892 tid=12 left-down x=2332 y=460 wordForeground=False
2026-09-06T16:40:54.9121924+08:00 pid=74892 tid=12 left-down x=2492 y=460 wordForeground=False
2026-09-06T16:43:15.2233100+08:00 pid=74892 tid=12 left-down x=1776 y=1270 wordForeground=False
2026-09-06T16:44:45.9339346+08:00 pid=74892 tid=12 left-down x=2024 y=1187 wordForeground=True
2026-09-06T16:45:50.8523524+08:00 pid=74892 tid=12 left-down x=691 y=1252 wordForeground=False
2026-09-06T16:46:00.5761655+08:00 pid=74892 tid=12 left-down x=191 y=1485 wordForeground=False
2026-09-06T16:46:03.4131330+08:00 pid=74892 tid=12 left-down x=2508 y=1121 wordForeground=True
2026-09-06T16:47:31.3478170+08:00 pid=74892 tid=12 left-down x=776 y=1255 wordForeground=False
2026-09-06T16:47:44.3781731+08:00 pid=74892 tid=12 left-down x=710 y=994 wordForeground=False
2026-09-06T16:47:46.3787936+08:00 pid=74892 tid=12 left-down x=699 y=1023 wordForeground=False
2026-09-06T16:47:48.0278167+08:00 pid=74892 tid=12 left-down x=743 y=1042 wordForeground=False
2026-09-06T16:47:50.4392982+08:00 pid=74892 tid=12 left-down x=764 y=1021 wordForeground=False
2026-09-06T16:47:54.5482481+08:00 pid=74892 tid=12 left-down x=831 y=1077 wordForeground=False
2026-09-06T16:48:04.8589925+08:00 pid=74892 tid=12 left-down x=1046 y=1329 wordForeground=False
2026-09-06T16:48:38.8938562+08:00 pid=74892 tid=12 left-down x=271 y=1440 wordForeground=False
2026-09-06T16:48:40.7465855+08:00 pid=74892 tid=12 left-down x=253 y=1462 wordForeground=False
2026-09-06T16:48:44.1070221+08:00 pid=74892 tid=12 left-down x=270 y=1333 wordForeground=False
2026-09-06T16:48:46.8942891+08:00 pid=74892 tid=12 left-down x=196 y=705 wordForeground=False
2026-09-06T16:48:50.8248098+08:00 pid=74892 tid=12 left-down x=135 y=384 wordForeground=False
2026-09-06T16:58:18.8713729+08:00 pid=74892 tid=12 left-down x=1382 y=1120 wordForeground=False
2026-09-06T16:58:21.8516338+08:00 pid=74892 tid=12 left-down x=2332 y=460 wordForeground=False
2026-09-06T16:58:24.2261216+08:00 pid=74892 tid=12 left-down x=2492 y=460 wordForeground=False
2026-09-06T16:59:23.9191518+08:00 pid=74892 tid=12 left-down x=1776 y=1270 wordForeground=False
2026-09-06T17:00:18.4001933+08:00 pid=74892 tid=12 left-down x=2024 y=1187 wordForeground=True
2026-09-06T17:03:54.5399111+08:00 pid=74892 tid=12 left-down x=711 y=1181 wordForeground=False
2026-09-06T17:04:02.3047004+08:00 pid=74892 tid=12 left-down x=2039 y=1034 wordForeground=True
2026-09-06T17:04:11.8377281+08:00 pid=74892 tid=12 left-down x=759 y=1233 wordForeground=False
2026-09-06T17:06:40.8360226+08:00 pid=74892 tid=12 left-down x=672 y=1256 wordForeground=False
2026-09-06T17:06:49.6835097+08:00 pid=74892 tid=12 left-down x=250 y=1460 wordForeground=False
2026-09-06T17:06:52.6742716+08:00 pid=74892 tid=12 left-down x=902 y=1143 wordForeground=False
2026-09-06T17:08:06.9825944+08:00 pid=74892 tid=12 left-down x=1382 y=1120 wordForeground=False
2026-09-06T17:08:09.7987959+08:00 pid=74892 tid=12 left-down x=2332 y=460 wordForeground=False
2026-09-06T17:08:12.2259720+08:00 pid=74892 tid=12 left-down x=2492 y=460 wordForeground=False
2026-09-06T17:08:27.7446525+08:00 pid=74892 tid=12 left-down x=1776 y=1270 wordForeground=False
2026-09-06T17:08:40.6995483+08:00 pid=74892 tid=12 left-down x=2024 y=1187 wordForeground=True
2026-09-06T17:09:35.8352372+08:00 pid=74892 tid=12 left-down x=841 y=1058 wordForeground=False
2026-09-06T17:10:29.8879972+08:00 pid=74892 tid=12 left-down x=1945 y=1414 wordForeground=True
2026-09-06T17:10:33.8100157+08:00 pid=74892 tid=12 left-down x=782 y=1229 wordForeground=False
2026-09-06T17:10:37.3355729+08:00 pid=74892 tid=12 left-down x=720 y=1078 wordForeground=False
2026-09-06T17:10:40.4237196+08:00 pid=74892 tid=12 left-down x=607 y=974 wordForeground=False
2026-09-06T17:10:43.9704523+08:00 pid=74892 tid=12 left-down x=1871 y=407 wordForeground=False
2026-09-06T17:10:48.0689789+08:00 pid=74892 tid=12 left-down x=2301 y=1453 wordForeground=True
2026-09-06T17:11:36.5593518+08:00 pid=74892 tid=12 left-down x=1776 y=1270 wordForeground=False
2026-09-06T17:13:18.7574693+08:00 pid=74892 tid=12 left-down x=837 y=1224 wordForeground=False
2026-09-06T17:14:15.1996431+08:00 pid=74892 tid=12 left-down x=1838 y=688 wordForeground=True
2026-09-06T17:15:23.7162862+08:00 pid=74892 tid=12 left-down x=1141 y=1087 wordForeground=True
2026-09-06T17:15:24.3784065+08:00 pid=74892 tid=12 left-down x=1141 y=1087 wordForeground=True
2026-09-06T17:16:49.5260014+08:00 pid=74892 tid=12 left-down x=779 y=1278 wordForeground=False
2026-09-06T17:18:48.3869379+08:00 pid=74892 tid=12 left-down x=770 y=1201 wordForeground=False
2026-09-06T17:18:55.5487067+08:00 pid=74892 tid=12 left-down x=2258 y=1350 wordForeground=True
2026-09-06T17:20:33.4219940+08:00 pid=74892 tid=12 left-down x=1382 y=1120 wordForeground=False
2026-09-06T17:20:36.1052125+08:00 pid=74892 tid=12 left-down x=2332 y=460 wordForeground=False
2026-09-06T17:20:38.6422189+08:00 pid=74892 tid=12 left-down x=2492 y=460 wordForeground=False
2026-09-06T17:22:10.0140376+08:00 pid=74892 tid=12 left-down x=1935 y=1345 wordForeground=True
2026-09-06T17:22:13.3733869+08:00 pid=74892 tid=12 left-down x=1808 y=1615 wordForeground=True
2026-09-06T17:23:04.4957273+08:00 pid=74892 tid=12 left-down x=1776 y=1270 wordForeground=False
2026-09-06T17:23:32.5975790+08:00 pid=74892 tid=12 left-down x=2024 y=1187 wordForeground=True
2026-09-06T17:32:00.7814019+08:00 pid=74892 tid=12 left-down x=868 y=930 wordForeground=False
2026-09-06T17:32:12.3985246+08:00 pid=74892 tid=12 left-down x=716 y=707 wordForeground=False
2026-09-06T17:32:14.9137797+08:00 pid=74892 tid=12 left-down x=653 y=533 wordForeground=False
2026-09-06T17:32:18.1995624+08:00 pid=74892 tid=12 left-down x=1891 y=416 wordForeground=False
2026-09-06T17:34:01.4008371+08:00 pid=74892 tid=12 left-down x=1382 y=1120 wordForeground=False
2026-09-06T17:34:04.5380900+08:00 pid=74892 tid=12 left-down x=2332 y=460 wordForeground=False
2026-09-06T17:34:07.0603647+08:00 pid=74892 tid=12 left-down x=2492 y=460 wordForeground=False
2026-09-06T17:35:39.4073267+08:00 pid=74892 tid=12 left-down x=675 y=1190 wordForeground=False
2026-09-06T17:35:46.0770908+08:00 pid=74892 tid=12 left-down x=1961 y=1652 wordForeground=True
2026-09-06T17:35:49.1852577+08:00 pid=74892 tid=12 left-down x=1986 y=1555 wordForeground=True
2026-09-06T17:36:00.9961691+08:00 pid=74892 tid=12 left-down x=1382 y=1120 wordForeground=False
2026-09-06T17:36:03.8997877+08:00 pid=74892 tid=12 left-down x=2332 y=460 wordForeground=False
2026-09-06T17:36:06.5198510+08:00 pid=74892 tid=12 left-down x=2492 y=460 wordForeground=False
2026-09-06T17:38:54.0441060+08:00 pid=74892 tid=12 left-down x=813 y=1058 wordForeground=False
2026-09-06T17:39:05.9831093+08:00 pid=74892 tid=12 left-down x=2050 y=1012 wordForeground=True
2026-09-06T17:39:09.6422726+08:00 pid=74892 tid=12 left-down x=255 y=1492 wordForeground=False
2026-09-06T17:39:12.5564115+08:00 pid=74892 tid=12 left-down x=961 y=1043 wordForeground=False
2026-09-06T17:40:56.8239918+08:00 pid=74892 tid=12 left-down x=1382 y=1120 wordForeground=False
2026-09-06T17:40:59.3596546+08:00 pid=74892 tid=12 left-down x=2332 y=460 wordForeground=False
2026-09-06T17:41:01.8610170+08:00 pid=74892 tid=12 left-down x=2492 y=460 wordForeground=False
2026-09-06T17:41:58.3026659+08:00 pid=74892 tid=12 left-down x=1776 y=1270 wordForeground=False
2026-09-06T17:42:16.7626444+08:00 pid=74892 tid=12 left-down x=2024 y=1187 wordForeground=True
2026-09-06T17:44:00.8234481+08:00 pid=74892 tid=12 left-down x=596 y=1205 wordForeground=False
2026-09-06T17:44:21.5007325+08:00 pid=74892 tid=12 left-down x=2094 y=1018 wordForeground=True
2026-09-06T17:44:24.8181266+08:00 pid=74892 tid=12 left-down x=763 y=1215 wordForeground=False
2026-09-06T17:45:09.1033344+08:00 pid=74892 tid=12 left-down x=737 y=1273 wordForeground=False
2026-09-06T17:45:12.9724251+08:00 pid=74892 tid=12 left-down x=2357 y=1096 wordForeground=False
2026-09-06T17:47:33.7927404+08:00 pid=74892 tid=12 left-down x=894 y=1217 wordForeground=False
2026-09-06T17:47:52.9605182+08:00 pid=74892 tid=12 left-down x=1382 y=1120 wordForeground=False
2026-09-06T17:47:55.7045581+08:00 pid=74892 tid=12 left-down x=2332 y=460 wordForeground=False
2026-09-06T17:47:58.4468889+08:00 pid=74892 tid=12 left-down x=2492 y=460 wordForeground=False
2026-09-06T17:48:43.7080550+08:00 pid=74892 tid=12 left-down x=1776 y=1270 wordForeground=False
2026-09-06T17:48:59.2297398+08:00 pid=74892 tid=12 left-down x=2024 y=1187 wordForeground=True
2026-09-06T17:50:38.8797768+08:00 pid=74892 tid=12 left-down x=836 y=1237 wordForeground=False
2026-09-06T17:50:42.8646351+08:00 pid=74892 tid=12 left-down x=2059 y=1068 wordForeground=True
2026-09-06T17:51:48.2529761+08:00 pid=74892 tid=12 left-down x=607 y=1205 wordForeground=False
2026-09-06T17:51:51.5844443+08:00 pid=74892 tid=12 left-down x=1466 y=1103 wordForeground=False
2026-09-06T17:54:23.1062590+08:00 pid=74892 tid=12 left-down x=1382 y=1120 wordForeground=False
2026-09-06T17:54:26.3876868+08:00 pid=74892 tid=12 left-down x=2332 y=460 wordForeground=False
2026-09-06T17:54:29.1913781+08:00 pid=74892 tid=12 left-down x=2492 y=460 wordForeground=False
2026-09-06T17:55:23.8408670+08:00 pid=74892 tid=12 left-down x=1776 y=1270 wordForeground=False
2026-09-06T17:55:39.6865219+08:00 pid=74892 tid=12 left-down x=2024 y=1211 wordForeground=True
2026-09-06T17:57:00.2571879+08:00 pid=74892 tid=12 left-down x=808 y=1255 wordForeground=False
2026-09-06T17:57:09.1909230+08:00 pid=74892 tid=12 left-down x=1866 y=1723 wordForeground=True
2026-09-06T17:57:18.9965376+08:00 pid=74892 tid=12 left-down x=1905 y=1516 wordForeground=True
2026-09-06T17:58:42.9865100+08:00 pid=74892 tid=12 left-down x=1948 y=1269 wordForeground=True
2026-09-06T17:58:46.7305685+08:00 pid=74892 tid=12 left-down x=1778 y=1476 wordForeground=True
2026-09-06T17:58:50.6911615+08:00 pid=74892 tid=12 left-down x=1141 y=1482 wordForeground=True
2026-09-06T17:58:51.5524824+08:00 pid=74892 tid=12 left-down x=1141 y=1482 wordForeground=True
2026-09-06T17:59:18.2306530+08:00 pid=74892 tid=12 left-down x=1776 y=1270 wordForeground=False
2026-09-06T18:00:01.3119713+08:00 pid=74892 tid=12 left-down x=853 y=1268 wordForeground=False
2026-09-06T18:00:04.7079874+08:00 pid=74892 tid=12 left-down x=2132 y=1445 wordForeground=True
2026-09-06T18:02:53.0012153+08:00 pid=74892 tid=12 left-down x=705 y=1242 wordForeground=False
2026-09-06T18:02:57.6942086+08:00 pid=74892 tid=12 left-down x=2064 y=1539 wordForeground=True
2026-09-06T18:03:22.8018625+08:00 pid=74892 tid=12 left-down x=1776 y=1270 wordForeground=False
2026-09-06T18:08:47.5706722+08:00 pid=74892 tid=12 left-down x=765 y=1027 wordForeground=False
2026-09-06T18:08:51.8608843+08:00 pid=74892 tid=12 left-down x=247 y=1478 wordForeground=False
2026-09-06T18:08:55.5702640+08:00 pid=74892 tid=12 left-down x=664 y=936 wordForeground=False
2026-09-06T18:08:59.5496962+08:00 pid=74892 tid=12 left-down x=1877 y=399 wordForeground=False
2026-09-06T18:11:21.2300119+08:00 pid=74892 tid=12 left-down x=822 y=1270 wordForeground=False
2026-09-06T18:11:31.0640141+08:00 pid=74892 tid=12 left-down x=1265 y=1795 wordForeground=True
2026-09-06T18:13:08.3695040+08:00 pid=74892 tid=12 left-down x=1317 y=747 wordForeground=False
2026-09-06T18:13:10.8658170+08:00 pid=74892 tid=12 left-down x=1602 y=747 wordForeground=False
2026-09-06T18:13:27.3195235+08:00 pid=74892 tid=12 left-down x=1382 y=1120 wordForeground=False
2026-09-06T18:13:30.3764976+08:00 pid=74892 tid=12 left-down x=2332 y=460 wordForeground=False
2026-09-06T18:13:32.8857717+08:00 pid=74892 tid=12 left-down x=2492 y=460 wordForeground=False
2026-09-06T18:14:34.5746295+08:00 pid=74892 tid=12 left-down x=806 y=1212 wordForeground=False
2026-09-06T18:14:51.5852191+08:00 pid=74892 tid=12 left-down x=815 y=1228 wordForeground=False
2026-09-06T18:14:58.4644549+08:00 pid=74892 tid=12 left-down x=2177 y=1494 wordForeground=True
2026-09-06T18:15:02.2424503+08:00 pid=74892 tid=12 left-down x=2100 y=1471 wordForeground=True
2026-09-06T18:15:03.9807276+08:00 pid=74892 tid=12 left-down x=2019 y=1474 wordForeground=True
2026-09-06T18:15:04.3827111+08:00 pid=74892 tid=12 left-down x=2019 y=1475 wordForeground=True
2026-09-06T18:15:04.3837103+08:00 pid=74892 tid=12 double-click elapsedMs=402.08 withinX=True withinY=True nativeOleTarget=False suppressSecondDown=False dispatchCallback=True
2026-09-06T18:15:04.4807097+08:00 pid=74892 tid=10 callback-begin interceptedNativeOle=False x=2019 y=1475
2026-09-06T18:15:04.4807097+08:00 pid=74892 tid=10 addin-callback-received interceptedNativeOle=False x=2019 y=1475
2026-09-06T18:15:04.4807097+08:00 pid=74892 tid=10 callback-end
2026-09-06T18:15:04.4817089+08:00 pid=74892 tid=1 addin-coordinate-selection formulaId=<null> objectMode=<null>
2026-09-06T18:15:12.8751249+08:00 pid=74892 tid=12 left-down x=2639 y=748 wordForeground=True
2026-09-06T18:15:17.5270363+08:00 pid=74892 tid=12 left-down x=835 y=1292 wordForeground=False
2026-09-06T18:15:19.6402237+08:00 pid=74892 tid=12 left-down x=848 y=1359 wordForeground=False
2026-09-06T18:15:21.7929977+08:00 pid=74892 tid=12 left-down x=863 y=1433 wordForeground=False
2026-09-06T18:15:56.9555901+08:00 pid=74892 tid=12 left-down x=218 y=1472 wordForeground=False
2026-09-06T18:18:00.6917229+08:00 pid=74892 tid=12 left-down x=1317 y=747 wordForeground=False
2026-09-06T18:18:18.6857213+08:00 pid=74892 tid=12 left-down x=1382 y=1120 wordForeground=False
2026-09-06T18:18:22.0243353+08:00 pid=74892 tid=12 left-down x=2332 y=460 wordForeground=False
2026-09-06T18:18:24.7460292+08:00 pid=74892 tid=12 left-down x=2492 y=460 wordForeground=False
2026-09-06T18:19:41.5112088+08:00 pid=74892 tid=12 left-down x=1776 y=1270 wordForeground=False
2026-09-06T18:19:55.5629045+08:00 pid=74892 tid=12 left-down x=2024 y=1211 wordForeground=True
2026-09-06T18:22:19.3706272+08:00 pid=74892 tid=12 left-down x=2067 y=1076 wordForeground=True
2026-09-06T18:22:25.2664137+08:00 pid=74892 tid=12 left-down x=1136 y=1362 wordForeground=False
2026-09-06T18:22:56.0525598+08:00 pid=74892 tid=12 left-down x=2228 y=1331 wordForeground=False
2026-09-06T18:23:01.7036889+08:00 pid=74892 tid=12 left-down x=684 y=811 wordForeground=False
2026-09-06T18:23:03.9027479+08:00 pid=74892 tid=12 left-down x=677 y=753 wordForeground=False
2026-09-06T18:23:10.0302994+08:00 pid=74892 tid=12 left-down x=1890 y=411 wordForeground=False
2026-09-06T18:23:16.2248133+08:00 pid=74892 tid=12 left-down x=1381 y=2159 wordForeground=False
2026-09-06T18:23:24.9112284+08:00 pid=74892 tid=12 left-down x=803 y=1363 wordForeground=False
2026-09-06T18:25:27.6981036+08:00 pid=74892 tid=12 left-down x=1245 y=1142 wordForeground=False
2026-09-06T18:25:33.0680378+08:00 pid=74892 tid=12 left-down x=227 y=1461 wordForeground=False
2026-09-06T18:25:38.5461860+08:00 pid=74892 tid=12 left-down x=830 y=1233 wordForeground=False
