2026-09-06T10:43:45.4462935+08:00 pid=68872 tid=1 word-addin-loaded pid=68872 assembly=C:\Users\pojian_liao\AppData\Local\VisualTeX\office\remediation-builds\33F9D243193DEECF0A5EF5D9014D3ED7009448F2D5A8F8C092400710834B37F9\VisualTeX.WordVsto.dll mvid=892bbb21-3518-48b2-9a40-ce4030004441
2026-09-06T10:43:45.7420004+08:00 pid=68872 tid=1 hook-started handle=0x12F63
2026-09-06T10:43:45.9406319+08:00 pid=68872 tid=8 mathtype-native-preview-shared-prewarm-complete
2026-09-06T10:44:29.1328907+08:00 pid=68872 tid=11 left-down x=1190 y=747 wordForeground=False
2026-09-06T10:44:34.1329941+08:00 pid=68872 tid=1 word-undo-begin name=VisualTeX Insert Native OLE Display Formula recording=False level=0
2026-09-06T10:44:34.1339942+08:00 pid=68872 tid=1 word-undo-started name=VisualTeX Insert Native OLE Display Formula recording=True level=1
2026-09-06T10:44:34.3885975+08:00 pid=68872 tid=1 word-undo-end recording=True level=1
2026-09-06T10:44:34.4015969+08:00 pid=68872 tid=5 ribbon-session-operation-released sessionId=035f5fa4-f7bb-4cde-9ab0-4c56b130ca98
2026-09-06T10:44:43.5539314+08:00 pid=68872 tid=11 left-down x=2024 y=1163 wordForeground=True
2026-09-06T10:44:45.0925552+08:00 pid=68872 tid=1 word-xml-incomplete-export document=文档67 attempt=1 maths=0/0 oles=0/1
2026-09-06T10:44:45.1507292+08:00 pid=68872 tid=1 word-undo-begin name=VisualTeX Insert Equation Reference recording=False level=0
2026-09-06T10:44:45.1507292+08:00 pid=68872 tid=1 word-undo-started name=VisualTeX Insert Equation Reference recording=True level=1
2026-09-06T10:44:45.1627285+08:00 pid=68872 tid=1 word-undo-end recording=True level=1
2026-09-06T10:44:45.1647302+08:00 pid=68872 tid=1 word-undo-history-recovery original=2 current=3 owned=1
2026-09-06T10:44:45.1863489+08:00 pid=68872 tid=1 format-conversion-recovery afterUndoBodyMatches=True
2026-09-06T10:44:45.2059676+08:00 pid=68872 tid=1 format-conversion-recovery-verified body=True mathFont=True metadata=True variables=True
2026-09-06T10:44:45.2129672+08:00 pid=68872 tid=1 reference-insertion-failed error=System.NullReferenceException: 未将对象引用设置到对象的实例。
   在 VisualTeX.WordVsto.WordEquationReferenceFields.InsertNavigableReference(Document document, Selection selection, String bookmarkName, String prefix, String suffix, Nullable`1 preferredInsertionColor)
   在 VisualTeX.WordVsto.WordEquationNumbering.InsertEquationReference(Document document, Selection selection, EquationReferenceTarget target, EquationReferenceStyle style, Nullable`1 preferredInsertionColor)
   在 VisualTeX.WordVsto.WordFormulaService.InsertEquationReference(Document document, Selection selection, EquationReferenceTarget target, EquationReferenceStyle style, WdColor color)
   在 VisualTeX.WordVsto.ThisAddIn.<>c__DisplayClass144_0.<InsertEquationReferenceAsync>b__0()
   在 VisualTeX.WordVsto.OfficeUiDispatcher.<>c__DisplayClass4_0`1.<InvokeAsync>g__Execute|0()
--- 引发异常的上一位置中堆栈跟踪的末尾 ---
   在 System.Runtime.ExceptionServices.ExceptionDispatchInfo.Throw()
   在 System.Runtime.CompilerServices.TaskAwaiter.HandleNonSuccessAndDebuggerNotification(Task task)
   在 VisualTeX.WordVsto.ThisAddIn.<InsertEquationReferenceAsync>d__144.MoveNext()
2026-09-06T10:48:05.1012461+08:00 pid=68872 tid=11 left-down x=791 y=1268 wordForeground=True
2026-09-06T10:48:10.7291799+08:00 pid=68872 tid=11 left-down x=2071 y=1230 wordForeground=False
2026-09-06T10:48:31.9537176+08:00 pid=68872 tid=11 left-down x=111 y=1474 wordForeground=True
2026-09-06T10:48:47.6060179+08:00 pid=68872 tid=11 left-down x=2025 y=1235 wordForeground=False
2026-09-06T10:48:48.6313110+08:00 pid=68872 tid=11 left-down x=1893 y=1130 wordForeground=True
2026-09-06T10:48:49.4286295+08:00 pid=68872 tid=11 left-down x=1897 y=1126 wordForeground=True
2026-09-06T10:48:49.8718843+08:00 pid=68872 tid=11 left-down x=1897 y=1126 wordForeground=True
2026-09-06T10:48:49.8738842+08:00 pid=68872 tid=11 double-click elapsedMs=443.423 withinX=True withinY=True nativeOleTarget=False suppressSecondDown=False dispatchCallback=True
2026-09-06T10:48:49.9724410+08:00 pid=68872 tid=18 callback-begin interceptedNativeOle=False x=1897 y=1126
2026-09-06T10:48:49.9729487+08:00 pid=68872 tid=18 addin-callback-received interceptedNativeOle=False x=1897 y=1126
2026-09-06T10:48:49.9739547+08:00 pid=68872 tid=18 callback-end
2026-09-06T10:48:49.9759543+08:00 pid=68872 tid=1 addin-coordinate-selection formulaId=<null> objectMode=<null>
2026-09-06T10:48:50.2939848+08:00 pid=68872 tid=1 window-before-double-click formulaId=63ffd39e-f09d-4e20-8f69-f75aced51ce7 objectMode=nativeOle shouldOpenVisualTeX=True hasMousePoint=True pointHitsFormula=True
2026-09-06T10:48:53.7413402+08:00 pid=68872 tid=11 left-down x=1156 y=742 wordForeground=False
2026-09-06T10:48:55.3880428+08:00 pid=68872 tid=11 left-down x=2609 y=687 wordForeground=False
2026-09-06T10:48:57.0363868+08:00 pid=68872 tid=11 left-down x=1819 y=1111 wordForeground=True
2026-09-06T10:48:57.4845192+08:00 pid=68872 tid=11 left-down x=1819 y=1111 wordForeground=True
2026-09-06T10:48:57.4845192+08:00 pid=68872 tid=11 double-click elapsedMs=448.189 withinX=True withinY=True nativeOleTarget=False suppressSecondDown=False dispatchCallback=True
2026-09-06T10:48:57.5821175+08:00 pid=68872 tid=18 callback-begin interceptedNativeOle=False x=1819 y=1111
2026-09-06T10:48:57.5821175+08:00 pid=68872 tid=18 addin-callback-received interceptedNativeOle=False x=1819 y=1111
2026-09-06T10:48:57.5821175+08:00 pid=68872 tid=18 callback-end
2026-09-06T10:48:57.5831183+08:00 pid=68872 tid=1 addin-coordinate-selection formulaId=<null> objectMode=<null>
2026-09-06T10:48:57.9455719+08:00 pid=68872 tid=1 window-before-double-click formulaId=63ffd39e-f09d-4e20-8f69-f75aced51ce7 objectMode=nativeOle shouldOpenVisualTeX=True hasMousePoint=True pointHitsFormula=True
2026-09-06T10:48:59.8059502+08:00 pid=68872 tid=11 left-down x=1153 y=749 wordForeground=False
2026-09-06T10:49:01.2315770+08:00 pid=68872 tid=11 left-down x=1173 y=746 wordForeground=False
2026-09-06T10:49:02.5218894+08:00 pid=68872 tid=11 left-down x=1173 y=746 wordForeground=False
2026-09-06T10:49:04.3343571+08:00 pid=68872 tid=11 left-down x=2602 y=698 wordForeground=False
2026-09-06T10:49:05.9105430+08:00 pid=68872 tid=11 left-down x=1483 y=1251 wordForeground=True
2026-09-06T10:49:08.2549523+08:00 pid=68872 tid=11 left-down x=1883 y=1126 wordForeground=True
2026-09-06T10:49:09.4712636+08:00 pid=68872 tid=11 left-down x=1243 y=1261 wordForeground=True
2026-09-06T10:49:14.4850928+08:00 pid=68872 tid=11 left-down x=883 y=1241 wordForeground=True
2026-09-06T10:49:16.9833631+08:00 pid=68872 tid=11 left-down x=2108 y=1267 wordForeground=False
2026-09-06T10:49:19.2056774+08:00 pid=68872 tid=11 left-down x=1773 y=689 wordForeground=True
2026-09-06T10:49:21.0119228+08:00 pid=68872 tid=11 left-down x=2148 y=1488 wordForeground=True
2026-09-06T10:49:21.5222313+08:00 pid=68872 tid=1 word-undo-begin name=VisualTeX Insert Equation Reference recording=False level=0
2026-09-06T10:49:21.5222313+08:00 pid=68872 tid=1 word-undo-started name=VisualTeX Insert Equation Reference recording=True level=1
2026-09-06T10:49:21.5292218+08:00 pid=68872 tid=1 word-undo-end recording=True level=1
2026-09-06T10:49:21.5312205+08:00 pid=68872 tid=1 word-undo-history-recovery original=2 current=3 owned=1
2026-09-06T10:49:21.5572204+08:00 pid=68872 tid=1 format-conversion-recovery afterUndoBodyMatches=True
2026-09-06T10:49:21.5732201+08:00 pid=68872 tid=1 format-conversion-recovery-verified body=True mathFont=True metadata=True variables=True
2026-09-06T10:49:21.5732201+08:00 pid=68872 tid=1 reference-insertion-failed error=System.NullReferenceException: 未将对象引用设置到对象的实例。
   在 VisualTeX.WordVsto.WordEquationReferenceFields.InsertNavigableReference(Document document, Selection selection, String bookmarkName, String prefix, String suffix, Nullable`1 preferredInsertionColor)
   在 VisualTeX.WordVsto.WordEquationNumbering.InsertEquationReference(Document document, Selection selection, EquationReferenceTarget target, EquationReferenceStyle style, Nullable`1 preferredInsertionColor)
   在 VisualTeX.WordVsto.WordFormulaService.InsertEquationReference(Document document, Selection selection, EquationReferenceTarget target, EquationReferenceStyle style, WdColor color)
   在 VisualTeX.WordVsto.ThisAddIn.<>c__DisplayClass144_0.<InsertEquationReferenceAsync>b__0()
   在 VisualTeX.WordVsto.OfficeUiDispatcher.<>c__DisplayClass4_0`1.<InvokeAsync>g__Execute|0()
--- 引发异常的上一位置中堆栈跟踪的末尾 ---
   在 System.Runtime.ExceptionServices.ExceptionDispatchInfo.Throw()
   在 System.Runtime.CompilerServices.TaskAwaiter.HandleNonSuccessAndDebuggerNotification(Task task)
   在 VisualTeX.WordVsto.ThisAddIn.<InsertEquationReferenceAsync>d__144.MoveNext()
2026-09-06T10:49:23.7569539+08:00 pid=68872 tid=11 left-down x=1764 y=686 wordForeground=True
2026-09-06T10:49:26.0779216+08:00 pid=68872 tid=11 left-down x=1903 y=1084 wordForeground=True
2026-09-06T10:49:27.7762014+08:00 pid=68872 tid=11 left-down x=2182 y=1500 wordForeground=True
2026-09-06T10:49:29.1797277+08:00 pid=68872 tid=11 left-down x=2182 y=1500 wordForeground=True
2026-09-06T10:49:29.6599109+08:00 pid=68872 tid=1 word-undo-begin name=VisualTeX Insert Equation Reference recording=False level=0
2026-09-06T10:49:29.6609083+08:00 pid=68872 tid=1 word-undo-started name=VisualTeX Insert Equation Reference recording=True level=1
2026-09-06T10:49:29.6729083+08:00 pid=68872 tid=1 word-undo-end recording=True level=1
2026-09-06T10:49:29.6729083+08:00 pid=68872 tid=1 word-undo-history-recovery original=2 current=3 owned=1
2026-09-06T10:49:29.6925882+08:00 pid=68872 tid=1 format-conversion-recovery afterUndoBodyMatches=True
2026-09-06T10:49:29.7076803+08:00 pid=68872 tid=1 format-conversion-recovery-verified body=True mathFont=True metadata=True variables=True
2026-09-06T10:49:29.7086797+08:00 pid=68872 tid=1 reference-insertion-failed error=System.NullReferenceException: 未将对象引用设置到对象的实例。
   在 VisualTeX.WordVsto.WordEquationReferenceFields.InsertNavigableReference(Document document, Selection selection, String bookmarkName, String prefix, String suffix, Nullable`1 preferredInsertionColor)
   在 VisualTeX.WordVsto.WordEquationNumbering.InsertEquationReference(Document document, Selection selection, EquationReferenceTarget target, EquationReferenceStyle style, Nullable`1 preferredInsertionColor)
   在 VisualTeX.WordVsto.WordFormulaService.InsertEquationReference(Document document, Selection selection, EquationReferenceTarget target, EquationReferenceStyle style, WdColor color)
   在 VisualTeX.WordVsto.ThisAddIn.<>c__DisplayClass144_0.<InsertEquationReferenceAsync>b__0()
   在 VisualTeX.WordVsto.OfficeUiDispatcher.<>c__DisplayClass4_0`1.<InvokeAsync>g__Execute|0()
--- 引发异常的上一位置中堆栈跟踪的末尾 ---
   在 System.Runtime.ExceptionServices.ExceptionDispatchInfo.Throw()
   在 System.Runtime.CompilerServices.TaskAwaiter.HandleNonSuccessAndDebuggerNotification(Task task)
   在 VisualTeX.WordVsto.ThisAddIn.<InsertEquationReferenceAsync>d__144.MoveNext()
2026-09-06T10:49:32.1255790+08:00 pid=68872 tid=11 left-down x=1852 y=1134 wordForeground=True
2026-09-06T10:49:34.5885605+08:00 pid=68872 tid=11 left-down x=1270 y=663 wordForeground=True
2026-09-06T10:49:37.1642407+08:00 pid=68872 tid=11 left-down x=1252 y=659 wordForeground=False
2026-09-06T10:49:39.3263559+08:00 pid=68872 tid=11 left-down x=1352 y=2123 wordForeground=True
2026-09-06T10:49:40.2152072+08:00 pid=68872 tid=11 left-down x=1440 y=2033 wordForeground=False
2026-09-06T10:49:42.8988971+08:00 pid=68872 tid=11 left-down x=2607 y=696 wordForeground=False
2026-09-06T10:49:43.5132792+08:00 pid=68872 tid=19 ribbon-session-operation-released sessionId=5e907f4e-8b08-4bde-8ee1-065da2ba6215
2026-09-06T10:49:44.6263030+08:00 pid=68872 tid=11 left-down x=1324 y=1255 wordForeground=True
2026-09-06T10:49:46.6990174+08:00 pid=68872 tid=11 left-down x=727 y=1092 wordForeground=True
2026-09-06T10:49:48.0265728+08:00 pid=68872 tid=11 left-down x=682 y=1050 wordForeground=False
2026-09-06T10:49:50.0614881+08:00 pid=68872 tid=11 left-down x=1899 y=397 wordForeground=False
2026-09-06T10:49:51.9939253+08:00 pid=68872 tid=11 left-down x=2093 y=1262 wordForeground=False
2026-09-06T10:50:38.7742331+08:00 pid=68872 tid=11 left-down x=1190 y=747 wordForeground=False
2026-09-06T10:50:52.9712496+08:00 pid=68872 tid=11 left-down x=2024 y=1163 wordForeground=True
2026-09-06T10:51:40.3793427+08:00 pid=68872 tid=11 left-down x=779 y=1223 wordForeground=True
2026-09-06T10:51:49.1019847+08:00 pid=68872 tid=11 left-down x=2076 y=1278 wordForeground=False
2026-09-06T10:52:35.2908859+08:00 pid=68872 tid=11 left-down x=1190 y=747 wordForeground=False
2026-09-06T10:52:49.7665830+08:00 pid=68872 tid=11 left-down x=2024 y=1163 wordForeground=True
2026-09-06T10:54:55.4124721+08:00 pid=68872 tid=11 left-down x=736 y=1258 wordForeground=False
2026-09-06T10:54:58.0516365+08:00 pid=68872 tid=11 left-down x=2120 y=899 wordForeground=False
2026-09-06T10:54:58.6363824+08:00 pid=68872 tid=11 left-down x=1190 y=747 wordForeground=False
2026-09-06T10:55:13.7101662+08:00 pid=68872 tid=11 left-down x=2024 y=1163 wordForeground=True
2026-09-06T10:56:55.0693181+08:00 pid=68872 tid=11 left-down x=1190 y=747 wordForeground=False
2026-09-06T10:57:09.6949279+08:00 pid=68872 tid=11 left-down x=2024 y=1163 wordForeground=True
2026-09-06T10:58:00.6104770+08:00 pid=68872 tid=11 left-down x=1140 y=1210 wordForeground=True
2026-09-06T10:58:01.2206369+08:00 pid=68872 tid=11 left-down x=1140 y=1210 wordForeground=True
2026-09-06T10:59:31.5023363+08:00 pid=68872 tid=11 left-down x=846 y=1203 wordForeground=True
2026-09-06T10:59:34.6110114+08:00 pid=68872 tid=11 left-down x=2211 y=1232 wordForeground=False
2026-09-06T10:59:37.3051179+08:00 pid=68872 tid=11 left-down x=1718 y=1090 wordForeground=True
2026-09-06T10:59:38.3768497+08:00 pid=68872 tid=11 left-down x=1634 y=1069 wordForeground=True
2026-09-06T10:59:42.9005686+08:00 pid=68872 tid=11 left-down x=1838 y=818 wordForeground=True
2026-09-06T11:00:21.8053174+08:00 pid=68872 tid=11 left-down x=1155 y=1210 wordForeground=True
2026-09-06T11:00:22.4290671+08:00 pid=68872 tid=11 left-down x=1155 y=1210 wordForeground=True
2026-09-06T11:01:25.6841039+08:00 pid=68872 tid=11 left-down x=1155 y=1060 wordForeground=True
2026-09-06T11:01:26.3226195+08:00 pid=68872 tid=11 left-down x=1155 y=1060 wordForeground=True
2026-09-06T11:03:19.7192844+08:00 pid=68872 tid=11 left-down x=872 y=865 wordForeground=True
2026-09-06T11:03:29.2630359+08:00 pid=68872 tid=11 left-down x=1190 y=747 wordForeground=False
2026-09-06T11:03:43.9750962+08:00 pid=68872 tid=11 left-down x=2024 y=1163 wordForeground=True
2026-09-06T11:04:28.3901510+08:00 pid=68872 tid=11 left-down x=1155 y=1210 wordForeground=True
2026-09-06T11:04:29.0557485+08:00 pid=68872 tid=11 left-down x=1155 y=1210 wordForeground=True
2026-09-06T11:04:48.6448953+08:00 pid=68872 tid=11 left-down x=1838 y=688 wordForeground=True
2026-09-06T11:05:33.0503933+08:00 pid=68872 tid=11 left-down x=1140 y=1207 wordForeground=True
2026-09-06T11:05:33.6784265+08:00 pid=68872 tid=11 left-down x=1140 y=1207 wordForeground=True
2026-09-06T11:06:57.2006022+08:00 pid=68872 tid=11 left-down x=1382 y=1120 wordForeground=False
2026-09-06T11:06:59.9852909+08:00 pid=68872 tid=11 left-down x=2178 y=458 wordForeground=False
2026-09-06T11:07:02.3267583+08:00 pid=68872 tid=11 left-down x=2492 y=460 wordForeground=False
2026-09-06T11:07:52.7507597+08:00 pid=68872 tid=11 left-down x=795 y=1222 wordForeground=True
2026-09-06T11:07:57.5369422+08:00 pid=68872 tid=11 left-down x=2315 y=1180 wordForeground=False
2026-09-06T11:09:30.0332914+08:00 pid=68872 tid=11 left-down x=2178 y=458 wordForeground=False
2026-09-06T11:10:07.2146400+08:00 pid=68872 tid=11 left-down x=1382 y=1120 wordForeground=False
2026-09-06T11:10:09.9239370+08:00 pid=68872 tid=11 left-down x=2492 y=460 wordForeground=False
2026-09-06T11:14:03.3262326+08:00 pid=68872 tid=11 left-down x=1190 y=747 wordForeground=False
2026-09-06T11:14:06.7742641+08:00 pid=68872 tid=11 left-down x=1665 y=747 wordForeground=False
2026-09-06T11:14:21.1989490+08:00 pid=68872 tid=11 left-down x=1190 y=747 wordForeground=False
2026-09-06T11:14:24.6301982+08:00 pid=68872 tid=11 left-down x=1665 y=747 wordForeground=False
2026-09-06T11:14:38.8149305+08:00 pid=68872 tid=11 left-down x=1190 y=747 wordForeground=False
2026-09-06T11:15:51.9031343+08:00 pid=68872 tid=11 left-down x=2024 y=1187 wordForeground=True
2026-09-06T11:17:34.8310860+08:00 pid=68872 tid=11 left-down x=1838 y=774 wordForeground=True
2026-09-06T11:20:19.0298289+08:00 pid=68872 tid=11 left-down x=1072 y=2130 wordForeground=True
2026-09-06T11:20:22.4337376+08:00 pid=68872 tid=11 left-down x=2255 y=1372 wordForeground=False
2026-09-06T11:20:23.6163934+08:00 pid=68872 tid=11 left-down x=2198 y=1441 wordForeground=True
2026-09-06T11:21:15.3557593+08:00 pid=68872 tid=11 left-down x=795 y=1238 wordForeground=True
2026-09-06T11:21:17.6223998+08:00 pid=68872 tid=11 left-down x=2192 y=1367 wordForeground=False
2026-09-06T11:21:18.7568757+08:00 pid=68872 tid=11 left-down x=740 y=1215 wordForeground=True
2026-09-06T11:22:19.8209990+08:00 pid=68872 tid=11 left-down x=1190 y=747 wordForeground=False
2026-09-06T11:22:23.2371126+08:00 pid=68872 tid=11 left-down x=1665 y=747 wordForeground=False
2026-09-06T11:22:37.1756201+08:00 pid=68872 tid=11 left-down x=1190 y=747 wordForeground=False
2026-09-06T11:22:40.8380970+08:00 pid=68872 tid=11 left-down x=1665 y=747 wordForeground=False
2026-09-06T11:22:54.7407971+08:00 pid=68872 tid=11 left-down x=1190 y=747 wordForeground=False
2026-09-06T11:23:11.3122063+08:00 pid=68872 tid=11 left-down x=2024 y=1187 wordForeground=True
2026-09-06T11:24:09.2633277+08:00 pid=68872 tid=11 left-down x=809 y=1245 wordForeground=True
2026-09-06T11:24:16.1553414+08:00 pid=68872 tid=11 left-down x=199 y=1498 wordForeground=False
2026-09-06T11:24:16.8937363+08:00 pid=68872 tid=11 left-down x=206 y=1485 wordForeground=False
2026-09-06T11:24:18.8690337+08:00 pid=68872 tid=11 left-down x=2049 y=1405 wordForeground=False
2026-09-06T11:30:08.5115169+08:00 pid=68872 tid=11 left-down x=1838 y=688 wordForeground=True
2026-09-06T11:30:56.3882277+08:00 pid=68872 tid=11 left-down x=1155 y=1337 wordForeground=True
2026-09-06T11:30:57.0681745+08:00 pid=68872 tid=11 left-down x=1155 y=1337 wordForeground=True
2026-09-06T11:42:00.0579266+08:00 pid=68872 tid=11 left-down x=806 y=1112 wordForeground=True
2026-09-06T11:42:44.1792619+08:00 pid=68872 tid=11 left-down x=239 y=1463 wordForeground=False
2026-09-06T11:42:47.9969200+08:00 pid=68872 tid=11 left-down x=1500 y=1569 wordForeground=False
2026-09-06T11:42:49.3771919+08:00 pid=68872 tid=11 left-down x=661 y=1211 wordForeground=True
2026-09-06T11:42:51.5357746+08:00 pid=68872 tid=11 left-down x=1925 y=1462 wordForeground=False
2026-09-06T11:42:57.4069994+08:00 pid=68872 tid=11 left-down x=1927 y=477 wordForeground=False
2026-09-06T11:43:13.3105181+08:00 pid=68872 tid=11 left-down x=2392 y=184 wordForeground=False
2026-09-06T11:43:16.0398175+08:00 pid=68872 tid=11 left-down x=145 y=94 wordForeground=False
2026-09-06T11:43:19.6623260+08:00 pid=68872 tid=11 left-down x=343 y=307 wordForeground=False
2026-09-06T11:43:22.5447695+08:00 pid=68872 tid=11 left-down x=1441 y=2145 wordForeground=False
2026-09-06T11:43:24.8982237+08:00 pid=68872 tid=11 left-down x=1057 y=2123 wordForeground=False
2026-09-06T11:43:26.1037650+08:00 pid=68872 tid=11 left-down x=1355 y=2138 wordForeground=False
2026-09-06T11:43:40.8225752+08:00 pid=68872 tid=11 left-down x=1076 y=1158 wordForeground=False
2026-09-06T11:43:49.0649035+08:00 pid=68872 tid=11 left-down x=1360 y=2079 wordForeground=False
2026-09-06T11:44:01.6188486+08:00 pid=68872 tid=11 left-down x=1353 y=2049 wordForeground=False
2026-09-06T11:44:04.0025666+08:00 pid=68872 tid=11 left-down x=1902 y=1224 wordForeground=True
2026-09-06T11:44:05.6081146+08:00 pid=68872 tid=11 left-down x=1620 y=1535 wordForeground=True
2026-09-06T11:44:07.7067427+08:00 pid=68872 tid=11 left-down x=880 y=1260 wordForeground=True
2026-09-06T11:48:43.5176676+08:00 pid=68872 tid=11 left-down x=1618 y=1245 wordForeground=True
2026-09-06T11:48:45.6221350+08:00 pid=68872 tid=11 left-down x=788 y=1222 wordForeground=True
2026-09-06T11:48:50.3390381+08:00 pid=68872 tid=11 left-down x=1329 y=1606 wordForeground=True
2026-09-06T11:48:55.1862829+08:00 pid=68872 tid=11 left-down x=780 y=1237 wordForeground=True
2026-09-06T11:48:59.2270572+08:00 pid=68872 tid=11 left-down x=1347 y=1604 wordForeground=False
2026-09-06T11:53:50.6064153+08:00 pid=68872 tid=11 left-down x=1083 y=2146 wordForeground=True
2026-09-06T11:54:07.0751434+08:00 pid=68872 tid=11 left-down x=1984 y=1086 wordForeground=False
2026-09-06T11:56:53.9723745+08:00 pid=68872 tid=11 left-down x=2024 y=1187 wordForeground=True
2026-09-06T11:57:01.7372207+08:00 pid=68872 tid=11 left-down x=1838 y=818 wordForeground=True
2026-09-06T12:09:32.2849790+08:00 pid=68872 tid=11 left-down x=2024 y=1187 wordForeground=True
2026-09-06T12:10:06.6673296+08:00 pid=68872 tid=11 left-down x=1838 y=688 wordForeground=True
2026-09-06T12:10:48.8200407+08:00 pid=68872 tid=11 left-down x=1151 y=1515 wordForeground=True
2026-09-06T12:10:49.3370507+08:00 pid=68872 tid=11 left-down x=1151 y=1515 wordForeground=True
2026-09-06T12:12:07.3764137+08:00 pid=68872 tid=11 left-down x=1838 y=774 wordForeground=True
2026-09-06T12:12:58.7403656+08:00 pid=68872 tid=11 left-down x=1170 y=1320 wordForeground=True
2026-09-06T12:12:59.3071371+08:00 pid=68872 tid=11 left-down x=1170 y=1320 wordForeground=True
2026-09-06T12:16:38.2099354+08:00 pid=68872 tid=11 left-down x=801 y=814 wordForeground=True
2026-09-06T12:16:39.9864867+08:00 pid=68872 tid=11 left-down x=1006 y=849 wordForeground=False
2026-09-06T12:19:29.6400140+08:00 pid=68872 tid=11 left-down x=2024 y=1187 wordForeground=True
2026-09-06T12:19:37.5730717+08:00 pid=68872 tid=11 left-down x=1838 y=688 wordForeground=True
2026-09-06T12:30:32.8756297+08:00 pid=68872 tid=11 left-down x=2024 y=1187 wordForeground=True
2026-09-06T12:36:36.6683001+08:00 pid=68872 tid=11 left-down x=2024 y=1187 wordForeground=True
2026-09-06T12:38:56.1831145+08:00 pid=68872 tid=11 left-down x=2024 y=1187 wordForeground=True
2026-09-06T12:40:48.6535797+08:00 pid=68872 tid=11 left-down x=1838 y=860 wordForeground=True
2026-09-06T12:41:32.5367478+08:00 pid=68872 tid=11 left-down x=1183 y=1627 wordForeground=True
2026-09-06T12:41:33.2115575+08:00 pid=68872 tid=11 left-down x=1183 y=1627 wordForeground=True
2026-09-06T12:42:48.6281915+08:00 pid=68872 tid=11 left-down x=1838 y=732 wordForeground=True
2026-09-06T12:44:29.2281372+08:00 pid=68872 tid=11 left-down x=1838 y=688 wordForeground=True
2026-09-06T12:51:11.5824106+08:00 pid=68872 tid=11 left-down x=1302 y=747 wordForeground=False
2026-09-06T12:52:21.9738107+08:00 pid=68872 tid=11 left-down x=2058 y=1197 wordForeground=True
2026-09-06T12:59:17.0036670+08:00 pid=68872 tid=11 left-down x=1302 y=747 wordForeground=False
2026-09-06T13:00:33.7307559+08:00 pid=68872 tid=11 left-down x=2024 y=1163 wordForeground=True
2026-09-06T13:03:49.8436209+08:00 pid=68872 tid=11 left-down x=846 y=1216 wordForeground=False
2026-09-06T13:04:06.6222619+08:00 pid=68872 tid=11 left-down x=1992 y=1336 wordForeground=True
2026-09-06T13:04:08.6471836+08:00 pid=68872 tid=11 left-down x=1947 y=1234 wordForeground=True
2026-09-06T13:04:10.4252955+08:00 pid=68872 tid=11 left-down x=1796 y=1396 wordForeground=True
2026-09-06T13:04:11.5813281+08:00 pid=68872 tid=11 left-down x=1602 y=1458 wordForeground=True
2026-09-06T13:05:18.4652415+08:00 pid=68872 tid=11 left-down x=851 y=1174 wordForeground=False
2026-09-06T13:06:17.6020233+08:00 pid=68872 tid=11 left-down x=1302 y=747 wordForeground=False
2026-09-06T13:08:48.2105019+08:00 pid=68872 tid=11 left-down x=1302 y=747 wordForeground=True
2026-09-06T13:09:21.6505959+08:00 pid=68872 tid=11 left-down x=807 y=1221 wordForeground=False
2026-09-06T13:09:26.6961953+08:00 pid=68872 tid=11 left-down x=2025 y=1437 wordForeground=True
2026-09-06T13:09:28.1889705+08:00 pid=68872 tid=11 left-down x=1854 y=1262 wordForeground=True
2026-09-06T13:09:29.3163693+08:00 pid=68872 tid=11 left-down x=1605 y=1330 wordForeground=True
2026-09-06T13:11:25.5451004+08:00 pid=68872 tid=11 left-down x=2024 y=1163 wordForeground=True
2026-09-06T13:14:21.7434937+08:00 pid=68872 tid=11 left-down x=801 y=1230 wordForeground=False
2026-09-06T13:14:41.8068299+08:00 pid=68872 tid=11 left-down x=909 y=1354 wordForeground=False
2026-09-06T13:16:13.0516453+08:00 pid=68872 tid=11 left-down x=854 y=1380 wordForeground=False
2026-09-06T13:16:15.1570447+08:00 pid=68872 tid=11 left-down x=1838 y=1436 wordForeground=False
2026-09-06T13:20:48.2058123+08:00 pid=68872 tid=11 left-down x=897 y=1337 wordForeground=False
2026-09-06T13:22:16.6330665+08:00 pid=68872 tid=11 left-down x=1079 y=2134 wordForeground=False
2026-09-06T13:23:31.0972589+08:00 pid=68872 tid=11 left-down x=912 y=1198 wordForeground=False
2026-09-06T13:23:56.4354918+08:00 pid=68872 tid=11 left-down x=300 y=15 wordForeground=False
2026-09-06T13:25:29.3928014+08:00 pid=68872 tid=11 left-down x=832 y=1274 wordForeground=False
2026-09-06T13:28:26.4678720+08:00 pid=68872 tid=11 left-down x=663 y=1262 wordForeground=False
2026-09-06T13:28:53.1120068+08:00 pid=68872 tid=11 left-down x=1317 y=747 wordForeground=False
2026-09-06T13:28:56.4785116+08:00 pid=68872 tid=11 left-down x=1792 y=747 wordForeground=False
2026-09-06T13:29:58.9813431+08:00 pid=68872 tid=11 left-down x=1317 y=747 wordForeground=False
2026-09-06T13:30:02.4291197+08:00 pid=68872 tid=11 left-down x=1792 y=747 wordForeground=False
2026-09-06T13:31:56.8400069+08:00 pid=68872 tid=11 left-down x=2024 y=1187 wordForeground=True
2026-09-06T13:33:21.5985990+08:00 pid=68872 tid=11 left-down x=895 y=904 wordForeground=False
2026-09-06T13:34:33.7485141+08:00 pid=68872 tid=11 left-down x=1838 y=860 wordForeground=True
2026-09-06T13:35:08.9850333+08:00 pid=68872 tid=11 left-down x=766 y=1265 wordForeground=False
2026-09-06T13:40:46.3420655+08:00 pid=68872 tid=11 left-down x=1317 y=747 wordForeground=False
2026-09-06T13:40:49.7636520+08:00 pid=68872 tid=11 left-down x=1792 y=747 wordForeground=False
2026-09-06T13:41:58.1788090+08:00 pid=68872 tid=11 left-down x=1317 y=747 wordForeground=False
2026-09-06T13:42:01.4885157+08:00 pid=68872 tid=11 left-down x=1792 y=747 wordForeground=False
2026-09-06T13:43:10.6349357+08:00 pid=68872 tid=11 left-down x=2024 y=1187 wordForeground=True
2026-09-06T13:51:23.3367358+08:00 pid=68872 tid=11 left-down x=1172 y=1508 wordForeground=True
2026-09-06T13:51:24.0223813+08:00 pid=68872 tid=11 left-down x=1172 y=1508 wordForeground=True
2026-09-06T13:52:14.6394864+08:00 pid=68872 tid=11 left-down x=1172 y=1088 wordForeground=True
2026-09-06T13:52:15.3582403+08:00 pid=68872 tid=11 left-down x=1172 y=1088 wordForeground=True
2026-09-06T13:56:10.8688538+08:00 pid=68872 tid=11 left-down x=1317 y=747 wordForeground=False
2026-09-06T13:56:14.1726459+08:00 pid=68872 tid=11 left-down x=1792 y=747 wordForeground=False
2026-09-06T13:57:06.5088831+08:00 pid=68872 tid=11 left-down x=1317 y=747 wordForeground=False
2026-09-06T13:57:09.9572263+08:00 pid=68872 tid=11 left-down x=1792 y=747 wordForeground=False
2026-09-06T13:58:06.3685147+08:00 pid=68872 tid=11 left-down x=2024 y=1187 wordForeground=True
2026-09-06T14:03:33.1547889+08:00 pid=68872 tid=11 left-down x=1317 y=747 wordForeground=False
2026-09-06T14:03:36.3821081+08:00 pid=68872 tid=11 left-down x=1792 y=747 wordForeground=False
2026-09-06T14:04:16.8815212+08:00 pid=68872 tid=11 left-down x=1317 y=747 wordForeground=False
2026-09-06T14:04:20.2974177+08:00 pid=68872 tid=11 left-down x=1792 y=747 wordForeground=False
2026-09-06T14:05:25.1559421+08:00 pid=68872 tid=11 left-down x=2024 y=1187 wordForeground=True
2026-09-06T14:07:17.2517270+08:00 pid=68872 tid=11 left-down x=1838 y=688 wordForeground=True
2026-09-06T14:08:16.9533356+08:00 pid=68872 tid=11 left-down x=1141 y=1508 wordForeground=True
2026-09-06T14:08:17.5205414+08:00 pid=68872 tid=11 left-down x=1141 y=1508 wordForeground=True
2026-09-06T14:13:47.0109152+08:00 pid=68872 tid=11 left-down x=1141 y=1508 wordForeground=True
2026-09-06T14:13:47.5427280+08:00 pid=68872 tid=11 left-down x=1141 y=1508 wordForeground=True
2026-09-06T14:16:20.6761058+08:00 pid=68872 tid=11 left-down x=1317 y=747 wordForeground=False
2026-09-06T14:16:24.0248597+08:00 pid=68872 tid=11 left-down x=1792 y=747 wordForeground=False
2026-09-06T14:17:35.6698511+08:00 pid=68872 tid=11 left-down x=1317 y=747 wordForeground=False
2026-09-06T14:17:39.1992676+08:00 pid=68872 tid=11 left-down x=1792 y=747 wordForeground=False
2026-09-06T14:18:31.6782348+08:00 pid=68872 tid=11 left-down x=2024 y=1187 wordForeground=True
2026-09-06T14:20:28.7604779+08:00 pid=68872 tid=11 left-down x=1838 y=860 wordForeground=True
2026-09-06T14:21:51.4316964+08:00 pid=68872 tid=11 left-down x=1172 y=1568 wordForeground=True
2026-09-06T14:21:51.9662632+08:00 pid=68872 tid=11 left-down x=1172 y=1568 wordForeground=True
2026-09-06T14:22:33.2901335+08:00 pid=68872 tid=11 left-down x=1382 y=1120 wordForeground=False
2026-09-06T14:22:35.7234507+08:00 pid=68872 tid=11 left-down x=2178 y=458 wordForeground=False
2026-09-06T14:22:38.3200530+08:00 pid=68872 tid=11 left-down x=2492 y=460 wordForeground=False
2026-09-06T14:30:54.9535331+08:00 pid=68872 tid=11 left-down x=1382 y=1120 wordForeground=False
2026-09-06T14:30:57.2280144+08:00 pid=68872 tid=11 left-down x=2178 y=458 wordForeground=False
2026-09-06T14:30:59.4963313+08:00 pid=68872 tid=11 left-down x=2492 y=460 wordForeground=False
2026-09-06T14:32:40.5136082+08:00 pid=68872 tid=11 left-down x=2332 y=460 wordForeground=False
2026-09-06T14:37:41.0359882+08:00 pid=68872 tid=11 left-down x=1382 y=1120 wordForeground=False
2026-09-06T14:37:43.6158016+08:00 pid=68872 tid=11 left-down x=2332 y=460 wordForeground=False
2026-09-06T14:37:46.0301641+08:00 pid=68872 tid=11 left-down x=2492 y=460 wordForeground=False
2026-09-06T14:39:06.7474719+08:00 pid=68872 tid=11 left-down x=2024 y=1259 wordForeground=True
2026-09-06T14:39:15.3625827+08:00 pid=68872 tid=11 left-down x=1838 y=688 wordForeground=True
2026-09-06T14:46:02.9597181+08:00 pid=68872 tid=11 left-down x=1838 y=860 wordForeground=True
2026-09-06T14:46:11.3793962+08:00 pid=68872 tid=11 left-down x=1382 y=1120 wordForeground=False
2026-09-06T14:47:27.9914252+08:00 pid=68872 tid=11 left-down x=2332 y=460 wordForeground=False
2026-09-06T14:47:30.7510383+08:00 pid=68872 tid=11 left-down x=2492 y=460 wordForeground=False
2026-09-06T14:48:35.9749330+08:00 pid=68872 tid=11 left-down x=2024 y=1259 wordForeground=True
2026-09-06T14:48:44.2911252+08:00 pid=68872 tid=11 left-down x=1838 y=688 wordForeground=True
2026-09-06T14:49:32.6491302+08:00 pid=68872 tid=11 left-down x=1136 y=1941 wordForeground=True
2026-09-06T14:49:33.2693942+08:00 pid=68872 tid=11 left-down x=1136 y=1941 wordForeground=True
2026-09-06T14:50:12.7882116+08:00 pid=68872 tid=11 left-down x=1838 y=860 wordForeground=True
2026-09-06T14:53:21.1999433+08:00 pid=68872 tid=11 left-down x=1838 y=688 wordForeground=True
2026-09-06T14:53:30.0577030+08:00 pid=68872 tid=11 left-down x=1382 y=1120 wordForeground=False
2026-09-06T14:53:32.8295429+08:00 pid=68872 tid=11 left-down x=2332 y=460 wordForeground=False
2026-09-06T14:53:35.1498300+08:00 pid=68872 tid=11 left-down x=2492 y=460 wordForeground=False
2026-09-06T14:55:35.4891566+08:00 pid=68872 tid=11 left-down x=2024 y=1187 wordForeground=True
2026-09-06T14:59:40.0713570+08:00 pid=68872 tid=11 left-down x=1776 y=1270 wordForeground=False
2026-09-06T15:07:01.5219243+08:00 pid=68872 tid=11 left-down x=1140 y=1245 wordForeground=True
2026-09-06T15:07:02.0227572+08:00 pid=68872 tid=11 left-down x=1140 y=1245 wordForeground=True
2026-09-06T15:09:35.4392182+08:00 pid=68872 tid=11 left-down x=1776 y=1270 wordForeground=False
2026-09-06T15:21:10.6788773+08:00 pid=68872 tid=11 left-down x=1838 y=688 wordForeground=True
2026-09-06T15:21:35.0470241+08:00 pid=68872 tid=11 left-down x=1382 y=1120 wordForeground=False
2026-09-06T15:21:37.8677050+08:00 pid=68872 tid=11 left-down x=2332 y=460 wordForeground=False
2026-09-06T15:21:40.2110784+08:00 pid=68872 tid=11 left-down x=2492 y=460 wordForeground=False
2026-09-06T15:22:32.5226238+08:00 pid=68872 tid=11 left-down x=2024 y=1187 wordForeground=True
2026-09-06T15:26:36.6708515+08:00 pid=68872 tid=11 left-down x=1140 y=1088 wordForeground=True
2026-09-06T15:26:37.2930757+08:00 pid=68872 tid=11 left-down x=1140 y=1088 wordForeground=True
2026-09-06T15:27:09.2332338+08:00 pid=68872 tid=11 left-down x=1838 y=688 wordForeground=True
2026-09-06T15:27:51.6637916+08:00 pid=68872 tid=11 left-down x=1382 y=1120 wordForeground=False
2026-09-06T15:27:54.5738708+08:00 pid=68872 tid=11 left-down x=2332 y=460 wordForeground=False
2026-09-06T15:27:56.9602911+08:00 pid=68872 tid=11 left-down x=2492 y=460 wordForeground=False
2026-09-06T15:29:57.2276418+08:00 pid=68872 tid=11 left-down x=1776 y=1270 wordForeground=False
2026-09-06T15:30:43.2900120+08:00 pid=68872 tid=11 left-down x=2024 y=1187 wordForeground=True
2026-09-06T15:31:48.5525498+08:00 pid=68872 tid=11 left-down x=698 y=1234 wordForeground=False
2026-09-06T15:31:52.2756065+08:00 pid=68872 tid=11 left-down x=1685 y=1610 wordForeground=True
2026-09-06T15:33:03.4584793+08:00 pid=68872 tid=11 left-down x=1838 y=860 wordForeground=True
2026-09-06T15:33:48.4875349+08:00 pid=68872 tid=11 left-down x=219 y=1479 wordForeground=False
2026-09-06T15:33:54.3558705+08:00 pid=68872 tid=11 left-down x=1323 y=1598 wordForeground=False
2026-09-06T15:35:00.5403038+08:00 pid=68872 tid=11 left-down x=1170 y=1088 wordForeground=True
2026-09-06T15:35:01.1959977+08:00 pid=68872 tid=11 left-down x=1170 y=1088 wordForeground=True
2026-09-06T15:35:43.4147107+08:00 pid=68872 tid=11 left-down x=837 y=1166 wordForeground=False
2026-09-06T15:36:00.1984435+08:00 pid=68872 tid=11 left-down x=2078 y=1366 wordForeground=True
2026-09-06T15:37:05.4166230+08:00 pid=68872 tid=11 left-down x=1776 y=1270 wordForeground=False
2026-09-06T15:46:37.1393283+08:00 pid=68872 tid=11 left-down x=1838 y=688 wordForeground=True
2026-09-06T15:46:45.7965669+08:00 pid=68872 tid=11 left-down x=1382 y=1120 wordForeground=False
2026-09-06T15:46:49.0592403+08:00 pid=68872 tid=11 left-down x=2332 y=460 wordForeground=False
2026-09-06T15:46:51.0565449+08:00 pid=68872 tid=11 left-down x=2492 y=460 wordForeground=False
2026-09-06T15:49:12.8988329+08:00 pid=68872 tid=11 left-down x=1776 y=1270 wordForeground=False
2026-09-06T15:50:00.8779676+08:00 pid=68872 tid=11 left-down x=2024 y=1187 wordForeground=True
2026-09-06T15:50:09.9307983+08:00 pid=68872 tid=11 left-down x=1838 y=860 wordForeground=True
2026-09-06T15:54:09.4117847+08:00 pid=68872 tid=11 left-down x=1170 y=1118 wordForeground=True
2026-09-06T15:54:09.9816172+08:00 pid=68872 tid=11 left-down x=1170 y=1118 wordForeground=True
2026-09-06T15:54:20.4846913+08:00 pid=68872 tid=11 left-down x=1776 y=1270 wordForeground=False
2026-09-06T15:55:19.2255582+08:00 pid=68872 tid=11 left-down x=758 y=1250 wordForeground=False
2026-09-06T15:55:45.2166038+08:00 pid=68872 tid=11 left-down x=820 y=1253 wordForeground=False
2026-09-06T15:55:56.8378368+08:00 pid=68872 tid=11 left-down x=2051 y=1093 wordForeground=True
2026-09-06T15:57:04.8768461+08:00 pid=68872 tid=11 left-down x=763 y=1216 wordForeground=False
2026-09-06T15:57:07.0303610+08:00 pid=68872 tid=11 left-down x=2028 y=1110 wordForeground=True
2026-09-06T15:57:10.0284353+08:00 pid=68872 tid=11 left-down x=770 y=1090 wordForeground=False
2026-09-06T15:57:11.7577691+08:00 pid=68872 tid=11 left-down x=618 y=1046 wordForeground=False
2026-09-06T15:57:15.8771979+08:00 pid=68872 tid=11 left-down x=1892 y=402 wordForeground=False
2026-09-06T15:57:20.7952886+08:00 pid=68872 tid=11 left-down x=1965 y=1091 wordForeground=True
2026-09-06T15:57:24.2760541+08:00 pid=68872 tid=11 left-down x=717 y=1085 wordForeground=False
2026-09-06T15:57:26.5139785+08:00 pid=68872 tid=11 left-down x=620 y=1012 wordForeground=False
2026-09-06T15:57:29.1911469+08:00 pid=68872 tid=11 left-down x=1896 y=398 wordForeground=False
2026-09-06T15:57:33.8085360+08:00 pid=68872 tid=11 left-down x=1979 y=1077 wordForeground=True
2026-09-06T16:04:19.5275637+08:00 pid=68872 tid=11 left-down x=153 y=1448 wordForeground=False
2026-09-06T16:04:22.8295014+08:00 pid=68872 tid=11 left-down x=963 y=1227 wordForeground=False
2026-09-06T16:05:05.4872541+08:00 pid=68872 tid=11 left-down x=1838 y=688 wordForeground=True
2026-09-06T16:05:14.0841717+08:00 pid=68872 tid=11 left-down x=1382 y=1120 wordForeground=False
2026-09-06T16:05:16.8491733+08:00 pid=68872 tid=11 left-down x=2332 y=460 wordForeground=False
2026-09-06T16:05:19.3694912+08:00 pid=68872 tid=11 left-down x=2492 y=460 wordForeground=False
2026-09-06T16:06:52.3779211+08:00 pid=68872 tid=11 left-down x=1776 y=1270 wordForeground=False
2026-09-06T16:08:00.3106985+08:00 pid=68872 tid=11 left-down x=2024 y=1187 wordForeground=True
2026-09-06T16:08:21.0238048+08:00 pid=68872 tid=11 left-down x=1838 y=860 wordForeground=True
2026-09-06T16:12:08.1572407+08:00 pid=68872 tid=11 left-down x=1776 y=1270 wordForeground=False
2026-09-06T16:15:16.1072637+08:00 pid=68872 tid=11 left-down x=772 y=1266 wordForeground=False
2026-09-06T16:15:25.0064099+08:00 pid=68872 tid=11 left-down x=1844 y=1725 wordForeground=True
2026-09-06T16:18:11.7094964+08:00 pid=68872 tid=11 left-down x=1776 y=1270 wordForeground=False
2026-09-06T16:26:34.0846573+08:00 pid=68872 tid=11 left-down x=1382 y=1120 wordForeground=False
2026-09-06T16:26:36.6663406+08:00 pid=68872 tid=11 left-down x=2332 y=460 wordForeground=False
2026-09-06T16:26:38.9320410+08:00 pid=68872 tid=11 left-down x=2492 y=460 wordForeground=False
2026-09-06T16:27:41.2783077+08:00 pid=68872 tid=11 left-down x=713 y=1227 wordForeground=False
2026-09-06T16:27:46.9867889+08:00 pid=68872 tid=11 left-down x=1874 y=1436 wordForeground=True
2026-09-06T16:27:57.6678595+08:00 pid=68872 tid=11 left-down x=700 y=1238 wordForeground=False
2026-09-06T16:28:02.8800072+08:00 pid=68872 tid=11 left-down x=1742 y=1814 wordForeground=True
2026-09-06T16:28:20.3406065+08:00 pid=68872 tid=11 left-down x=2024 y=1187 wordForeground=True
2026-09-06T16:29:40.1990282+08:00 pid=68872 tid=11 left-down x=1172 y=1836 wordForeground=True
2026-09-06T16:29:40.8025321+08:00 pid=68872 tid=11 left-down x=1172 y=1836 wordForeground=True
2026-09-06T16:30:24.8880414+08:00 pid=68872 tid=11 left-down x=739 y=1231 wordForeground=False
2026-09-06T16:30:36.1563172+08:00 pid=68872 tid=11 left-down x=1776 y=1270 wordForeground=False
2026-09-06T16:40:50.5252367+08:00 pid=68872 tid=11 left-down x=1382 y=1120 wordForeground=False
2026-09-06T16:40:52.9972903+08:00 pid=68872 tid=11 left-down x=2332 y=460 wordForeground=False
2026-09-06T16:40:55.5282859+08:00 pid=68872 tid=11 left-down x=2492 y=460 wordForeground=False
2026-09-06T16:43:15.7723293+08:00 pid=68872 tid=11 left-down x=1776 y=1270 wordForeground=False
2026-09-06T16:44:46.6213182+08:00 pid=68872 tid=11 left-down x=2024 y=1187 wordForeground=True
2026-09-06T16:45:51.5132405+08:00 pid=68872 tid=11 left-down x=691 y=1252 wordForeground=False
2026-09-06T16:46:01.0815620+08:00 pid=68872 tid=11 left-down x=191 y=1485 wordForeground=False
2026-09-06T16:46:04.0184934+08:00 pid=68872 tid=11 left-down x=2508 y=1121 wordForeground=True
2026-09-06T16:47:31.8196800+08:00 pid=68872 tid=11 left-down x=776 y=1255 wordForeground=False
2026-09-06T16:47:45.0448686+08:00 pid=68872 tid=11 left-down x=710 y=994 wordForeground=False
2026-09-06T16:47:46.8447252+08:00 pid=68872 tid=11 left-down x=699 y=1023 wordForeground=False
2026-09-06T16:47:48.5282235+08:00 pid=68872 tid=11 left-down x=743 y=1042 wordForeground=False
2026-09-06T16:47:51.0374959+08:00 pid=68872 tid=11 left-down x=764 y=1021 wordForeground=False
2026-09-06T16:47:55.0335692+08:00 pid=68872 tid=11 left-down x=831 y=1077 wordForeground=False
2026-09-06T16:48:05.3471290+08:00 pid=68872 tid=11 left-down x=1046 y=1329 wordForeground=False
2026-09-06T16:48:39.4391585+08:00 pid=68872 tid=11 left-down x=271 y=1440 wordForeground=False
2026-09-06T16:48:41.2224922+08:00 pid=68872 tid=11 left-down x=253 y=1462 wordForeground=False
2026-09-06T16:48:45.0037252+08:00 pid=68872 tid=11 left-down x=270 y=1333 wordForeground=False
2026-09-06T16:48:47.2217008+08:00 pid=68872 tid=11 left-down x=196 y=705 wordForeground=False
2026-09-06T16:48:51.8223223+08:00 pid=68872 tid=11 left-down x=135 y=384 wordForeground=False
2026-09-06T16:58:19.4384448+08:00 pid=68872 tid=11 left-down x=1382 y=1120 wordForeground=False
2026-09-06T16:58:22.3912034+08:00 pid=68872 tid=11 left-down x=2332 y=460 wordForeground=False
2026-09-06T16:58:24.8978680+08:00 pid=68872 tid=11 left-down x=2492 y=460 wordForeground=False
2026-09-06T16:59:24.7288133+08:00 pid=68872 tid=11 left-down x=1776 y=1270 wordForeground=False
2026-09-06T17:00:19.2096772+08:00 pid=68872 tid=11 left-down x=2024 y=1187 wordForeground=True
2026-09-06T17:03:55.0772211+08:00 pid=68872 tid=11 left-down x=711 y=1181 wordForeground=False
2026-09-06T17:04:02.9187618+08:00 pid=68872 tid=11 left-down x=2039 y=1034 wordForeground=True
2026-09-06T17:04:12.4767615+08:00 pid=68872 tid=11 left-down x=759 y=1233 wordForeground=False
2026-09-06T17:06:41.5614502+08:00 pid=68872 tid=11 left-down x=672 y=1256 wordForeground=False
2026-09-06T17:06:50.2377730+08:00 pid=68872 tid=11 left-down x=250 y=1460 wordForeground=False
2026-09-06T17:06:53.1656414+08:00 pid=68872 tid=11 left-down x=902 y=1143 wordForeground=False
2026-09-06T17:08:07.7755070+08:00 pid=68872 tid=11 left-down x=1382 y=1120 wordForeground=False
2026-09-06T17:08:10.3081455+08:00 pid=68872 tid=11 left-down x=2332 y=460 wordForeground=False
2026-09-06T17:08:12.8865889+08:00 pid=68872 tid=11 left-down x=2492 y=460 wordForeground=False
2026-09-06T17:08:28.3171080+08:00 pid=68872 tid=11 left-down x=1776 y=1270 wordForeground=False
2026-09-06T17:08:41.3936957+08:00 pid=68872 tid=11 left-down x=2024 y=1187 wordForeground=True
2026-09-06T17:09:36.5998652+08:00 pid=68872 tid=11 left-down x=841 y=1058 wordForeground=True
2026-09-06T17:10:30.4162031+08:00 pid=68872 tid=11 left-down x=1945 y=1414 wordForeground=True
2026-09-06T17:10:34.7164805+08:00 pid=68872 tid=11 left-down x=782 y=1229 wordForeground=False
2026-09-06T17:10:37.8688067+08:00 pid=68872 tid=11 left-down x=720 y=1078 wordForeground=False
2026-09-06T17:10:41.0227502+08:00 pid=68872 tid=11 left-down x=607 y=974 wordForeground=False
2026-09-06T17:10:44.5255395+08:00 pid=68872 tid=11 left-down x=1871 y=407 wordForeground=False
2026-09-06T17:10:48.6574805+08:00 pid=68872 tid=11 left-down x=2301 y=1453 wordForeground=True
2026-09-06T17:11:37.2274499+08:00 pid=68872 tid=11 left-down x=1776 y=1270 wordForeground=False
2026-09-06T17:13:19.2730849+08:00 pid=68872 tid=11 left-down x=837 y=1224 wordForeground=False
2026-09-06T17:14:15.8767506+08:00 pid=68872 tid=11 left-down x=1838 y=688 wordForeground=True
2026-09-06T17:15:24.3874066+08:00 pid=68872 tid=11 left-down x=1141 y=1087 wordForeground=True
2026-09-06T17:15:24.9001134+08:00 pid=68872 tid=11 left-down x=1141 y=1087 wordForeground=True
2026-09-06T17:16:50.2613226+08:00 pid=68872 tid=11 left-down x=779 y=1278 wordForeground=False
2026-09-06T17:18:48.9935071+08:00 pid=68872 tid=11 left-down x=770 y=1201 wordForeground=False
2026-09-06T17:18:56.1185959+08:00 pid=68872 tid=11 left-down x=2258 y=1350 wordForeground=True
2026-09-06T17:20:34.3349605+08:00 pid=68872 tid=11 left-down x=1382 y=1120 wordForeground=False
2026-09-06T17:20:36.7151935+08:00 pid=68872 tid=11 left-down x=2332 y=460 wordForeground=False
2026-09-06T17:20:39.3903034+08:00 pid=68872 tid=11 left-down x=2492 y=460 wordForeground=False
2026-09-06T17:22:10.6179059+08:00 pid=68872 tid=11 left-down x=1935 y=1345 wordForeground=True
2026-09-06T17:22:13.8989419+08:00 pid=68872 tid=11 left-down x=1808 y=1615 wordForeground=True
2026-09-06T17:23:05.3052173+08:00 pid=68872 tid=11 left-down x=1776 y=1270 wordForeground=False
2026-09-06T17:23:33.4223008+08:00 pid=68872 tid=11 left-down x=2024 y=1187 wordForeground=True
2026-09-06T17:32:01.2813619+08:00 pid=68872 tid=11 left-down x=868 y=930 wordForeground=False
2026-09-06T17:32:12.9982799+08:00 pid=68872 tid=11 left-down x=716 y=707 wordForeground=False
2026-09-06T17:32:15.5726159+08:00 pid=68872 tid=11 left-down x=653 y=533 wordForeground=False
2026-09-06T17:32:18.8857712+08:00 pid=68872 tid=11 left-down x=1891 y=416 wordForeground=False
2026-09-06T17:34:02.1899144+08:00 pid=68872 tid=11 left-down x=1382 y=1120 wordForeground=False
2026-09-06T17:34:05.0551118+08:00 pid=68872 tid=11 left-down x=2332 y=460 wordForeground=False
2026-09-06T17:34:07.7431020+08:00 pid=68872 tid=11 left-down x=2492 y=460 wordForeground=False
2026-09-06T17:35:40.0866554+08:00 pid=68872 tid=11 left-down x=675 y=1190 wordForeground=False
2026-09-06T17:35:46.6909955+08:00 pid=68872 tid=11 left-down x=1961 y=1652 wordForeground=True
2026-09-06T17:35:49.7901495+08:00 pid=68872 tid=11 left-down x=1986 y=1555 wordForeground=True
2026-09-06T17:36:01.7885267+08:00 pid=68872 tid=11 left-down x=1382 y=1120 wordForeground=False
2026-09-06T17:36:04.5412323+08:00 pid=68872 tid=11 left-down x=2332 y=460 wordForeground=False
2026-09-06T17:36:07.1773204+08:00 pid=68872 tid=11 left-down x=2492 y=460 wordForeground=False
2026-09-06T17:38:54.6440174+08:00 pid=68872 tid=11 left-down x=813 y=1058 wordForeground=False
2026-09-06T17:39:06.5690647+08:00 pid=68872 tid=11 left-down x=2050 y=1012 wordForeground=True
2026-09-06T17:39:10.1532094+08:00 pid=68872 tid=11 left-down x=255 y=1492 wordForeground=False
2026-09-06T17:39:13.0919565+08:00 pid=68872 tid=11 left-down x=961 y=1043 wordForeground=False
2026-09-06T17:40:57.8198263+08:00 pid=68872 tid=11 left-down x=1382 y=1120 wordForeground=False
2026-09-06T17:41:00.2935912+08:00 pid=68872 tid=11 left-down x=2332 y=460 wordForeground=False
2026-09-06T17:41:02.3952261+08:00 pid=68872 tid=11 left-down x=2492 y=460 wordForeground=False
2026-09-06T17:41:59.2488852+08:00 pid=68872 tid=11 left-down x=1776 y=1270 wordForeground=False
2026-09-06T17:42:17.4537253+08:00 pid=68872 tid=11 left-down x=2024 y=1187 wordForeground=True
2026-09-06T17:44:01.3698643+08:00 pid=68872 tid=11 left-down x=596 y=1205 wordForeground=False
2026-09-06T17:44:22.1034501+08:00 pid=68872 tid=11 left-down x=2094 y=1018 wordForeground=True
2026-09-06T17:44:25.3946154+08:00 pid=68872 tid=11 left-down x=763 y=1215 wordForeground=False
2026-09-06T17:45:09.8595018+08:00 pid=68872 tid=11 left-down x=737 y=1273 wordForeground=False
2026-09-06T17:45:12.9944272+08:00 pid=68872 tid=11 left-down x=2357 y=1096 wordForeground=False
2026-09-06T17:47:34.3785565+08:00 pid=68872 tid=11 left-down x=894 y=1217 wordForeground=False
2026-09-06T17:47:53.7651831+08:00 pid=68872 tid=11 left-down x=1382 y=1120 wordForeground=False
2026-09-06T17:47:56.3764432+08:00 pid=68872 tid=11 left-down x=2332 y=460 wordForeground=False
2026-09-06T17:47:59.0642828+08:00 pid=68872 tid=11 left-down x=2492 y=460 wordForeground=False
2026-09-06T17:48:44.3484862+08:00 pid=68872 tid=11 left-down x=1776 y=1270 wordForeground=False
2026-09-06T17:48:59.7411120+08:00 pid=68872 tid=11 left-down x=2024 y=1187 wordForeground=True
2026-09-06T17:50:39.6806302+08:00 pid=68872 tid=11 left-down x=836 y=1237 wordForeground=False
2026-09-06T17:50:43.4118251+08:00 pid=68872 tid=11 left-down x=2059 y=1068 wordForeground=True
2026-09-06T17:51:48.9320028+08:00 pid=68872 tid=11 left-down x=607 y=1205 wordForeground=False
2026-09-06T17:51:52.1815810+08:00 pid=68872 tid=11 left-down x=1466 y=1103 wordForeground=False
2026-09-06T17:54:23.8649486+08:00 pid=68872 tid=11 left-down x=1382 y=1120 wordForeground=False
2026-09-06T17:54:27.0687612+08:00 pid=68872 tid=11 left-down x=2332 y=460 wordForeground=False
2026-09-06T17:54:29.9033509+08:00 pid=68872 tid=11 left-down x=2492 y=460 wordForeground=False
2026-09-06T17:55:24.5181104+08:00 pid=68872 tid=11 left-down x=1776 y=1270 wordForeground=False
2026-09-06T17:55:40.1880085+08:00 pid=68872 tid=11 left-down x=2024 y=1211 wordForeground=True
2026-09-06T17:57:00.8446343+08:00 pid=68872 tid=11 left-down x=808 y=1255 wordForeground=False
2026-09-06T17:57:09.8776880+08:00 pid=68872 tid=11 left-down x=1866 y=1723 wordForeground=True
2026-09-06T17:57:19.6390659+08:00 pid=68872 tid=11 left-down x=1905 y=1516 wordForeground=True
2026-09-06T17:58:43.5282335+08:00 pid=68872 tid=11 left-down x=1948 y=1269 wordForeground=True
2026-09-06T17:58:47.2642382+08:00 pid=68872 tid=11 left-down x=1778 y=1476 wordForeground=True
2026-09-06T17:58:51.5444823+08:00 pid=68872 tid=11 left-down x=1141 y=1482 wordForeground=True
2026-09-06T17:58:52.3241258+08:00 pid=68872 tid=11 left-down x=1141 y=1482 wordForeground=True
2026-09-06T17:59:19.2166736+08:00 pid=68872 tid=11 left-down x=1776 y=1270 wordForeground=False
2026-09-06T18:00:01.8128044+08:00 pid=68872 tid=11 left-down x=853 y=1268 wordForeground=False
2026-09-06T18:00:05.2609293+08:00 pid=68872 tid=11 left-down x=2132 y=1445 wordForeground=True
2026-09-06T18:02:53.5365063+08:00 pid=68872 tid=11 left-down x=705 y=1242 wordForeground=False
2026-09-06T18:02:58.4127702+08:00 pid=68872 tid=11 left-down x=2064 y=1539 wordForeground=True
2026-09-06T18:03:23.7018402+08:00 pid=68872 tid=11 left-down x=1776 y=1270 wordForeground=False
2026-09-06T18:08:48.3835298+08:00 pid=68872 tid=11 left-down x=765 y=1027 wordForeground=False
2026-09-06T18:08:52.3825687+08:00 pid=68872 tid=11 left-down x=247 y=1478 wordForeground=False
2026-09-06T18:08:56.1233542+08:00 pid=68872 tid=11 left-down x=664 y=936 wordForeground=False
2026-09-06T18:09:00.1945951+08:00 pid=68872 tid=11 left-down x=1877 y=399 wordForeground=False
2026-09-06T18:11:21.9088383+08:00 pid=68872 tid=11 left-down x=822 y=1270 wordForeground=False
2026-09-06T18:11:31.6298130+08:00 pid=68872 tid=11 left-down x=1265 y=1795 wordForeground=True
2026-09-06T18:13:09.2615665+08:00 pid=68872 tid=11 left-down x=1317 y=747 wordForeground=False
2026-09-06T18:13:11.5076303+08:00 pid=68872 tid=11 left-down x=1602 y=747 wordForeground=False
2026-09-06T18:13:28.1186185+08:00 pid=68872 tid=11 left-down x=1382 y=1120 wordForeground=False
2026-09-06T18:13:31.0075424+08:00 pid=68872 tid=11 left-down x=2332 y=460 wordForeground=False
2026-09-06T18:13:33.5701167+08:00 pid=68872 tid=11 left-down x=2492 y=460 wordForeground=False
2026-09-06T18:14:35.1290635+08:00 pid=68872 tid=11 left-down x=806 y=1212 wordForeground=False
2026-09-06T18:14:52.3276482+08:00 pid=68872 tid=11 left-down x=815 y=1228 wordForeground=False
2026-09-06T18:14:59.1617451+08:00 pid=68872 tid=11 left-down x=2177 y=1494 wordForeground=True
2026-09-06T18:15:03.1532038+08:00 pid=68872 tid=11 left-down x=2100 y=1471 wordForeground=True
2026-09-06T18:15:04.8067434+08:00 pid=68872 tid=11 left-down x=2019 y=1474 wordForeground=True
2026-09-06T18:15:05.1243635+08:00 pid=68872 tid=11 left-down x=2019 y=1475 wordForeground=True
2026-09-06T18:15:05.1253634+08:00 pid=68872 tid=11 double-click elapsedMs=318.287 withinX=True withinY=True nativeOleTarget=False suppressSecondDown=False dispatchCallback=True
2026-09-06T18:15:05.2350268+08:00 pid=68872 tid=6 callback-begin interceptedNativeOle=False x=2019 y=1475
2026-09-06T18:15:05.2350268+08:00 pid=68872 tid=6 addin-callback-received interceptedNativeOle=False x=2019 y=1475
2026-09-06T18:15:05.2360271+08:00 pid=68872 tid=6 callback-end
2026-09-06T18:15:05.2420269+08:00 pid=68872 tid=1 addin-coordinate-selection formulaId=<null> objectMode=<null>
2026-09-06T18:15:13.5116730+08:00 pid=68872 tid=11 left-down x=2639 y=748 wordForeground=True
2026-09-06T18:15:18.2953609+08:00 pid=68872 tid=11 left-down x=835 y=1292 wordForeground=False
2026-09-06T18:15:20.2188662+08:00 pid=68872 tid=11 left-down x=848 y=1359 wordForeground=False
2026-09-06T18:15:22.3186681+08:00 pid=68872 tid=11 left-down x=863 y=1433 wordForeground=False
2026-09-06T18:15:57.5878211+08:00 pid=68872 tid=11 left-down x=218 y=1472 wordForeground=False
2026-09-06T18:18:01.4251382+08:00 pid=68872 tid=11 left-down x=1317 y=747 wordForeground=False
2026-09-06T18:18:19.4731780+08:00 pid=68872 tid=11 left-down x=1382 y=1120 wordForeground=False
2026-09-06T18:18:22.6928082+08:00 pid=68872 tid=11 left-down x=2332 y=460 wordForeground=False
2026-09-06T18:18:25.4954135+08:00 pid=68872 tid=11 left-down x=2492 y=460 wordForeground=False
2026-09-06T18:19:42.3808881+08:00 pid=68872 tid=11 left-down x=1776 y=1270 wordForeground=False
2026-09-06T18:19:56.1329104+08:00 pid=68872 tid=11 left-down x=2024 y=1211 wordForeground=True
2026-09-06T18:22:19.9072028+08:00 pid=68872 tid=11 left-down x=2067 y=1076 wordForeground=True
2026-09-06T18:22:25.9273746+08:00 pid=68872 tid=11 left-down x=1136 y=1362 wordForeground=False
2026-09-06T18:22:56.0575592+08:00 pid=68872 tid=11 left-down x=2228 y=1331 wordForeground=False
2026-09-06T18:23:01.7081184+08:00 pid=68872 tid=11 left-down x=684 y=811 wordForeground=False
2026-09-06T18:23:04.4490020+08:00 pid=68872 tid=11 left-down x=677 y=753 wordForeground=False
2026-09-06T18:23:10.8330764+08:00 pid=68872 tid=11 left-down x=1890 y=411 wordForeground=False
2026-09-06T18:23:16.2468125+08:00 pid=68872 tid=11 left-down x=1381 y=2159 wordForeground=False
2026-09-06T18:23:25.4506668+08:00 pid=68872 tid=11 left-down x=803 y=1363 wordForeground=False
2026-09-06T18:25:28.4645749+08:00 pid=68872 tid=11 left-down x=1245 y=1142 wordForeground=False
2026-09-06T18:25:33.7862328+08:00 pid=68872 tid=11 left-down x=227 y=1461 wordForeground=False
2026-09-06T18:25:39.3495063+08:00 pid=68872 tid=11 left-down x=830 y=1233 wordForeground=False
