2026-09-06T21:22:57.4896170+08:00 pid=77768 [perf] update-numbers.health-fail reason=no-parseable-field-codes
2026-09-06T21:23:13.4730820+08:00 pid=77768 [perf] ConvertedOmmlBatch.inventory: +606ms (606ms)
2026-09-06T21:23:13.4792484+08:00 pid=77768 [perf] ConvertedOmmlBatch.number-plan: +6ms (612ms)
2026-09-06T21:23:13.5724256+08:00 pid=77768 [perf] ConvertedOmmlBatch.locate-target: +94ms (706ms)
2026-09-06T21:23:13.5784248+08:00 pid=77768 [perf] ConvertedOmmlBatch.true-display-native-resolve-display: +6ms (712ms)
2026-09-06T21:23:13.6144225+08:00 pid=77768 [perf] ConvertedOmmlBatch.true-display-native-clear-artifacts: +35ms (747ms)
2026-09-06T21:23:13.6786574+08:00 pid=77768 [perf] ConvertedOmmlBatch.true-display-native-measure-display: +65ms (812ms)
2026-09-06T21:23:13.7212304+08:00 pid=77768 [perf] ConvertedOmmlBatch.true-display-native-ensure-table: +43ms (855ms)
2026-09-06T21:23:13.7222303+08:00 pid=77768 [perf] ConvertedOmmlBatch.true-display-native-resolve-table-formula: +1ms (856ms)
2026-09-06T21:23:13.7232284+08:00 pid=77768 [perf] ConvertedOmmlBatch.true-display-native-height-repair: +0ms (856ms)
2026-09-06T21:23:13.8307403+08:00 pid=77768 [perf] ConvertedOmmlBatch.true-display-native-geometry: +108ms (964ms)
2026-09-06T21:23:13.8307403+08:00 pid=77768 [perf] ConvertedOmmlBatch.true-display-native-1x3-table: +0ms (964ms)
2026-09-06T21:23:13.8317410+08:00 pid=77768 [perf] ConvertedOmmlBatch.true-display-direct-number-plan: +1ms (965ms)
2026-09-06T21:23:14.0892271+08:00 pid=77768 [perf] ConvertedOmmlBatch.true-display-direct-visible-seq: +257ms (1222ms)
2026-09-06T21:23:14.1530712+08:00 pid=77768 [perf] remove-owned-post-table-anchor generated=502:503 original=503:516
2026-09-06T21:23:14.1676459+08:00 pid=77768 [perf] ConvertedOmmlBatch.true-display-native-post-table-spacing: +79ms (1301ms)
2026-09-06T21:23:14.2227879+08:00 pid=77768 [perf] ConvertedOmmlBatch.true-display-native-wrap-identity: +56ms (1357ms)
2026-09-06T21:23:14.2237877+08:00 pid=77768 [perf] ConvertedOmmlBatch.true-display-host: +0ms (1357ms)
2026-09-06T21:23:14.3560252+08:00 pid=77768 [perf] ConvertedOmmlBatch.repair-identity: +133ms (1490ms)
2026-09-06T21:23:14.4633818+08:00 pid=77768 [perf] ConvertedOmmlBatch.locate-target: +107ms (1597ms)
2026-09-06T21:23:14.4653818+08:00 pid=77768 [perf] ConvertedOmmlBatch.true-display-native-resolve-display: +2ms (1599ms)
2026-09-06T21:23:14.5114394+08:00 pid=77768 [perf] ConvertedOmmlBatch.true-display-native-clear-artifacts: +46ms (1645ms)
2026-09-06T21:23:14.5945917+08:00 pid=77768 [perf] ConvertedOmmlBatch.true-display-native-measure-display: +83ms (1728ms)
2026-09-06T21:23:14.6345917+08:00 pid=77768 [perf] ConvertedOmmlBatch.true-display-native-ensure-table: +40ms (1768ms)
2026-09-06T21:23:14.6355915+08:00 pid=77768 [perf] ConvertedOmmlBatch.true-display-native-resolve-table-formula: +1ms (1769ms)
2026-09-06T21:23:14.6355915+08:00 pid=77768 [perf] ConvertedOmmlBatch.true-display-native-height-repair: +0ms (1769ms)
2026-09-06T21:23:14.7310025+08:00 pid=77768 [perf] ConvertedOmmlBatch.true-display-native-geometry: +96ms (1865ms)
2026-09-06T21:23:14.7310025+08:00 pid=77768 [perf] ConvertedOmmlBatch.true-display-native-1x3-table: +0ms (1865ms)
2026-09-06T21:23:14.7320018+08:00 pid=77768 [perf] ConvertedOmmlBatch.true-display-direct-number-plan: +0ms (1865ms)
2026-09-06T21:23:14.9891481+08:00 pid=77768 [perf] ConvertedOmmlBatch.true-display-direct-visible-seq: +258ms (2123ms)
2026-09-06T21:23:15.0448573+08:00 pid=77768 [perf] remove-owned-post-table-anchor generated=454:455 original=455:473
2026-09-06T21:23:15.0562508+08:00 pid=77768 [perf] ConvertedOmmlBatch.true-display-native-post-table-spacing: +66ms (2189ms)
2026-09-06T21:23:15.1052601+08:00 pid=77768 [perf] ConvertedOmmlBatch.true-display-native-wrap-identity: +50ms (2239ms)
2026-09-06T21:23:15.1052601+08:00 pid=77768 [perf] ConvertedOmmlBatch.true-display-host: +0ms (2239ms)
2026-09-06T21:23:15.2101233+08:00 pid=77768 [perf] ConvertedOmmlBatch.repair-identity: +105ms (2344ms)
2026-09-06T21:23:15.3104489+08:00 pid=77768 [perf] ConvertedOmmlBatch.locate-target: +100ms (2444ms)
2026-09-06T21:23:15.3179658+08:00 pid=77768 [perf] ConvertedOmmlBatch.true-display-native-resolve-display: +8ms (2452ms)
2026-09-06T21:23:15.3609637+08:00 pid=77768 [perf] ConvertedOmmlBatch.true-display-native-clear-artifacts: +43ms (2495ms)
2026-09-06T21:23:15.4879015+08:00 pid=77768 [perf] ConvertedOmmlBatch.true-display-native-measure-display: +126ms (2621ms)
2026-09-06T21:23:15.5439012+08:00 pid=77768 [perf] ConvertedOmmlBatch.true-display-native-ensure-table: +56ms (2677ms)
2026-09-06T21:23:15.5459019+08:00 pid=77768 [perf] ConvertedOmmlBatch.true-display-native-resolve-table-formula: +2ms (2679ms)
2026-09-06T21:23:15.5459019+08:00 pid=77768 [perf] ConvertedOmmlBatch.true-display-native-height-repair: +0ms (2679ms)
2026-09-06T21:23:15.6532920+08:00 pid=77768 [perf] ConvertedOmmlBatch.true-display-native-geometry: +108ms (2787ms)
2026-09-06T21:23:15.6532920+08:00 pid=77768 [perf] ConvertedOmmlBatch.true-display-native-1x3-table: +0ms (2787ms)
2026-09-06T21:23:15.6542909+08:00 pid=77768 [perf] ConvertedOmmlBatch.true-display-direct-number-plan: +0ms (2787ms)
2026-09-06T21:23:15.9115715+08:00 pid=77768 [perf] ConvertedOmmlBatch.true-display-direct-visible-seq: +258ms (3045ms)
2026-09-06T21:23:15.9669466+08:00 pid=77768 [perf] remove-owned-post-table-anchor generated=361:362 original=362:370
2026-09-06T21:23:15.9769467+08:00 pid=77768 [perf] ConvertedOmmlBatch.true-display-native-post-table-spacing: +66ms (3111ms)
2026-09-06T21:23:16.0328675+08:00 pid=77768 [perf] ConvertedOmmlBatch.true-display-native-wrap-identity: +55ms (3166ms)
2026-09-06T21:23:16.0328675+08:00 pid=77768 [perf] ConvertedOmmlBatch.true-display-host: +1ms (3167ms)
2026-09-06T21:23:16.1207980+08:00 pid=77768 [perf] ConvertedOmmlBatch.repair-identity: +87ms (3254ms)
2026-09-06T21:23:16.2225846+08:00 pid=77768 [perf] ConvertedOmmlBatch.locate-target: +102ms (3356ms)
2026-09-06T21:23:16.2295845+08:00 pid=77768 [perf] ConvertedOmmlBatch.true-display-native-resolve-display: +7ms (3363ms)
2026-09-06T21:23:16.2585822+08:00 pid=77768 [perf] ConvertedOmmlBatch.true-display-native-clear-artifacts: +29ms (3392ms)
2026-09-06T21:23:16.3477639+08:00 pid=77768 [perf] ConvertedOmmlBatch.true-display-native-measure-display: +90ms (3482ms)
2026-09-06T21:23:16.3783189+08:00 pid=77768 [perf] ConvertedOmmlBatch.true-display-native-ensure-table: +29ms (3511ms)
2026-09-06T21:23:16.3788367+08:00 pid=77768 [perf] ConvertedOmmlBatch.true-display-native-resolve-table-formula: +2ms (3513ms)
2026-09-06T21:23:16.3798346+08:00 pid=77768 [perf] ConvertedOmmlBatch.true-display-native-height-repair: +0ms (3513ms)
2026-09-06T21:23:16.4882549+08:00 pid=77768 [perf] ConvertedOmmlBatch.true-display-native-geometry: +109ms (3622ms)
2026-09-06T21:23:16.4892528+08:00 pid=77768 [perf] ConvertedOmmlBatch.true-display-native-1x3-table: +0ms (3622ms)
2026-09-06T21:23:16.4892528+08:00 pid=77768 [perf] ConvertedOmmlBatch.true-display-direct-number-plan: +1ms (3623ms)
2026-09-06T21:23:16.7486835+08:00 pid=77768 [perf] ConvertedOmmlBatch.true-display-direct-visible-seq: +259ms (3882ms)
2026-09-06T21:23:16.8196786+08:00 pid=77768 [perf] remove-owned-post-table-anchor generated=271:272 original=272:278
2026-09-06T21:23:16.8326445+08:00 pid=77768 [perf] ConvertedOmmlBatch.true-display-native-post-table-spacing: +84ms (3966ms)
2026-09-06T21:23:16.8822756+08:00 pid=77768 [perf] ConvertedOmmlBatch.true-display-native-wrap-identity: +50ms (4016ms)
2026-09-06T21:23:16.8842758+08:00 pid=77768 [perf] ConvertedOmmlBatch.true-display-host: +1ms (4017ms)
2026-09-06T21:23:16.9705239+08:00 pid=77768 [perf] ConvertedOmmlBatch.repair-identity: +87ms (4104ms)
2026-09-06T21:23:17.1127427+08:00 pid=77768 [perf] ConvertedOmmlBatch.locate-target: +143ms (4247ms)
2026-09-06T21:23:17.1207403+08:00 pid=77768 [perf] ConvertedOmmlBatch.true-display-native-resolve-display: +7ms (4254ms)
2026-09-06T21:23:17.1499611+08:00 pid=77768 [perf] ConvertedOmmlBatch.true-display-native-clear-artifacts: +29ms (4283ms)
2026-09-06T21:23:17.2359611+08:00 pid=77768 [perf] ConvertedOmmlBatch.true-display-native-measure-display: +87ms (4370ms)
2026-09-06T21:23:17.2659582+08:00 pid=77768 [perf] ConvertedOmmlBatch.true-display-native-ensure-table: +30ms (4400ms)
2026-09-06T21:23:17.2712636+08:00 pid=77768 [perf] ConvertedOmmlBatch.true-display-native-resolve-table-formula: +5ms (4405ms)
2026-09-06T21:23:17.2712636+08:00 pid=77768 [perf] ConvertedOmmlBatch.true-display-native-height-repair: +0ms (4405ms)
2026-09-06T21:23:17.3746411+08:00 pid=77768 [perf] ConvertedOmmlBatch.true-display-native-geometry: +103ms (4508ms)
2026-09-06T21:23:17.3746411+08:00 pid=77768 [perf] ConvertedOmmlBatch.true-display-native-1x3-table: +0ms (4508ms)
2026-09-06T21:23:17.3746411+08:00 pid=77768 [perf] ConvertedOmmlBatch.true-display-direct-number-plan: +0ms (4508ms)
2026-09-06T21:23:17.6332993+08:00 pid=77768 [perf] ConvertedOmmlBatch.true-display-direct-visible-seq: +258ms (4766ms)
2026-09-06T21:23:17.6895291+08:00 pid=77768 [perf] remove-owned-post-table-anchor generated=217:218 original=218:219
2026-09-06T21:23:17.6975267+08:00 pid=77768 [perf] ConvertedOmmlBatch.true-display-native-post-table-spacing: +65ms (4831ms)
2026-09-06T21:23:17.7505012+08:00 pid=77768 [perf] ConvertedOmmlBatch.true-display-native-wrap-identity: +53ms (4884ms)
2026-09-06T21:23:17.7514983+08:00 pid=77768 [perf] ConvertedOmmlBatch.true-display-host: +1ms (4885ms)
2026-09-06T21:23:17.8752047+08:00 pid=77768 [perf] ConvertedOmmlBatch.repair-identity: +124ms (5009ms)
2026-09-06T21:23:17.8772047+08:00 pid=77768 [perf] ConversionFinalize.caption-inventory: +0ms (0ms)
2026-09-06T21:23:17.8782033+08:00 pid=77768 [perf] number-format-batch.plan: +0ms (0ms)
2026-09-06T21:23:17.8822022+08:00 pid=77768 [perf] number-format-batch.direct-table-targets: +4ms (4ms)
2026-09-06T21:23:17.8852023+08:00 pid=77768 [perf] number-format-batch.native-hash-inventory: +3ms (7ms)
2026-09-06T21:23:17.8852023+08:00 pid=77768 [perf] number-format-batch.native-breakdown lookup=0ms code=0ms update=0ms prefix=0ms bookmark=0ms
2026-09-06T21:23:17.8852023+08:00 pid=77768 [perf] number-format-batch.legacy-targets: +0ms (7ms)
2026-09-06T21:23:17.8852023+08:00 pid=77768 [perf] number-format-batch.native-hash-targets: +0ms (7ms)
2026-09-06T21:23:17.8862034+08:00 pid=77768 [perf] number-format-batch.visible-references: +1ms (8ms)
2026-09-06T21:23:17.9420270+08:00 pid=77768 [perf] number-format-batch.extra-references: +56ms (64ms)
2026-09-06T21:23:17.9430273+08:00 pid=77768 [perf] ConversionFinalize.field-batch: +66ms (66ms)
2026-09-06T21:23:18.0012420+08:00 pid=77768 [perf] ConversionFinalize.healthy-refresh: +58ms (124ms)
2026-09-06T21:24:38.6569790+08:00 pid=77768 [perf] number-format-batch.plan: +130ms (130ms)
2026-09-06T21:24:39.1778332+08:00 pid=77768 [perf] number-format-batch.direct-table-targets: +521ms (651ms)
2026-09-06T21:24:39.1783485+08:00 pid=77768 [perf] number-format-batch.native-hash-inventory: +0ms (651ms)
2026-09-06T21:24:39.1783485+08:00 pid=77768 [perf] number-format-batch.native-breakdown lookup=0ms code=0ms update=0ms prefix=0ms bookmark=0ms
2026-09-06T21:24:39.1783485+08:00 pid=77768 [perf] number-format-batch.legacy-targets: +1ms (652ms)
2026-09-06T21:24:39.1783485+08:00 pid=77768 [perf] number-format-batch.native-hash-targets: +0ms (652ms)
2026-09-06T21:24:39.1793469+08:00 pid=77768 [perf] number-format-batch.visible-references: +0ms (652ms)
2026-09-06T21:24:39.2029818+08:00 pid=77768 [perf] number-format-batch.extra-references: +24ms (676ms)
2026-09-06T21:30:16.0289576+08:00 pid=77768 [perf] update-numbers.health-fail reason=bookmark-id-set-mismatch visible=0/0[] caption=0/0[] number=1/1[a02a77cf-6159-4b4b-b885-04d56a1c4aa3]
2026-09-06T21:30:29.1135385+08:00 pid=77768 [perf] update-numbers.health-fail reason=bookmark-id-set-mismatch visible=0/0[] caption=0/0[] number=1/1[a02a77cf-6159-4b4b-b885-04d56a1c4aa3]
2026-09-06T21:30:47.2379705+08:00 pid=77768 [perf] ConfigureNumbered.tab-paragraph: +20ms (20ms)
2026-09-06T21:30:47.2519078+08:00 pid=77768 [perf] NativeCaption.prepare-paragraph: +10ms (10ms)
2026-09-06T21:30:47.2539066+08:00 pid=77768 [perf] NativeCaption.add-seq: +2ms (12ms)
2026-09-06T21:30:47.2569070+08:00 pid=77768 [perf] NativeCaption.update-seq: +3ms (15ms)
2026-09-06T21:30:47.2599065+08:00 pid=77768 [perf] NativeCaption.bookmarks: +3ms (18ms)
2026-09-06T21:30:47.2945150+08:00 pid=77768 [perf] NativeCaption.style-frame: +35ms (53ms)
2026-09-06T21:30:47.2945150+08:00 pid=77768 [perf] ConfigureNumbered.native-caption: +57ms (77ms)
2026-09-06T21:30:47.3055146+08:00 pid=77768 [perf] VisibleRef.scaffold: +7ms (7ms)
2026-09-06T21:30:47.3125150+08:00 pid=77768 [perf] VisibleRef.add-ref: +8ms (15ms)
2026-09-06T21:30:47.3245156+08:00 pid=77768 [perf] VisibleRef.update-ref: +12ms (27ms)
2026-09-06T21:30:47.3265156+08:00 pid=77768 [perf] VisibleRef.bookmark-format: +2ms (29ms)
2026-09-06T21:30:47.3335156+08:00 pid=77768 [perf] VisibleRef.vertical-align: +7ms (36ms)
2026-09-06T21:30:47.3335156+08:00 pid=77768 [perf] ConfigureNumbered.visible-ref: +39ms (116ms)
2026-09-06T21:30:47.3355170+08:00 pid=77768 [perf] ConfigureNumbered.ole-baseline: +2ms (118ms)
2026-09-06T21:30:47.3545154+08:00 pid=77768 [perf] ConfigureNumbered.tab-paragraph: +14ms (14ms)
2026-09-06T21:30:47.3615148+08:00 pid=77768 [perf] NativeCaption.prepare-paragraph: +6ms (6ms)
2026-09-06T21:30:47.3645161+08:00 pid=77768 [perf] NativeCaption.add-seq: +3ms (9ms)
2026-09-06T21:30:47.3675157+08:00 pid=77768 [perf] NativeCaption.update-seq: +3ms (12ms)
2026-09-06T21:30:47.3695145+08:00 pid=77768 [perf] NativeCaption.bookmarks: +2ms (14ms)
2026-09-06T21:30:47.3965150+08:00 pid=77768 [perf] NativeCaption.style-frame: +27ms (41ms)
2026-09-06T21:30:47.3965150+08:00 pid=77768 [perf] ConfigureNumbered.native-caption: +43ms (57ms)
2026-09-06T21:30:47.4025149+08:00 pid=77768 [perf] VisibleRef.scaffold: +5ms (5ms)
2026-09-06T21:30:47.4075149+08:00 pid=77768 [perf] VisibleRef.add-ref: +5ms (10ms)
2026-09-06T21:30:47.4185161+08:00 pid=77768 [perf] VisibleRef.update-ref: +11ms (21ms)
2026-09-06T21:30:47.4205156+08:00 pid=77768 [perf] VisibleRef.bookmark-format: +2ms (23ms)
2026-09-06T21:30:47.4255148+08:00 pid=77768 [perf] VisibleRef.vertical-align: +5ms (28ms)
2026-09-06T21:30:47.4265155+08:00 pid=77768 [perf] ConfigureNumbered.visible-ref: +29ms (86ms)
2026-09-06T21:30:47.4285160+08:00 pid=77768 [perf] ConfigureNumbered.ole-baseline: +2ms (88ms)
2026-09-06T21:30:47.4455156+08:00 pid=77768 [perf] ConfigureNumbered.tab-paragraph: +13ms (13ms)
2026-09-06T21:30:47.4525147+08:00 pid=77768 [perf] NativeCaption.prepare-paragraph: +6ms (6ms)
2026-09-06T21:30:47.4545172+08:00 pid=77768 [perf] NativeCaption.add-seq: +2ms (8ms)
2026-09-06T21:30:47.4565177+08:00 pid=77768 [perf] NativeCaption.update-seq: +2ms (10ms)
2026-09-06T21:30:47.4585172+08:00 pid=77768 [perf] NativeCaption.bookmarks: +2ms (12ms)
2026-09-06T21:30:47.4835177+08:00 pid=77768 [perf] NativeCaption.style-frame: +25ms (37ms)
2026-09-06T21:30:47.4835177+08:00 pid=77768 [perf] ConfigureNumbered.native-caption: +39ms (52ms)
2026-09-06T21:30:47.4895187+08:00 pid=77768 [perf] VisibleRef.scaffold: +5ms (5ms)
2026-09-06T21:30:47.4955146+08:00 pid=77768 [perf] VisibleRef.add-ref: +6ms (11ms)
2026-09-06T21:30:47.5045184+08:00 pid=77768 [perf] VisibleRef.update-ref: +9ms (20ms)
2026-09-06T21:30:47.5055153+08:00 pid=77768 [perf] VisibleRef.bookmark-format: +1ms (21ms)
2026-09-06T21:30:47.5115152+08:00 pid=77768 [perf] VisibleRef.vertical-align: +6ms (27ms)
2026-09-06T21:30:47.5115152+08:00 pid=77768 [perf] ConfigureNumbered.visible-ref: +28ms (80ms)
2026-09-06T21:30:47.5135187+08:00 pid=77768 [perf] ConfigureNumbered.ole-baseline: +2ms (82ms)
2026-09-06T21:30:47.5333313+08:00 pid=77768 [perf] ConfigureNumbered.tab-paragraph: +16ms (16ms)
2026-09-06T21:30:47.5423444+08:00 pid=77768 [perf] NativeCaption.prepare-paragraph: +8ms (8ms)
2026-09-06T21:30:47.5443445+08:00 pid=77768 [perf] NativeCaption.add-seq: +2ms (10ms)
2026-09-06T21:30:47.5473413+08:00 pid=77768 [perf] NativeCaption.update-seq: +3ms (13ms)
2026-09-06T21:30:47.5493422+08:00 pid=77768 [perf] NativeCaption.bookmarks: +2ms (15ms)
2026-09-06T21:30:47.5793439+08:00 pid=77768 [perf] NativeCaption.style-frame: +30ms (45ms)
2026-09-06T21:30:47.5793439+08:00 pid=77768 [perf] ConfigureNumbered.native-caption: +46ms (62ms)
2026-09-06T21:30:47.5853414+08:00 pid=77768 [perf] VisibleRef.scaffold: +5ms (5ms)
2026-09-06T21:30:47.5913417+08:00 pid=77768 [perf] VisibleRef.add-ref: +6ms (11ms)
2026-09-06T21:30:47.6033442+08:00 pid=77768 [perf] VisibleRef.update-ref: +12ms (23ms)
2026-09-06T21:30:47.6043422+08:00 pid=77768 [perf] VisibleRef.bookmark-format: +1ms (24ms)
2026-09-06T21:30:47.6103424+08:00 pid=77768 [perf] VisibleRef.vertical-align: +6ms (30ms)
2026-09-06T21:30:47.6113425+08:00 pid=77768 [perf] ConfigureNumbered.visible-ref: +32ms (94ms)
2026-09-06T21:30:47.6150835+08:00 pid=77768 [perf] ConfigureNumbered.ole-baseline: +4ms (98ms)
2026-09-06T21:30:47.6470849+08:00 pid=77768 [perf] ConfigureNumbered.tab-paragraph: +22ms (22ms)
2026-09-06T21:30:47.6560824+08:00 pid=77768 [perf] NativeCaption.prepare-paragraph: +8ms (8ms)
2026-09-06T21:30:47.6580832+08:00 pid=77768 [perf] NativeCaption.add-seq: +2ms (10ms)
2026-09-06T21:30:47.6620832+08:00 pid=77768 [perf] NativeCaption.update-seq: +4ms (14ms)
2026-09-06T21:30:47.6650827+08:00 pid=77768 [perf] NativeCaption.bookmarks: +4ms (18ms)
2026-09-06T21:30:47.6970856+08:00 pid=77768 [perf] NativeCaption.style-frame: +31ms (49ms)
2026-09-06T21:30:47.6970856+08:00 pid=77768 [perf] ConfigureNumbered.native-caption: +50ms (72ms)
2026-09-06T21:30:47.7030846+08:00 pid=77768 [perf] VisibleRef.scaffold: +5ms (5ms)
2026-09-06T21:30:47.7080826+08:00 pid=77768 [perf] VisibleRef.add-ref: +5ms (10ms)
2026-09-06T21:30:47.7186849+08:00 pid=77768 [perf] VisibleRef.update-ref: +10ms (20ms)
2026-09-06T21:30:47.7196856+08:00 pid=77768 [perf] VisibleRef.bookmark-format: +2ms (22ms)
2026-09-06T21:30:47.7276848+08:00 pid=77768 [perf] VisibleRef.vertical-align: +8ms (30ms)
2026-09-06T21:30:47.7286839+08:00 pid=77768 [perf] ConfigureNumbered.visible-ref: +32ms (104ms)
2026-09-06T21:30:47.7296865+08:00 pid=77768 [perf] ConfigureNumbered.ole-baseline: +1ms (105ms)
2026-09-06T21:30:47.7396840+08:00 pid=77768 [perf] ConversionFinalize.caption-inventory: +0ms (0ms)
2026-09-06T21:30:47.7626851+08:00 pid=77768 [perf] number-format-batch.plan: +22ms (22ms)
2026-09-06T21:30:47.7716855+08:00 pid=77768 [perf] number-format-batch.direct-table-targets: +8ms (30ms)
2026-09-06T21:30:47.7726873+08:00 pid=77768 [perf] number-format-batch.native-hash-inventory: +1ms (31ms)
2026-09-06T21:30:47.7956867+08:00 pid=77768 [perf] number-format-batch.native-breakdown lookup=0ms code=0ms update=17ms prefix=0ms bookmark=0ms
2026-09-06T21:30:47.7966847+08:00 pid=77768 [perf] number-format-batch.legacy-targets: +24ms (55ms)
2026-09-06T21:30:47.7966847+08:00 pid=77768 [perf] number-format-batch.native-hash-targets: +1ms (56ms)
2026-09-06T21:30:47.8730027+08:00 pid=77768 [perf] number-format-batch.visible-references: +76ms (132ms)
2026-09-06T21:30:47.9426444+08:00 pid=77768 [perf] number-format-batch.extra-references: +70ms (202ms)
2026-09-06T21:30:47.9436442+08:00 pid=77768 [perf] ConversionFinalize.field-batch: +203ms (203ms)
2026-09-06T21:30:48.2162112+08:00 pid=77768 [perf] ConversionFinalize.healthy-refresh: +273ms (476ms)
2026-09-06T21:31:21.4655567+08:00 pid=77768 [perf] ConfigureNumbered.tab-paragraph: +21ms (21ms)
2026-09-06T21:31:21.5225569+08:00 pid=77768 [perf] ConfigureNumbered.native-caption: +57ms (78ms)
2026-09-06T21:31:21.5285586+08:00 pid=77768 [perf] ConfigureNumbered.visible-ref: +6ms (84ms)
2026-09-06T21:31:21.5305567+08:00 pid=77768 [perf] ConfigureNumbered.ole-baseline: +2ms (86ms)
2026-09-06T21:31:31.1659430+08:00 pid=77768 [perf] update-numbers.health-fail reason=bookmark-id-set-mismatch visible=5/5[66505ad8-7d8a-4507-9f65-c95381330a49,32e7ddd3-82af-41f6-92fe-b106811f1a14,15a2f3f9-0bd5-474e-82bf-2713d3c2388e,ffd4057a-40f4-4884-8a40-745e91f4bf85,9dbb63c7-84c2-4a66-96b6-d855e4c8a34d] caption=5/5[66505ad8-7d8a-4507-9f65-c95381330a49,32e7ddd3-82af-41f6-92fe-b106811f1a14,15a2f3f9-0bd5-474e-82bf-2713d3c2388e,ffd4057a-40f4-4884-8a40-745e91f4bf85,9dbb63c7-84c2-4a66-96b6-d855e4c8a34d] number=6/6[66505ad8-7d8a-4507-9f65-c95381330a49,32e7ddd3-82af-41f6-92fe-b106811f1a14,a02a77cf-6159-4b4b-b885-04d56a1c4aa3,15a2f3f9-0bd5-474e-82bf-2713d3c2388e,ffd4057a-40f4-4884-8a40-745e91f4bf85,9dbb63c7-84c2-4a66-96b6-d855e4c8a34d]
2026-09-06T21:31:38.6555943+08:00 pid=77768 [perf] direct-row-health-fail formulaId=c99c010f-7440-42c1-a5a2-101b6a152100 check=table-membership reason=not-in-table
2026-09-06T21:31:39.3251977+08:00 pid=77768 [perf] ConvertedOmmlBatch.inventory: +668ms (668ms)
2026-09-06T21:31:39.4701959+08:00 pid=77768 [perf] ConvertedOmmlBatch.number-plan: +146ms (814ms)
2026-09-06T21:31:39.5962752+08:00 pid=77768 [perf] ConvertedOmmlBatch.locate-target: +125ms (939ms)
2026-09-06T21:31:39.6032751+08:00 pid=77768 [perf] ConvertedOmmlBatch.true-display-native-resolve-display: +7ms (946ms)
2026-09-06T21:31:39.6381055+08:00 pid=77768 [perf] ConvertedOmmlBatch.true-display-native-clear-artifacts: +35ms (981ms)
2026-09-06T21:31:39.7194585+08:00 pid=77768 [perf] ConvertedOmmlBatch.true-display-native-measure-display: +82ms (1063ms)
2026-09-06T21:31:39.7782011+08:00 pid=77768 [perf] ConvertedOmmlBatch.true-display-native-ensure-table: +58ms (1121ms)
2026-09-06T21:31:39.7813026+08:00 pid=77768 [perf] ConvertedOmmlBatch.true-display-native-resolve-table-formula: +3ms (1124ms)
2026-09-06T21:31:39.7813026+08:00 pid=77768 [perf] ConvertedOmmlBatch.true-display-native-height-repair: +1ms (1125ms)
2026-09-06T21:31:39.9587279+08:00 pid=77768 [perf] ConvertedOmmlBatch.true-display-native-geometry: +177ms (1302ms)
2026-09-06T21:31:39.9587279+08:00 pid=77768 [perf] ConvertedOmmlBatch.true-display-native-1x3-table: +0ms (1302ms)
2026-09-06T21:31:39.9597295+08:00 pid=77768 [perf] ConvertedOmmlBatch.true-display-direct-number-plan: +1ms (1303ms)
2026-09-06T21:31:40.2164416+08:00 pid=77768 [perf] ConvertedOmmlBatch.true-display-direct-visible-seq: +257ms (1560ms)
2026-09-06T21:31:40.2780443+08:00 pid=77768 [perf] remove-owned-post-table-anchor generated=625:626 original=626:639
2026-09-06T21:31:40.2930429+08:00 pid=77768 [perf] ConvertedOmmlBatch.true-display-native-post-table-spacing: +76ms (1636ms)
2026-09-06T21:31:40.3410435+08:00 pid=77768 [perf] ConvertedOmmlBatch.true-display-native-wrap-identity: +49ms (1685ms)
2026-09-06T21:31:40.3420436+08:00 pid=77768 [perf] ConvertedOmmlBatch.true-display-host: +0ms (1685ms)
2026-09-06T21:31:40.4441663+08:00 pid=77768 [perf] ConvertedOmmlBatch.repair-identity: +103ms (1788ms)
2026-09-06T21:31:40.5696627+08:00 pid=77768 [perf] ConvertedOmmlBatch.locate-target: +125ms (1913ms)
2026-09-06T21:31:40.5756630+08:00 pid=77768 [perf] ConvertedOmmlBatch.true-display-native-resolve-display: +6ms (1919ms)
2026-09-06T21:31:40.6146648+08:00 pid=77768 [perf] ConvertedOmmlBatch.true-display-native-clear-artifacts: +39ms (1958ms)
2026-09-06T21:31:40.7101027+08:00 pid=77768 [perf] ConvertedOmmlBatch.true-display-native-measure-display: +95ms (2053ms)
2026-09-06T21:31:40.7587236+08:00 pid=77768 [perf] ConvertedOmmlBatch.true-display-native-ensure-table: +49ms (2102ms)
2026-09-06T21:31:40.7597239+08:00 pid=77768 [perf] ConvertedOmmlBatch.true-display-native-resolve-table-formula: +1ms (2103ms)
2026-09-06T21:31:40.7607251+08:00 pid=77768 [perf] ConvertedOmmlBatch.true-display-native-height-repair: +1ms (2104ms)
2026-09-06T21:31:40.8899080+08:00 pid=77768 [perf] ConvertedOmmlBatch.true-display-native-geometry: +130ms (2234ms)
2026-09-06T21:31:40.8909079+08:00 pid=77768 [perf] ConvertedOmmlBatch.true-display-native-1x3-table: +0ms (2234ms)
2026-09-06T21:31:40.8909079+08:00 pid=77768 [perf] ConvertedOmmlBatch.true-display-direct-number-plan: +0ms (2234ms)
2026-09-06T21:31:41.1243628+08:00 pid=77768 [perf] ConvertedOmmlBatch.true-display-direct-visible-seq: +233ms (2467ms)
2026-09-06T21:31:41.1771212+08:00 pid=77768 [perf] remove-owned-post-table-anchor generated=576:577 original=577:595
2026-09-06T21:31:41.1911209+08:00 pid=77768 [perf] ConvertedOmmlBatch.true-display-native-post-table-spacing: +67ms (2534ms)
2026-09-06T21:31:41.2421209+08:00 pid=77768 [perf] ConvertedOmmlBatch.true-display-native-wrap-identity: +52ms (2586ms)
2026-09-06T21:31:41.2431210+08:00 pid=77768 [perf] ConvertedOmmlBatch.true-display-host: +1ms (2587ms)
2026-09-06T21:31:41.3410062+08:00 pid=77768 [perf] ConvertedOmmlBatch.repair-identity: +97ms (2684ms)
2026-09-06T21:31:41.4677383+08:00 pid=77768 [perf] ConvertedOmmlBatch.locate-target: +128ms (2812ms)
2026-09-06T21:31:41.4757372+08:00 pid=77768 [perf] ConvertedOmmlBatch.true-display-native-resolve-display: +7ms (2819ms)
2026-09-06T21:31:41.5227431+08:00 pid=77768 [perf] ConvertedOmmlBatch.true-display-native-clear-artifacts: +47ms (2866ms)
2026-09-06T21:31:41.6326137+08:00 pid=77768 [perf] ConvertedOmmlBatch.true-display-native-measure-display: +110ms (2976ms)
2026-09-06T21:31:41.6894948+08:00 pid=77768 [perf] ConvertedOmmlBatch.true-display-native-ensure-table: +57ms (3033ms)
2026-09-06T21:31:41.6914953+08:00 pid=77768 [perf] ConvertedOmmlBatch.true-display-native-resolve-table-formula: +2ms (3035ms)
2026-09-06T21:31:41.6914953+08:00 pid=77768 [perf] ConvertedOmmlBatch.true-display-native-height-repair: +0ms (3035ms)
2026-09-06T21:31:41.8660861+08:00 pid=77768 [perf] ConvertedOmmlBatch.true-display-native-geometry: +174ms (3209ms)
2026-09-06T21:31:41.8660861+08:00 pid=77768 [perf] ConvertedOmmlBatch.true-display-native-1x3-table: +1ms (3210ms)
2026-09-06T21:31:41.8670859+08:00 pid=77768 [perf] ConvertedOmmlBatch.true-display-direct-number-plan: +0ms (3210ms)
2026-09-06T21:31:42.1331114+08:00 pid=77768 [perf] ConvertedOmmlBatch.true-display-direct-visible-seq: +266ms (3476ms)
2026-09-06T21:31:42.1914490+08:00 pid=77768 [perf] remove-owned-post-table-anchor generated=482:483 original=483:491
2026-09-06T21:31:42.2054495+08:00 pid=77768 [perf] ConvertedOmmlBatch.true-display-native-post-table-spacing: +73ms (3549ms)
2026-09-06T21:31:42.2573519+08:00 pid=77768 [perf] ConvertedOmmlBatch.true-display-native-wrap-identity: +52ms (3601ms)
2026-09-06T21:31:42.2573519+08:00 pid=77768 [perf] ConvertedOmmlBatch.true-display-host: +0ms (3601ms)
2026-09-06T21:31:42.3693693+08:00 pid=77768 [perf] ConvertedOmmlBatch.repair-identity: +112ms (3713ms)
2026-09-06T21:31:42.4973133+08:00 pid=77768 [perf] ConvertedOmmlBatch.locate-target: +128ms (3841ms)
2026-09-06T21:31:42.5013126+08:00 pid=77768 [perf] ConvertedOmmlBatch.true-display-native-resolve-display: +4ms (3845ms)
2026-09-06T21:31:42.5453102+08:00 pid=77768 [perf] ConvertedOmmlBatch.true-display-native-clear-artifacts: +44ms (3889ms)
2026-09-06T21:31:42.6476831+08:00 pid=77768 [perf] ConvertedOmmlBatch.true-display-native-measure-display: +102ms (3991ms)
2026-09-06T21:31:42.6962898+08:00 pid=77768 [perf] ConvertedOmmlBatch.true-display-native-ensure-table: +49ms (4040ms)
2026-09-06T21:31:42.6982896+08:00 pid=77768 [perf] ConvertedOmmlBatch.true-display-native-resolve-table-formula: +2ms (4042ms)
2026-09-06T21:31:42.6982896+08:00 pid=77768 [perf] ConvertedOmmlBatch.true-display-native-height-repair: +0ms (4042ms)
2026-09-06T21:31:42.8727735+08:00 pid=77768 [perf] ConvertedOmmlBatch.true-display-native-geometry: +175ms (4217ms)
2026-09-06T21:31:42.8737735+08:00 pid=77768 [perf] ConvertedOmmlBatch.true-display-native-1x3-table: +0ms (4217ms)
2026-09-06T21:31:42.8737735+08:00 pid=77768 [perf] ConvertedOmmlBatch.true-display-direct-number-plan: +0ms (4217ms)
2026-09-06T21:31:43.1380950+08:00 pid=77768 [perf] ConvertedOmmlBatch.true-display-direct-visible-seq: +265ms (4482ms)
2026-09-06T21:31:43.1990192+08:00 pid=77768 [perf] remove-owned-post-table-anchor generated=235:236 original=236:242
2026-09-06T21:31:43.2224380+08:00 pid=77768 [perf] ConvertedOmmlBatch.true-display-native-post-table-spacing: +84ms (4566ms)
2026-09-06T21:31:43.2740450+08:00 pid=77768 [perf] ConvertedOmmlBatch.true-display-native-wrap-identity: +52ms (4618ms)
2026-09-06T21:31:43.2740450+08:00 pid=77768 [perf] ConvertedOmmlBatch.true-display-host: +0ms (4618ms)
2026-09-06T21:31:43.3861625+08:00 pid=77768 [perf] ConvertedOmmlBatch.repair-identity: +112ms (4730ms)
2026-09-06T21:31:43.5390693+08:00 pid=77768 [perf] ConvertedOmmlBatch.locate-target: +152ms (4882ms)
2026-09-06T21:31:43.5410654+08:00 pid=77768 [perf] ConvertedOmmlBatch.true-display-native-resolve-display: +2ms (4884ms)
2026-09-06T21:31:43.5890661+08:00 pid=77768 [perf] ConvertedOmmlBatch.true-display-native-clear-artifacts: +48ms (4932ms)
2026-09-06T21:31:43.7033179+08:00 pid=77768 [perf] ConvertedOmmlBatch.true-display-native-measure-display: +115ms (5047ms)
2026-09-06T21:31:43.7555789+08:00 pid=77768 [perf] ConvertedOmmlBatch.true-display-native-ensure-table: +52ms (5099ms)
2026-09-06T21:31:43.7575789+08:00 pid=77768 [perf] ConvertedOmmlBatch.true-display-native-resolve-table-formula: +2ms (5101ms)
2026-09-06T21:31:43.7575789+08:00 pid=77768 [perf] ConvertedOmmlBatch.true-display-native-height-repair: +0ms (5101ms)
2026-09-06T21:31:44.0740726+08:00 pid=77768 [perf] ConvertedOmmlBatch.true-display-native-geometry: +317ms (5418ms)
2026-09-06T21:31:44.0750667+08:00 pid=77768 [perf] ConvertedOmmlBatch.true-display-native-1x3-table: +0ms (5418ms)
2026-09-06T21:31:44.0750667+08:00 pid=77768 [perf] ConvertedOmmlBatch.true-display-direct-number-plan: +1ms (5419ms)
2026-09-06T21:31:44.3441781+08:00 pid=77768 [perf] ConvertedOmmlBatch.true-display-direct-visible-seq: +269ms (5688ms)
2026-09-06T21:31:44.4031791+08:00 pid=77768 [perf] remove-owned-post-table-anchor generated=222:223 original=223:224
2026-09-06T21:31:44.4171785+08:00 pid=77768 [perf] ConvertedOmmlBatch.true-display-native-post-table-spacing: +73ms (5761ms)
2026-09-06T21:31:44.4847599+08:00 pid=77768 [perf] ConvertedOmmlBatch.true-display-native-wrap-identity: +68ms (5829ms)
2026-09-06T21:31:44.4865596+08:00 pid=77768 [perf] ConvertedOmmlBatch.true-display-host: +1ms (5830ms)
2026-09-06T21:31:44.6339973+08:00 pid=77768 [perf] ConvertedOmmlBatch.repair-identity: +148ms (5978ms)
2026-09-06T21:33:01.1741247+08:00 pid=77768 [perf] update-numbers.health-fail reason=bookmark-id-set-mismatch visible=5/5[c99c010f-7440-42c1-a5a2-101b6a152100,f4a9e10f-af7f-43e8-a8e0-232b141212a1,52b71957-3a28-434f-82e0-c388a8e90aa3,bb264b4e-6947-4444-a3e2-d596c92e23f7,f883c49e-2d63-429d-9045-a870da4643dd] caption=5/5[c99c010f-7440-42c1-a5a2-101b6a152100,f4a9e10f-af7f-43e8-a8e0-232b141212a1,52b71957-3a28-434f-82e0-c388a8e90aa3,bb264b4e-6947-4444-a3e2-d596c92e23f7,f883c49e-2d63-429d-9045-a870da4643dd] number=6/6[c99c010f-7440-42c1-a5a2-101b6a152100,f4a9e10f-af7f-43e8-a8e0-232b141212a1,a02a77cf-6159-4b4b-b885-04d56a1c4aa3,52b71957-3a28-434f-82e0-c388a8e90aa3,bb264b4e-6947-4444-a3e2-d596c92e23f7,f883c49e-2d63-429d-9045-a870da4643dd]
2026-09-06T21:33:13.8153439+08:00 pid=77768 [perf] ConfigureNumbered.tab-paragraph: +10ms (10ms)
2026-09-06T21:33:13.8213427+08:00 pid=77768 [perf] NativeCaption.prepare-paragraph: +5ms (5ms)
2026-09-06T21:33:13.8233416+08:00 pid=77768 [perf] NativeCaption.add-seq: +2ms (7ms)
2026-09-06T21:33:13.8263424+08:00 pid=77768 [perf] NativeCaption.update-seq: +3ms (10ms)
2026-09-06T21:33:13.8273430+08:00 pid=77768 [perf] NativeCaption.bookmarks: +2ms (12ms)
2026-09-06T21:33:13.8503416+08:00 pid=77768 [perf] NativeCaption.style-frame: +23ms (35ms)
2026-09-06T21:33:13.8513400+08:00 pid=77768 [perf] ConfigureNumbered.native-caption: +36ms (46ms)
2026-09-06T21:33:13.8563412+08:00 pid=77768 [perf] VisibleRef.scaffold: +4ms (4ms)
2026-09-06T21:33:13.8623440+08:00 pid=77768 [perf] VisibleRef.add-ref: +6ms (10ms)
2026-09-06T21:33:13.8733414+08:00 pid=77768 [perf] VisibleRef.update-ref: +12ms (22ms)
2026-09-06T21:33:13.8753407+08:00 pid=77768 [perf] VisibleRef.bookmark-format: +1ms (23ms)
2026-09-06T21:33:13.8843413+08:00 pid=77768 [perf] VisibleRef.vertical-align: +10ms (33ms)
2026-09-06T21:33:13.8843413+08:00 pid=77768 [perf] ConfigureNumbered.visible-ref: +34ms (80ms)
2026-09-06T21:33:13.8863399+08:00 pid=77768 [perf] ConfigureNumbered.ole-baseline: +2ms (82ms)
2026-09-06T21:33:13.9093422+08:00 pid=77768 [perf] ConfigureNumbered.tab-paragraph: +11ms (11ms)
2026-09-06T21:33:13.9163408+08:00 pid=77768 [perf] NativeCaption.prepare-paragraph: +5ms (5ms)
2026-09-06T21:33:13.9173433+08:00 pid=77768 [perf] NativeCaption.add-seq: +2ms (7ms)
2026-09-06T21:33:13.9203430+08:00 pid=77768 [perf] NativeCaption.update-seq: +3ms (10ms)
2026-09-06T21:33:13.9223414+08:00 pid=77768 [perf] NativeCaption.bookmarks: +2ms (12ms)
2026-09-06T21:33:13.9482949+08:00 pid=77768 [perf] NativeCaption.style-frame: +26ms (38ms)
2026-09-06T21:33:13.9492942+08:00 pid=77768 [perf] ConfigureNumbered.native-caption: +40ms (51ms)
2026-09-06T21:33:13.9533944+08:00 pid=77768 [perf] VisibleRef.scaffold: +3ms (3ms)
2026-09-06T21:33:13.9579120+08:00 pid=77768 [perf] VisibleRef.add-ref: +5ms (8ms)
2026-09-06T21:33:13.9699127+08:00 pid=77768 [perf] VisibleRef.update-ref: +12ms (20ms)
2026-09-06T21:33:13.9709123+08:00 pid=77768 [perf] VisibleRef.bookmark-format: +1ms (21ms)
2026-09-06T21:33:13.9799110+08:00 pid=77768 [perf] VisibleRef.vertical-align: +9ms (30ms)
2026-09-06T21:33:13.9799110+08:00 pid=77768 [perf] ConfigureNumbered.visible-ref: +30ms (81ms)
2026-09-06T21:33:13.9809107+08:00 pid=77768 [perf] ConfigureNumbered.ole-baseline: +2ms (83ms)
2026-09-06T21:33:14.0039133+08:00 pid=77768 [perf] ConfigureNumbered.tab-paragraph: +11ms (11ms)
2026-09-06T21:33:14.0099117+08:00 pid=77768 [perf] NativeCaption.prepare-paragraph: +5ms (5ms)
2026-09-06T21:33:14.0109125+08:00 pid=77768 [perf] NativeCaption.add-seq: +2ms (7ms)
2026-09-06T21:33:14.0139107+08:00 pid=77768 [perf] NativeCaption.update-seq: +2ms (9ms)
2026-09-06T21:33:14.0159116+08:00 pid=77768 [perf] NativeCaption.bookmarks: +2ms (11ms)
2026-09-06T21:33:14.0439138+08:00 pid=77768 [perf] NativeCaption.style-frame: +28ms (39ms)
2026-09-06T21:33:14.0439138+08:00 pid=77768 [perf] ConfigureNumbered.native-caption: +40ms (51ms)
2026-09-06T21:33:14.0484617+08:00 pid=77768 [perf] VisibleRef.scaffold: +4ms (4ms)
2026-09-06T21:33:14.0534716+08:00 pid=77768 [perf] VisibleRef.add-ref: +5ms (9ms)
2026-09-06T21:33:14.0654714+08:00 pid=77768 [perf] VisibleRef.update-ref: +12ms (21ms)
2026-09-06T21:33:14.0664728+08:00 pid=77768 [perf] VisibleRef.bookmark-format: +1ms (22ms)
2026-09-06T21:33:14.0754698+08:00 pid=77768 [perf] VisibleRef.vertical-align: +9ms (31ms)
2026-09-06T21:33:14.0764701+08:00 pid=77768 [perf] ConfigureNumbered.visible-ref: +32ms (83ms)
2026-09-06T21:33:14.0774716+08:00 pid=77768 [perf] ConfigureNumbered.ole-baseline: +2ms (85ms)
2026-09-06T21:33:14.1050246+08:00 pid=77768 [perf] ConfigureNumbered.tab-paragraph: +15ms (15ms)
2026-09-06T21:33:14.1115866+08:00 pid=77768 [perf] NativeCaption.prepare-paragraph: +6ms (6ms)
2026-09-06T21:33:14.1135984+08:00 pid=77768 [perf] NativeCaption.add-seq: +2ms (8ms)
2026-09-06T21:33:14.1165986+08:00 pid=77768 [perf] NativeCaption.update-seq: +3ms (11ms)
2026-09-06T21:33:14.1185981+08:00 pid=77768 [perf] NativeCaption.bookmarks: +1ms (12ms)
2026-09-06T21:33:14.1485989+08:00 pid=77768 [perf] NativeCaption.style-frame: +30ms (42ms)
2026-09-06T21:33:14.1485989+08:00 pid=77768 [perf] ConfigureNumbered.native-caption: +44ms (59ms)
2026-09-06T21:33:14.1525977+08:00 pid=77768 [perf] VisibleRef.scaffold: +3ms (3ms)
2026-09-06T21:33:14.1585972+08:00 pid=77768 [perf] VisibleRef.add-ref: +6ms (9ms)
2026-09-06T21:33:14.1705965+08:00 pid=77768 [perf] VisibleRef.update-ref: +12ms (21ms)
2026-09-06T21:33:14.1725968+08:00 pid=77768 [perf] VisibleRef.bookmark-format: +2ms (23ms)
2026-09-06T21:33:14.1915988+08:00 pid=77768 [perf] VisibleRef.vertical-align: +19ms (42ms)
2026-09-06T21:33:14.1915988+08:00 pid=77768 [perf] ConfigureNumbered.visible-ref: +43ms (102ms)
2026-09-06T21:33:14.1935969+08:00 pid=77768 [perf] ConfigureNumbered.ole-baseline: +2ms (104ms)
2026-09-06T21:33:14.2298930+08:00 pid=77768 [perf] ConfigureNumbered.tab-paragraph: +24ms (24ms)
2026-09-06T21:33:14.2379044+08:00 pid=77768 [perf] NativeCaption.prepare-paragraph: +7ms (7ms)
2026-09-06T21:33:14.2399077+08:00 pid=77768 [perf] NativeCaption.add-seq: +2ms (9ms)
2026-09-06T21:33:14.2429072+08:00 pid=77768 [perf] NativeCaption.update-seq: +3ms (12ms)
2026-09-06T21:33:14.2449078+08:00 pid=77768 [perf] NativeCaption.bookmarks: +2ms (14ms)
2026-09-06T21:33:14.2769056+08:00 pid=77768 [perf] NativeCaption.style-frame: +32ms (46ms)
2026-09-06T21:33:14.2769056+08:00 pid=77768 [perf] ConfigureNumbered.native-caption: +47ms (71ms)
2026-09-06T21:33:14.2819060+08:00 pid=77768 [perf] VisibleRef.scaffold: +4ms (4ms)
2026-09-06T21:33:14.2871329+08:00 pid=77768 [perf] VisibleRef.add-ref: +5ms (9ms)
2026-09-06T21:33:14.3001412+08:00 pid=77768 [perf] VisibleRef.update-ref: +13ms (22ms)
2026-09-06T21:33:14.3011422+08:00 pid=77768 [perf] VisibleRef.bookmark-format: +1ms (23ms)
2026-09-06T21:33:14.3111425+08:00 pid=77768 [perf] VisibleRef.vertical-align: +10ms (33ms)
2026-09-06T21:33:14.3121413+08:00 pid=77768 [perf] ConfigureNumbered.visible-ref: +35ms (106ms)
2026-09-06T21:33:14.3131397+08:00 pid=77768 [perf] ConfigureNumbered.ole-baseline: +1ms (107ms)
2026-09-06T21:33:14.3207304+08:00 pid=77768 [perf] ConversionFinalize.caption-inventory: +0ms (0ms)
2026-09-06T21:33:14.3517330+08:00 pid=77768 [perf] number-format-batch.plan: +31ms (31ms)
2026-09-06T21:33:14.3657313+08:00 pid=77768 [perf] number-format-batch.direct-table-targets: +14ms (45ms)
2026-09-06T21:33:14.3667326+08:00 pid=77768 [perf] number-format-batch.native-hash-inventory: +0ms (45ms)
2026-09-06T21:33:14.3877323+08:00 pid=77768 [perf] number-format-batch.native-breakdown lookup=0ms code=0ms update=15ms prefix=0ms bookmark=0ms
2026-09-06T21:33:14.3877323+08:00 pid=77768 [perf] number-format-batch.legacy-targets: +22ms (67ms)
2026-09-06T21:33:14.3887334+08:00 pid=77768 [perf] number-format-batch.native-hash-targets: +0ms (67ms)
2026-09-06T21:33:14.4669242+08:00 pid=77768 [perf] number-format-batch.visible-references: +79ms (146ms)
2026-09-06T21:33:14.5554473+08:00 pid=77768 [perf] number-format-batch.extra-references: +88ms (234ms)
2026-09-06T21:33:14.5754510+08:00 pid=77768 [perf] ConversionFinalize.field-batch: +254ms (254ms)
2026-09-06T21:33:14.8497973+08:00 pid=77768 [perf] ConversionFinalize.healthy-refresh: +275ms (529ms)
2026-09-06T21:33:29.9922859+08:00 pid=77768 [perf] update-numbers.health-fail reason=bookmark-id-set-mismatch visible=5/5[e4f096ef-1bae-4342-bab8-209ea629fa41,e7797623-819f-44e7-8c76-65de2edaa703,f9eb0967-2de4-4831-85c5-5d7f75f00813,e98a1e6a-c4e3-457e-af4e-b0d41c842ef8,ee4381ec-0818-416f-91e5-48912ee53040] caption=5/5[e4f096ef-1bae-4342-bab8-209ea629fa41,e7797623-819f-44e7-8c76-65de2edaa703,f9eb0967-2de4-4831-85c5-5d7f75f00813,e98a1e6a-c4e3-457e-af4e-b0d41c842ef8,ee4381ec-0818-416f-91e5-48912ee53040] number=6/6[e4f096ef-1bae-4342-bab8-209ea629fa41,e7797623-819f-44e7-8c76-65de2edaa703,a02a77cf-6159-4b4b-b885-04d56a1c4aa3,f9eb0967-2de4-4831-85c5-5d7f75f00813,e98a1e6a-c4e3-457e-af4e-b0d41c842ef8,ee4381ec-0818-416f-91e5-48912ee53040]
2026-09-06T21:34:26.1241838+08:00 pid=77768 [perf] direct-row-health-fail formulaId=9aea1454-a1c1-4ffb-b2d0-e159c6d4b7c5 check=table-membership reason=not-in-table
2026-09-06T21:34:26.8959341+08:00 pid=77768 [perf] ConvertedOmmlBatch.inventory: +770ms (770ms)
2026-09-06T21:34:27.0572376+08:00 pid=77768 [perf] ConvertedOmmlBatch.number-plan: +162ms (932ms)
2026-09-06T21:34:27.1849728+08:00 pid=77768 [perf] ConvertedOmmlBatch.locate-target: +127ms (1059ms)
2026-09-06T21:34:27.1879733+08:00 pid=77768 [perf] ConvertedOmmlBatch.true-display-native-resolve-display: +4ms (1063ms)
2026-09-06T21:34:27.2366295+08:00 pid=77768 [perf] ConvertedOmmlBatch.true-display-native-clear-artifacts: +48ms (1111ms)
2026-09-06T21:34:27.3329493+08:00 pid=77768 [perf] ConvertedOmmlBatch.true-display-native-measure-display: +96ms (1207ms)
2026-09-06T21:34:27.3859473+08:00 pid=77768 [perf] ConvertedOmmlBatch.true-display-native-ensure-table: +54ms (1261ms)
2026-09-06T21:34:27.3889463+08:00 pid=77768 [perf] ConvertedOmmlBatch.true-display-native-resolve-table-formula: +3ms (1264ms)
2026-09-06T21:34:27.3889463+08:00 pid=77768 [perf] ConvertedOmmlBatch.true-display-native-height-repair: +0ms (1264ms)
2026-09-06T21:34:27.5994856+08:00 pid=77768 [perf] ConvertedOmmlBatch.true-display-native-geometry: +210ms (1474ms)
2026-09-06T21:34:27.5994856+08:00 pid=77768 [perf] ConvertedOmmlBatch.true-display-native-1x3-table: +0ms (1474ms)
2026-09-06T21:34:27.5994856+08:00 pid=77768 [perf] ConvertedOmmlBatch.true-display-direct-number-plan: +0ms (1474ms)
2026-09-06T21:34:27.8765732+08:00 pid=77768 [perf] ConvertedOmmlBatch.true-display-direct-visible-seq: +277ms (1751ms)
2026-09-06T21:34:27.9455239+08:00 pid=77768 [perf] remove-owned-post-table-anchor generated=630:631 original=631:644
2026-09-06T21:34:27.9669555+08:00 pid=77768 [perf] ConvertedOmmlBatch.true-display-native-post-table-spacing: +91ms (1842ms)
2026-09-06T21:34:28.0183663+08:00 pid=77768 [perf] ConvertedOmmlBatch.true-display-native-wrap-identity: +51ms (1893ms)
2026-09-06T21:34:28.0183663+08:00 pid=77768 [perf] ConvertedOmmlBatch.true-display-host: +0ms (1893ms)
2026-09-06T21:34:28.1306627+08:00 pid=77768 [perf] ConvertedOmmlBatch.repair-identity: +112ms (2005ms)
2026-09-06T21:34:28.2741212+08:00 pid=77768 [perf] ConvertedOmmlBatch.locate-target: +144ms (2149ms)
2026-09-06T21:34:28.2771211+08:00 pid=77768 [perf] ConvertedOmmlBatch.true-display-native-resolve-display: +3ms (2152ms)
2026-09-06T21:34:28.3345873+08:00 pid=77768 [perf] ConvertedOmmlBatch.true-display-native-clear-artifacts: +57ms (2209ms)
2026-09-06T21:34:28.4541416+08:00 pid=77768 [perf] ConvertedOmmlBatch.true-display-native-measure-display: +119ms (2328ms)
2026-09-06T21:34:28.5086781+08:00 pid=77768 [perf] ConvertedOmmlBatch.true-display-native-ensure-table: +55ms (2383ms)
2026-09-06T21:34:28.5116773+08:00 pid=77768 [perf] ConvertedOmmlBatch.true-display-native-resolve-table-formula: +3ms (2386ms)
2026-09-06T21:34:28.5116773+08:00 pid=77768 [perf] ConvertedOmmlBatch.true-display-native-height-repair: +0ms (2386ms)
2026-09-06T21:34:28.7253160+08:00 pid=77768 [perf] ConvertedOmmlBatch.true-display-native-geometry: +214ms (2600ms)
2026-09-06T21:34:28.7263155+08:00 pid=77768 [perf] ConvertedOmmlBatch.true-display-native-1x3-table: +0ms (2600ms)
2026-09-06T21:34:28.7263155+08:00 pid=77768 [perf] ConvertedOmmlBatch.true-display-direct-number-plan: +1ms (2601ms)
2026-09-06T21:34:28.9988391+08:00 pid=77768 [perf] ConvertedOmmlBatch.true-display-direct-visible-seq: +272ms (2873ms)
2026-09-06T21:34:29.0588149+08:00 pid=77768 [perf] remove-owned-post-table-anchor generated=580:581 original=581:599
2026-09-06T21:34:29.0754239+08:00 pid=77768 [perf] ConvertedOmmlBatch.true-display-native-post-table-spacing: +77ms (2950ms)
2026-09-06T21:34:29.1318950+08:00 pid=77768 [perf] ConvertedOmmlBatch.true-display-native-wrap-identity: +56ms (3006ms)
2026-09-06T21:34:29.1318950+08:00 pid=77768 [perf] ConvertedOmmlBatch.true-display-host: +0ms (3006ms)
2026-09-06T21:34:29.2481950+08:00 pid=77768 [perf] ConvertedOmmlBatch.repair-identity: +117ms (3123ms)
2026-09-06T21:34:29.3795874+08:00 pid=77768 [perf] ConvertedOmmlBatch.locate-target: +131ms (3254ms)
2026-09-06T21:34:29.3845876+08:00 pid=77768 [perf] ConvertedOmmlBatch.true-display-native-resolve-display: +5ms (3259ms)
2026-09-06T21:34:29.4271558+08:00 pid=77768 [perf] ConvertedOmmlBatch.true-display-native-clear-artifacts: +42ms (3301ms)
2026-09-06T21:34:29.5341561+08:00 pid=77768 [perf] ConvertedOmmlBatch.true-display-native-measure-display: +107ms (3408ms)
2026-09-06T21:34:29.5941544+08:00 pid=77768 [perf] ConvertedOmmlBatch.true-display-native-ensure-table: +60ms (3468ms)
2026-09-06T21:34:29.5971548+08:00 pid=77768 [perf] ConvertedOmmlBatch.true-display-native-resolve-table-formula: +3ms (3471ms)
2026-09-06T21:34:29.5971548+08:00 pid=77768 [perf] ConvertedOmmlBatch.true-display-native-height-repair: +0ms (3471ms)
2026-09-06T21:34:29.8173906+08:00 pid=77768 [perf] ConvertedOmmlBatch.true-display-native-geometry: +221ms (3692ms)
2026-09-06T21:34:29.8183888+08:00 pid=77768 [perf] ConvertedOmmlBatch.true-display-native-1x3-table: +0ms (3692ms)
2026-09-06T21:34:29.8183888+08:00 pid=77768 [perf] ConvertedOmmlBatch.true-display-direct-number-plan: +1ms (3693ms)
2026-09-06T21:34:30.0612175+08:00 pid=77768 [perf] ConvertedOmmlBatch.true-display-direct-visible-seq: +242ms (3935ms)
2026-09-06T21:34:30.1378402+08:00 pid=77768 [perf] remove-owned-post-table-anchor generated=483:484 original=484:492
2026-09-06T21:34:30.1513896+08:00 pid=77768 [perf] ConvertedOmmlBatch.true-display-native-post-table-spacing: +91ms (4026ms)
2026-09-06T21:34:30.2002193+08:00 pid=77768 [perf] ConvertedOmmlBatch.true-display-native-wrap-identity: +49ms (4075ms)
2026-09-06T21:34:30.2002193+08:00 pid=77768 [perf] ConvertedOmmlBatch.true-display-host: +0ms (4075ms)
2026-09-06T21:34:30.3091707+08:00 pid=77768 [perf] ConvertedOmmlBatch.repair-identity: +108ms (4183ms)
2026-09-06T21:34:30.4391117+08:00 pid=77768 [perf] ConvertedOmmlBatch.locate-target: +130ms (4313ms)
2026-09-06T21:34:30.4421133+08:00 pid=77768 [perf] ConvertedOmmlBatch.true-display-native-resolve-display: +4ms (4317ms)
2026-09-06T21:34:30.4783006+08:00 pid=77768 [perf] ConvertedOmmlBatch.true-display-native-clear-artifacts: +36ms (4353ms)
2026-09-06T21:34:30.5896760+08:00 pid=77768 [perf] ConvertedOmmlBatch.true-display-native-measure-display: +111ms (4464ms)
2026-09-06T21:34:30.6444128+08:00 pid=77768 [perf] ConvertedOmmlBatch.true-display-native-ensure-table: +55ms (4519ms)
2026-09-06T21:34:30.6476610+08:00 pid=77768 [perf] ConvertedOmmlBatch.true-display-native-resolve-table-formula: +3ms (4522ms)
2026-09-06T21:34:30.6481677+08:00 pid=77768 [perf] ConvertedOmmlBatch.true-display-native-height-repair: +0ms (4522ms)
2026-09-06T21:34:30.8581568+08:00 pid=77768 [perf] ConvertedOmmlBatch.true-display-native-geometry: +210ms (4732ms)
2026-09-06T21:34:30.8581568+08:00 pid=77768 [perf] ConvertedOmmlBatch.true-display-native-1x3-table: +0ms (4732ms)
2026-09-06T21:34:30.8581568+08:00 pid=77768 [perf] ConvertedOmmlBatch.true-display-direct-number-plan: +1ms (4733ms)
2026-09-06T21:34:31.0988241+08:00 pid=77768 [perf] ConvertedOmmlBatch.true-display-direct-visible-seq: +241ms (4974ms)
2026-09-06T21:34:31.1590626+08:00 pid=77768 [perf] remove-owned-post-table-anchor generated=235:236 original=236:242
2026-09-06T21:34:31.1778206+08:00 pid=77768 [perf] ConvertedOmmlBatch.true-display-native-post-table-spacing: +78ms (5052ms)
2026-09-06T21:34:31.2358216+08:00 pid=77768 [perf] ConvertedOmmlBatch.true-display-native-wrap-identity: +59ms (5111ms)
2026-09-06T21:34:31.2368209+08:00 pid=77768 [perf] ConvertedOmmlBatch.true-display-host: +0ms (5111ms)
2026-09-06T21:34:31.4021433+08:00 pid=77768 [perf] ConvertedOmmlBatch.repair-identity: +166ms (5277ms)
2026-09-06T21:34:31.5492045+08:00 pid=77768 [perf] ConvertedOmmlBatch.locate-target: +146ms (5423ms)
2026-09-06T21:34:31.5572031+08:00 pid=77768 [perf] ConvertedOmmlBatch.true-display-native-resolve-display: +8ms (5431ms)
2026-09-06T21:34:31.6032027+08:00 pid=77768 [perf] ConvertedOmmlBatch.true-display-native-clear-artifacts: +47ms (5478ms)
2026-09-06T21:34:31.7110076+08:00 pid=77768 [perf] ConvertedOmmlBatch.true-display-native-measure-display: +107ms (5585ms)
2026-09-06T21:34:31.7840111+08:00 pid=77768 [perf] ConvertedOmmlBatch.true-display-native-ensure-table: +73ms (5658ms)
2026-09-06T21:34:31.7878176+08:00 pid=77768 [perf] ConvertedOmmlBatch.true-display-native-resolve-table-formula: +4ms (5662ms)
2026-09-06T21:34:31.7888253+08:00 pid=77768 [perf] ConvertedOmmlBatch.true-display-native-height-repair: +1ms (5663ms)
2026-09-06T21:34:32.0047714+08:00 pid=77768 [perf] ConvertedOmmlBatch.true-display-native-geometry: +216ms (5879ms)
2026-09-06T21:34:32.0047714+08:00 pid=77768 [perf] ConvertedOmmlBatch.true-display-native-1x3-table: +0ms (5879ms)
2026-09-06T21:34:32.0047714+08:00 pid=77768 [perf] ConvertedOmmlBatch.true-display-direct-number-plan: +1ms (5880ms)
2026-09-06T21:34:32.2808667+08:00 pid=77768 [perf] ConvertedOmmlBatch.true-display-direct-visible-seq: +275ms (6155ms)
2026-09-06T21:34:32.3439075+08:00 pid=77768 [perf] remove-owned-post-table-anchor generated=222:223 original=223:224
2026-09-06T21:34:32.3569081+08:00 pid=77768 [perf] ConvertedOmmlBatch.true-display-native-post-table-spacing: +77ms (6232ms)
2026-09-06T21:34:32.4141373+08:00 pid=77768 [perf] ConvertedOmmlBatch.true-display-native-wrap-identity: +57ms (6289ms)
2026-09-06T21:34:32.4141373+08:00 pid=77768 [perf] ConvertedOmmlBatch.true-display-host: +0ms (6289ms)
2026-09-06T21:34:32.5223581+08:00 pid=77768 [perf] ConvertedOmmlBatch.repair-identity: +108ms (6397ms)
2026-09-06T21:37:55.8585405+08:00 pid=77768 [perf] ConvertedOmmlBatch.inventory: +690ms (690ms)
2026-09-06T21:37:55.9630093+08:00 pid=77768 [perf] ConvertedOmmlBatch.number-plan: +103ms (793ms)
2026-09-06T21:37:56.0554643+08:00 pid=77768 [perf] ConvertedOmmlBatch.locate-target: +94ms (887ms)
2026-09-06T21:37:56.0584643+08:00 pid=77768 [perf] ConvertedOmmlBatch.true-display-native-resolve-display: +2ms (889ms)
2026-09-06T21:37:56.0941690+08:00 pid=77768 [perf] ConvertedOmmlBatch.true-display-native-clear-artifacts: +36ms (925ms)
2026-09-06T21:37:56.1630734+08:00 pid=77768 [perf] ConvertedOmmlBatch.true-display-native-measure-display: +68ms (993ms)
2026-09-06T21:37:56.2024075+08:00 pid=77768 [perf] ConvertedOmmlBatch.true-display-native-ensure-table: +40ms (1033ms)
2026-09-06T21:37:56.2054050+08:00 pid=77768 [perf] ConvertedOmmlBatch.true-display-native-resolve-table-formula: +3ms (1036ms)
2026-09-06T21:37:56.2054050+08:00 pid=77768 [perf] ConvertedOmmlBatch.true-display-native-height-repair: +0ms (1036ms)
2026-09-06T21:37:56.2912608+08:00 pid=77768 [perf] ConvertedOmmlBatch.true-display-native-geometry: +86ms (1122ms)
2026-09-06T21:37:56.2922607+08:00 pid=77768 [perf] ConvertedOmmlBatch.true-display-native-1x3-table: +1ms (1123ms)
2026-09-06T21:37:56.2922607+08:00 pid=77768 [perf] ConvertedOmmlBatch.true-display-direct-number-plan: +0ms (1123ms)
2026-09-06T21:37:56.5383628+08:00 pid=77768 [perf] ConvertedOmmlBatch.true-display-direct-visible-seq: +246ms (1369ms)
2026-09-06T21:37:56.6128426+08:00 pid=77768 [perf] remove-owned-post-table-anchor generated=506:507 original=507:520
2026-09-06T21:37:56.6285628+08:00 pid=77768 [perf] ConvertedOmmlBatch.true-display-native-post-table-spacing: +90ms (1459ms)
2026-09-06T21:37:56.6955936+08:00 pid=77768 [perf] ConvertedOmmlBatch.true-display-native-wrap-identity: +67ms (1526ms)
2026-09-06T21:37:56.6955936+08:00 pid=77768 [perf] ConvertedOmmlBatch.true-display-host: +1ms (1527ms)
2026-09-06T21:37:56.8072810+08:00 pid=77768 [perf] ConvertedOmmlBatch.repair-identity: +111ms (1638ms)
2026-09-06T21:37:56.9258186+08:00 pid=77768 [perf] ConvertedOmmlBatch.locate-target: +118ms (1756ms)
2026-09-06T21:37:56.9308186+08:00 pid=77768 [perf] ConvertedOmmlBatch.true-display-native-resolve-display: +6ms (1762ms)
2026-09-06T21:37:56.9798322+08:00 pid=77768 [perf] ConvertedOmmlBatch.true-display-native-clear-artifacts: +49ms (1811ms)
2026-09-06T21:37:57.0976398+08:00 pid=77768 [perf] ConvertedOmmlBatch.true-display-native-measure-display: +117ms (1928ms)
2026-09-06T21:37:57.1451988+08:00 pid=77768 [perf] ConvertedOmmlBatch.true-display-native-ensure-table: +48ms (1976ms)
2026-09-06T21:37:57.1471967+08:00 pid=77768 [perf] ConvertedOmmlBatch.true-display-native-resolve-table-formula: +2ms (1978ms)
2026-09-06T21:37:57.1471967+08:00 pid=77768 [perf] ConvertedOmmlBatch.true-display-native-height-repair: +0ms (1978ms)
2026-09-06T21:37:57.2524726+08:00 pid=77768 [perf] ConvertedOmmlBatch.true-display-native-geometry: +105ms (2083ms)
2026-09-06T21:37:57.2534723+08:00 pid=77768 [perf] ConvertedOmmlBatch.true-display-native-1x3-table: +1ms (2084ms)
2026-09-06T21:37:57.2534723+08:00 pid=77768 [perf] ConvertedOmmlBatch.true-display-direct-number-plan: +0ms (2084ms)
2026-09-06T21:37:57.5304203+08:00 pid=77768 [perf] ConvertedOmmlBatch.true-display-direct-visible-seq: +277ms (2361ms)
2026-09-06T21:37:57.6030870+08:00 pid=77768 [perf] remove-owned-post-table-anchor generated=458:459 original=459:477
2026-09-06T21:37:57.6238844+08:00 pid=77768 [perf] ConvertedOmmlBatch.true-display-native-post-table-spacing: +94ms (2455ms)
2026-09-06T21:37:57.6808837+08:00 pid=77768 [perf] ConvertedOmmlBatch.true-display-native-wrap-identity: +56ms (2511ms)
2026-09-06T21:37:57.6808837+08:00 pid=77768 [perf] ConvertedOmmlBatch.true-display-host: +1ms (2512ms)
2026-09-06T21:37:57.8018896+08:00 pid=77768 [perf] ConvertedOmmlBatch.repair-identity: +120ms (2632ms)
2026-09-06T21:37:57.9488089+08:00 pid=77768 [perf] ConvertedOmmlBatch.locate-target: +147ms (2779ms)
2026-09-06T21:37:57.9548088+08:00 pid=77768 [perf] ConvertedOmmlBatch.true-display-native-resolve-display: +7ms (2786ms)
2026-09-06T21:37:58.0138095+08:00 pid=77768 [perf] ConvertedOmmlBatch.true-display-native-clear-artifacts: +59ms (2845ms)
2026-09-06T21:37:58.1413785+08:00 pid=77768 [perf] ConvertedOmmlBatch.true-display-native-measure-display: +128ms (2973ms)
2026-09-06T21:37:58.2001745+08:00 pid=77768 [perf] ConvertedOmmlBatch.true-display-native-ensure-table: +58ms (3031ms)
2026-09-06T21:37:58.2011755+08:00 pid=77768 [perf] ConvertedOmmlBatch.true-display-native-resolve-table-formula: +1ms (3032ms)
2026-09-06T21:37:58.2021754+08:00 pid=77768 [perf] ConvertedOmmlBatch.true-display-native-height-repair: +1ms (3033ms)
2026-09-06T21:37:58.3101747+08:00 pid=77768 [perf] ConvertedOmmlBatch.true-display-native-geometry: +108ms (3141ms)
2026-09-06T21:37:58.3111751+08:00 pid=77768 [perf] ConvertedOmmlBatch.true-display-native-1x3-table: +1ms (3142ms)
2026-09-06T21:37:58.3111751+08:00 pid=77768 [perf] ConvertedOmmlBatch.true-display-direct-number-plan: +0ms (3142ms)
2026-09-06T21:37:58.6142366+08:00 pid=77768 [perf] ConvertedOmmlBatch.true-display-direct-visible-seq: +303ms (3445ms)
2026-09-06T21:37:58.6742366+08:00 pid=77768 [perf] remove-owned-post-table-anchor generated=365:366 original=366:374
2026-09-06T21:37:58.6860273+08:00 pid=77768 [perf] ConvertedOmmlBatch.true-display-native-post-table-spacing: +71ms (3516ms)
2026-09-06T21:37:58.7504648+08:00 pid=77768 [perf] ConvertedOmmlBatch.true-display-native-wrap-identity: +65ms (3581ms)
2026-09-06T21:37:58.7504648+08:00 pid=77768 [perf] ConvertedOmmlBatch.true-display-host: +0ms (3581ms)
2026-09-06T21:37:58.8483683+08:00 pid=77768 [perf] ConvertedOmmlBatch.repair-identity: +98ms (3679ms)
2026-09-06T21:37:58.9733679+08:00 pid=77768 [perf] ConvertedOmmlBatch.locate-target: +125ms (3804ms)
2026-09-06T21:37:58.9793678+08:00 pid=77768 [perf] ConvertedOmmlBatch.true-display-native-resolve-display: +6ms (3810ms)
2026-09-06T21:37:59.0143681+08:00 pid=77768 [perf] ConvertedOmmlBatch.true-display-native-clear-artifacts: +35ms (3845ms)
2026-09-06T21:37:59.1236840+08:00 pid=77768 [perf] ConvertedOmmlBatch.true-display-native-measure-display: +110ms (3955ms)
2026-09-06T21:37:59.1753449+08:00 pid=77768 [perf] ConvertedOmmlBatch.true-display-native-ensure-table: +51ms (4006ms)
2026-09-06T21:37:59.1763440+08:00 pid=77768 [perf] ConvertedOmmlBatch.true-display-native-resolve-table-formula: +1ms (4007ms)
2026-09-06T21:37:59.1763440+08:00 pid=77768 [perf] ConvertedOmmlBatch.true-display-native-height-repair: +0ms (4007ms)
2026-09-06T21:37:59.2833444+08:00 pid=77768 [perf] ConvertedOmmlBatch.true-display-native-geometry: +107ms (4114ms)
2026-09-06T21:37:59.2843444+08:00 pid=77768 [perf] ConvertedOmmlBatch.true-display-native-1x3-table: +1ms (4115ms)
2026-09-06T21:37:59.2843444+08:00 pid=77768 [perf] ConvertedOmmlBatch.true-display-direct-number-plan: +0ms (4115ms)
2026-09-06T21:37:59.5623096+08:00 pid=77768 [perf] ConvertedOmmlBatch.true-display-direct-visible-seq: +278ms (4393ms)
2026-09-06T21:37:59.6263104+08:00 pid=77768 [perf] remove-owned-post-table-anchor generated=275:276 original=276:282
2026-09-06T21:37:59.6373109+08:00 pid=77768 [perf] ConvertedOmmlBatch.true-display-native-post-table-spacing: +75ms (4468ms)
2026-09-06T21:37:59.6853096+08:00 pid=77768 [perf] ConvertedOmmlBatch.true-display-native-wrap-identity: +48ms (4516ms)
2026-09-06T21:37:59.6863120+08:00 pid=77768 [perf] ConvertedOmmlBatch.true-display-host: +1ms (4517ms)
2026-09-06T21:37:59.7818998+08:00 pid=77768 [perf] ConvertedOmmlBatch.repair-identity: +96ms (4613ms)
2026-09-06T21:37:59.9095201+08:00 pid=77768 [perf] ConvertedOmmlBatch.locate-target: +128ms (4741ms)
2026-09-06T21:37:59.9135187+08:00 pid=77768 [perf] ConvertedOmmlBatch.true-display-native-resolve-display: +3ms (4744ms)
2026-09-06T21:37:59.9515203+08:00 pid=77768 [perf] ConvertedOmmlBatch.true-display-native-clear-artifacts: +38ms (4782ms)
2026-09-06T21:38:00.0569226+08:00 pid=77768 [perf] ConvertedOmmlBatch.true-display-native-measure-display: +106ms (4888ms)
2026-09-06T21:38:00.1270999+08:00 pid=77768 [perf] ConvertedOmmlBatch.true-display-native-ensure-table: +70ms (4958ms)
2026-09-06T21:38:00.1311092+08:00 pid=77768 [perf] ConvertedOmmlBatch.true-display-native-resolve-table-formula: +4ms (4962ms)
2026-09-06T21:38:00.1321094+08:00 pid=77768 [perf] ConvertedOmmlBatch.true-display-native-height-repair: +1ms (4963ms)
2026-09-06T21:38:00.2876981+08:00 pid=77768 [perf] ConvertedOmmlBatch.true-display-native-geometry: +155ms (5118ms)
2026-09-06T21:38:00.2876981+08:00 pid=77768 [perf] ConvertedOmmlBatch.true-display-native-1x3-table: +1ms (5119ms)
2026-09-06T21:38:00.2886984+08:00 pid=77768 [perf] ConvertedOmmlBatch.true-display-direct-number-plan: +0ms (5119ms)
2026-09-06T21:38:00.5718949+08:00 pid=77768 [perf] ConvertedOmmlBatch.true-display-direct-visible-seq: +284ms (5403ms)
2026-09-06T21:38:00.6354029+08:00 pid=77768 [perf] remove-owned-post-table-anchor generated=221:222 original=222:223
2026-09-06T21:38:00.6439187+08:00 pid=77768 [perf] ConvertedOmmlBatch.true-display-native-post-table-spacing: +71ms (5474ms)
2026-09-06T21:38:00.6959188+08:00 pid=77768 [perf] ConvertedOmmlBatch.true-display-native-wrap-identity: +53ms (5527ms)
2026-09-06T21:38:00.6969183+08:00 pid=77768 [perf] ConvertedOmmlBatch.true-display-host: +0ms (5527ms)
2026-09-06T21:38:00.7956280+08:00 pid=77768 [perf] ConvertedOmmlBatch.repair-identity: +100ms (5627ms)
2026-09-06T21:38:00.7966277+08:00 pid=77768 [perf] ConversionFinalize.caption-inventory: +0ms (0ms)
2026-09-06T21:38:00.9206279+08:00 pid=77768 [perf] number-format-batch.plan: +123ms (123ms)
2026-09-06T21:38:00.9226289+08:00 pid=77768 [perf] number-format-batch.direct-table-targets: +2ms (125ms)
2026-09-06T21:38:00.9226289+08:00 pid=77768 [perf] number-format-batch.native-hash-inventory: +0ms (125ms)
2026-09-06T21:38:00.9226289+08:00 pid=77768 [perf] number-format-batch.native-breakdown lookup=0ms code=0ms update=0ms prefix=0ms bookmark=0ms
2026-09-06T21:38:00.9226289+08:00 pid=77768 [perf] number-format-batch.legacy-targets: +0ms (125ms)
2026-09-06T21:38:00.9226289+08:00 pid=77768 [perf] number-format-batch.native-hash-targets: +0ms (125ms)
2026-09-06T21:38:00.9236275+08:00 pid=77768 [perf] number-format-batch.visible-references: +1ms (126ms)
2026-09-06T21:38:01.0003922+08:00 pid=77768 [perf] number-format-batch.extra-references: +77ms (203ms)
2026-09-06T21:38:01.0013934+08:00 pid=77768 [perf] ConversionFinalize.field-batch: +204ms (204ms)
2026-09-06T21:38:01.1956746+08:00 pid=77768 [perf] ConversionFinalize.healthy-refresh: +195ms (399ms)
