2026-09-06T19:09:51.1407508+08:00 pid=71532 [perf] update-numbers.health-fail reason=no-parseable-field-codes
2026-09-06T19:10:57.3663885+08:00 pid=71532 [perf] update-numbers.health-fail reason=no-numbering-bookmarks
2026-09-06T19:14:39.7295802+08:00 pid=71532 [perf] direct-row-health-fail formulaId=0f5f32c1-fe03-414c-b90a-a56f9e1e064e check=table-membership reason=not-in-table
2026-09-06T19:14:40.2983963+08:00 pid=71532 [perf] ConvertedOmmlBatch.inventory: +565ms (565ms)
2026-09-06T19:14:40.4272921+08:00 pid=71532 [perf] ConvertedOmmlBatch.number-plan: +128ms (693ms)
2026-09-06T19:14:40.5229892+08:00 pid=71532 [perf] ConvertedOmmlBatch.locate-target: +96ms (789ms)
2026-09-06T19:14:40.5289856+08:00 pid=71532 [perf] ConvertedOmmlBatch.true-display-native-resolve-display: +6ms (795ms)
2026-09-06T19:14:40.5755928+08:00 pid=71532 [perf] ConvertedOmmlBatch.true-display-native-clear-artifacts: +47ms (842ms)
2026-09-06T19:14:40.6515928+08:00 pid=71532 [perf] ConvertedOmmlBatch.true-display-native-measure-display: +76ms (918ms)
2026-09-06T19:14:40.7005901+08:00 pid=71532 [perf] ConvertedOmmlBatch.true-display-native-ensure-table: +48ms (966ms)
2026-09-06T19:14:40.7025912+08:00 pid=71532 [perf] ConvertedOmmlBatch.true-display-native-resolve-table-formula: +3ms (969ms)
2026-09-06T19:14:40.7025912+08:00 pid=71532 [perf] ConvertedOmmlBatch.true-display-native-height-repair: +0ms (969ms)
2026-09-06T19:14:40.8665136+08:00 pid=71532 [perf] ConvertedOmmlBatch.true-display-native-geometry: +164ms (1133ms)
2026-09-06T19:14:40.8675102+08:00 pid=71532 [perf] ConvertedOmmlBatch.true-display-native-1x3-table: +0ms (1133ms)
2026-09-06T19:14:40.8685124+08:00 pid=71532 [perf] ConvertedOmmlBatch.true-display-direct-number-plan: +2ms (1135ms)
2026-09-06T19:14:41.0968565+08:00 pid=71532 [perf] ConvertedOmmlBatch.true-display-direct-visible-seq: +228ms (1363ms)
2026-09-06T19:14:41.1614972+08:00 pid=71532 [perf] ConvertedOmmlBatch.true-display-native-post-table-spacing: +64ms (1427ms)
2026-09-06T19:14:41.2074956+08:00 pid=71532 [perf] ConvertedOmmlBatch.true-display-native-wrap-identity: +47ms (1474ms)
2026-09-06T19:14:41.2084972+08:00 pid=71532 [perf] ConvertedOmmlBatch.true-display-host: +0ms (1474ms)
2026-09-06T19:14:41.3030142+08:00 pid=71532 [perf] ConvertedOmmlBatch.repair-identity: +95ms (1569ms)
2026-09-06T19:14:41.4086230+08:00 pid=71532 [perf] ConvertedOmmlBatch.locate-target: +105ms (1674ms)
2026-09-06T19:14:41.4106229+08:00 pid=71532 [perf] ConvertedOmmlBatch.true-display-native-resolve-display: +3ms (1677ms)
2026-09-06T19:14:41.4466247+08:00 pid=71532 [perf] ConvertedOmmlBatch.true-display-native-clear-artifacts: +36ms (1713ms)
2026-09-06T19:14:41.5242411+08:00 pid=71532 [perf] ConvertedOmmlBatch.true-display-native-measure-display: +78ms (1791ms)
2026-09-06T19:14:41.5689990+08:00 pid=71532 [perf] ConvertedOmmlBatch.true-display-native-ensure-table: +44ms (1835ms)
2026-09-06T19:14:41.5709989+08:00 pid=71532 [perf] ConvertedOmmlBatch.true-display-native-resolve-table-formula: +2ms (1837ms)
2026-09-06T19:14:41.5709989+08:00 pid=71532 [perf] ConvertedOmmlBatch.true-display-native-height-repair: +0ms (1837ms)
2026-09-06T19:14:41.7316136+08:00 pid=71532 [perf] ConvertedOmmlBatch.true-display-native-geometry: +160ms (1997ms)
2026-09-06T19:14:41.7316136+08:00 pid=71532 [perf] ConvertedOmmlBatch.true-display-native-1x3-table: +1ms (1998ms)
2026-09-06T19:14:41.7316136+08:00 pid=71532 [perf] ConvertedOmmlBatch.true-display-direct-number-plan: +0ms (1998ms)
2026-09-06T19:14:41.9359039+08:00 pid=71532 [perf] ConvertedOmmlBatch.true-display-direct-visible-seq: +203ms (2201ms)
2026-09-06T19:14:42.0094754+08:00 pid=71532 [perf] ConvertedOmmlBatch.true-display-native-post-table-spacing: +74ms (2275ms)
2026-09-06T19:14:42.0524115+08:00 pid=71532 [perf] ConvertedOmmlBatch.true-display-native-wrap-identity: +44ms (2319ms)
2026-09-06T19:14:42.0534134+08:00 pid=71532 [perf] ConvertedOmmlBatch.true-display-host: +0ms (2319ms)
2026-09-06T19:14:42.1532048+08:00 pid=71532 [perf] ConvertedOmmlBatch.repair-identity: +100ms (2419ms)
2026-09-06T19:14:42.2588462+08:00 pid=71532 [perf] ConvertedOmmlBatch.locate-target: +106ms (2525ms)
2026-09-06T19:14:42.2658447+08:00 pid=71532 [perf] ConvertedOmmlBatch.true-display-native-resolve-display: +7ms (2532ms)
2026-09-06T19:14:42.2998462+08:00 pid=71532 [perf] ConvertedOmmlBatch.true-display-native-clear-artifacts: +33ms (2565ms)
2026-09-06T19:14:42.3818446+08:00 pid=71532 [perf] ConvertedOmmlBatch.true-display-native-measure-display: +83ms (2648ms)
2026-09-06T19:14:42.4326670+08:00 pid=71532 [perf] ConvertedOmmlBatch.true-display-native-ensure-table: +51ms (2699ms)
2026-09-06T19:14:42.4362576+08:00 pid=71532 [perf] ConvertedOmmlBatch.true-display-native-resolve-table-formula: +3ms (2702ms)
2026-09-06T19:14:42.4362576+08:00 pid=71532 [perf] ConvertedOmmlBatch.true-display-native-height-repair: +0ms (2702ms)
2026-09-06T19:14:42.6481274+08:00 pid=71532 [perf] ConvertedOmmlBatch.true-display-native-geometry: +212ms (2914ms)
2026-09-06T19:14:42.6481274+08:00 pid=71532 [perf] ConvertedOmmlBatch.true-display-native-1x3-table: +0ms (2914ms)
2026-09-06T19:14:42.6481274+08:00 pid=71532 [perf] ConvertedOmmlBatch.true-display-direct-number-plan: +1ms (2915ms)
2026-09-06T19:14:42.9477807+08:00 pid=71532 [perf] ConvertedOmmlBatch.true-display-direct-visible-seq: +299ms (3214ms)
2026-09-06T19:14:43.0197909+08:00 pid=71532 [perf] ConvertedOmmlBatch.true-display-native-post-table-spacing: +72ms (3286ms)
2026-09-06T19:14:43.0693476+08:00 pid=71532 [perf] ConvertedOmmlBatch.true-display-native-wrap-identity: +49ms (3335ms)
2026-09-06T19:14:43.0693476+08:00 pid=71532 [perf] ConvertedOmmlBatch.true-display-host: +1ms (3336ms)
2026-09-06T19:14:43.1504655+08:00 pid=71532 [perf] ConvertedOmmlBatch.repair-identity: +81ms (3417ms)
2026-09-06T19:14:43.2518445+08:00 pid=71532 [perf] ConvertedOmmlBatch.locate-target: +101ms (3518ms)
2026-09-06T19:14:43.2598465+08:00 pid=71532 [perf] ConvertedOmmlBatch.true-display-native-resolve-display: +8ms (3526ms)
2026-09-06T19:14:43.2918465+08:00 pid=71532 [perf] ConvertedOmmlBatch.true-display-native-clear-artifacts: +32ms (3558ms)
2026-09-06T19:14:43.3684281+08:00 pid=71532 [perf] ConvertedOmmlBatch.true-display-native-measure-display: +76ms (3634ms)
2026-09-06T19:14:43.4122588+08:00 pid=71532 [perf] ConvertedOmmlBatch.true-display-native-ensure-table: +45ms (3679ms)
2026-09-06T19:14:43.4152615+08:00 pid=71532 [perf] ConvertedOmmlBatch.true-display-native-resolve-table-formula: +2ms (3681ms)
2026-09-06T19:14:43.4152615+08:00 pid=71532 [perf] ConvertedOmmlBatch.true-display-native-height-repair: +0ms (3681ms)
2026-09-06T19:14:43.6069263+08:00 pid=71532 [perf] ConvertedOmmlBatch.true-display-native-geometry: +192ms (3873ms)
2026-09-06T19:14:43.6079278+08:00 pid=71532 [perf] ConvertedOmmlBatch.true-display-native-1x3-table: +1ms (3874ms)
2026-09-06T19:14:43.6079278+08:00 pid=71532 [perf] ConvertedOmmlBatch.true-display-direct-number-plan: +0ms (3874ms)
2026-09-06T19:14:43.8300540+08:00 pid=71532 [perf] ConvertedOmmlBatch.true-display-direct-visible-seq: +223ms (4097ms)
2026-09-06T19:14:43.8900547+08:00 pid=71532 [perf] ConvertedOmmlBatch.true-display-native-post-table-spacing: +59ms (4156ms)
2026-09-06T19:14:43.9340558+08:00 pid=71532 [perf] ConvertedOmmlBatch.true-display-native-wrap-identity: +44ms (4200ms)
2026-09-06T19:14:43.9340558+08:00 pid=71532 [perf] ConvertedOmmlBatch.true-display-host: +0ms (4200ms)
2026-09-06T19:14:44.0346328+08:00 pid=71532 [perf] ConvertedOmmlBatch.repair-identity: +101ms (4301ms)
2026-09-06T19:14:44.1336941+08:00 pid=71532 [perf] ConvertedOmmlBatch.locate-target: +99ms (4400ms)
2026-09-06T19:14:44.1446966+08:00 pid=71532 [perf] ConvertedOmmlBatch.true-display-native-resolve-display: +10ms (4410ms)
2026-09-06T19:14:44.1846942+08:00 pid=71532 [perf] ConvertedOmmlBatch.true-display-native-clear-artifacts: +40ms (4450ms)
2026-09-06T19:14:44.2647261+08:00 pid=71532 [perf] ConvertedOmmlBatch.true-display-native-measure-display: +81ms (4531ms)
2026-09-06T19:14:44.3117243+08:00 pid=71532 [perf] ConvertedOmmlBatch.true-display-native-ensure-table: +47ms (4578ms)
2026-09-06T19:14:44.3137273+08:00 pid=71532 [perf] ConvertedOmmlBatch.true-display-native-resolve-table-formula: +2ms (4580ms)
2026-09-06T19:14:44.3147255+08:00 pid=71532 [perf] ConvertedOmmlBatch.true-display-native-height-repair: +1ms (4581ms)
2026-09-06T19:14:44.5036915+08:00 pid=71532 [perf] ConvertedOmmlBatch.true-display-native-geometry: +189ms (4770ms)
2026-09-06T19:14:44.5036915+08:00 pid=71532 [perf] ConvertedOmmlBatch.true-display-native-1x3-table: +0ms (4770ms)
2026-09-06T19:14:44.5036915+08:00 pid=71532 [perf] ConvertedOmmlBatch.true-display-direct-number-plan: +0ms (4770ms)
2026-09-06T19:14:44.7313345+08:00 pid=71532 [perf] ConvertedOmmlBatch.true-display-direct-visible-seq: +228ms (4998ms)
2026-09-06T19:14:44.7713379+08:00 pid=71532 [perf] ConvertedOmmlBatch.true-display-native-wrap-identity: +40ms (5038ms)
2026-09-06T19:14:44.7723344+08:00 pid=71532 [perf] ConvertedOmmlBatch.true-display-host: +0ms (5038ms)
2026-09-06T19:14:44.8583351+08:00 pid=71532 [perf] ConvertedOmmlBatch.repair-identity: +87ms (5125ms)
2026-09-06T19:18:58.1824584+08:00 pid=71532 [perf] ConfigureNumbered.tab-paragraph: +11ms (11ms)
2026-09-06T19:18:58.1894588+08:00 pid=71532 [perf] NativeCaption.prepare-paragraph: +5ms (5ms)
2026-09-06T19:18:58.1914586+08:00 pid=71532 [perf] NativeCaption.add-seq: +1ms (6ms)
2026-09-06T19:18:58.1944585+08:00 pid=71532 [perf] NativeCaption.update-seq: +3ms (9ms)
2026-09-06T19:18:58.1954584+08:00 pid=71532 [perf] NativeCaption.bookmarks: +2ms (11ms)
2026-09-06T19:18:58.2214585+08:00 pid=71532 [perf] NativeCaption.style-frame: +25ms (36ms)
2026-09-06T19:18:58.2214585+08:00 pid=71532 [perf] ConfigureNumbered.native-caption: +39ms (50ms)
2026-09-06T19:18:58.2324586+08:00 pid=71532 [perf] VisibleRef.scaffold: +8ms (8ms)
2026-09-06T19:18:58.2384585+08:00 pid=71532 [perf] VisibleRef.add-ref: +6ms (14ms)
2026-09-06T19:18:58.2484607+08:00 pid=71532 [perf] VisibleRef.update-ref: +10ms (24ms)
2026-09-06T19:18:58.2506205+08:00 pid=71532 [perf] VisibleRef.bookmark-format: +2ms (26ms)
2026-09-06T19:18:58.2556255+08:00 pid=71532 [perf] VisibleRef.vertical-align: +5ms (31ms)
2026-09-06T19:18:58.2566254+08:00 pid=71532 [perf] ConfigureNumbered.visible-ref: +35ms (85ms)
2026-09-06T19:18:58.2576254+08:00 pid=71532 [perf] ConfigureNumbered.ole-baseline: +1ms (86ms)
2026-09-06T19:18:58.2806317+08:00 pid=71532 [perf] ConfigureNumbered.tab-paragraph: +11ms (11ms)
2026-09-06T19:18:58.2866315+08:00 pid=71532 [perf] NativeCaption.prepare-paragraph: +4ms (4ms)
2026-09-06T19:18:58.2876319+08:00 pid=71532 [perf] NativeCaption.add-seq: +2ms (6ms)
2026-09-06T19:18:58.2906318+08:00 pid=71532 [perf] NativeCaption.update-seq: +2ms (8ms)
2026-09-06T19:18:58.2916314+08:00 pid=71532 [perf] NativeCaption.bookmarks: +2ms (10ms)
2026-09-06T19:18:58.3146315+08:00 pid=71532 [perf] NativeCaption.style-frame: +23ms (33ms)
2026-09-06T19:18:58.3156314+08:00 pid=71532 [perf] ConfigureNumbered.native-caption: +34ms (45ms)
2026-09-06T19:18:58.3196317+08:00 pid=71532 [perf] VisibleRef.scaffold: +4ms (4ms)
2026-09-06T19:18:58.3246315+08:00 pid=71532 [perf] VisibleRef.add-ref: +4ms (8ms)
2026-09-06T19:18:58.3346314+08:00 pid=71532 [perf] VisibleRef.update-ref: +10ms (18ms)
2026-09-06T19:18:58.3366314+08:00 pid=71532 [perf] VisibleRef.bookmark-format: +3ms (21ms)
2026-09-06T19:18:58.3426315+08:00 pid=71532 [perf] VisibleRef.vertical-align: +5ms (26ms)
2026-09-06T19:18:58.3426315+08:00 pid=71532 [perf] ConfigureNumbered.visible-ref: +27ms (72ms)
2026-09-06T19:18:58.3446339+08:00 pid=71532 [perf] ConfigureNumbered.ole-baseline: +3ms (75ms)
2026-09-06T19:18:58.3686313+08:00 pid=71532 [perf] ConfigureNumbered.tab-paragraph: +12ms (12ms)
2026-09-06T19:18:58.3746323+08:00 pid=71532 [perf] NativeCaption.prepare-paragraph: +5ms (5ms)
2026-09-06T19:18:58.3776338+08:00 pid=71532 [perf] NativeCaption.add-seq: +3ms (8ms)
2026-09-06T19:18:58.3806316+08:00 pid=71532 [perf] NativeCaption.update-seq: +4ms (12ms)
2026-09-06T19:18:58.3846330+08:00 pid=71532 [perf] NativeCaption.bookmarks: +3ms (15ms)
2026-09-06T19:18:58.4186317+08:00 pid=71532 [perf] NativeCaption.style-frame: +35ms (50ms)
2026-09-06T19:18:58.4186317+08:00 pid=71532 [perf] ConfigureNumbered.native-caption: +51ms (63ms)
2026-09-06T19:18:58.4256317+08:00 pid=71532 [perf] VisibleRef.scaffold: +5ms (5ms)
2026-09-06T19:18:58.4306318+08:00 pid=71532 [perf] VisibleRef.add-ref: +6ms (11ms)
2026-09-06T19:18:58.4436314+08:00 pid=71532 [perf] VisibleRef.update-ref: +12ms (23ms)
2026-09-06T19:18:58.4446328+08:00 pid=71532 [perf] VisibleRef.bookmark-format: +2ms (25ms)
2026-09-06T19:18:58.4506316+08:00 pid=71532 [perf] VisibleRef.vertical-align: +5ms (30ms)
2026-09-06T19:18:58.4506316+08:00 pid=71532 [perf] ConfigureNumbered.visible-ref: +32ms (95ms)
2026-09-06T19:18:58.4516315+08:00 pid=71532 [perf] ConfigureNumbered.ole-baseline: +1ms (96ms)
2026-09-06T19:18:58.4806317+08:00 pid=71532 [perf] ConfigureNumbered.tab-paragraph: +17ms (17ms)
2026-09-06T19:18:58.4886316+08:00 pid=71532 [perf] NativeCaption.prepare-paragraph: +7ms (7ms)
2026-09-06T19:18:58.4906334+08:00 pid=71532 [perf] NativeCaption.add-seq: +3ms (10ms)
2026-09-06T19:18:58.4946394+08:00 pid=71532 [perf] NativeCaption.update-seq: +3ms (13ms)
2026-09-06T19:18:58.4966401+08:00 pid=71532 [perf] NativeCaption.bookmarks: +2ms (15ms)
2026-09-06T19:18:58.5286394+08:00 pid=71532 [perf] NativeCaption.style-frame: +32ms (47ms)
2026-09-06T19:18:58.5286394+08:00 pid=71532 [perf] ConfigureNumbered.native-caption: +48ms (65ms)
2026-09-06T19:18:58.5376406+08:00 pid=71532 [perf] VisibleRef.scaffold: +7ms (7ms)
2026-09-06T19:18:58.5456395+08:00 pid=71532 [perf] VisibleRef.add-ref: +8ms (15ms)
2026-09-06T19:18:58.5576421+08:00 pid=71532 [perf] VisibleRef.update-ref: +13ms (28ms)
2026-09-06T19:18:58.5596406+08:00 pid=71532 [perf] VisibleRef.bookmark-format: +1ms (29ms)
2026-09-06T19:18:58.5666395+08:00 pid=71532 [perf] VisibleRef.vertical-align: +7ms (36ms)
2026-09-06T19:18:58.5666395+08:00 pid=71532 [perf] ConfigureNumbered.visible-ref: +38ms (103ms)
2026-09-06T19:18:58.5676394+08:00 pid=71532 [perf] ConfigureNumbered.ole-baseline: +1ms (104ms)
2026-09-06T19:18:58.6064761+08:00 pid=71532 [perf] ConfigureNumbered.tab-paragraph: +33ms (33ms)
2026-09-06T19:18:58.6149050+08:00 pid=71532 [perf] NativeCaption.prepare-paragraph: +8ms (8ms)
2026-09-06T19:18:58.6179057+08:00 pid=71532 [perf] NativeCaption.add-seq: +3ms (11ms)
2026-09-06T19:18:58.6239059+08:00 pid=71532 [perf] NativeCaption.update-seq: +6ms (17ms)
2026-09-06T19:18:58.6269040+08:00 pid=71532 [perf] NativeCaption.bookmarks: +3ms (20ms)
2026-09-06T19:18:58.6599154+08:00 pid=71532 [perf] NativeCaption.style-frame: +33ms (53ms)
2026-09-06T19:18:58.6599154+08:00 pid=71532 [perf] ConfigureNumbered.native-caption: +54ms (87ms)
2026-09-06T19:18:58.6669149+08:00 pid=71532 [perf] VisibleRef.scaffold: +6ms (6ms)
2026-09-06T19:18:58.6739153+08:00 pid=71532 [perf] VisibleRef.add-ref: +6ms (12ms)
2026-09-06T19:18:58.6859146+08:00 pid=71532 [perf] VisibleRef.update-ref: +13ms (25ms)
2026-09-06T19:18:58.6869147+08:00 pid=71532 [perf] VisibleRef.bookmark-format: +1ms (26ms)
2026-09-06T19:18:58.6939148+08:00 pid=71532 [perf] VisibleRef.vertical-align: +6ms (32ms)
2026-09-06T19:18:58.6939148+08:00 pid=71532 [perf] ConfigureNumbered.visible-ref: +34ms (121ms)
2026-09-06T19:18:58.6949148+08:00 pid=71532 [perf] ConfigureNumbered.ole-baseline: +1ms (122ms)
2026-09-06T19:18:58.7054836+08:00 pid=71532 [perf] ConversionFinalize.caption-inventory: +0ms (0ms)
2026-09-06T19:18:58.7284830+08:00 pid=71532 [perf] number-format-batch.plan: +22ms (22ms)
2026-09-06T19:18:58.7394830+08:00 pid=71532 [perf] number-format-batch.direct-table-targets: +11ms (33ms)
2026-09-06T19:18:58.7424829+08:00 pid=71532 [perf] number-format-batch.native-hash-inventory: +3ms (36ms)
2026-09-06T19:18:58.7664827+08:00 pid=71532 [perf] number-format-batch.native-breakdown lookup=0ms code=0ms update=18ms prefix=0ms bookmark=0ms
2026-09-06T19:18:58.7674856+08:00 pid=71532 [perf] number-format-batch.legacy-targets: +24ms (60ms)
2026-09-06T19:18:58.7674856+08:00 pid=71532 [perf] number-format-batch.native-hash-targets: +1ms (61ms)
2026-09-06T19:18:58.8348863+08:00 pid=71532 [perf] number-format-batch.visible-references: +67ms (128ms)
2026-09-06T19:18:58.9166537+08:00 pid=71532 [perf] number-format-batch.extra-references: +82ms (210ms)
2026-09-06T19:18:58.9396535+08:00 pid=71532 [perf] ConversionFinalize.field-batch: +234ms (234ms)
2026-09-06T19:18:59.2116008+08:00 pid=71532 [perf] ConversionFinalize.healthy-refresh: +272ms (506ms)
2026-09-06T19:19:32.7407184+08:00 pid=71532 [perf] ConfigureNumbered.tab-paragraph: +24ms (24ms)
2026-09-06T19:19:32.7957176+08:00 pid=71532 [perf] ConfigureNumbered.native-caption: +54ms (78ms)
2026-09-06T19:19:32.8007187+08:00 pid=71532 [perf] ConfigureNumbered.visible-ref: +5ms (83ms)
2026-09-06T19:19:32.8037173+08:00 pid=71532 [perf] ConfigureNumbered.ole-baseline: +3ms (86ms)
2026-09-06T19:36:16.9224614+08:00 pid=71532 [perf] update-numbers.health-fail reason=no-parseable-field-codes
2026-09-06T19:40:30.6729871+08:00 pid=71532 [perf] update-numbers.health-fail reason=no-numbering-bookmarks
2026-09-06T19:40:57.9546047+08:00 pid=71532 [perf] direct-row-health-fail formulaId=7c5017d1-1d59-4e83-ba10-b97a34e338d0 check=table-membership reason=not-in-table
2026-09-06T19:40:58.5913255+08:00 pid=71532 [perf] ConvertedOmmlBatch.inventory: +636ms (636ms)
2026-09-06T19:40:58.7379966+08:00 pid=71532 [perf] ConvertedOmmlBatch.number-plan: +147ms (783ms)
2026-09-06T19:40:58.8363144+08:00 pid=71532 [perf] ConvertedOmmlBatch.locate-target: +98ms (881ms)
2026-09-06T19:40:58.8463126+08:00 pid=71532 [perf] ConvertedOmmlBatch.true-display-native-resolve-display: +10ms (891ms)
2026-09-06T19:40:58.8853412+08:00 pid=71532 [perf] ConvertedOmmlBatch.true-display-native-clear-artifacts: +39ms (930ms)
2026-09-06T19:40:58.9559968+08:00 pid=71532 [perf] ConvertedOmmlBatch.true-display-native-measure-display: +70ms (1000ms)
2026-09-06T19:40:59.0119951+08:00 pid=71532 [perf] ConvertedOmmlBatch.true-display-native-ensure-table: +57ms (1057ms)
2026-09-06T19:40:59.0149964+08:00 pid=71532 [perf] ConvertedOmmlBatch.true-display-native-resolve-table-formula: +3ms (1060ms)
2026-09-06T19:40:59.0149964+08:00 pid=71532 [perf] ConvertedOmmlBatch.true-display-native-height-repair: +0ms (1060ms)
2026-09-06T19:40:59.1952778+08:00 pid=71532 [perf] ConvertedOmmlBatch.true-display-native-geometry: +180ms (1240ms)
2026-09-06T19:40:59.1952778+08:00 pid=71532 [perf] ConvertedOmmlBatch.true-display-native-1x3-table: +0ms (1240ms)
2026-09-06T19:40:59.1952778+08:00 pid=71532 [perf] ConvertedOmmlBatch.true-display-direct-number-plan: +0ms (1240ms)
2026-09-06T19:40:59.4024846+08:00 pid=71532 [perf] ConvertedOmmlBatch.true-display-direct-visible-seq: +207ms (1447ms)
2026-09-06T19:40:59.4648381+08:00 pid=71532 [perf] ConvertedOmmlBatch.true-display-native-post-table-spacing: +63ms (1510ms)
2026-09-06T19:40:59.5157138+08:00 pid=71532 [perf] ConvertedOmmlBatch.true-display-native-wrap-identity: +51ms (1561ms)
2026-09-06T19:40:59.5167136+08:00 pid=71532 [perf] ConvertedOmmlBatch.true-display-host: +0ms (1561ms)
2026-09-06T19:40:59.6059892+08:00 pid=71532 [perf] ConvertedOmmlBatch.repair-identity: +90ms (1651ms)
2026-09-06T19:40:59.7070375+08:00 pid=71532 [perf] ConvertedOmmlBatch.locate-target: +101ms (1752ms)
2026-09-06T19:40:59.7110383+08:00 pid=71532 [perf] ConvertedOmmlBatch.true-display-native-resolve-display: +3ms (1755ms)
2026-09-06T19:40:59.7699017+08:00 pid=71532 [perf] ConvertedOmmlBatch.true-display-native-clear-artifacts: +59ms (1814ms)
2026-09-06T19:40:59.8406294+08:00 pid=71532 [perf] ConvertedOmmlBatch.true-display-native-measure-display: +72ms (1886ms)
2026-09-06T19:40:59.8976451+08:00 pid=71532 [perf] ConvertedOmmlBatch.true-display-native-ensure-table: +56ms (1942ms)
2026-09-06T19:40:59.9006457+08:00 pid=71532 [perf] ConvertedOmmlBatch.true-display-native-resolve-table-formula: +3ms (1945ms)
2026-09-06T19:40:59.9006457+08:00 pid=71532 [perf] ConvertedOmmlBatch.true-display-native-height-repair: +0ms (1945ms)
2026-09-06T19:41:00.0888332+08:00 pid=71532 [perf] ConvertedOmmlBatch.true-display-native-geometry: +188ms (2133ms)
2026-09-06T19:41:00.0888332+08:00 pid=71532 [perf] ConvertedOmmlBatch.true-display-native-1x3-table: +1ms (2134ms)
2026-09-06T19:41:00.0888332+08:00 pid=71532 [perf] ConvertedOmmlBatch.true-display-direct-number-plan: +0ms (2134ms)
2026-09-06T19:41:00.2956457+08:00 pid=71532 [perf] ConvertedOmmlBatch.true-display-direct-visible-seq: +206ms (2340ms)
2026-09-06T19:41:00.3533674+08:00 pid=71532 [perf] ConvertedOmmlBatch.true-display-native-post-table-spacing: +58ms (2398ms)
2026-09-06T19:41:00.3959484+08:00 pid=71532 [perf] ConvertedOmmlBatch.true-display-native-wrap-identity: +42ms (2440ms)
2026-09-06T19:41:00.3959484+08:00 pid=71532 [perf] ConvertedOmmlBatch.true-display-host: +1ms (2441ms)
2026-09-06T19:41:00.4959750+08:00 pid=71532 [perf] ConvertedOmmlBatch.repair-identity: +100ms (2541ms)
2026-09-06T19:41:00.5979761+08:00 pid=71532 [perf] ConvertedOmmlBatch.locate-target: +102ms (2643ms)
2026-09-06T19:41:00.6022152+08:00 pid=71532 [perf] ConvertedOmmlBatch.true-display-native-resolve-display: +4ms (2647ms)
2026-09-06T19:41:00.6372060+08:00 pid=71532 [perf] ConvertedOmmlBatch.true-display-native-clear-artifacts: +35ms (2682ms)
2026-09-06T19:41:00.7064803+08:00 pid=71532 [perf] ConvertedOmmlBatch.true-display-native-measure-display: +69ms (2751ms)
2026-09-06T19:41:00.7564801+08:00 pid=71532 [perf] ConvertedOmmlBatch.true-display-native-ensure-table: +50ms (2801ms)
2026-09-06T19:41:00.7594802+08:00 pid=71532 [perf] ConvertedOmmlBatch.true-display-native-resolve-table-formula: +3ms (2804ms)
2026-09-06T19:41:00.7594802+08:00 pid=71532 [perf] ConvertedOmmlBatch.true-display-native-height-repair: +1ms (2805ms)
2026-09-06T19:41:00.9562967+08:00 pid=71532 [perf] ConvertedOmmlBatch.true-display-native-geometry: +196ms (3001ms)
2026-09-06T19:41:00.9562967+08:00 pid=71532 [perf] ConvertedOmmlBatch.true-display-native-1x3-table: +0ms (3001ms)
2026-09-06T19:41:00.9562967+08:00 pid=71532 [perf] ConvertedOmmlBatch.true-display-direct-number-plan: +0ms (3001ms)
2026-09-06T19:41:01.1825429+08:00 pid=71532 [perf] ConvertedOmmlBatch.true-display-direct-visible-seq: +226ms (3227ms)
2026-09-06T19:41:01.2972903+08:00 pid=71532 [perf] ConvertedOmmlBatch.true-display-native-post-table-spacing: +115ms (3342ms)
2026-09-06T19:41:01.3569752+08:00 pid=71532 [perf] ConvertedOmmlBatch.true-display-native-wrap-identity: +60ms (3402ms)
2026-09-06T19:41:01.3569752+08:00 pid=71532 [perf] ConvertedOmmlBatch.true-display-host: +0ms (3402ms)
2026-09-06T19:41:01.4603653+08:00 pid=71532 [perf] ConvertedOmmlBatch.repair-identity: +103ms (3505ms)
2026-09-06T19:41:01.5802860+08:00 pid=71532 [perf] ConvertedOmmlBatch.locate-target: +120ms (3625ms)
2026-09-06T19:41:01.5872893+08:00 pid=71532 [perf] ConvertedOmmlBatch.true-display-native-resolve-display: +7ms (3632ms)
2026-09-06T19:41:01.6285234+08:00 pid=71532 [perf] ConvertedOmmlBatch.true-display-native-clear-artifacts: +42ms (3674ms)
2026-09-06T19:41:01.7082540+08:00 pid=71532 [perf] ConvertedOmmlBatch.true-display-native-measure-display: +79ms (3753ms)
2026-09-06T19:41:01.7562627+08:00 pid=71532 [perf] ConvertedOmmlBatch.true-display-native-ensure-table: +48ms (3801ms)
2026-09-06T19:41:01.7582627+08:00 pid=71532 [perf] ConvertedOmmlBatch.true-display-native-resolve-table-formula: +2ms (3803ms)
2026-09-06T19:41:01.7592623+08:00 pid=71532 [perf] ConvertedOmmlBatch.true-display-native-height-repair: +1ms (3804ms)
2026-09-06T19:41:01.9442057+08:00 pid=71532 [perf] ConvertedOmmlBatch.true-display-native-geometry: +184ms (3988ms)
2026-09-06T19:41:01.9442057+08:00 pid=71532 [perf] ConvertedOmmlBatch.true-display-native-1x3-table: +1ms (3989ms)
2026-09-06T19:41:01.9447229+08:00 pid=71532 [perf] ConvertedOmmlBatch.true-display-direct-number-plan: +0ms (3989ms)
2026-09-06T19:41:02.1621975+08:00 pid=71532 [perf] ConvertedOmmlBatch.true-display-direct-visible-seq: +218ms (4207ms)
2026-09-06T19:41:02.2303531+08:00 pid=71532 [perf] ConvertedOmmlBatch.true-display-native-post-table-spacing: +68ms (4275ms)
2026-09-06T19:41:02.2866171+08:00 pid=71532 [perf] ConvertedOmmlBatch.true-display-native-wrap-identity: +56ms (4331ms)
2026-09-06T19:41:02.2866171+08:00 pid=71532 [perf] ConvertedOmmlBatch.true-display-host: +1ms (4332ms)
2026-09-06T19:41:02.3775170+08:00 pid=71532 [perf] ConvertedOmmlBatch.repair-identity: +90ms (4422ms)
2026-09-06T19:41:02.4780014+08:00 pid=71532 [perf] ConvertedOmmlBatch.locate-target: +100ms (4522ms)
2026-09-06T19:41:02.4810021+08:00 pid=71532 [perf] ConvertedOmmlBatch.true-display-native-resolve-display: +3ms (4525ms)
2026-09-06T19:41:02.5204424+08:00 pid=71532 [perf] ConvertedOmmlBatch.true-display-native-clear-artifacts: +40ms (4565ms)
2026-09-06T19:41:02.6159112+08:00 pid=71532 [perf] ConvertedOmmlBatch.true-display-native-measure-display: +95ms (4660ms)
2026-09-06T19:41:02.6679803+08:00 pid=71532 [perf] ConvertedOmmlBatch.true-display-native-ensure-table: +53ms (4713ms)
2026-09-06T19:41:02.6709813+08:00 pid=71532 [perf] ConvertedOmmlBatch.true-display-native-resolve-table-formula: +3ms (4716ms)
2026-09-06T19:41:02.6709813+08:00 pid=71532 [perf] ConvertedOmmlBatch.true-display-native-height-repair: +0ms (4716ms)
2026-09-06T19:41:02.8891502+08:00 pid=71532 [perf] ConvertedOmmlBatch.true-display-native-geometry: +218ms (4934ms)
2026-09-06T19:41:02.8901532+08:00 pid=71532 [perf] ConvertedOmmlBatch.true-display-native-1x3-table: +1ms (4935ms)
2026-09-06T19:41:02.8901532+08:00 pid=71532 [perf] ConvertedOmmlBatch.true-display-direct-number-plan: +0ms (4935ms)
2026-09-06T19:41:03.1249290+08:00 pid=71532 [perf] ConvertedOmmlBatch.true-display-direct-visible-seq: +235ms (5170ms)
2026-09-06T19:41:03.1709265+08:00 pid=71532 [perf] ConvertedOmmlBatch.true-display-native-wrap-identity: +46ms (5216ms)
2026-09-06T19:41:03.1709265+08:00 pid=71532 [perf] ConvertedOmmlBatch.true-display-host: +0ms (5216ms)
2026-09-06T19:41:03.2978484+08:00 pid=71532 [perf] ConvertedOmmlBatch.repair-identity: +126ms (5342ms)
2026-09-06T19:45:35.6954253+08:00 pid=71532 [perf] ConfigureNumbered.tab-paragraph: +11ms (11ms)
2026-09-06T19:45:35.7004231+08:00 pid=71532 [perf] NativeCaption.prepare-paragraph: +5ms (5ms)
2026-09-06T19:45:35.7024232+08:00 pid=71532 [perf] NativeCaption.add-seq: +1ms (6ms)
2026-09-06T19:45:35.7054231+08:00 pid=71532 [perf] NativeCaption.update-seq: +3ms (9ms)
2026-09-06T19:45:35.7064230+08:00 pid=71532 [perf] NativeCaption.bookmarks: +2ms (11ms)
2026-09-06T19:45:35.7326013+08:00 pid=71532 [perf] NativeCaption.style-frame: +25ms (36ms)
2026-09-06T19:45:35.7326013+08:00 pid=71532 [perf] ConfigureNumbered.native-caption: +37ms (48ms)
2026-09-06T19:45:35.7386008+08:00 pid=71532 [perf] VisibleRef.scaffold: +5ms (5ms)
2026-09-06T19:45:35.7446012+08:00 pid=71532 [perf] VisibleRef.add-ref: +7ms (12ms)
2026-09-06T19:45:35.7546008+08:00 pid=71532 [perf] VisibleRef.update-ref: +10ms (22ms)
2026-09-06T19:45:35.7566010+08:00 pid=71532 [perf] VisibleRef.bookmark-format: +1ms (23ms)
2026-09-06T19:45:35.7616011+08:00 pid=71532 [perf] VisibleRef.vertical-align: +6ms (29ms)
2026-09-06T19:45:35.7626013+08:00 pid=71532 [perf] ConfigureNumbered.visible-ref: +30ms (78ms)
2026-09-06T19:45:35.7636039+08:00 pid=71532 [perf] ConfigureNumbered.ole-baseline: +2ms (80ms)
2026-09-06T19:45:35.7906012+08:00 pid=71532 [perf] ConfigureNumbered.tab-paragraph: +13ms (13ms)
2026-09-06T19:45:35.7966012+08:00 pid=71532 [perf] NativeCaption.prepare-paragraph: +5ms (5ms)
2026-09-06T19:45:35.7986012+08:00 pid=71532 [perf] NativeCaption.add-seq: +3ms (8ms)
2026-09-06T19:45:35.8016007+08:00 pid=71532 [perf] NativeCaption.update-seq: +2ms (10ms)
2026-09-06T19:45:35.8036010+08:00 pid=71532 [perf] NativeCaption.bookmarks: +2ms (12ms)
2026-09-06T19:45:35.8286010+08:00 pid=71532 [perf] NativeCaption.style-frame: +25ms (37ms)
2026-09-06T19:45:35.8286010+08:00 pid=71532 [perf] ConfigureNumbered.native-caption: +38ms (51ms)
2026-09-06T19:45:35.8346034+08:00 pid=71532 [perf] VisibleRef.scaffold: +5ms (5ms)
2026-09-06T19:45:35.8406009+08:00 pid=71532 [perf] VisibleRef.add-ref: +6ms (11ms)
2026-09-06T19:45:35.8516011+08:00 pid=71532 [perf] VisibleRef.update-ref: +11ms (22ms)
2026-09-06T19:45:35.8526011+08:00 pid=71532 [perf] VisibleRef.bookmark-format: +1ms (23ms)
2026-09-06T19:45:35.8586011+08:00 pid=71532 [perf] VisibleRef.vertical-align: +6ms (29ms)
2026-09-06T19:45:35.8596008+08:00 pid=71532 [perf] ConfigureNumbered.visible-ref: +31ms (82ms)
2026-09-06T19:45:35.8606037+08:00 pid=71532 [perf] ConfigureNumbered.ole-baseline: +2ms (84ms)
2026-09-06T19:45:35.8886010+08:00 pid=71532 [perf] ConfigureNumbered.tab-paragraph: +15ms (15ms)
2026-09-06T19:45:35.8946013+08:00 pid=71532 [perf] NativeCaption.prepare-paragraph: +6ms (6ms)
2026-09-06T19:45:35.8966011+08:00 pid=71532 [perf] NativeCaption.add-seq: +1ms (7ms)
2026-09-06T19:45:35.8996012+08:00 pid=71532 [perf] NativeCaption.update-seq: +4ms (11ms)
2026-09-06T19:45:35.9016029+08:00 pid=71532 [perf] NativeCaption.bookmarks: +2ms (13ms)
2026-09-06T19:45:35.9316011+08:00 pid=71532 [perf] NativeCaption.style-frame: +29ms (42ms)
2026-09-06T19:45:35.9316011+08:00 pid=71532 [perf] ConfigureNumbered.native-caption: +44ms (59ms)
2026-09-06T19:45:35.9376008+08:00 pid=71532 [perf] VisibleRef.scaffold: +5ms (5ms)
2026-09-06T19:45:35.9436016+08:00 pid=71532 [perf] VisibleRef.add-ref: +6ms (11ms)
2026-09-06T19:45:35.9556021+08:00 pid=71532 [perf] VisibleRef.update-ref: +12ms (23ms)
2026-09-06T19:45:35.9566010+08:00 pid=71532 [perf] VisibleRef.bookmark-format: +1ms (24ms)
2026-09-06T19:45:35.9636011+08:00 pid=71532 [perf] VisibleRef.vertical-align: +7ms (31ms)
2026-09-06T19:45:35.9636011+08:00 pid=71532 [perf] ConfigureNumbered.visible-ref: +31ms (90ms)
2026-09-06T19:45:35.9646021+08:00 pid=71532 [perf] ConfigureNumbered.ole-baseline: +1ms (91ms)
2026-09-06T19:45:35.9936009+08:00 pid=71532 [perf] ConfigureNumbered.tab-paragraph: +16ms (16ms)
2026-09-06T19:45:36.0010519+08:00 pid=71532 [perf] NativeCaption.prepare-paragraph: +6ms (6ms)
2026-09-06T19:45:36.0030521+08:00 pid=71532 [perf] NativeCaption.add-seq: +2ms (8ms)
2026-09-06T19:45:36.0050520+08:00 pid=71532 [perf] NativeCaption.update-seq: +3ms (11ms)
2026-09-06T19:45:36.0070519+08:00 pid=71532 [perf] NativeCaption.bookmarks: +2ms (13ms)
2026-09-06T19:45:36.0370558+08:00 pid=71532 [perf] NativeCaption.style-frame: +30ms (43ms)
2026-09-06T19:45:36.0370558+08:00 pid=71532 [perf] ConfigureNumbered.native-caption: +44ms (60ms)
2026-09-06T19:45:36.0440579+08:00 pid=71532 [perf] VisibleRef.scaffold: +6ms (6ms)
2026-09-06T19:45:36.0510561+08:00 pid=71532 [perf] VisibleRef.add-ref: +6ms (12ms)
2026-09-06T19:45:36.0636333+08:00 pid=71532 [perf] VisibleRef.update-ref: +13ms (25ms)
2026-09-06T19:45:36.0646348+08:00 pid=71532 [perf] VisibleRef.bookmark-format: +1ms (26ms)
2026-09-06T19:45:36.0716332+08:00 pid=71532 [perf] VisibleRef.vertical-align: +7ms (33ms)
2026-09-06T19:45:36.0716332+08:00 pid=71532 [perf] ConfigureNumbered.visible-ref: +35ms (95ms)
2026-09-06T19:45:36.0736333+08:00 pid=71532 [perf] ConfigureNumbered.ole-baseline: +2ms (97ms)
2026-09-06T19:45:36.0919713+08:00 pid=71532 [perf] ConfigureNumbered.tab-paragraph: +16ms (16ms)
2026-09-06T19:45:36.1009707+08:00 pid=71532 [perf] NativeCaption.prepare-paragraph: +8ms (8ms)
2026-09-06T19:45:36.1029711+08:00 pid=71532 [perf] NativeCaption.add-seq: +2ms (10ms)
2026-09-06T19:45:36.1075699+08:00 pid=71532 [perf] NativeCaption.update-seq: +4ms (14ms)
2026-09-06T19:45:36.1095697+08:00 pid=71532 [perf] NativeCaption.bookmarks: +3ms (17ms)
2026-09-06T19:45:36.1456961+08:00 pid=71532 [perf] NativeCaption.style-frame: +36ms (53ms)
2026-09-06T19:45:36.1466970+08:00 pid=71532 [perf] ConfigureNumbered.native-caption: +54ms (70ms)
2026-09-06T19:45:36.1536960+08:00 pid=71532 [perf] VisibleRef.scaffold: +6ms (6ms)
2026-09-06T19:45:36.1596971+08:00 pid=71532 [perf] VisibleRef.add-ref: +7ms (13ms)
2026-09-06T19:45:36.1756987+08:00 pid=71532 [perf] VisibleRef.update-ref: +15ms (28ms)
2026-09-06T19:45:36.1766964+08:00 pid=71532 [perf] VisibleRef.bookmark-format: +1ms (29ms)
2026-09-06T19:45:36.1837116+08:00 pid=71532 [perf] VisibleRef.vertical-align: +8ms (37ms)
2026-09-06T19:45:36.1846964+08:00 pid=71532 [perf] ConfigureNumbered.visible-ref: +38ms (108ms)
2026-09-06T19:45:36.1866964+08:00 pid=71532 [perf] ConfigureNumbered.ole-baseline: +2ms (110ms)
2026-09-06T19:45:36.1936965+08:00 pid=71532 [perf] ConversionFinalize.caption-inventory: +0ms (0ms)
2026-09-06T19:45:36.2196963+08:00 pid=71532 [perf] number-format-batch.plan: +24ms (24ms)
2026-09-06T19:45:36.2296960+08:00 pid=71532 [perf] number-format-batch.direct-table-targets: +11ms (35ms)
2026-09-06T19:45:36.2306987+08:00 pid=71532 [perf] number-format-batch.native-hash-inventory: +1ms (36ms)
2026-09-06T19:45:36.2556960+08:00 pid=71532 [perf] number-format-batch.native-breakdown lookup=0ms code=0ms update=18ms prefix=0ms bookmark=0ms
2026-09-06T19:45:36.2556960+08:00 pid=71532 [perf] number-format-batch.legacy-targets: +25ms (61ms)
2026-09-06T19:45:36.2556960+08:00 pid=71532 [perf] number-format-batch.native-hash-targets: +0ms (61ms)
2026-09-06T19:45:36.3266961+08:00 pid=71532 [perf] number-format-batch.visible-references: +71ms (132ms)
2026-09-06T19:45:36.4316805+08:00 pid=71532 [perf] number-format-batch.extra-references: +105ms (237ms)
2026-09-06T19:45:36.4496805+08:00 pid=71532 [perf] ConversionFinalize.field-batch: +255ms (255ms)
2026-09-06T19:45:36.7203538+08:00 pid=71532 [perf] ConversionFinalize.healthy-refresh: +271ms (526ms)
2026-09-06T19:46:07.8205091+08:00 pid=71532 [perf] ConfigureNumbered.tab-paragraph: +19ms (19ms)
2026-09-06T19:46:07.8629763+08:00 pid=71532 [perf] ConfigureNumbered.native-caption: +43ms (62ms)
2026-09-06T19:46:07.8669763+08:00 pid=71532 [perf] ConfigureNumbered.visible-ref: +4ms (66ms)
2026-09-06T19:46:07.8689750+08:00 pid=71532 [perf] ConfigureNumbered.ole-baseline: +1ms (67ms)
2026-09-06T19:47:12.5217795+08:00 pid=71532 [perf] direct-row-health-fail formulaId=e8968f42-1605-49a9-95e9-82851624f291 check=table-membership reason=not-in-table
2026-09-06T19:47:13.1620822+08:00 pid=71532 [perf] ConvertedOmmlBatch.inventory: +639ms (639ms)
2026-09-06T19:47:13.3030814+08:00 pid=71532 [perf] ConvertedOmmlBatch.number-plan: +141ms (780ms)
2026-09-06T19:47:13.4080847+08:00 pid=71532 [perf] ConvertedOmmlBatch.locate-target: +105ms (885ms)
2026-09-06T19:47:13.4140812+08:00 pid=71532 [perf] ConvertedOmmlBatch.true-display-native-resolve-display: +6ms (891ms)
2026-09-06T19:47:13.4530803+08:00 pid=71532 [perf] ConvertedOmmlBatch.true-display-native-clear-artifacts: +39ms (930ms)
2026-09-06T19:47:13.5332128+08:00 pid=71532 [perf] ConvertedOmmlBatch.true-display-native-measure-display: +80ms (1010ms)
2026-09-06T19:47:13.5902133+08:00 pid=71532 [perf] ConvertedOmmlBatch.true-display-native-ensure-table: +58ms (1068ms)
2026-09-06T19:47:13.5932125+08:00 pid=71532 [perf] ConvertedOmmlBatch.true-display-native-resolve-table-formula: +2ms (1070ms)
2026-09-06T19:47:13.5932125+08:00 pid=71532 [perf] ConvertedOmmlBatch.true-display-native-height-repair: +0ms (1070ms)
2026-09-06T19:47:13.7693480+08:00 pid=71532 [perf] ConvertedOmmlBatch.true-display-native-geometry: +176ms (1246ms)
2026-09-06T19:47:13.7693480+08:00 pid=71532 [perf] ConvertedOmmlBatch.true-display-native-1x3-table: +1ms (1247ms)
2026-09-06T19:47:13.7693480+08:00 pid=71532 [perf] ConvertedOmmlBatch.true-display-direct-number-plan: +0ms (1247ms)
2026-09-06T19:47:13.9831883+08:00 pid=71532 [perf] ConvertedOmmlBatch.true-display-direct-visible-seq: +213ms (1460ms)
2026-09-06T19:47:14.0493223+08:00 pid=71532 [perf] ConvertedOmmlBatch.true-display-native-post-table-spacing: +67ms (1527ms)
2026-09-06T19:47:14.0904297+08:00 pid=71532 [perf] ConvertedOmmlBatch.true-display-native-wrap-identity: +41ms (1568ms)
2026-09-06T19:47:14.0914308+08:00 pid=71532 [perf] ConvertedOmmlBatch.true-display-host: +0ms (1568ms)
2026-09-06T19:47:14.1967980+08:00 pid=71532 [perf] ConvertedOmmlBatch.repair-identity: +106ms (1674ms)
2026-09-06T19:47:14.3047982+08:00 pid=71532 [perf] ConvertedOmmlBatch.locate-target: +108ms (1782ms)
2026-09-06T19:47:14.3077979+08:00 pid=71532 [perf] ConvertedOmmlBatch.true-display-native-resolve-display: +3ms (1785ms)
2026-09-06T19:47:14.3563767+08:00 pid=71532 [perf] ConvertedOmmlBatch.true-display-native-clear-artifacts: +48ms (1833ms)
2026-09-06T19:47:14.4483778+08:00 pid=71532 [perf] ConvertedOmmlBatch.true-display-native-measure-display: +92ms (1925ms)
2026-09-06T19:47:14.5113160+08:00 pid=71532 [perf] ConvertedOmmlBatch.true-display-native-ensure-table: +63ms (1988ms)
2026-09-06T19:47:14.5133163+08:00 pid=71532 [perf] ConvertedOmmlBatch.true-display-native-resolve-table-formula: +2ms (1990ms)
2026-09-06T19:47:14.5133163+08:00 pid=71532 [perf] ConvertedOmmlBatch.true-display-native-height-repair: +1ms (1991ms)
2026-09-06T19:47:14.7020279+08:00 pid=71532 [perf] ConvertedOmmlBatch.true-display-native-geometry: +188ms (2179ms)
2026-09-06T19:47:14.7020279+08:00 pid=71532 [perf] ConvertedOmmlBatch.true-display-native-1x3-table: +0ms (2179ms)
2026-09-06T19:47:14.7020279+08:00 pid=71532 [perf] ConvertedOmmlBatch.true-display-direct-number-plan: +0ms (2179ms)
2026-09-06T19:47:14.9273153+08:00 pid=71532 [perf] ConvertedOmmlBatch.true-display-direct-visible-seq: +225ms (2404ms)
2026-09-06T19:47:14.9903136+08:00 pid=71532 [perf] ConvertedOmmlBatch.true-display-native-post-table-spacing: +63ms (2467ms)
2026-09-06T19:47:15.0354100+08:00 pid=71532 [perf] ConvertedOmmlBatch.true-display-native-wrap-identity: +45ms (2512ms)
2026-09-06T19:47:15.0354100+08:00 pid=71532 [perf] ConvertedOmmlBatch.true-display-host: +1ms (2513ms)
2026-09-06T19:47:15.1301409+08:00 pid=71532 [perf] ConvertedOmmlBatch.repair-identity: +94ms (2607ms)
2026-09-06T19:47:15.2357183+08:00 pid=71532 [perf] ConvertedOmmlBatch.locate-target: +105ms (2712ms)
2026-09-06T19:47:15.2477205+08:00 pid=71532 [perf] ConvertedOmmlBatch.true-display-native-resolve-display: +12ms (2724ms)
2026-09-06T19:47:15.2857193+08:00 pid=71532 [perf] ConvertedOmmlBatch.true-display-native-clear-artifacts: +39ms (2763ms)
2026-09-06T19:47:15.3567200+08:00 pid=71532 [perf] ConvertedOmmlBatch.true-display-native-measure-display: +70ms (2833ms)
2026-09-06T19:47:15.4037199+08:00 pid=71532 [perf] ConvertedOmmlBatch.true-display-native-ensure-table: +48ms (2881ms)
2026-09-06T19:47:15.4067190+08:00 pid=71532 [perf] ConvertedOmmlBatch.true-display-native-resolve-table-formula: +3ms (2884ms)
2026-09-06T19:47:15.4077193+08:00 pid=71532 [perf] ConvertedOmmlBatch.true-display-native-height-repair: +0ms (2884ms)
2026-09-06T19:47:15.5979468+08:00 pid=71532 [perf] ConvertedOmmlBatch.true-display-native-geometry: +191ms (3075ms)
2026-09-06T19:47:15.5979468+08:00 pid=71532 [perf] ConvertedOmmlBatch.true-display-native-1x3-table: +0ms (3075ms)
2026-09-06T19:47:15.5989474+08:00 pid=71532 [perf] ConvertedOmmlBatch.true-display-direct-number-plan: +0ms (3075ms)
2026-09-06T19:47:15.7986802+08:00 pid=71532 [perf] ConvertedOmmlBatch.true-display-direct-visible-seq: +201ms (3276ms)
2026-09-06T19:47:15.8626815+08:00 pid=71532 [perf] ConvertedOmmlBatch.true-display-native-post-table-spacing: +63ms (3339ms)
2026-09-06T19:47:15.9016808+08:00 pid=71532 [perf] ConvertedOmmlBatch.true-display-native-wrap-identity: +39ms (3378ms)
2026-09-06T19:47:15.9016808+08:00 pid=71532 [perf] ConvertedOmmlBatch.true-display-host: +1ms (3379ms)
2026-09-06T19:47:15.9856889+08:00 pid=71532 [perf] ConvertedOmmlBatch.repair-identity: +83ms (3462ms)
2026-09-06T19:47:16.0908333+08:00 pid=71532 [perf] ConvertedOmmlBatch.locate-target: +105ms (3567ms)
2026-09-06T19:47:16.0958305+08:00 pid=71532 [perf] ConvertedOmmlBatch.true-display-native-resolve-display: +6ms (3573ms)
2026-09-06T19:47:16.1350990+08:00 pid=71532 [perf] ConvertedOmmlBatch.true-display-native-clear-artifacts: +39ms (3612ms)
2026-09-06T19:47:16.2072480+08:00 pid=71532 [perf] ConvertedOmmlBatch.true-display-native-measure-display: +73ms (3685ms)
2026-09-06T19:47:16.2622487+08:00 pid=71532 [perf] ConvertedOmmlBatch.true-display-native-ensure-table: +54ms (3739ms)
2026-09-06T19:47:16.2642475+08:00 pid=71532 [perf] ConvertedOmmlBatch.true-display-native-resolve-table-formula: +2ms (3741ms)
2026-09-06T19:47:16.2652482+08:00 pid=71532 [perf] ConvertedOmmlBatch.true-display-native-height-repair: +1ms (3742ms)
2026-09-06T19:47:16.4524741+08:00 pid=71532 [perf] ConvertedOmmlBatch.true-display-native-geometry: +187ms (3929ms)
2026-09-06T19:47:16.4524741+08:00 pid=71532 [perf] ConvertedOmmlBatch.true-display-native-1x3-table: +0ms (3929ms)
2026-09-06T19:47:16.4524741+08:00 pid=71532 [perf] ConvertedOmmlBatch.true-display-direct-number-plan: +1ms (3930ms)
2026-09-06T19:47:16.6594923+08:00 pid=71532 [perf] ConvertedOmmlBatch.true-display-direct-visible-seq: +206ms (4136ms)
2026-09-06T19:47:16.7130535+08:00 pid=71532 [perf] ConvertedOmmlBatch.true-display-native-post-table-spacing: +54ms (4190ms)
2026-09-06T19:47:16.7575987+08:00 pid=71532 [perf] ConvertedOmmlBatch.true-display-native-wrap-identity: +45ms (4235ms)
2026-09-06T19:47:16.7585986+08:00 pid=71532 [perf] ConvertedOmmlBatch.true-display-host: +0ms (4235ms)
2026-09-06T19:47:16.8435990+08:00 pid=71532 [perf] ConvertedOmmlBatch.repair-identity: +85ms (4320ms)
2026-09-06T19:47:16.9514111+08:00 pid=71532 [perf] ConvertedOmmlBatch.locate-target: +109ms (4429ms)
2026-09-06T19:47:16.9584104+08:00 pid=71532 [perf] ConvertedOmmlBatch.true-display-native-resolve-display: +6ms (4435ms)
2026-09-06T19:47:17.0034105+08:00 pid=71532 [perf] ConvertedOmmlBatch.true-display-native-clear-artifacts: +45ms (4480ms)
2026-09-06T19:47:17.0807349+08:00 pid=71532 [perf] ConvertedOmmlBatch.true-display-native-measure-display: +77ms (4557ms)
2026-09-06T19:47:17.1417496+08:00 pid=71532 [perf] ConvertedOmmlBatch.true-display-native-ensure-table: +61ms (4618ms)
2026-09-06T19:47:17.1447574+08:00 pid=71532 [perf] ConvertedOmmlBatch.true-display-native-resolve-table-formula: +3ms (4621ms)
2026-09-06T19:47:17.1447574+08:00 pid=71532 [perf] ConvertedOmmlBatch.true-display-native-height-repair: +1ms (4622ms)
2026-09-06T19:47:17.3304925+08:00 pid=71532 [perf] ConvertedOmmlBatch.true-display-native-geometry: +186ms (4808ms)
2026-09-06T19:47:17.3314924+08:00 pid=71532 [perf] ConvertedOmmlBatch.true-display-native-1x3-table: +0ms (4808ms)
2026-09-06T19:47:17.3314924+08:00 pid=71532 [perf] ConvertedOmmlBatch.true-display-direct-number-plan: +0ms (4808ms)
2026-09-06T19:47:17.5481362+08:00 pid=71532 [perf] ConvertedOmmlBatch.true-display-direct-visible-seq: +217ms (5025ms)
2026-09-06T19:47:17.5902730+08:00 pid=71532 [perf] ConvertedOmmlBatch.true-display-native-wrap-identity: +42ms (5067ms)
2026-09-06T19:47:17.5902730+08:00 pid=71532 [perf] ConvertedOmmlBatch.true-display-host: +0ms (5067ms)
2026-09-06T19:47:17.6806865+08:00 pid=71532 [perf] ConvertedOmmlBatch.repair-identity: +91ms (5158ms)
2026-09-06T19:51:19.4822103+08:00 pid=71532 [perf] update-numbers.health-fail reason=no-parseable-field-codes
2026-09-06T19:51:32.5344315+08:00 pid=71532 [perf] ConfigureNumbered.tab-paragraph: +17ms (17ms)
2026-09-06T19:51:32.5414280+08:00 pid=71532 [perf] NativeCaption.prepare-paragraph: +5ms (5ms)
2026-09-06T19:51:32.5424276+08:00 pid=71532 [perf] NativeCaption.add-seq: +2ms (7ms)
2026-09-06T19:51:32.5444287+08:00 pid=71532 [perf] NativeCaption.update-seq: +1ms (8ms)
2026-09-06T19:51:32.5454280+08:00 pid=71532 [perf] NativeCaption.bookmarks: +2ms (10ms)
2026-09-06T19:51:32.5644305+08:00 pid=71532 [perf] NativeCaption.style-frame: +18ms (28ms)
2026-09-06T19:51:32.5644305+08:00 pid=71532 [perf] ConfigureNumbered.native-caption: +30ms (47ms)
2026-09-06T19:51:32.5704293+08:00 pid=71532 [perf] VisibleRef.scaffold: +5ms (5ms)
2026-09-06T19:51:32.5754276+08:00 pid=71532 [perf] VisibleRef.add-ref: +5ms (10ms)
2026-09-06T19:51:32.5874279+08:00 pid=71532 [perf] VisibleRef.update-ref: +12ms (22ms)
2026-09-06T19:51:32.5894275+08:00 pid=71532 [perf] VisibleRef.bookmark-format: +2ms (24ms)
2026-09-06T19:51:32.5954275+08:00 pid=71532 [perf] VisibleRef.vertical-align: +6ms (30ms)
2026-09-06T19:51:32.5954275+08:00 pid=71532 [perf] ConfigureNumbered.visible-ref: +31ms (78ms)
2026-09-06T19:51:32.5964306+08:00 pid=71532 [perf] ConfigureNumbered.ole-baseline: +1ms (79ms)
2026-09-06T19:51:52.0893353+08:00 pid=71532 [perf] ConfigureNumbered.tab-paragraph: +26ms (26ms)
2026-09-06T19:51:52.0968913+08:00 pid=71532 [perf] NativeCaption.prepare-paragraph: +7ms (7ms)
2026-09-06T19:51:52.0988985+08:00 pid=71532 [perf] NativeCaption.add-seq: +2ms (9ms)
2026-09-06T19:51:52.1008986+08:00 pid=71532 [perf] NativeCaption.update-seq: +2ms (11ms)
2026-09-06T19:51:52.1028985+08:00 pid=71532 [perf] NativeCaption.bookmarks: +1ms (12ms)
2026-09-06T19:51:52.1230708+08:00 pid=71532 [perf] NativeCaption.style-frame: +21ms (33ms)
2026-09-06T19:51:52.1240713+08:00 pid=71532 [perf] ConfigureNumbered.native-caption: +34ms (60ms)
2026-09-06T19:51:52.1290685+08:00 pid=71532 [perf] VisibleRef.scaffold: +4ms (4ms)
2026-09-06T19:51:52.1350684+08:00 pid=71532 [perf] VisibleRef.add-ref: +6ms (10ms)
2026-09-06T19:51:52.1430683+08:00 pid=71532 [perf] VisibleRef.update-ref: +8ms (18ms)
2026-09-06T19:51:52.1440688+08:00 pid=71532 [perf] VisibleRef.bookmark-format: +2ms (20ms)
2026-09-06T19:51:52.1480682+08:00 pid=71532 [perf] VisibleRef.vertical-align: +3ms (23ms)
2026-09-06T19:51:52.1480682+08:00 pid=71532 [perf] ConfigureNumbered.visible-ref: +24ms (84ms)
2026-09-06T19:51:52.1490682+08:00 pid=71532 [perf] ConfigureNumbered.ole-baseline: +2ms (86ms)
2026-09-06T19:51:52.1770680+08:00 pid=71532 [perf] ConfigureNumbered.tab-paragraph: +15ms (15ms)
2026-09-06T19:51:52.1840689+08:00 pid=71532 [perf] NativeCaption.prepare-paragraph: +7ms (7ms)
2026-09-06T19:51:52.1872776+08:00 pid=71532 [perf] NativeCaption.add-seq: +2ms (9ms)
2026-09-06T19:51:52.1888453+08:00 pid=71532 [perf] NativeCaption.update-seq: +2ms (11ms)
2026-09-06T19:51:52.1909459+08:00 pid=71532 [perf] NativeCaption.bookmarks: +2ms (13ms)
2026-09-06T19:51:52.2143363+08:00 pid=71532 [perf] NativeCaption.style-frame: +23ms (36ms)
2026-09-06T19:51:52.2143363+08:00 pid=71532 [perf] ConfigureNumbered.native-caption: +37ms (52ms)
2026-09-06T19:51:52.2253367+08:00 pid=71532 [perf] VisibleRef.scaffold: +10ms (10ms)
2026-09-06T19:51:52.2323366+08:00 pid=71532 [perf] VisibleRef.add-ref: +7ms (17ms)
2026-09-06T19:51:52.2423365+08:00 pid=71532 [perf] VisibleRef.update-ref: +10ms (27ms)
2026-09-06T19:51:52.2433364+08:00 pid=71532 [perf] VisibleRef.bookmark-format: +1ms (28ms)
2026-09-06T19:51:52.2473367+08:00 pid=71532 [perf] VisibleRef.vertical-align: +4ms (32ms)
2026-09-06T19:51:52.2473367+08:00 pid=71532 [perf] ConfigureNumbered.visible-ref: +33ms (85ms)
2026-09-06T19:51:52.2493393+08:00 pid=71532 [perf] ConfigureNumbered.ole-baseline: +2ms (87ms)
2026-09-06T19:51:52.2743373+08:00 pid=71532 [perf] ConfigureNumbered.tab-paragraph: +13ms (13ms)
2026-09-06T19:51:52.2823440+08:00 pid=71532 [perf] NativeCaption.prepare-paragraph: +7ms (7ms)
2026-09-06T19:51:52.2843445+08:00 pid=71532 [perf] NativeCaption.add-seq: +2ms (9ms)
2026-09-06T19:51:52.2863440+08:00 pid=71532 [perf] NativeCaption.update-seq: +2ms (11ms)
2026-09-06T19:51:52.2883443+08:00 pid=71532 [perf] NativeCaption.bookmarks: +1ms (12ms)
2026-09-06T19:51:52.3123467+08:00 pid=71532 [perf] NativeCaption.style-frame: +25ms (37ms)
2026-09-06T19:51:52.3123467+08:00 pid=71532 [perf] ConfigureNumbered.native-caption: +39ms (52ms)
2026-09-06T19:51:52.3193440+08:00 pid=71532 [perf] VisibleRef.scaffold: +5ms (5ms)
2026-09-06T19:51:52.3263439+08:00 pid=71532 [perf] VisibleRef.add-ref: +7ms (12ms)
2026-09-06T19:51:52.3363443+08:00 pid=71532 [perf] VisibleRef.update-ref: +9ms (21ms)
2026-09-06T19:51:52.3373440+08:00 pid=71532 [perf] VisibleRef.bookmark-format: +2ms (23ms)
2026-09-06T19:51:52.3413445+08:00 pid=71532 [perf] VisibleRef.vertical-align: +4ms (27ms)
2026-09-06T19:51:52.3413445+08:00 pid=71532 [perf] ConfigureNumbered.visible-ref: +29ms (81ms)
2026-09-06T19:51:52.3433443+08:00 pid=71532 [perf] ConfigureNumbered.ole-baseline: +1ms (82ms)
2026-09-06T19:51:52.3693441+08:00 pid=71532 [perf] ConfigureNumbered.tab-paragraph: +14ms (14ms)
2026-09-06T19:51:52.3773442+08:00 pid=71532 [perf] NativeCaption.prepare-paragraph: +8ms (8ms)
2026-09-06T19:51:52.3793443+08:00 pid=71532 [perf] NativeCaption.add-seq: +2ms (10ms)
2026-09-06T19:51:52.3823441+08:00 pid=71532 [perf] NativeCaption.update-seq: +2ms (12ms)
2026-09-06T19:51:52.3843441+08:00 pid=71532 [perf] NativeCaption.bookmarks: +2ms (14ms)
2026-09-06T19:51:52.4129104+08:00 pid=71532 [perf] NativeCaption.style-frame: +29ms (43ms)
2026-09-06T19:51:52.4129104+08:00 pid=71532 [perf] ConfigureNumbered.native-caption: +44ms (58ms)
2026-09-06T19:51:52.4189101+08:00 pid=71532 [perf] VisibleRef.scaffold: +5ms (5ms)
2026-09-06T19:51:52.4269105+08:00 pid=71532 [perf] VisibleRef.add-ref: +7ms (12ms)
2026-09-06T19:51:52.4379110+08:00 pid=71532 [perf] VisibleRef.update-ref: +12ms (24ms)
2026-09-06T19:51:52.4389115+08:00 pid=71532 [perf] VisibleRef.bookmark-format: +1ms (25ms)
2026-09-06T19:51:52.4449102+08:00 pid=71532 [perf] VisibleRef.vertical-align: +6ms (31ms)
2026-09-06T19:51:52.4449102+08:00 pid=71532 [perf] ConfigureNumbered.visible-ref: +32ms (90ms)
2026-09-06T19:51:52.4469103+08:00 pid=71532 [perf] ConfigureNumbered.ole-baseline: +2ms (92ms)
2026-09-06T19:51:52.4829107+08:00 pid=71532 [perf] ConfigureNumbered.tab-paragraph: +22ms (22ms)
2026-09-06T19:51:52.4927507+08:00 pid=71532 [perf] NativeCaption.prepare-paragraph: +8ms (8ms)
2026-09-06T19:51:52.4947509+08:00 pid=71532 [perf] NativeCaption.add-seq: +3ms (11ms)
2026-09-06T19:51:52.4977579+08:00 pid=71532 [perf] NativeCaption.update-seq: +3ms (14ms)
2026-09-06T19:51:52.5007582+08:00 pid=71532 [perf] NativeCaption.bookmarks: +2ms (16ms)
2026-09-06T19:51:52.5297579+08:00 pid=71532 [perf] NativeCaption.style-frame: +29ms (45ms)
2026-09-06T19:51:52.5297579+08:00 pid=71532 [perf] ConfigureNumbered.native-caption: +47ms (69ms)
2026-09-06T19:51:52.5377577+08:00 pid=71532 [perf] VisibleRef.scaffold: +7ms (7ms)
2026-09-06T19:51:52.5467577+08:00 pid=71532 [perf] VisibleRef.add-ref: +9ms (16ms)
2026-09-06T19:51:52.5567578+08:00 pid=71532 [perf] VisibleRef.update-ref: +10ms (26ms)
2026-09-06T19:51:52.5577578+08:00 pid=71532 [perf] VisibleRef.bookmark-format: +1ms (27ms)
2026-09-06T19:51:52.5630216+08:00 pid=71532 [perf] VisibleRef.vertical-align: +5ms (32ms)
2026-09-06T19:51:52.5630216+08:00 pid=71532 [perf] ConfigureNumbered.visible-ref: +33ms (102ms)
2026-09-06T19:51:52.5650215+08:00 pid=71532 [perf] ConfigureNumbered.ole-baseline: +2ms (104ms)
2026-09-06T19:51:52.5920298+08:00 pid=71532 [perf] ConversionFinalize.caption-inventory: +1ms (1ms)
2026-09-06T19:51:52.5920298+08:00 pid=71532 [perf] number-format-batch.plan: +0ms (0ms)
2026-09-06T19:51:52.6040301+08:00 pid=71532 [perf] number-format-batch.direct-table-targets: +11ms (11ms)
2026-09-06T19:51:52.6040301+08:00 pid=71532 [perf] number-format-batch.native-hash-inventory: +1ms (12ms)
2026-09-06T19:51:52.6280328+08:00 pid=71532 [perf] number-format-batch.native-breakdown lookup=0ms code=0ms update=17ms prefix=0ms bookmark=0ms
2026-09-06T19:51:52.6290303+08:00 pid=71532 [perf] number-format-batch.legacy-targets: +24ms (36ms)
2026-09-06T19:51:52.6290303+08:00 pid=71532 [perf] number-format-batch.native-hash-targets: +0ms (36ms)
2026-09-06T19:51:52.6970402+08:00 pid=71532 [perf] number-format-batch.visible-references: +68ms (104ms)
2026-09-06T19:51:52.7917840+08:00 pid=71532 [perf] number-format-batch.extra-references: +95ms (199ms)
2026-09-06T19:51:52.7927843+08:00 pid=71532 [perf] ConversionFinalize.field-batch: +201ms (202ms)
2026-09-06T19:51:52.8907907+08:00 pid=71532 [perf] ConversionFinalize.healthy-refresh: +97ms (299ms)
2026-09-06T19:52:25.8211157+08:00 pid=71532 [perf] ConfigureNumbered.tab-paragraph: +24ms (24ms)
2026-09-06T19:52:25.8767779+08:00 pid=71532 [perf] ConfigureNumbered.native-caption: +56ms (80ms)
2026-09-06T19:52:25.8817778+08:00 pid=71532 [perf] ConfigureNumbered.visible-ref: +5ms (85ms)
2026-09-06T19:52:25.8847785+08:00 pid=71532 [perf] ConfigureNumbered.ole-baseline: +3ms (88ms)
2026-09-06T19:52:54.9291157+08:00 pid=71532 [perf] direct-row-health-fail formulaId=2f8f53e0-965a-4e82-a88b-c2bc7a4ba215 check=table-membership reason=not-in-table
2026-09-06T19:52:55.7138215+08:00 pid=71532 [perf] ConvertedOmmlBatch.inventory: +784ms (784ms)
2026-09-06T19:52:55.7188225+08:00 pid=71532 [perf] ConvertedOmmlBatch.number-plan: +5ms (789ms)
2026-09-06T19:52:55.8643969+08:00 pid=71532 [perf] ConvertedOmmlBatch.locate-target: +146ms (935ms)
2026-09-06T19:52:55.8683967+08:00 pid=71532 [perf] ConvertedOmmlBatch.true-display-native-resolve-display: +3ms (938ms)
2026-09-06T19:52:55.9113973+08:00 pid=71532 [perf] ConvertedOmmlBatch.true-display-native-clear-artifacts: +44ms (982ms)
2026-09-06T19:52:56.0128138+08:00 pid=71532 [perf] ConvertedOmmlBatch.true-display-native-measure-display: +101ms (1083ms)
2026-09-06T19:52:56.0624247+08:00 pid=71532 [perf] ConvertedOmmlBatch.true-display-native-ensure-table: +49ms (1132ms)
2026-09-06T19:52:56.0644235+08:00 pid=71532 [perf] ConvertedOmmlBatch.true-display-native-resolve-table-formula: +2ms (1134ms)
2026-09-06T19:52:56.0644235+08:00 pid=71532 [perf] ConvertedOmmlBatch.true-display-native-height-repair: +0ms (1134ms)
2026-09-06T19:52:56.1998267+08:00 pid=71532 [perf] ConvertedOmmlBatch.true-display-native-geometry: +136ms (1270ms)
2026-09-06T19:52:56.2008257+08:00 pid=71532 [perf] ConvertedOmmlBatch.true-display-native-1x3-table: +0ms (1270ms)
2026-09-06T19:52:56.2008257+08:00 pid=71532 [perf] ConvertedOmmlBatch.true-display-direct-number-plan: +0ms (1270ms)
2026-09-06T19:52:56.4460247+08:00 pid=71532 [perf] ConvertedOmmlBatch.true-display-direct-visible-seq: +246ms (1516ms)
2026-09-06T19:52:56.5120215+08:00 pid=71532 [perf] ConvertedOmmlBatch.true-display-native-post-table-spacing: +66ms (1582ms)
2026-09-06T19:52:56.5683988+08:00 pid=71532 [perf] ConvertedOmmlBatch.true-display-native-wrap-identity: +56ms (1638ms)
2026-09-06T19:52:56.5693983+08:00 pid=71532 [perf] ConvertedOmmlBatch.true-display-host: +1ms (1639ms)
2026-09-06T19:52:56.6668435+08:00 pid=71532 [perf] ConvertedOmmlBatch.repair-identity: +98ms (1737ms)
2026-09-06T19:52:56.7989195+08:00 pid=71532 [perf] ConvertedOmmlBatch.locate-target: +132ms (1869ms)
2026-09-06T19:52:56.8009182+08:00 pid=71532 [perf] ConvertedOmmlBatch.true-display-native-resolve-display: +2ms (1871ms)
2026-09-06T19:52:56.8549194+08:00 pid=71532 [perf] ConvertedOmmlBatch.true-display-native-clear-artifacts: +54ms (1925ms)
2026-09-06T19:52:56.9566010+08:00 pid=71532 [perf] ConvertedOmmlBatch.true-display-native-measure-display: +102ms (2027ms)
2026-09-06T19:52:57.0070595+08:00 pid=71532 [perf] ConvertedOmmlBatch.true-display-native-ensure-table: +50ms (2077ms)
2026-09-06T19:52:57.0110590+08:00 pid=71532 [perf] ConvertedOmmlBatch.true-display-native-resolve-table-formula: +4ms (2081ms)
2026-09-06T19:52:57.0110590+08:00 pid=71532 [perf] ConvertedOmmlBatch.true-display-native-height-repair: +0ms (2081ms)
2026-09-06T19:52:57.1706365+08:00 pid=71532 [perf] ConvertedOmmlBatch.true-display-native-geometry: +159ms (2240ms)
2026-09-06T19:52:57.1706365+08:00 pid=71532 [perf] ConvertedOmmlBatch.true-display-native-1x3-table: +0ms (2240ms)
2026-09-06T19:52:57.1706365+08:00 pid=71532 [perf] ConvertedOmmlBatch.true-display-direct-number-plan: +1ms (2241ms)
2026-09-06T19:52:57.4029379+08:00 pid=71532 [perf] ConvertedOmmlBatch.true-display-direct-visible-seq: +232ms (2473ms)
2026-09-06T19:52:57.4669406+08:00 pid=71532 [perf] ConvertedOmmlBatch.true-display-native-post-table-spacing: +63ms (2536ms)
2026-09-06T19:52:57.5155599+08:00 pid=71532 [perf] ConvertedOmmlBatch.true-display-native-wrap-identity: +49ms (2585ms)
2026-09-06T19:52:57.5155599+08:00 pid=71532 [perf] ConvertedOmmlBatch.true-display-host: +1ms (2586ms)
2026-09-06T19:52:57.6283327+08:00 pid=71532 [perf] ConvertedOmmlBatch.repair-identity: +112ms (2698ms)
2026-09-06T19:52:57.7620454+08:00 pid=71532 [perf] ConvertedOmmlBatch.locate-target: +134ms (2832ms)
2026-09-06T19:52:57.7650460+08:00 pid=71532 [perf] ConvertedOmmlBatch.true-display-native-resolve-display: +3ms (2835ms)
2026-09-06T19:52:57.8106040+08:00 pid=71532 [perf] ConvertedOmmlBatch.true-display-native-clear-artifacts: +45ms (2880ms)
2026-09-06T19:52:57.9216048+08:00 pid=71532 [perf] ConvertedOmmlBatch.true-display-native-measure-display: +112ms (2992ms)
2026-09-06T19:52:57.9646056+08:00 pid=71532 [perf] ConvertedOmmlBatch.true-display-native-ensure-table: +42ms (3034ms)
2026-09-06T19:52:57.9666054+08:00 pid=71532 [perf] ConvertedOmmlBatch.true-display-native-resolve-table-formula: +2ms (3036ms)
2026-09-06T19:52:57.9666054+08:00 pid=71532 [perf] ConvertedOmmlBatch.true-display-native-height-repair: +1ms (3037ms)
2026-09-06T19:52:58.1027791+08:00 pid=71532 [perf] ConvertedOmmlBatch.true-display-native-geometry: +136ms (3173ms)
2026-09-06T19:52:58.1027791+08:00 pid=71532 [perf] ConvertedOmmlBatch.true-display-native-1x3-table: +0ms (3173ms)
2026-09-06T19:52:58.1038658+08:00 pid=71532 [perf] ConvertedOmmlBatch.true-display-direct-number-plan: +0ms (3173ms)
2026-09-06T19:52:58.3277152+08:00 pid=71532 [perf] ConvertedOmmlBatch.true-display-direct-visible-seq: +224ms (3397ms)
2026-09-06T19:52:58.3905403+08:00 pid=71532 [perf] ConvertedOmmlBatch.true-display-native-post-table-spacing: +63ms (3460ms)
2026-09-06T19:52:58.4410146+08:00 pid=71532 [perf] ConvertedOmmlBatch.true-display-native-wrap-identity: +51ms (3511ms)
2026-09-06T19:52:58.4420091+08:00 pid=71532 [perf] ConvertedOmmlBatch.true-display-host: +1ms (3512ms)
2026-09-06T19:52:58.5327218+08:00 pid=71532 [perf] ConvertedOmmlBatch.repair-identity: +90ms (3602ms)
2026-09-06T19:52:58.6423426+08:00 pid=71532 [perf] ConvertedOmmlBatch.locate-target: +110ms (3712ms)
2026-09-06T19:52:58.6463420+08:00 pid=71532 [perf] ConvertedOmmlBatch.true-display-native-resolve-display: +4ms (3716ms)
2026-09-06T19:52:58.6863440+08:00 pid=71532 [perf] ConvertedOmmlBatch.true-display-native-clear-artifacts: +40ms (3756ms)
2026-09-06T19:52:58.7781075+08:00 pid=71532 [perf] ConvertedOmmlBatch.true-display-native-measure-display: +92ms (3848ms)
2026-09-06T19:52:58.8203380+08:00 pid=71532 [perf] ConvertedOmmlBatch.true-display-native-ensure-table: +43ms (3891ms)
2026-09-06T19:52:58.8233371+08:00 pid=71532 [perf] ConvertedOmmlBatch.true-display-native-resolve-table-formula: +2ms (3893ms)
2026-09-06T19:52:58.8233371+08:00 pid=71532 [perf] ConvertedOmmlBatch.true-display-native-height-repair: +0ms (3893ms)
2026-09-06T19:52:58.9689023+08:00 pid=71532 [perf] ConvertedOmmlBatch.true-display-native-geometry: +145ms (4038ms)
2026-09-06T19:52:58.9689023+08:00 pid=71532 [perf] ConvertedOmmlBatch.true-display-native-1x3-table: +1ms (4039ms)
2026-09-06T19:52:58.9689023+08:00 pid=71532 [perf] ConvertedOmmlBatch.true-display-direct-number-plan: +0ms (4039ms)
2026-09-06T19:52:59.2247672+08:00 pid=71532 [perf] ConvertedOmmlBatch.true-display-direct-visible-seq: +255ms (4294ms)
2026-09-06T19:52:59.2957672+08:00 pid=71532 [perf] ConvertedOmmlBatch.true-display-native-post-table-spacing: +72ms (4366ms)
2026-09-06T19:52:59.3679973+08:00 pid=71532 [perf] ConvertedOmmlBatch.true-display-native-wrap-identity: +71ms (4437ms)
2026-09-06T19:52:59.3679973+08:00 pid=71532 [perf] ConvertedOmmlBatch.true-display-host: +1ms (4438ms)
2026-09-06T19:52:59.7586454+08:00 pid=71532 [perf] ConvertedOmmlBatch.repair-identity: +391ms (4829ms)
2026-09-06T19:53:00.0069724+08:00 pid=71532 [perf] ConvertedOmmlBatch.locate-target: +248ms (5077ms)
2026-09-06T19:53:00.0099738+08:00 pid=71532 [perf] ConvertedOmmlBatch.true-display-native-resolve-display: +3ms (5080ms)
2026-09-06T19:53:00.0499727+08:00 pid=71532 [perf] ConvertedOmmlBatch.true-display-native-clear-artifacts: +40ms (5120ms)
2026-09-06T19:53:00.1451489+08:00 pid=71532 [perf] ConvertedOmmlBatch.true-display-native-measure-display: +95ms (5215ms)
2026-09-06T19:53:00.1946020+08:00 pid=71532 [perf] ConvertedOmmlBatch.true-display-native-ensure-table: +49ms (5264ms)
2026-09-06T19:53:00.1986018+08:00 pid=71532 [perf] ConvertedOmmlBatch.true-display-native-resolve-table-formula: +4ms (5268ms)
2026-09-06T19:53:00.1986018+08:00 pid=71532 [perf] ConvertedOmmlBatch.true-display-native-height-repair: +1ms (5269ms)
2026-09-06T19:53:00.3627597+08:00 pid=71532 [perf] ConvertedOmmlBatch.true-display-native-geometry: +164ms (5433ms)
2026-09-06T19:53:00.3637594+08:00 pid=71532 [perf] ConvertedOmmlBatch.true-display-native-1x3-table: +0ms (5433ms)
2026-09-06T19:53:00.3637594+08:00 pid=71532 [perf] ConvertedOmmlBatch.true-display-direct-number-plan: +1ms (5434ms)
2026-09-06T19:53:00.6206301+08:00 pid=71532 [perf] ConvertedOmmlBatch.true-display-direct-visible-seq: +256ms (5690ms)
2026-09-06T19:53:00.6691808+08:00 pid=71532 [perf] ConvertedOmmlBatch.true-display-native-wrap-identity: +49ms (5739ms)
2026-09-06T19:53:00.6701825+08:00 pid=71532 [perf] ConvertedOmmlBatch.true-display-host: +1ms (5740ms)
2026-09-06T19:53:00.7612206+08:00 pid=71532 [perf] ConvertedOmmlBatch.repair-identity: +91ms (5831ms)
2026-09-06T19:53:00.8777436+08:00 pid=71532 [perf] ConvertedOmmlBatch.locate-target: +117ms (5948ms)
2026-09-06T19:53:00.8807411+08:00 pid=71532 [perf] ConvertedOmmlBatch.true-display-native-resolve-display: +2ms (5950ms)
2026-09-06T19:53:00.9174947+08:00 pid=71532 [perf] ConvertedOmmlBatch.true-display-native-clear-artifacts: +38ms (5988ms)
2026-09-06T19:53:01.0129530+08:00 pid=71532 [perf] ConvertedOmmlBatch.true-display-native-measure-display: +95ms (6083ms)
2026-09-06T19:53:01.0565449+08:00 pid=71532 [perf] ConvertedOmmlBatch.true-display-native-ensure-table: +43ms (6126ms)
2026-09-06T19:53:01.0581711+08:00 pid=71532 [perf] ConvertedOmmlBatch.true-display-native-resolve-table-formula: +2ms (6128ms)
2026-09-06T19:53:01.0581711+08:00 pid=71532 [perf] ConvertedOmmlBatch.true-display-native-height-repair: +0ms (6128ms)
2026-09-06T19:53:01.1727411+08:00 pid=71532 [perf] ConvertedOmmlBatch.true-display-native-geometry: +115ms (6243ms)
2026-09-06T19:53:01.1727411+08:00 pid=71532 [perf] ConvertedOmmlBatch.true-display-native-1x3-table: +0ms (6243ms)
2026-09-06T19:53:01.1727411+08:00 pid=71532 [perf] ConvertedOmmlBatch.true-display-direct-number-plan: +0ms (6243ms)
2026-09-06T19:53:01.3927413+08:00 pid=71532 [perf] ConvertedOmmlBatch.true-display-direct-visible-seq: +220ms (6463ms)
2026-09-06T19:53:01.4507410+08:00 pid=71532 [perf] ConvertedOmmlBatch.true-display-native-wrap-identity: +57ms (6520ms)
2026-09-06T19:53:01.4507410+08:00 pid=71532 [perf] ConvertedOmmlBatch.true-display-host: +1ms (6521ms)
2026-09-06T19:53:01.5445287+08:00 pid=71532 [perf] ConvertedOmmlBatch.repair-identity: +93ms (6614ms)
2026-09-06T19:54:50.4124372+08:00 pid=71532 [perf] update-numbers.health-fail reason=bookmark-id-set-mismatch visible=6/6[2f8f53e0-965a-4e82-a88b-c2bc7a4ba215,ee2486eb-95b3-469f-9556-447965f69d6f,88f0c982-e7cf-4a69-9550-2988baeb31f2,df1b26a9-59d8-4e49-925a-222be55887fa,698713df-bc4d-42a8-a22a-2a188cd3586b,f0ab9ee7-51bd-4408-bb6a-5f998ef95203] caption=6/6[2f8f53e0-965a-4e82-a88b-c2bc7a4ba215,ee2486eb-95b3-469f-9556-447965f69d6f,88f0c982-e7cf-4a69-9550-2988baeb31f2,df1b26a9-59d8-4e49-925a-222be55887fa,698713df-bc4d-42a8-a22a-2a188cd3586b,f0ab9ee7-51bd-4408-bb6a-5f998ef95203] number=7/7[2f8f53e0-965a-4e82-a88b-c2bc7a4ba215,ee2486eb-95b3-469f-9556-447965f69d6f,88f0c982-e7cf-4a69-9550-2988baeb31f2,b595e5b9-40e0-4dee-96d9-41963d9eec5c,df1b26a9-59d8-4e49-925a-222be55887fa,698713df-bc4d-42a8-a22a-2a188cd3586b,f0ab9ee7-51bd-4408-bb6a-5f998ef95203]
2026-09-06T19:54:50.5702321+08:00 pid=71532 [perf] number-format-batch.plan: +156ms (156ms)
2026-09-06T19:54:51.5157627+08:00 pid=71532 [perf] number-format-batch.direct-table-targets: +946ms (1102ms)
2026-09-06T19:54:51.5167655+08:00 pid=71532 [perf] number-format-batch.native-hash-inventory: +1ms (1103ms)
2026-09-06T19:54:51.5167655+08:00 pid=71532 [perf] number-format-batch.native-breakdown lookup=0ms code=0ms update=0ms prefix=0ms bookmark=0ms
2026-09-06T19:54:51.5167655+08:00 pid=71532 [perf] number-format-batch.legacy-targets: +0ms (1103ms)
2026-09-06T19:54:51.5177653+08:00 pid=71532 [perf] number-format-batch.native-hash-targets: +0ms (1103ms)
2026-09-06T19:54:51.5177653+08:00 pid=71532 [perf] number-format-batch.visible-references: +1ms (1104ms)
2026-09-06T19:54:51.6447633+08:00 pid=71532 [perf] update-numbers.health-fail reason=bookmark-id-set-mismatch visible=6/6[2f8f53e0-965a-4e82-a88b-c2bc7a4ba215,ee2486eb-95b3-469f-9556-447965f69d6f,88f0c982-e7cf-4a69-9550-2988baeb31f2,df1b26a9-59d8-4e49-925a-222be55887fa,698713df-bc4d-42a8-a22a-2a188cd3586b,f0ab9ee7-51bd-4408-bb6a-5f998ef95203] caption=6/6[2f8f53e0-965a-4e82-a88b-c2bc7a4ba215,ee2486eb-95b3-469f-9556-447965f69d6f,88f0c982-e7cf-4a69-9550-2988baeb31f2,df1b26a9-59d8-4e49-925a-222be55887fa,698713df-bc4d-42a8-a22a-2a188cd3586b,f0ab9ee7-51bd-4408-bb6a-5f998ef95203] number=7/7[2f8f53e0-965a-4e82-a88b-c2bc7a4ba215,ee2486eb-95b3-469f-9556-447965f69d6f,b595e5b9-40e0-4dee-96d9-41963d9eec5c,88f0c982-e7cf-4a69-9550-2988baeb31f2,df1b26a9-59d8-4e49-925a-222be55887fa,698713df-bc4d-42a8-a22a-2a188cd3586b,f0ab9ee7-51bd-4408-bb6a-5f998ef95203]
2026-09-06T19:54:51.7896476+08:00 pid=71532 [perf] number-format-batch.extra-references: +272ms (1376ms)
2026-09-06T19:55:15.2176122+08:00 pid=71532 [perf] update-numbers.health-fail reason=bookmark-id-set-mismatch visible=6/6[2f8f53e0-965a-4e82-a88b-c2bc7a4ba215,ee2486eb-95b3-469f-9556-447965f69d6f,88f0c982-e7cf-4a69-9550-2988baeb31f2,df1b26a9-59d8-4e49-925a-222be55887fa,698713df-bc4d-42a8-a22a-2a188cd3586b,f0ab9ee7-51bd-4408-bb6a-5f998ef95203] caption=6/6[2f8f53e0-965a-4e82-a88b-c2bc7a4ba215,ee2486eb-95b3-469f-9556-447965f69d6f,88f0c982-e7cf-4a69-9550-2988baeb31f2,df1b26a9-59d8-4e49-925a-222be55887fa,698713df-bc4d-42a8-a22a-2a188cd3586b,f0ab9ee7-51bd-4408-bb6a-5f998ef95203] number=7/7[2f8f53e0-965a-4e82-a88b-c2bc7a4ba215,ee2486eb-95b3-469f-9556-447965f69d6f,b595e5b9-40e0-4dee-96d9-41963d9eec5c,88f0c982-e7cf-4a69-9550-2988baeb31f2,df1b26a9-59d8-4e49-925a-222be55887fa,698713df-bc4d-42a8-a22a-2a188cd3586b,f0ab9ee7-51bd-4408-bb6a-5f998ef95203]
2026-09-06T19:56:12.0506369+08:00 pid=71532 [perf] ConfigureNumbered.tab-paragraph: +13ms (13ms)
2026-09-06T19:56:12.0586646+08:00 pid=71532 [perf] NativeCaption.prepare-paragraph: +8ms (8ms)
2026-09-06T19:56:12.0606642+08:00 pid=71532 [perf] NativeCaption.add-seq: +2ms (10ms)
2026-09-06T19:56:12.0636647+08:00 pid=71532 [perf] NativeCaption.update-seq: +2ms (12ms)
2026-09-06T19:56:12.0656677+08:00 pid=71532 [perf] NativeCaption.bookmarks: +2ms (14ms)
2026-09-06T19:56:12.0931217+08:00 pid=71532 [perf] NativeCaption.style-frame: +28ms (42ms)
2026-09-06T19:56:12.0931217+08:00 pid=71532 [perf] ConfigureNumbered.native-caption: +43ms (56ms)
2026-09-06T19:56:12.1021009+08:00 pid=71532 [perf] VisibleRef.scaffold: +7ms (7ms)
2026-09-06T19:56:12.1097120+08:00 pid=71532 [perf] VisibleRef.add-ref: +8ms (15ms)
2026-09-06T19:56:12.1203677+08:00 pid=71532 [perf] VisibleRef.update-ref: +11ms (26ms)
2026-09-06T19:56:12.1218796+08:00 pid=71532 [perf] VisibleRef.bookmark-format: +1ms (27ms)
2026-09-06T19:56:12.1315632+08:00 pid=71532 [perf] VisibleRef.vertical-align: +10ms (37ms)
2026-09-06T19:56:12.1315632+08:00 pid=71532 [perf] ConfigureNumbered.visible-ref: +38ms (94ms)
2026-09-06T19:56:12.1335635+08:00 pid=71532 [perf] ConfigureNumbered.ole-baseline: +2ms (96ms)
2026-09-06T19:56:12.1505469+08:00 pid=71532 [perf] ConfigureNumbered.tab-paragraph: +13ms (13ms)
2026-09-06T19:56:12.1580591+08:00 pid=71532 [perf] NativeCaption.prepare-paragraph: +6ms (6ms)
2026-09-06T19:56:12.1590602+08:00 pid=71532 [perf] NativeCaption.add-seq: +2ms (8ms)
2026-09-06T19:56:12.1620602+08:00 pid=71532 [perf] NativeCaption.update-seq: +2ms (10ms)
2026-09-06T19:56:12.1640573+08:00 pid=71532 [perf] NativeCaption.bookmarks: +2ms (12ms)
2026-09-06T19:56:12.1900655+08:00 pid=71532 [perf] NativeCaption.style-frame: +26ms (38ms)
2026-09-06T19:56:12.1900655+08:00 pid=71532 [perf] ConfigureNumbered.native-caption: +40ms (53ms)
2026-09-06T19:56:12.1960656+08:00 pid=71532 [perf] VisibleRef.scaffold: +5ms (5ms)
2026-09-06T19:56:12.2030680+08:00 pid=71532 [perf] VisibleRef.add-ref: +6ms (11ms)
2026-09-06T19:56:12.2130656+08:00 pid=71532 [perf] VisibleRef.update-ref: +11ms (22ms)
2026-09-06T19:56:12.2140654+08:00 pid=71532 [perf] VisibleRef.bookmark-format: +1ms (23ms)
2026-09-06T19:56:12.2218794+08:00 pid=71532 [perf] VisibleRef.vertical-align: +8ms (31ms)
2026-09-06T19:56:12.2228793+08:00 pid=71532 [perf] ConfigureNumbered.visible-ref: +32ms (85ms)
2026-09-06T19:56:12.2238822+08:00 pid=71532 [perf] ConfigureNumbered.ole-baseline: +2ms (87ms)
2026-09-06T19:56:12.2428804+08:00 pid=71532 [perf] ConfigureNumbered.tab-paragraph: +14ms (14ms)
2026-09-06T19:56:12.2498812+08:00 pid=71532 [perf] NativeCaption.prepare-paragraph: +7ms (7ms)
2026-09-06T19:56:12.2518805+08:00 pid=71532 [perf] NativeCaption.add-seq: +2ms (9ms)
2026-09-06T19:56:12.2548795+08:00 pid=71532 [perf] NativeCaption.update-seq: +2ms (11ms)
2026-09-06T19:56:12.2568817+08:00 pid=71532 [perf] NativeCaption.bookmarks: +2ms (13ms)
2026-09-06T19:56:12.2858579+08:00 pid=71532 [perf] NativeCaption.style-frame: +30ms (43ms)
2026-09-06T19:56:12.2868597+08:00 pid=71532 [perf] ConfigureNumbered.native-caption: +44ms (58ms)
2026-09-06T19:56:12.2928608+08:00 pid=71532 [perf] VisibleRef.scaffold: +5ms (5ms)
2026-09-06T19:56:12.2998580+08:00 pid=71532 [perf] VisibleRef.add-ref: +7ms (12ms)
2026-09-06T19:56:12.3098579+08:00 pid=71532 [perf] VisibleRef.update-ref: +11ms (23ms)
2026-09-06T19:56:12.3118601+08:00 pid=71532 [perf] VisibleRef.bookmark-format: +2ms (25ms)
2026-09-06T19:56:12.3208581+08:00 pid=71532 [perf] VisibleRef.vertical-align: +9ms (34ms)
2026-09-06T19:56:12.3218584+08:00 pid=71532 [perf] ConfigureNumbered.visible-ref: +35ms (93ms)
2026-09-06T19:56:12.3228598+08:00 pid=71532 [perf] ConfigureNumbered.ole-baseline: +2ms (95ms)
2026-09-06T19:56:12.3438422+08:00 pid=71532 [perf] ConfigureNumbered.tab-paragraph: +16ms (16ms)
2026-09-06T19:56:12.3528425+08:00 pid=71532 [perf] NativeCaption.prepare-paragraph: +8ms (8ms)
2026-09-06T19:56:12.3548429+08:00 pid=71532 [perf] NativeCaption.add-seq: +2ms (10ms)
2026-09-06T19:56:12.3578434+08:00 pid=71532 [perf] NativeCaption.update-seq: +2ms (12ms)
2026-09-06T19:56:12.3598419+08:00 pid=71532 [perf] NativeCaption.bookmarks: +2ms (14ms)
2026-09-06T19:56:12.3907150+08:00 pid=71532 [perf] NativeCaption.style-frame: +32ms (46ms)
2026-09-06T19:56:12.3907150+08:00 pid=71532 [perf] ConfigureNumbered.native-caption: +47ms (63ms)
2026-09-06T19:56:12.3967124+08:00 pid=71532 [perf] VisibleRef.scaffold: +5ms (5ms)
2026-09-06T19:56:12.4037149+08:00 pid=71532 [perf] VisibleRef.add-ref: +7ms (12ms)
2026-09-06T19:56:12.4157157+08:00 pid=71532 [perf] VisibleRef.update-ref: +12ms (24ms)
2026-09-06T19:56:12.4167170+08:00 pid=71532 [perf] VisibleRef.bookmark-format: +1ms (25ms)
2026-09-06T19:56:12.4257160+08:00 pid=71532 [perf] VisibleRef.vertical-align: +8ms (33ms)
2026-09-06T19:56:12.4257160+08:00 pid=71532 [perf] ConfigureNumbered.visible-ref: +35ms (98ms)
2026-09-06T19:56:12.4267161+08:00 pid=71532 [perf] ConfigureNumbered.ole-baseline: +1ms (99ms)
2026-09-06T19:56:12.4472679+08:00 pid=71532 [perf] ConfigureNumbered.tab-paragraph: +16ms (16ms)
2026-09-06T19:56:12.4592677+08:00 pid=71532 [perf] NativeCaption.prepare-paragraph: +10ms (10ms)
2026-09-06T19:56:12.4612675+08:00 pid=71532 [perf] NativeCaption.add-seq: +2ms (12ms)
2026-09-06T19:56:12.4642677+08:00 pid=71532 [perf] NativeCaption.update-seq: +4ms (16ms)
2026-09-06T19:56:12.4662703+08:00 pid=71532 [perf] NativeCaption.bookmarks: +2ms (18ms)
2026-09-06T19:56:12.4996684+08:00 pid=71532 [perf] NativeCaption.style-frame: +33ms (51ms)
2026-09-06T19:56:12.4996684+08:00 pid=71532 [perf] ConfigureNumbered.native-caption: +53ms (69ms)
2026-09-06T19:56:12.5056672+08:00 pid=71532 [perf] VisibleRef.scaffold: +5ms (5ms)
2026-09-06T19:56:12.5126105+08:00 pid=71532 [perf] VisibleRef.add-ref: +7ms (12ms)
2026-09-06T19:56:12.5246094+08:00 pid=71532 [perf] VisibleRef.update-ref: +12ms (24ms)
2026-09-06T19:56:12.5266079+08:00 pid=71532 [perf] VisibleRef.bookmark-format: +1ms (25ms)
2026-09-06T19:56:12.5346082+08:00 pid=71532 [perf] VisibleRef.vertical-align: +9ms (34ms)
2026-09-06T19:56:12.5356082+08:00 pid=71532 [perf] ConfigureNumbered.visible-ref: +35ms (104ms)
2026-09-06T19:56:12.5376106+08:00 pid=71532 [perf] ConfigureNumbered.ole-baseline: +2ms (106ms)
2026-09-06T19:56:12.5746388+08:00 pid=71532 [perf] ConfigureNumbered.tab-paragraph: +28ms (28ms)
2026-09-06T19:56:12.5860875+08:00 pid=71532 [perf] NativeCaption.prepare-paragraph: +10ms (10ms)
2026-09-06T19:56:12.5880872+08:00 pid=71532 [perf] NativeCaption.add-seq: +2ms (12ms)
2026-09-06T19:56:12.5920901+08:00 pid=71532 [perf] NativeCaption.update-seq: +4ms (16ms)
2026-09-06T19:56:12.5942751+08:00 pid=71532 [perf] NativeCaption.bookmarks: +2ms (18ms)
2026-09-06T19:56:12.6312868+08:00 pid=71532 [perf] NativeCaption.style-frame: +37ms (55ms)
2026-09-06T19:56:12.6312868+08:00 pid=71532 [perf] ConfigureNumbered.native-caption: +56ms (84ms)
2026-09-06T19:56:12.6372923+08:00 pid=71532 [perf] VisibleRef.scaffold: +6ms (6ms)
2026-09-06T19:56:12.6452940+08:00 pid=71532 [perf] VisibleRef.add-ref: +7ms (13ms)
2026-09-06T19:56:12.6582913+08:00 pid=71532 [perf] VisibleRef.update-ref: +13ms (26ms)
2026-09-06T19:56:12.6592912+08:00 pid=71532 [perf] VisibleRef.bookmark-format: +1ms (27ms)
2026-09-06T19:56:12.6686557+08:00 pid=71532 [perf] VisibleRef.vertical-align: +10ms (37ms)
2026-09-06T19:56:12.6696569+08:00 pid=71532 [perf] ConfigureNumbered.visible-ref: +38ms (122ms)
2026-09-06T19:56:12.6716530+08:00 pid=71532 [perf] ConfigureNumbered.ole-baseline: +3ms (125ms)
2026-09-06T19:56:12.6836542+08:00 pid=71532 [perf] ConversionFinalize.caption-inventory: +0ms (0ms)
2026-09-06T19:56:12.7101959+08:00 pid=71532 [perf] number-format-batch.plan: +25ms (25ms)
2026-09-06T19:56:12.7211959+08:00 pid=71532 [perf] number-format-batch.direct-table-targets: +11ms (36ms)
2026-09-06T19:56:12.7211959+08:00 pid=71532 [perf] number-format-batch.native-hash-inventory: +1ms (37ms)
2026-09-06T19:56:12.7534518+08:00 pid=71532 [perf] number-format-batch.native-breakdown lookup=0ms code=0ms update=24ms prefix=0ms bookmark=0ms
2026-09-06T19:56:12.7534518+08:00 pid=71532 [perf] number-format-batch.legacy-targets: +32ms (69ms)
2026-09-06T19:56:12.7534518+08:00 pid=71532 [perf] number-format-batch.native-hash-targets: +0ms (69ms)
2026-09-06T19:56:12.8664641+08:00 pid=71532 [perf] number-format-batch.visible-references: +113ms (182ms)
2026-09-06T19:56:12.9535253+08:00 pid=71532 [perf] number-format-batch.extra-references: +87ms (269ms)
2026-09-06T19:56:12.9535253+08:00 pid=71532 [perf] ConversionFinalize.field-batch: +270ms (270ms)
2026-09-06T19:56:13.3326090+08:00 pid=71532 [perf] ConversionFinalize.healthy-refresh: +379ms (649ms)
2026-09-06T20:00:32.4261021+08:00 pid=71532 [perf] update-numbers.health-fail reason=no-parseable-field-codes
2026-09-06T20:00:46.6790246+08:00 pid=71532 [perf] ConvertedOmmlBatch.inventory: +67ms (67ms)
2026-09-06T20:00:46.6790246+08:00 pid=71532 [perf] ConvertedOmmlBatch.number-plan: +1ms (68ms)
2026-09-06T20:00:46.7186116+08:00 pid=71532 [perf] ConvertedOmmlBatch.locate-target: +39ms (107ms)
2026-09-06T20:00:46.7202571+08:00 pid=71532 [perf] ConvertedOmmlBatch.true-display-native-resolve-display: +2ms (109ms)
2026-09-06T20:00:46.7578677+08:00 pid=71532 [perf] ConvertedOmmlBatch.true-display-native-clear-artifacts: +38ms (147ms)
2026-09-06T20:00:46.7678674+08:00 pid=71532 [perf] ConvertedOmmlBatch.true-display-native-measure-display: +9ms (156ms)
2026-09-06T20:00:46.8051350+08:00 pid=71532 [perf] ConvertedOmmlBatch.true-display-native-ensure-table: +38ms (194ms)
2026-09-06T20:00:46.8061345+08:00 pid=71532 [perf] ConvertedOmmlBatch.true-display-native-resolve-table-formula: +1ms (195ms)
2026-09-06T20:00:46.8071343+08:00 pid=71532 [perf] ConvertedOmmlBatch.true-display-native-height-repair: +0ms (195ms)
2026-09-06T20:00:46.9167016+08:00 pid=71532 [perf] ConvertedOmmlBatch.true-display-native-geometry: +110ms (305ms)
2026-09-06T20:00:46.9177018+08:00 pid=71532 [perf] ConvertedOmmlBatch.true-display-native-1x3-table: +1ms (306ms)
2026-09-06T20:00:46.9177018+08:00 pid=71532 [perf] ConvertedOmmlBatch.true-display-direct-number-plan: +0ms (306ms)
2026-09-06T20:00:46.9487018+08:00 pid=71532 [perf] ConvertedOmmlBatch.true-display-direct-visible-seq: +31ms (337ms)
2026-09-06T20:00:46.9567015+08:00 pid=71532 [perf] ConvertedOmmlBatch.true-display-native-wrap-identity: +8ms (345ms)
2026-09-06T20:00:46.9567015+08:00 pid=71532 [perf] ConvertedOmmlBatch.true-display-host: +1ms (346ms)
2026-09-06T20:00:46.9977019+08:00 pid=71532 [perf] ConvertedOmmlBatch.repair-identity: +40ms (386ms)
2026-09-06T20:00:46.9977019+08:00 pid=71532 [perf] ConversionFinalize.caption-inventory: +0ms (0ms)
2026-09-06T20:00:46.9987015+08:00 pid=71532 [perf] number-format-batch.plan: +0ms (0ms)
2026-09-06T20:00:46.9987015+08:00 pid=71532 [perf] number-format-batch.direct-table-targets: +0ms (0ms)
2026-09-06T20:00:46.9987015+08:00 pid=71532 [perf] number-format-batch.native-hash-inventory: +0ms (0ms)
2026-09-06T20:00:46.9987015+08:00 pid=71532 [perf] number-format-batch.native-breakdown lookup=0ms code=0ms update=0ms prefix=0ms bookmark=0ms
2026-09-06T20:00:46.9997016+08:00 pid=71532 [perf] number-format-batch.legacy-targets: +0ms (0ms)
2026-09-06T20:00:46.9997016+08:00 pid=71532 [perf] number-format-batch.native-hash-targets: +1ms (1ms)
2026-09-06T20:00:46.9997016+08:00 pid=71532 [perf] number-format-batch.visible-references: +0ms (1ms)
2026-09-06T20:00:47.0312752+08:00 pid=71532 [perf] number-format-batch.extra-references: +31ms (32ms)
2026-09-06T20:00:47.0312752+08:00 pid=71532 [perf] ConversionFinalize.field-batch: +33ms (33ms)
2026-09-06T20:00:47.0628713+08:00 pid=71532 [perf] ConversionFinalize.healthy-refresh: +31ms (64ms)
