2026-09-06T18:13:21.7547110+08:00 bulk-import-start
2026-09-06T18:13:21.7825110+08:00 bulk-import-ui-created sessionId=45456984-f746-4964-83bf-5046528d1294
2026-09-06T18:13:21.7885094+08:00 bulk-import-ui-opened sessionId=45456984-f746-4964-83bf-5046528d1294
2026-09-06T18:13:34.5124354+08:00 bulk-import-ui-finished sessionId=45456984-f746-4964-83bf-5046528d1294 status=committing error=<null>
2026-09-06T18:13:34.5194362+08:00 parsed blocks=15 formulas=6 mode=Ole fontSizePt=10.5
2026-09-06T18:13:34.5364356+08:00 render-prepare index=1/6 display=inline latex=\sqrt{E-u\left(x\right)}=\frac{1}{f\left(\omega\right)v_{ph}\left(\omega,x\right)}
2026-09-06T18:13:34.5394338+08:00 converter-create display=inline mode=nativeOle latex=\sqrt{E-u\left(x\right)}=\frac{1}{f\left(\omega\right)v_{ph}\left(\omega,x\right)}
2026-09-06T18:13:34.5444366+08:00 converter-created sessionId=5db7517d-2ce2-4a44-9ba5-4cebadfc21ec
2026-09-06T18:13:34.5454363+08:00 render-prepare index=2/6 display=block latex=\begin{cases}\frac{\mathrm{d}}{\mathrm{d}\omega}\left(\omega f\left(\omega\right)\right)=0 \\ \frac{\omega f\left(\omega\right)}{2}\frac{\mathrm{d}E\left(\omega\right)}{\mathrm{d}\omega}=\sqrt{\frac{m}{2}} \end{cases}
2026-09-06T18:13:34.5454363+08:00 converter-create display=block mode=nativeOle latex=\begin{cases}\frac{\mathrm{d}}{\mathrm{d}\omega}\left(\omega f\left(\omega\right)\right)=0 \\ \frac{\omega f\left(\omega\right)}{2}\frac{\mathrm{d}E\left(\omega\right)}{\mathrm{d}\omega}=\sqrt{\frac{m}{2}} \end{cases}
2026-09-06T18:13:34.5494353+08:00 converter-created sessionId=c4337df5-11bc-4041-b4c0-9eb59b5d8bcf
2026-09-06T18:13:34.5504363+08:00 render-prepare index=3/6 display=block latex=\sqrt{\frac{m}{2\left(E\left(\omega\right)-U\right)}}=\frac{\mathrm{d}}{\mathrm{d}\omega}\left(\omega\cdot f\left(\omega\right)\sqrt{\left(E\left(\omega\right)-U\right)}\right)
2026-09-06T18:13:34.5504363+08:00 converter-create display=block mode=nativeOle latex=\sqrt{\frac{m}{2\left(E\left(\omega\right)-U\right)}}=\frac{\mathrm{d}}{\mathrm{d}\omega}\left(\omega\cdot f\left(\omega\right)\sqrt{\left(E\left(\omega\right)-U\right)}\right)
2026-09-06T18:13:34.5544393+08:00 converter-created sessionId=8da754fa-d69e-404c-a31c-5d949ccf9ab3
2026-09-06T18:13:34.5544393+08:00 render-prepare index=4/6 display=block latex=i\hbar \frac{\partial}{\partial t}\psi(\mathbf{r},t) = \left[ -\frac{\hbar^2}{2m}\nabla^2 + V(\mathbf{r},t) \right]\psi(\mathbf{r},t)
2026-09-06T18:13:34.5544393+08:00 converter-create display=block mode=nativeOle latex=i\hbar \frac{\partial}{\partial t}\psi(\mathbf{r},t) = \left[ -\frac{\hbar^2}{2m}\nabla^2 + V(\mathbf{r},t) \right]\psi(\mathbf{r},t)
2026-09-06T18:13:34.5584350+08:00 converter-created sessionId=e8b92f1d-bd93-40e5-8a91-3a3428991bad
2026-09-06T18:13:34.5584350+08:00 render-prepare index=5/6 display=block latex=\frac{\partial}{\partial t}\psi ^*\left( \vec{r} \right) \psi \left( \vec{r} \right) =\frac{i\hbar}{2m}\nabla \cdot \left[ \psi ^*\left( \vec{r} \right) \nabla \psi \left( \vec{r} \right) -\psi \left( \vec{r} \right) \nabla \psi ^*\left( r \right) \right]
2026-09-06T18:13:34.5594361+08:00 converter-create display=block mode=nativeOle latex=\frac{\partial}{\partial t}\psi ^*\left( \vec{r} \right) \psi \left( \vec{r} \right) =\frac{i\hbar}{2m}\nabla \cdot \left[ \psi ^*\left( \vec{r} \right) \nabla \psi \left( \vec{r} \right) -\psi \left( \vec{r} \right) \nabla \psi ^*\left( r \right) \right]
2026-09-06T18:13:34.5624356+08:00 converter-created sessionId=67ce9919-7055-47a9-a84d-8f1d6bd9db4e
2026-09-06T18:13:34.5624356+08:00 render-prepare index=6/6 display=block latex=\frac{\partial}{\partial t}\rho \left( \vec{r},t \right) +\nabla \cdot \vec{j}=0
2026-09-06T18:13:34.5634364+08:00 converter-create display=block mode=nativeOle latex=\frac{\partial}{\partial t}\rho \left( \vec{r},t \right) +\nabla \cdot \vec{j}=0
2026-09-06T18:13:34.5674339+08:00 converter-created sessionId=a82311f5-99e6-460f-8735-636aa972fc45
2026-09-06T18:13:34.5674339+08:00 render-batch-start unique=6 total=6
2026-09-06T18:13:34.7275334+08:00 render-batch-item sessionId=5db7517d-2ce2-4a44-9ba5-4cebadfc21ec status=committing display=inline
2026-09-06T18:13:34.8391461+08:00 render-batch-item sessionId=c4337df5-11bc-4041-b4c0-9eb59b5d8bcf status=committing display=block
2026-09-06T18:13:34.9474371+08:00 render-batch-item sessionId=8da754fa-d69e-404c-a31c-5d949ccf9ab3 status=committing display=block
2026-09-06T18:13:35.0523478+08:00 render-batch-item sessionId=e8b92f1d-bd93-40e5-8a91-3a3428991bad status=committing display=block
2026-09-06T18:13:35.1617212+08:00 render-batch-item sessionId=67ce9919-7055-47a9-a84d-8f1d6bd9db4e status=committing display=block
2026-09-06T18:13:35.2624481+08:00 render-batch-item sessionId=a82311f5-99e6-460f-8735-636aa972fc45 status=committing display=block
2026-09-06T18:13:35.2624481+08:00 render-batch-complete unique=6 elapsedMs=695
2026-09-06T18:13:36.0267075+08:00 bulk-insert-complete blocks=15 formulas=6 elapsedMs=761
2026-09-06T18:13:36.0277084+08:00 bulk-import-complete blocks=15 formulas=6 elapsedMs=14272
2026-09-06T18:13:36.0277084+08:00 bulk-operation-gate-released
