2026-09-06T18:17:44.0704668+08:00 pid=81452 tid=1 word-addin-loaded pid=81452 assembly=C:\Users\pojian_liao\AppData\Local\VisualTeX\office\remediation-builds\762489A7600333153C9E64DEC06D9805C62904CEFCDFE410FAE7B2AC22430E8F\VisualTeX.WordVsto.dll mvid=dc61699f-3905-4723-bd1d-1d2c1f08bfe7
2026-09-06T18:17:44.4122785+08:00 pid=81452 tid=1 hook-started handle=0x87797
2026-09-06T18:17:44.7339559+08:00 pid=81452 tid=9 mathtype-native-preview-shared-prewarm-complete
2026-09-06T18:17:59.2331488+08:00 pid=81452 tid=11 left-down x=1317 y=747 wordForeground=False
2026-09-06T18:18:04.8089436+08:00 pid=81452 tid=1 word-undo-begin name=VisualTeX Insert Native OLE Display Formula recording=False level=0
2026-09-06T18:18:04.8089436+08:00 pid=81452 tid=1 word-undo-started name=VisualTeX Insert Native OLE Display Formula recording=True level=1
2026-09-06T18:18:05.1755004+08:00 pid=81452 tid=1 word-undo-end recording=True level=1
2026-09-06T18:18:05.1857843+08:00 pid=81452 tid=5 ribbon-session-operation-released sessionId=d1d9eb1f-0a5e-4550-84e0-a5c57bda322c
2026-09-06T18:18:13.3581188+08:00 pid=81452 tid=1 bulk-import bulk-import-start
2026-09-06T18:18:13.3914815+08:00 pid=81452 tid=5 bulk-import bulk-import-ui-created sessionId=011f5ce7-84f6-4f19-8f5a-17769e2693f8
2026-09-06T18:18:13.3966253+08:00 pid=81452 tid=5 bulk-import bulk-import-ui-opened sessionId=011f5ce7-84f6-4f19-8f5a-17769e2693f8
2026-09-06T18:18:17.2835409+08:00 pid=81452 tid=11 left-down x=1382 y=1120 wordForeground=False
2026-09-06T18:18:20.6598337+08:00 pid=81452 tid=11 left-down x=2332 y=460 wordForeground=False
2026-09-06T18:18:23.2496372+08:00 pid=81452 tid=11 left-down x=2492 y=460 wordForeground=False
2026-09-06T18:18:26.3160757+08:00 pid=81452 tid=5 bulk-import bulk-import-ui-finished sessionId=011f5ce7-84f6-4f19-8f5a-17769e2693f8 status=committing error=<null>
2026-09-06T18:18:26.3250785+08:00 pid=81452 tid=5 bulk-import parsed blocks=15 formulas=6 mode=Ole fontSizePt=10.5
2026-09-06T18:18:26.3424111+08:00 pid=81452 tid=5 bulk-import render-prepare index=1/6 display=inline latex=\sqrt{E-u\left(x\right)}=\frac{1}{f\left(\omega\right)v_{ph}\left(\omega,x\right)}
2026-09-06T18:18:26.3450810+08:00 pid=81452 tid=5 bulk-import converter-create display=inline mode=nativeOle latex=\sqrt{E-u\left(x\right)}=\frac{1}{f\left(\omega\right)v_{ph}\left(\omega,x\right)}
2026-09-06T18:18:26.3504089+08:00 pid=81452 tid=6 bulk-import converter-created sessionId=569bf2dc-18f2-4761-b726-ed5ba4df4fe1
2026-09-06T18:18:26.3514610+08:00 pid=81452 tid=6 bulk-import render-prepare index=2/6 display=block latex=\begin{cases}\frac{\mathrm{d}}{\mathrm{d}\omega}\left(\omega f\left(\omega\right)\right)=0 \\ \frac{\omega f\left(\omega\right)}{2}\frac{\mathrm{d}E\left(\omega\right)}{\mathrm{d}\omega}=\sqrt{\frac{m}{2}} \end{cases}
2026-09-06T18:18:26.3519862+08:00 pid=81452 tid=6 bulk-import converter-create display=block mode=nativeOle latex=\begin{cases}\frac{\mathrm{d}}{\mathrm{d}\omega}\left(\omega f\left(\omega\right)\right)=0 \\ \frac{\omega f\left(\omega\right)}{2}\frac{\mathrm{d}E\left(\omega\right)}{\mathrm{d}\omega}=\sqrt{\frac{m}{2}} \end{cases}
2026-09-06T18:18:26.3568706+08:00 pid=81452 tid=5 bulk-import converter-created sessionId=06c20ff4-d22d-42b0-868a-9e2915a541f2
2026-09-06T18:18:26.3573778+08:00 pid=81452 tid=5 bulk-import render-prepare index=3/6 display=block latex=\sqrt{\frac{m}{2\left(E\left(\omega\right)-U\right)}}=\frac{\mathrm{d}}{\mathrm{d}\omega}\left(\omega\cdot f\left(\omega\right)\sqrt{\left(E\left(\omega\right)-U\right)}\right)
2026-09-06T18:18:26.3573778+08:00 pid=81452 tid=5 bulk-import converter-create display=block mode=nativeOle latex=\sqrt{\frac{m}{2\left(E\left(\omega\right)-U\right)}}=\frac{\mathrm{d}}{\mathrm{d}\omega}\left(\omega\cdot f\left(\omega\right)\sqrt{\left(E\left(\omega\right)-U\right)}\right)
2026-09-06T18:18:26.3613882+08:00 pid=81452 tid=6 bulk-import converter-created sessionId=c34111e0-6b78-48d8-9ebd-cce81a4c2f20
2026-09-06T18:18:26.3613882+08:00 pid=81452 tid=6 bulk-import render-prepare index=4/6 display=block latex=i\hbar \frac{\partial}{\partial t}\psi(\mathbf{r},t) = \left[ -\frac{\hbar^2}{2m}\nabla^2 + V(\mathbf{r},t) \right]\psi(\mathbf{r},t)
2026-09-06T18:18:26.3623872+08:00 pid=81452 tid=6 bulk-import converter-create display=block mode=nativeOle latex=i\hbar \frac{\partial}{\partial t}\psi(\mathbf{r},t) = \left[ -\frac{\hbar^2}{2m}\nabla^2 + V(\mathbf{r},t) \right]\psi(\mathbf{r},t)
2026-09-06T18:18:26.3653868+08:00 pid=81452 tid=5 bulk-import converter-created sessionId=0c8b06bb-1008-41c5-b3a2-dc2de4688270
2026-09-06T18:18:26.3663860+08:00 pid=81452 tid=5 bulk-import render-prepare index=5/6 display=block latex=\frac{\partial}{\partial t}\psi ^*\left( \vec{r} \right) \psi \left( \vec{r} \right) =\frac{i\hbar}{2m}\nabla \cdot \left[ \psi ^*\left( \vec{r} \right) \nabla \psi \left( \vec{r} \right) -\psi \left( \vec{r} \right) \nabla \psi ^*\left( r \right) \right]
2026-09-06T18:18:26.3673866+08:00 pid=81452 tid=5 bulk-import converter-create display=block mode=nativeOle latex=\frac{\partial}{\partial t}\psi ^*\left( \vec{r} \right) \psi \left( \vec{r} \right) =\frac{i\hbar}{2m}\nabla \cdot \left[ \psi ^*\left( \vec{r} \right) \nabla \psi \left( \vec{r} \right) -\psi \left( \vec{r} \right) \nabla \psi ^*\left( r \right) \right]
2026-09-06T18:18:26.3700474+08:00 pid=81452 tid=6 bulk-import converter-created sessionId=98c17260-3018-410b-98e2-4fd881aec6bf
2026-09-06T18:18:26.3710476+08:00 pid=81452 tid=6 bulk-import render-prepare index=6/6 display=block latex=\frac{\partial}{\partial t}\rho \left( \vec{r},t \right) +\nabla \cdot \vec{j}=0
2026-09-06T18:18:26.3720461+08:00 pid=81452 tid=6 bulk-import converter-create display=block mode=nativeOle latex=\frac{\partial}{\partial t}\rho \left( \vec{r},t \right) +\nabla \cdot \vec{j}=0
2026-09-06T18:18:26.3796817+08:00 pid=81452 tid=5 bulk-import converter-created sessionId=38abb77d-8400-4b66-9dce-50bf5821f2fb
2026-09-06T18:18:26.3806802+08:00 pid=81452 tid=5 bulk-import render-batch-start unique=6 total=6
2026-09-06T18:18:26.5483718+08:00 pid=81452 tid=5 bulk-import render-batch-item sessionId=569bf2dc-18f2-4761-b726-ed5ba4df4fe1 status=committing display=inline
2026-09-06T18:18:26.6534920+08:00 pid=81452 tid=6 bulk-import render-batch-item sessionId=06c20ff4-d22d-42b0-868a-9e2915a541f2 status=committing display=block
2026-09-06T18:18:26.7611531+08:00 pid=81452 tid=5 bulk-import render-batch-item sessionId=c34111e0-6b78-48d8-9ebd-cce81a4c2f20 status=committing display=block
2026-09-06T18:18:26.8664150+08:00 pid=81452 tid=6 bulk-import render-batch-item sessionId=0c8b06bb-1008-41c5-b3a2-dc2de4688270 status=committing display=block
2026-09-06T18:18:26.9759125+08:00 pid=81452 tid=5 bulk-import render-batch-item sessionId=98c17260-3018-410b-98e2-4fd881aec6bf status=committing display=block
2026-09-06T18:18:27.0755500+08:00 pid=81452 tid=6 bulk-import render-batch-item sessionId=38abb77d-8400-4b66-9dce-50bf5821f2fb status=committing display=block
2026-09-06T18:18:27.0755500+08:00 pid=81452 tid=6 bulk-import render-batch-complete unique=6 elapsedMs=694
2026-09-06T18:18:27.2282375+08:00 pid=81452 tid=1 word-xml-incomplete-export document=文档157 attempt=1 maths=0/0 oles=0/1
2026-09-06T18:18:27.3263442+08:00 pid=81452 tid=1 word-undo-begin name=VisualTeX 批量导入 recording=False level=0
2026-09-06T18:18:27.3273443+08:00 pid=81452 tid=1 word-undo-started name=VisualTeX 批量导入 recording=True level=1
2026-09-06T18:18:27.8223420+08:00 pid=81452 tid=1 format-conversion-visualtex-numbering-inventory formulaId=56017dda-1746-4bc3-b298-d9e660290125 range=215:249 paragraph=203:250 numbered=False
2026-09-06T18:18:27.8233422+08:00 pid=81452 tid=1 format-conversion-visualtex-numbering-inventory formulaId=fe3e8b65-33f1-4b20-ab25-3d4a7174a546 range=250:284 paragraph=250:285 numbered=True
2026-09-06T18:18:27.8243432+08:00 pid=81452 tid=1 format-conversion-visualtex-numbering-inventory formulaId=95ba0117-6928-4461-8082-58a5bb5f3441 range=285:319 paragraph=285:320 numbered=True
2026-09-06T18:18:27.8253432+08:00 pid=81452 tid=1 format-conversion-visualtex-numbering-inventory formulaId=4369eb2f-6f5a-4642-91bd-a220c70165fc range=349:383 paragraph=349:384 numbered=True
2026-09-06T18:18:27.8263430+08:00 pid=81452 tid=1 format-conversion-visualtex-numbering-inventory formulaId=c9d514d8-3107-4c34-bf0a-36ab68118bdf range=392:426 paragraph=392:427 numbered=True
2026-09-06T18:18:27.8263430+08:00 pid=81452 tid=1 format-conversion-visualtex-numbering-inventory formulaId=64091f39-7737-4e44-833b-a4d94fee34e0 range=445:479 paragraph=445:480 numbered=True
2026-09-06T18:18:27.8283457+08:00 pid=81452 tid=1 format-conversion-visualtex-numbering-before-scaffold formulaId=64091f39-7737-4e44-833b-a4d94fee34e0 frozenRange=visualtex-word-vsto-range:445:479 liveRange=445:479 paragraph=445:480
2026-09-06T18:18:27.9414222+08:00 pid=81452 tid=1 format-conversion-visualtex-numbering-before-scaffold formulaId=c9d514d8-3107-4c34-bf0a-36ab68118bdf frozenRange=visualtex-word-vsto-range:392:426 liveRange=392:426 paragraph=392:427
2026-09-06T18:18:28.0525778+08:00 pid=81452 tid=1 format-conversion-visualtex-numbering-before-scaffold formulaId=4369eb2f-6f5a-4642-91bd-a220c70165fc frozenRange=visualtex-word-vsto-range:349:383 liveRange=349:383 paragraph=349:384
2026-09-06T18:18:28.1607160+08:00 pid=81452 tid=1 format-conversion-visualtex-numbering-before-scaffold formulaId=95ba0117-6928-4461-8082-58a5bb5f3441 frozenRange=visualtex-word-vsto-range:285:319 liveRange=285:319 paragraph=285:320
2026-09-06T18:18:28.2756051+08:00 pid=81452 tid=1 format-conversion-visualtex-numbering-before-scaffold formulaId=fe3e8b65-33f1-4b20-ab25-3d4a7174a546 frozenRange=visualtex-word-vsto-range:250:284 liveRange=250:284 paragraph=250:285
2026-09-06T18:18:28.4053628+08:00 pid=81452 tid=1 format-conversion-visualtex-numbering-before-scaffold formulaId=56017dda-1746-4bc3-b298-d9e660290125 frozenRange=visualtex-word-vsto-range:215:249 liveRange=215:249 paragraph=203:250
2026-09-06T18:18:28.7887427+08:00 pid=81452 tid=1 bulk-import-ole-identities-finalized repaired=0
2026-09-06T18:18:28.7887427+08:00 pid=81452 tid=1 word-undo-end recording=False level=0
2026-09-06T18:18:28.7897450+08:00 pid=81452 tid=10 bulk-import bulk-insert-complete blocks=15 formulas=6 elapsedMs=1711
2026-09-06T18:18:28.7897450+08:00 pid=81452 tid=10 bulk-import bulk-import-complete blocks=15 formulas=6 elapsedMs=15431
2026-09-06T18:18:28.7907450+08:00 pid=81452 tid=10 bulk-import bulk-operation-gate-released
2026-09-06T18:18:28.8307984+08:00 pid=81452 tid=5 office-session-finalization-complete sessions=7 completed=True
2026-09-06T18:19:23.1510489+08:00 pid=81452 tid=32 ribbon-session-operation-released sessionId=2f779f68-23b7-4b33-9711-74360b1d4a45
2026-09-06T18:19:40.0910934+08:00 pid=81452 tid=11 left-down x=1776 y=1270 wordForeground=False
2026-09-06T18:19:44.4359815+08:00 pid=81452 tid=1 word-undo-begin name=VisualTeX Convert or Update Native OLE Formula recording=False level=0
2026-09-06T18:19:44.4359815+08:00 pid=81452 tid=1 word-undo-started name=VisualTeX Convert or Update Native OLE Formula recording=True level=1
2026-09-06T18:19:44.4399811+08:00 pid=81452 tid=1 format-conversion-subperf [perf] ReplaceOle.locate-target: +26ms (26ms total)
2026-09-06T18:19:44.4539812+08:00 pid=81452 tid=1 format-conversion-subperf [perf] ReplaceOle.update-native-object: +15ms (41ms total)
2026-09-06T18:19:44.4719833+08:00 pid=81452 tid=1 format-conversion-subperf [perf] ReplaceOle.configure: +17ms (58ms total)
2026-09-06T18:19:44.6989023+08:00 pid=81452 tid=1 format-conversion-subperf [perf] ReplaceOle.reconcile: +227ms (285ms total)
2026-09-06T18:19:44.6999027+08:00 pid=81452 tid=1 format-conversion-subperf [perf] ReplaceOle.selection: +1ms (286ms total)
2026-09-06T18:19:44.7084589+08:00 pid=81452 tid=1 word-undo-end recording=True level=1
2026-09-06T18:19:44.7134616+08:00 pid=81452 tid=28 ribbon-session-operation-released sessionId=e933abd7-6e8a-4d93-bc98-acb6aeb82007
2026-09-06T18:19:54.0409628+08:00 pid=81452 tid=11 left-down x=2024 y=1211 wordForeground=True
2026-09-06T18:19:56.0950303+08:00 pid=81452 tid=1 word-undo-begin name=VisualTeX Insert Equation Reference recording=False level=0
2026-09-06T18:19:56.0960285+08:00 pid=81452 tid=1 word-undo-started name=VisualTeX Insert Equation Reference recording=True level=1
2026-09-06T18:19:56.1780409+08:00 pid=81452 tid=1 word-undo-end recording=True level=1
2026-09-06T18:19:56.1790383+08:00 pid=81452 tid=1 reference-insertion-complete target=VisualTeX 公式 (3)
2026-09-06T18:20:09.0781158+08:00 pid=81452 tid=1 format-conversion-start sourceMode=nativeOle targetMode=wordOmml wholeDocument=True
2026-09-06T18:20:09.0951170+08:00 pid=81452 tid=1 format-conversion-plan-perf stage=shape-access source=nativeOle index=1/7 deltaMs=0 totalMs=0
2026-09-06T18:20:09.0971167+08:00 pid=81452 tid=1 format-conversion-plan-perf stage=shape-range source=nativeOle index=1/7 deltaMs=2 totalMs=2
2026-09-06T18:20:09.1383571+08:00 pid=81452 tid=1 format-conversion-plan-perf stage=target-added source=nativeOle index=1/7 deltaMs=42 totalMs=44
2026-09-06T18:20:09.1393566+08:00 pid=81452 tid=1 format-conversion-plan-perf stage=shape-access source=nativeOle index=2/7 deltaMs=0 totalMs=0
2026-09-06T18:20:09.1393566+08:00 pid=81452 tid=1 format-conversion-plan-perf stage=shape-range source=nativeOle index=2/7 deltaMs=0 totalMs=0
2026-09-06T18:20:09.1573574+08:00 pid=81452 tid=1 format-conversion-plan-perf stage=target-added source=nativeOle index=2/7 deltaMs=17 totalMs=17
2026-09-06T18:20:09.1573574+08:00 pid=81452 tid=1 format-conversion-plan-perf stage=shape-access source=nativeOle index=3/7 deltaMs=0 totalMs=0
2026-09-06T18:20:09.1583575+08:00 pid=81452 tid=1 format-conversion-plan-perf stage=shape-range source=nativeOle index=3/7 deltaMs=0 totalMs=0
2026-09-06T18:20:09.1913602+08:00 pid=81452 tid=1 format-conversion-plan-perf stage=target-added source=nativeOle index=3/7 deltaMs=33 totalMs=33
2026-09-06T18:20:09.1923576+08:00 pid=81452 tid=1 format-conversion-plan-perf stage=shape-access source=nativeOle index=4/7 deltaMs=0 totalMs=0
2026-09-06T18:20:09.1923576+08:00 pid=81452 tid=1 format-conversion-plan-perf stage=shape-range source=nativeOle index=4/7 deltaMs=0 totalMs=0
2026-09-06T18:20:09.2237633+08:00 pid=81452 tid=1 format-conversion-plan-perf stage=target-added source=nativeOle index=4/7 deltaMs=31 totalMs=31
2026-09-06T18:20:09.2247629+08:00 pid=81452 tid=1 format-conversion-plan-perf stage=shape-access source=nativeOle index=5/7 deltaMs=0 totalMs=0
2026-09-06T18:20:09.2247629+08:00 pid=81452 tid=1 format-conversion-plan-perf stage=shape-range source=nativeOle index=5/7 deltaMs=0 totalMs=0
2026-09-06T18:20:09.2577758+08:00 pid=81452 tid=1 format-conversion-plan-perf stage=target-added source=nativeOle index=5/7 deltaMs=33 totalMs=33
2026-09-06T18:20:09.2587754+08:00 pid=81452 tid=1 format-conversion-plan-perf stage=shape-access source=nativeOle index=6/7 deltaMs=0 totalMs=0
2026-09-06T18:20:09.2587754+08:00 pid=81452 tid=1 format-conversion-plan-perf stage=shape-range source=nativeOle index=6/7 deltaMs=0 totalMs=0
2026-09-06T18:20:09.2907756+08:00 pid=81452 tid=1 format-conversion-plan-perf stage=target-added source=nativeOle index=6/7 deltaMs=32 totalMs=32
2026-09-06T18:20:09.2917753+08:00 pid=81452 tid=1 format-conversion-plan-perf stage=shape-access source=nativeOle index=7/7 deltaMs=0 totalMs=0
2026-09-06T18:20:09.2927756+08:00 pid=81452 tid=1 format-conversion-plan-perf stage=shape-range source=nativeOle index=7/7 deltaMs=0 totalMs=0
2026-09-06T18:20:09.3257764+08:00 pid=81452 tid=1 format-conversion-plan-perf stage=target-added source=nativeOle index=7/7 deltaMs=34 totalMs=34
2026-09-06T18:20:09.3267761+08:00 pid=81452 tid=1 format-conversion-plan sourceMode=nativeOle targetMode=wordOmml targets=7
2026-09-06T18:20:12.8203838+08:00 pid=81452 tid=1 bulk-import converter-create display=block mode=wordOmml latex=a^2+b^2=c^2
2026-09-06T18:20:12.8243842+08:00 pid=81452 tid=19 bulk-import converter-created sessionId=1563c231-d43c-4ee7-a920-338787c2e7b9
2026-09-06T18:20:12.8253842+08:00 pid=81452 tid=19 bulk-import converter-create display=inline mode=wordOmml latex=\sqrt{E-u\left(x\right)}=\frac{1}{f\left(\omega\right)v_{ph}\left(\omega,x\right)}
2026-09-06T18:20:12.8283862+08:00 pid=81452 tid=18 bulk-import converter-created sessionId=fd1b4d6b-6198-4230-b49d-3ef517ad22de
2026-09-06T18:20:12.8293846+08:00 pid=81452 tid=18 bulk-import converter-create display=block mode=wordOmml latex=\begin{cases}\frac{\mathrm{d}}{\mathrm{d}\omega}\left(\omega f\left(\omega\right)\right)=0 \\ \frac{\omega f\left(\omega\right)}{2}\frac{\mathrm{d}E\left(\omega\right)}{\mathrm{d}\omega}=\sqrt{\frac{m}{2}} \end{cases}
2026-09-06T18:20:12.8339874+08:00 pid=81452 tid=19 bulk-import converter-created sessionId=f4562693-13ca-449f-9dcc-1bc78683f466
2026-09-06T18:20:12.8339874+08:00 pid=81452 tid=19 bulk-import converter-create display=block mode=wordOmml latex=E=mc^2
2026-09-06T18:20:12.8379870+08:00 pid=81452 tid=18 bulk-import converter-created sessionId=d6cc0a4c-97ec-4281-8723-aa9e4a9c5d2d
2026-09-06T18:20:12.8379870+08:00 pid=81452 tid=18 bulk-import converter-create display=block mode=wordOmml latex=i\hbar \frac{\partial}{\partial t}\psi(\mathbf{r},t) = \left[ -\frac{\hbar^2}{2m}\nabla^2 + V(\mathbf{r},t) \right]\psi(\mathbf{r},t)
2026-09-06T18:20:12.8419871+08:00 pid=81452 tid=19 bulk-import converter-created sessionId=aea36a4c-4e3a-41f1-9a6f-d7946d02e6ad
2026-09-06T18:20:12.8419871+08:00 pid=81452 tid=19 bulk-import converter-create display=block mode=wordOmml latex=\frac{\partial}{\partial t}\psi ^*\left( \vec{r} \right) \psi \left( \vec{r} \right) =\frac{i\hbar}{2m}\nabla \cdot \left[ \psi ^*\left( \vec{r} \right) \nabla \psi \left( \vec{r} \right) -\psi \left( \vec{r} \right) \nabla \psi ^*\left( r \right) \right]
2026-09-06T18:20:12.8449889+08:00 pid=81452 tid=18 bulk-import converter-created sessionId=c5522866-0a73-413a-aae6-5948ac1808c4
2026-09-06T18:20:12.8459895+08:00 pid=81452 tid=18 bulk-import converter-create display=block mode=wordOmml latex=\frac{\partial}{\partial t}\rho \left( \vec{r},t \right) +\nabla \cdot \vec{j}=0
2026-09-06T18:20:12.8499868+08:00 pid=81452 tid=19 bulk-import converter-created sessionId=6c4f316f-3f1c-450e-aa85-54c645db53e1
2026-09-06T18:20:12.8509872+08:00 pid=81452 tid=19 format-conversion-render-start sourceMode=nativeOle targetMode=wordOmml sessions=7
2026-09-06T18:20:12.8789876+08:00 pid=81452 tid=20 format-conversion-rendered sourceMode=nativeOle targetMode=wordOmml sessionId=1563c231-d43c-4ee7-a920-338787c2e7b9 status=committing
2026-09-06T18:20:12.8799891+08:00 pid=81452 tid=19 format-conversion-rendered sourceMode=nativeOle targetMode=wordOmml sessionId=fd1b4d6b-6198-4230-b49d-3ef517ad22de status=committing
2026-09-06T18:20:12.8929869+08:00 pid=81452 tid=20 format-conversion-rendered sourceMode=nativeOle targetMode=wordOmml sessionId=f4562693-13ca-449f-9dcc-1bc78683f466 status=committing
2026-09-06T18:20:12.8979866+08:00 pid=81452 tid=19 format-conversion-rendered sourceMode=nativeOle targetMode=wordOmml sessionId=d6cc0a4c-97ec-4281-8723-aa9e4a9c5d2d status=committing
2026-09-06T18:20:12.9039893+08:00 pid=81452 tid=20 format-conversion-rendered sourceMode=nativeOle targetMode=wordOmml sessionId=aea36a4c-4e3a-41f1-9a6f-d7946d02e6ad status=committing
2026-09-06T18:20:12.9269873+08:00 pid=81452 tid=20 format-conversion-rendered sourceMode=nativeOle targetMode=wordOmml sessionId=c5522866-0a73-413a-aae6-5948ac1808c4 status=committing
2026-09-06T18:20:12.9279874+08:00 pid=81452 tid=19 format-conversion-rendered sourceMode=nativeOle targetMode=wordOmml sessionId=6c4f316f-3f1c-450e-aa85-54c645db53e1 status=committing
2026-09-06T18:20:12.9279874+08:00 pid=81452 tid=19 format-conversion-word-apply-start sourceMode=nativeOle targetMode=wordOmml targets=7
2026-09-06T18:20:13.0087463+08:00 pid=81452 tid=1 format-conversion-runtime assembly=C:\Users\pojian_liao\AppData\Local\VisualTeX\office\remediation-builds\762489A7600333153C9E64DEC06D9805C62904CEFCDFE410FAE7B2AC22430E8F\VisualTeX.WordVsto.dll source=nativeOle target=wordOmml targetIsVisualTeX=False targetIsMathType=False
2026-09-06T18:20:13.0453607+08:00 pid=81452 tid=1 format-conversion-reference-aliases-captured sourceMode=nativeOle formulaId=95ba0117-6928-4461-8082-58a5bb5f3441 aliases=VTEqNum_95ba011769284461808258a5bb5f3441
2026-09-06T18:20:13.9051817+08:00 pid=81452 tid=1 format-conversion-omml-batch-source-created formulas=7 elapsedMs=811
2026-09-06T18:20:13.9991817+08:00 pid=81452 tid=1 format-conversion-reference-counts-fast-path source=nativeOle formulas=6
2026-09-06T18:20:14.2790777+08:00 pid=81452 tid=1 word-undo-begin name=VisualTeX Convert Formula Format recording=False level=0
2026-09-06T18:20:14.2840784+08:00 pid=81452 tid=1 word-undo-started name=VisualTeX Convert Formula Format recording=True level=1
2026-09-06T18:20:14.2890805+08:00 pid=81452 tid=1 format-conversion-undo-state stage=before-preferences document=文档157 recording=True level=1
2026-09-06T18:20:14.3751570+08:00 pid=81452 tid=1 format-conversion-transaction-start targets=7
2026-09-06T18:20:14.3761592+08:00 pid=81452 tid=1 format-conversion-undo-state stage=after-preferences document=文档157 recording=True level=1
2026-09-06T18:20:14.3781571+08:00 pid=81452 tid=1 format-conversion-undo-state stage=before-source-delete document=文档157 recording=True level=1
2026-09-06T18:20:14.4390072+08:00 pid=81452 tid=1 formula-to-latex-visualtex-paragraph-replaced formulaId=64091f39-7737-4e44-833b-a4d94fee34e0 range=945:1029
2026-09-06T18:20:14.4450048+08:00 pid=81452 tid=1 format-conversion-perf stage=delete-source-host formulaId=64091f39-7737-4e44-833b-a4d94fee34e0 numbered=True deltaMs=68 totalMs=68
2026-09-06T18:20:14.4450048+08:00 pid=81452 tid=1 format-conversion-undo-state stage=after-source-delete document=文档157 recording=True level=1
2026-09-06T18:20:14.4694744+08:00 pid=81452 tid=1 word-undo-begin name=VisualTeX Insert Word OMML Display Formula recording=True level=1
2026-09-06T18:20:14.4907023+08:00 pid=81452 tid=1 format-conversion-subperf [perf] InsertOmml.insert-native-omml: +21ms (21ms total)
2026-09-06T18:20:14.5462667+08:00 pid=81452 tid=1 format-conversion-subperf [perf] InsertOmml.post-reconcile-layout: +56ms (77ms total)
2026-09-06T18:20:14.5472744+08:00 pid=81452 tid=1 format-conversion-subperf [perf] InsertOmml.final-fingerprint: +0ms (77ms total)
2026-09-06T18:20:14.5482686+08:00 pid=81452 tid=1 format-conversion-subperf [perf] InsertOmml.final-anchor: +1ms (78ms total)
2026-09-06T18:20:14.5575200+08:00 pid=81452 tid=1 format-conversion-subperf [perf] InsertOmml.final-metadata: +10ms (88ms total)
2026-09-06T18:20:14.5595200+08:00 pid=81452 tid=1 format-conversion-perf stage=insert-target formulaId=64091f39-7737-4e44-833b-a4d94fee34e0 numbered=True deltaMs=115 totalMs=183
2026-09-06T18:20:14.5595200+08:00 pid=81452 tid=1 format-conversion-undo-state stage=after-target-insert document=文档157 recording=True level=1
2026-09-06T18:20:14.6042564+08:00 pid=81452 tid=1 format-conversion-target-stable formulaId=64091f39-7737-4e44-833b-a4d94fee34e0 targetMode=wordOmml count=1 elapsedMs=42
2026-09-06T18:20:14.6052558+08:00 pid=81452 tid=1 format-conversion-perf stage=verify-target formulaId=64091f39-7737-4e44-833b-a4d94fee34e0 numbered=True deltaMs=45 totalMs=228
2026-09-06T18:20:14.6062527+08:00 pid=81452 tid=1 format-conversion-undo-state stage=before-source-delete document=文档157 recording=True level=1
2026-09-06T18:20:14.8617178+08:00 pid=81452 tid=1 formula-to-latex-visualtex-paragraph-replaced formulaId=c9d514d8-3107-4c34-bf0a-36ab68118bdf range=767:1026
2026-09-06T18:20:14.8797178+08:00 pid=81452 tid=1 format-conversion-perf stage=delete-source-host formulaId=c9d514d8-3107-4c34-bf0a-36ab68118bdf numbered=True deltaMs=274 totalMs=274
2026-09-06T18:20:14.8807182+08:00 pid=81452 tid=1 format-conversion-undo-state stage=after-source-delete document=文档157 recording=True level=1
2026-09-06T18:20:14.8817201+08:00 pid=81452 tid=1 word-undo-begin name=VisualTeX Insert Word OMML Display Formula recording=True level=1
2026-09-06T18:20:14.9084976+08:00 pid=81452 tid=1 format-conversion-subperf [perf] InsertOmml.insert-native-omml: +26ms (26ms total)
2026-09-06T18:20:14.9868982+08:00 pid=81452 tid=1 format-conversion-subperf [perf] InsertOmml.post-reconcile-layout: +79ms (105ms total)
2026-09-06T18:20:14.9879037+08:00 pid=81452 tid=1 format-conversion-subperf [perf] InsertOmml.final-fingerprint: +0ms (105ms total)
2026-09-06T18:20:14.9879037+08:00 pid=81452 tid=1 format-conversion-subperf [perf] InsertOmml.final-anchor: +1ms (106ms total)
2026-09-06T18:20:14.9889058+08:00 pid=81452 tid=1 format-conversion-subperf [perf] InsertOmml.final-metadata: +1ms (107ms total)
2026-09-06T18:20:14.9889058+08:00 pid=81452 tid=1 format-conversion-perf stage=insert-target formulaId=c9d514d8-3107-4c34-bf0a-36ab68118bdf numbered=True deltaMs=110 totalMs=384
2026-09-06T18:20:14.9899060+08:00 pid=81452 tid=1 format-conversion-undo-state stage=after-target-insert document=文档157 recording=True level=1
2026-09-06T18:20:15.0289058+08:00 pid=81452 tid=1 format-conversion-target-stable formulaId=c9d514d8-3107-4c34-bf0a-36ab68118bdf targetMode=wordOmml count=2 elapsedMs=38
2026-09-06T18:20:15.0299044+08:00 pid=81452 tid=1 format-conversion-perf stage=verify-target formulaId=c9d514d8-3107-4c34-bf0a-36ab68118bdf numbered=True deltaMs=40 totalMs=424
2026-09-06T18:20:15.0329058+08:00 pid=81452 tid=1 format-conversion-undo-state stage=before-source-delete document=文档157 recording=True level=1
2026-09-06T18:20:15.3069864+08:00 pid=81452 tid=1 formula-to-latex-visualtex-paragraph-replaced formulaId=4369eb2f-6f5a-4642-91bd-a220c70165fc range=599:736
2026-09-06T18:20:15.3255896+08:00 pid=81452 tid=1 format-conversion-perf stage=delete-source-host formulaId=4369eb2f-6f5a-4642-91bd-a220c70165fc numbered=True deltaMs=295 totalMs=295
2026-09-06T18:20:15.3265897+08:00 pid=81452 tid=1 format-conversion-undo-state stage=after-source-delete document=文档157 recording=True level=1
2026-09-06T18:20:15.3265897+08:00 pid=81452 tid=1 word-undo-begin name=VisualTeX Insert Word OMML Display Formula recording=True level=1
2026-09-06T18:20:15.3652679+08:00 pid=81452 tid=1 format-conversion-subperf [perf] InsertOmml.insert-native-omml: +38ms (38ms total)
2026-09-06T18:20:15.4282653+08:00 pid=81452 tid=1 format-conversion-subperf [perf] InsertOmml.post-reconcile-layout: +63ms (101ms total)
2026-09-06T18:20:15.4282653+08:00 pid=81452 tid=1 format-conversion-subperf [perf] InsertOmml.final-fingerprint: +0ms (101ms total)
2026-09-06T18:20:15.4282653+08:00 pid=81452 tid=1 format-conversion-subperf [perf] InsertOmml.final-anchor: +0ms (101ms total)
2026-09-06T18:20:15.4292678+08:00 pid=81452 tid=1 format-conversion-subperf [perf] InsertOmml.final-metadata: +1ms (102ms total)
2026-09-06T18:20:15.4302660+08:00 pid=81452 tid=1 format-conversion-perf stage=insert-target formulaId=4369eb2f-6f5a-4642-91bd-a220c70165fc numbered=True deltaMs=104 totalMs=399
2026-09-06T18:20:15.4302660+08:00 pid=81452 tid=1 format-conversion-undo-state stage=after-target-insert document=文档157 recording=True level=1
2026-09-06T18:20:15.4656767+08:00 pid=81452 tid=1 format-conversion-target-stable formulaId=4369eb2f-6f5a-4642-91bd-a220c70165fc targetMode=wordOmml count=3 elapsedMs=34
2026-09-06T18:20:15.4656767+08:00 pid=81452 tid=1 format-conversion-perf stage=verify-target formulaId=4369eb2f-6f5a-4642-91bd-a220c70165fc numbered=True deltaMs=36 totalMs=435
2026-09-06T18:20:15.4671811+08:00 pid=81452 tid=1 format-conversion-undo-state stage=before-source-delete document=文档157 recording=True level=1
2026-09-06T18:20:15.7381597+08:00 pid=81452 tid=1 formula-to-latex-visualtex-paragraph-replaced formulaId=95ba0117-6928-4461-8082-58a5bb5f3441 range=410:420
2026-09-06T18:20:15.7514558+08:00 pid=81452 tid=1 format-conversion-perf stage=delete-source-host formulaId=95ba0117-6928-4461-8082-58a5bb5f3441 numbered=True deltaMs=285 totalMs=285
2026-09-06T18:20:15.7519618+08:00 pid=81452 tid=1 format-conversion-undo-state stage=after-source-delete document=文档157 recording=True level=1
2026-09-06T18:20:15.7519618+08:00 pid=81452 tid=1 word-undo-begin name=VisualTeX Insert Word OMML Display Formula recording=True level=1
2026-09-06T18:20:15.8041484+08:00 pid=81452 tid=1 format-conversion-subperf [perf] InsertOmml.insert-native-omml: +52ms (52ms total)
2026-09-06T18:20:15.8757782+08:00 pid=81452 tid=1 format-conversion-subperf [perf] InsertOmml.post-reconcile-layout: +71ms (123ms total)
2026-09-06T18:20:15.8767802+08:00 pid=81452 tid=1 format-conversion-subperf [perf] InsertOmml.final-fingerprint: +1ms (124ms total)
2026-09-06T18:20:15.8777807+08:00 pid=81452 tid=1 format-conversion-subperf [perf] InsertOmml.final-anchor: +0ms (124ms total)
2026-09-06T18:20:15.8787804+08:00 pid=81452 tid=1 format-conversion-subperf [perf] InsertOmml.final-metadata: +2ms (126ms total)
2026-09-06T18:20:15.8797803+08:00 pid=81452 tid=1 format-conversion-perf stage=insert-target formulaId=95ba0117-6928-4461-8082-58a5bb5f3441 numbered=True deltaMs=128 totalMs=413
2026-09-06T18:20:15.8807803+08:00 pid=81452 tid=1 format-conversion-undo-state stage=after-target-insert document=文档157 recording=True level=1
2026-09-06T18:20:15.9177804+08:00 pid=81452 tid=1 format-conversion-target-stable formulaId=95ba0117-6928-4461-8082-58a5bb5f3441 targetMode=wordOmml count=4 elapsedMs=35
2026-09-06T18:20:15.9177804+08:00 pid=81452 tid=1 format-conversion-perf stage=verify-target formulaId=95ba0117-6928-4461-8082-58a5bb5f3441 numbered=True deltaMs=39 totalMs=452
2026-09-06T18:20:15.9187805+08:00 pid=81452 tid=1 format-conversion-undo-state stage=before-source-delete document=文档157 recording=True level=1
2026-09-06T18:20:16.1859536+08:00 pid=81452 tid=1 formula-to-latex-visualtex-paragraph-replaced formulaId=fe3e8b65-33f1-4b20-ab25-3d4a7174a546 range=250:471
2026-09-06T18:20:16.2062702+08:00 pid=81452 tid=1 format-conversion-perf stage=delete-source-host formulaId=fe3e8b65-33f1-4b20-ab25-3d4a7174a546 numbered=True deltaMs=287 totalMs=287
2026-09-06T18:20:16.2068037+08:00 pid=81452 tid=1 format-conversion-undo-state stage=after-source-delete document=文档157 recording=True level=1
2026-09-06T18:20:16.2073113+08:00 pid=81452 tid=1 word-undo-begin name=VisualTeX Insert Word OMML Display Formula recording=True level=1
2026-09-06T18:20:16.3065821+08:00 pid=81452 tid=1 format-conversion-subperf [perf] InsertOmml.insert-native-omml: +98ms (98ms total)
2026-09-06T18:20:16.4193703+08:00 pid=81452 tid=1 format-conversion-subperf [perf] InsertOmml.post-reconcile-layout: +113ms (211ms total)
2026-09-06T18:20:16.4193703+08:00 pid=81452 tid=1 format-conversion-subperf [perf] InsertOmml.final-fingerprint: +1ms (212ms total)
2026-09-06T18:20:16.4203701+08:00 pid=81452 tid=1 format-conversion-subperf [perf] InsertOmml.final-anchor: +0ms (212ms total)
2026-09-06T18:20:16.4213704+08:00 pid=81452 tid=1 format-conversion-subperf [perf] InsertOmml.final-metadata: +2ms (214ms total)
2026-09-06T18:20:16.4233690+08:00 pid=81452 tid=1 format-conversion-perf stage=insert-target formulaId=fe3e8b65-33f1-4b20-ab25-3d4a7174a546 numbered=True deltaMs=217 totalMs=504
2026-09-06T18:20:16.4233690+08:00 pid=81452 tid=1 format-conversion-undo-state stage=after-target-insert document=文档157 recording=True level=1
2026-09-06T18:20:16.4533702+08:00 pid=81452 tid=1 format-conversion-target-stable formulaId=fe3e8b65-33f1-4b20-ab25-3d4a7174a546 targetMode=wordOmml count=5 elapsedMs=29
2026-09-06T18:20:16.4563704+08:00 pid=81452 tid=1 format-conversion-perf stage=verify-target formulaId=fe3e8b65-33f1-4b20-ab25-3d4a7174a546 numbered=True deltaMs=34 totalMs=538
2026-09-06T18:20:16.4583736+08:00 pid=81452 tid=1 format-conversion-undo-state stage=before-source-delete document=文档157 recording=True level=1
2026-09-06T18:20:16.5474820+08:00 pid=81452 tid=1 format-conversion-perf stage=delete-source-host formulaId=56017dda-1746-4bc3-b298-d9e660290125 numbered=False deltaMs=90 totalMs=90
2026-09-06T18:20:16.5485184+08:00 pid=81452 tid=1 format-conversion-undo-state stage=after-source-delete document=文档157 recording=True level=1
2026-09-06T18:20:16.5490261+08:00 pid=81452 tid=1 word-undo-begin name=VisualTeX Insert Word OMML Inline Formula recording=True level=1
2026-09-06T18:20:16.7121793+08:00 pid=81452 tid=1 format-conversion-subperf [perf] InsertOmml.insert-native-omml: +162ms (162ms total)
2026-09-06T18:20:17.2313365+08:00 pid=81452 tid=1 format-conversion-subperf [perf] InsertOmml.post-reconcile-layout: +520ms (682ms total)
2026-09-06T18:20:17.2323270+08:00 pid=81452 tid=1 format-conversion-subperf [perf] InsertOmml.final-fingerprint: +0ms (682ms total)
2026-09-06T18:20:17.2323270+08:00 pid=81452 tid=1 format-conversion-subperf [perf] InsertOmml.final-anchor: +1ms (683ms total)
2026-09-06T18:20:17.2333295+08:00 pid=81452 tid=1 format-conversion-subperf [perf] InsertOmml.final-metadata: +1ms (684ms total)
2026-09-06T18:20:17.2333295+08:00 pid=81452 tid=1 format-conversion-perf stage=insert-target formulaId=56017dda-1746-4bc3-b298-d9e660290125 numbered=False deltaMs=686 totalMs=776
2026-09-06T18:20:17.2343295+08:00 pid=81452 tid=1 format-conversion-undo-state stage=after-target-insert document=文档157 recording=False level=0
2026-09-06T18:20:17.2680586+08:00 pid=81452 tid=1 format-conversion-target-stable formulaId=56017dda-1746-4bc3-b298-d9e660290125 targetMode=wordOmml count=6 elapsedMs=33
2026-09-06T18:20:17.2680586+08:00 pid=81452 tid=1 format-conversion-perf stage=verify-target formulaId=56017dda-1746-4bc3-b298-d9e660290125 numbered=False deltaMs=35 totalMs=811
2026-09-06T18:20:17.2690670+08:00 pid=81452 tid=1 format-conversion-undo-state stage=before-source-delete document=文档157 recording=False level=0
2026-09-06T18:20:17.5985109+08:00 pid=81452 tid=1 formula-to-latex-visualtex-paragraph-replaced formulaId=a07ef69f-c394-4776-8f2f-7ea114b9460c range=0:15
2026-09-06T18:20:17.6093047+08:00 pid=81452 tid=1 format-conversion-perf stage=delete-source-host formulaId=a07ef69f-c394-4776-8f2f-7ea114b9460c numbered=True deltaMs=340 totalMs=340
2026-09-06T18:20:17.6103077+08:00 pid=81452 tid=1 format-conversion-undo-state stage=after-source-delete document=文档157 recording=False level=0
2026-09-06T18:20:17.6123050+08:00 pid=81452 tid=1 word-undo-begin name=VisualTeX Insert Word OMML Display Formula recording=False level=0
2026-09-06T18:20:17.6133051+08:00 pid=81452 tid=1 word-undo-started name=VisualTeX Insert Word OMML Display Formula recording=True level=1
2026-09-06T18:20:17.7328552+08:00 pid=81452 tid=1 format-conversion-subperf [perf] InsertOmml.insert-native-omml: +119ms (119ms total)
2026-09-06T18:20:17.8668285+08:00 pid=81452 tid=1 format-conversion-subperf [perf] InsertOmml.post-reconcile-layout: +135ms (254ms total)
2026-09-06T18:20:17.8678297+08:00 pid=81452 tid=1 format-conversion-subperf [perf] InsertOmml.final-fingerprint: +0ms (254ms total)
2026-09-06T18:20:17.8688297+08:00 pid=81452 tid=1 format-conversion-subperf [perf] InsertOmml.final-anchor: +2ms (256ms total)
2026-09-06T18:20:17.8708299+08:00 pid=81452 tid=1 format-conversion-subperf [perf] InsertOmml.final-metadata: +1ms (257ms total)
2026-09-06T18:20:17.8728301+08:00 pid=81452 tid=1 word-undo-end recording=True level=1
2026-09-06T18:20:17.8728301+08:00 pid=81452 tid=1 format-conversion-perf stage=insert-target formulaId=a07ef69f-c394-4776-8f2f-7ea114b9460c numbered=True deltaMs=264 totalMs=604
2026-09-06T18:20:17.8744538+08:00 pid=81452 tid=1 format-conversion-undo-state stage=after-target-insert document=文档157 recording=False level=0
2026-09-06T18:20:17.9064536+08:00 pid=81452 tid=1 format-conversion-target-stable formulaId=a07ef69f-c394-4776-8f2f-7ea114b9460c targetMode=wordOmml count=7 elapsedMs=28
2026-09-06T18:20:17.9079728+08:00 pid=81452 tid=1 format-conversion-perf stage=verify-target formulaId=a07ef69f-c394-4776-8f2f-7ea114b9460c numbered=True deltaMs=35 totalMs=639
2026-09-06T18:20:17.9139724+08:00 pid=81452 tid=1 format-conversion-finalize-perf stage=source-residual-check sourceMode=nativeOle targetMode=wordOmml deltaMs=5 totalMs=5
2026-09-06T18:20:17.9149725+08:00 pid=81452 tid=1 format-conversion-finalize-perf stage=target-count-check sourceMode=nativeOle targetMode=wordOmml deltaMs=1 totalMs=6
2026-09-06T18:20:17.9159724+08:00 pid=81452 tid=1 format-conversion-undo-state stage=before-source-window-close-commit document=文档157 recording=False level=0
2026-09-06T18:20:17.9169730+08:00 pid=81452 tid=1 format-conversion-undo-state stage=after-source-window-close-commit document=文档157 recording=False level=0
2026-09-06T18:20:18.8466556+08:00 pid=81452 tid=1 word-undo-begin name=VisualTeX Finalize Formula Conversion recording=False level=0
2026-09-06T18:20:18.8466556+08:00 pid=81452 tid=1 word-undo-started name=VisualTeX Finalize Formula Conversion recording=True level=1
2026-09-06T18:20:19.0671045+08:00 pid=81452 tid=1 word-xml-incomplete-export document=文档157 attempt=1 maths=0/7 oles=0/0
2026-09-06T18:20:19.4665066+08:00 pid=81452 tid=1 format-conversion-omml-identities-before-numbering count=7
2026-09-06T18:20:19.4675066+08:00 pid=81452 tid=1 format-conversion-number-format-restored format=continuous
2026-09-06T18:20:36.1893500+08:00 pid=81452 tid=1 format-conversion-target-finalize-failed sourceMode=nativeOle targetMode=wordOmml committed=7 error=System.IO.InvalidDataException: The converted OMML row identities or number fields are incomplete.
   在 VisualTeX.WordVsto.WordFormulaService.ApplyFormulaFormatConversionPlan(WordFormulaFormatConversionPlan plan, IReadOnlyDictionary`2 prepared)
2026-09-06T18:20:36.1903496+08:00 pid=81452 tid=1 format-conversion-transaction-failed error=System.IO.InvalidDataException: The converted OMML row identities or number fields are incomplete.
   在 VisualTeX.WordVsto.WordFormulaService.ApplyFormulaFormatConversionPlan(WordFormulaFormatConversionPlan plan, IReadOnlyDictionary`2 prepared)
2026-09-06T18:20:36.1913519+08:00 pid=81452 tid=1 format-conversion-undo-state stage=failure-before-end document=文档157 recording=False level=0
2026-09-06T18:20:36.1913519+08:00 pid=81452 tid=1 format-conversion-undo-state stage=failure-after-end document=文档157 recording=False level=0
2026-09-06T18:20:36.6526930+08:00 pid=81452 tid=1 word-undo-history-recovery original=6 current=716 owned=710
2026-09-06T18:22:13.8327962+08:00 pid=81452 tid=11 left-down x=745 y=1279 wordForeground=False
2026-09-06T18:22:15.3747514+08:00 pid=81452 tid=1 format-conversion-recovery afterUndoBodyMatches=False
2026-09-06T18:22:15.5537520+08:00 pid=81452 tid=1 word-undo-bookmark-restored name=VTEqCap_64091f3977374e44833ba4d94fee34e0 range=1052:1105
2026-09-06T18:22:15.6167524+08:00 pid=81452 tid=1 format-conversion-recovery-verified body=True mathFont=True metadata=True variables=True
2026-09-06T18:22:15.6177525+08:00 pid=81452 tid=1 format-conversion-rollback-verified targets=7 error=System.IO.InvalidDataException: The converted OMML row identities or number fields are incomplete.
   在 VisualTeX.WordVsto.WordFormulaService.ApplyFormulaFormatConversionPlan(WordFormulaFormatConversionPlan plan, IReadOnlyDictionary`2 prepared)
2026-09-06T18:22:15.6817914+08:00 pid=81452 tid=28 office-session-finalization-complete sessions=7 completed=False
2026-09-06T18:22:15.6827836+08:00 pid=81452 tid=28 format-conversion-failed sourceMode=nativeOle targetMode=wordOmml error=System.IO.InvalidDataException: The converted OMML row identities or number fields are incomplete.
   在 VisualTeX.WordVsto.WordFormulaService.ApplyFormulaFormatConversionPlan(WordFormulaFormatConversionPlan plan, IReadOnlyDictionary`2 prepared)
   在 VisualTeX.WordVsto.OfficeUiDispatcher.<>c__DisplayClass4_0`1.<InvokeAsync>g__Execute|0()
--- 引发异常的上一位置中堆栈跟踪的末尾 ---
   在 System.Runtime.ExceptionServices.ExceptionDispatchInfo.Throw()
   在 System.Runtime.CompilerServices.TaskAwaiter.HandleNonSuccessAndDebuggerNotification(Task task)
   在 System.Runtime.CompilerServices.ConfiguredTaskAwaitable`1.ConfiguredTaskAwaiter.GetResult()
   在 VisualTeX.WordVsto.ThisAddIn.<ConvertFormulaFormatAsync>d__165.MoveNext()
2026-09-06T18:22:17.6109539+08:00 pid=81452 tid=11 left-down x=2067 y=1076 wordForeground=True
2026-09-06T18:22:23.7985802+08:00 pid=81452 tid=11 left-down x=1136 y=1362 wordForeground=True
2026-09-06T18:22:55.7731805+08:00 pid=81452 tid=11 left-down x=2228 y=1331 wordForeground=False
2026-09-06T18:23:01.6960429+08:00 pid=81452 tid=11 left-down x=684 y=811 wordForeground=False
2026-09-06T18:23:02.4160481+08:00 pid=81452 tid=11 left-down x=677 y=753 wordForeground=False
2026-09-06T18:23:08.3581226+08:00 pid=81452 tid=11 left-down x=1890 y=411 wordForeground=False
2026-09-06T18:23:15.8698256+08:00 pid=81452 tid=11 left-down x=1381 y=2159 wordForeground=False
2026-09-06T18:23:23.3264886+08:00 pid=81452 tid=11 left-down x=803 y=1363 wordForeground=False
2026-09-06T18:25:25.9967478+08:00 pid=81452 tid=11 left-down x=1245 y=1142 wordForeground=False
2026-09-06T18:25:31.4636125+08:00 pid=81452 tid=11 left-down x=227 y=1461 wordForeground=False
2026-09-06T18:25:36.7878465+08:00 pid=81452 tid=11 left-down x=830 y=1233 wordForeground=False
2026-09-06T18:26:58.5713772+08:00 pid=81452 tid=11 left-down x=1509 y=2116 wordForeground=False
2026-09-06T18:27:03.2900627+08:00 pid=81452 tid=11 left-down x=2283 y=1250 wordForeground=False
2026-09-06T18:27:07.8175074+08:00 pid=81452 tid=11 left-down x=1913 y=1107 wordForeground=True
2026-09-06T18:27:08.3686658+08:00 pid=81452 tid=11 left-down x=1913 y=1107 wordForeground=True
2026-09-06T18:27:10.4602307+08:00 pid=81452 tid=11 left-down x=1856 y=1123 wordForeground=True
2026-09-06T18:27:10.6851182+08:00 pid=81452 tid=11 left-down x=1856 y=1123 wordForeground=True
2026-09-06T18:27:10.6861184+08:00 pid=81452 tid=11 double-click elapsedMs=224.21 withinX=True withinY=True nativeOleTarget=False suppressSecondDown=False dispatchCallback=True
2026-09-06T18:27:10.7826855+08:00 pid=81452 tid=31 callback-begin interceptedNativeOle=False x=1856 y=1123
2026-09-06T18:27:10.7836843+08:00 pid=81452 tid=31 addin-callback-received interceptedNativeOle=False x=1856 y=1123
2026-09-06T18:27:10.7836843+08:00 pid=81452 tid=31 callback-end
2026-09-06T18:27:10.7856833+08:00 pid=81452 tid=1 addin-coordinate-selection formulaId=<null> objectMode=<null>
2026-09-06T18:27:10.8850563+08:00 pid=81452 tid=1 window-before-double-click formulaId=a07ef69f-c394-4776-8f2f-7ea114b9460c objectMode=nativeOle shouldOpenVisualTeX=True hasMousePoint=True pointHitsFormula=True
2026-09-06T18:27:12.3710309+08:00 pid=81452 tid=11 left-down x=2647 y=739 wordForeground=False
2026-09-06T18:27:12.5871829+08:00 pid=81452 tid=33 ribbon-session-operation-released sessionId=3a66b024-e4d5-4bef-8dfa-427da84babf3
2026-09-06T18:27:13.6865014+08:00 pid=81452 tid=11 left-down x=636 y=1272 wordForeground=True
2026-09-06T18:27:14.8429673+08:00 pid=81452 tid=11 left-down x=762 y=1201 wordForeground=False
2026-09-06T18:28:24.2188358+08:00 pid=81452 tid=11 left-down x=1515 y=2124 wordForeground=False
2026-09-06T18:28:27.4876929+08:00 pid=81452 tid=11 left-down x=2228 y=1326 wordForeground=False
2026-09-06T18:28:29.3149519+08:00 pid=81452 tid=11 left-down x=681 y=1234 wordForeground=True
2026-09-06T18:30:02.0310337+08:00 pid=81452 tid=11 left-down x=681 y=1234 wordForeground=False
2026-09-06T18:30:08.5701321+08:00 pid=81452 tid=11 left-down x=1509 y=2138 wordForeground=False
2026-09-06T18:30:12.5234658+08:00 pid=81452 tid=11 left-down x=2058 y=922 wordForeground=False
2026-09-06T18:32:52.5561380+08:00 pid=81452 tid=11 left-down x=1382 y=1120 wordForeground=False
2026-09-06T18:32:54.6899609+08:00 pid=81452 tid=11 left-down x=2332 y=460 wordForeground=False
2026-09-06T18:32:56.8026376+08:00 pid=81452 tid=11 left-down x=2492 y=460 wordForeground=False
2026-09-06T18:33:15.4563971+08:00 pid=81452 tid=11 left-down x=1776 y=1270 wordForeground=False
2026-09-06T18:33:26.6970730+08:00 pid=81452 tid=11 left-down x=1099 y=716 wordForeground=True
2026-09-06T18:34:34.8606712+08:00 pid=81452 tid=11 left-down x=1055 y=2143 wordForeground=True
2026-09-06T18:34:36.2466490+08:00 pid=81452 tid=11 left-down x=1112 y=285 wordForeground=False
2026-09-06T18:34:37.4727467+08:00 pid=81452 tid=11 left-down x=1489 y=316 wordForeground=False
2026-09-06T18:35:58.0878763+08:00 pid=81452 tid=11 left-down x=214 y=595 wordForeground=True
2026-09-06T18:35:58.2824774+08:00 pid=81452 tid=11 left-down x=214 y=595 wordForeground=True
2026-09-06T18:35:58.2834756+08:00 pid=81452 tid=11 double-click elapsedMs=194.867 withinX=True withinY=True nativeOleTarget=False suppressSecondDown=False dispatchCallback=True
2026-09-06T18:35:58.3876845+08:00 pid=81452 tid=23 callback-begin interceptedNativeOle=False x=214 y=595
2026-09-06T18:35:58.3876845+08:00 pid=81452 tid=23 addin-callback-received interceptedNativeOle=False x=214 y=595
2026-09-06T18:35:58.3876845+08:00 pid=81452 tid=23 callback-end
2026-09-06T18:35:58.3886844+08:00 pid=81452 tid=1 addin-coordinate-selection formulaId=<null> objectMode=<null>
2026-09-06T18:36:59.2708000+08:00 pid=81452 tid=11 left-down x=1776 y=1270 wordForeground=False
2026-09-06T18:38:25.0232939+08:00 pid=81452 tid=11 left-down x=1776 y=1270 wordForeground=False
2026-09-06T18:39:56.2005402+08:00 pid=81452 tid=11 left-down x=2688 y=1281 wordForeground=True
2026-09-06T18:39:57.3208897+08:00 pid=81452 tid=11 left-down x=2687 y=1255 wordForeground=False
2026-09-06T18:40:01.0231190+08:00 pid=81452 tid=11 left-down x=3453 y=883 wordForeground=False
2026-09-06T18:40:03.0432404+08:00 pid=81452 tid=11 left-down x=3255 y=934 wordForeground=False
2026-09-06T18:40:05.0127243+08:00 pid=81452 tid=11 left-down x=2821 y=832 wordForeground=False
2026-09-06T18:40:06.4714765+08:00 pid=81452 tid=11 left-down x=2370 y=1614 wordForeground=False
2026-09-06T18:40:07.2927423+08:00 pid=81452 tid=11 left-down x=2337 y=1551 wordForeground=False
2026-09-06T18:40:09.2877953+08:00 pid=81452 tid=11 left-down x=3541 y=952 wordForeground=False
2026-09-06T18:40:11.0969463+08:00 pid=81452 tid=11 left-down x=916 y=415 wordForeground=False
2026-09-06T18:40:12.0097524+08:00 pid=81452 tid=11 left-down x=952 y=461 wordForeground=True
2026-09-06T18:40:13.2093429+08:00 pid=81452 tid=11 left-down x=1016 y=491 wordForeground=True
2026-09-06T18:40:14.9970351+08:00 pid=81452 tid=11 left-down x=1044 y=500 wordForeground=True
2026-09-06T18:40:15.1816421+08:00 pid=81452 tid=11 left-down x=1044 y=500 wordForeground=True
2026-09-06T18:40:15.1826424+08:00 pid=81452 tid=11 double-click elapsedMs=184.668 withinX=True withinY=True nativeOleTarget=False suppressSecondDown=False dispatchCallback=True
2026-09-06T18:40:15.2877424+08:00 pid=81452 tid=21 callback-begin interceptedNativeOle=False x=1044 y=500
2026-09-06T18:40:15.2877424+08:00 pid=81452 tid=21 addin-callback-received interceptedNativeOle=False x=1044 y=500
2026-09-06T18:40:15.2877424+08:00 pid=81452 tid=21 callback-end
2026-09-06T18:40:15.2887446+08:00 pid=81452 tid=1 addin-coordinate-selection formulaId=<null> objectMode=<null>
2026-09-06T18:40:18.3648938+08:00 pid=81452 tid=11 left-down x=2748 y=671 wordForeground=False
2026-09-06T18:40:29.9905108+08:00 pid=81452 tid=11 left-down x=1382 y=1120 wordForeground=False
2026-09-06T18:40:32.2076604+08:00 pid=81452 tid=11 left-down x=2332 y=460 wordForeground=False
2026-09-06T18:40:34.5309562+08:00 pid=81452 tid=11 left-down x=2492 y=460 wordForeground=False
2026-09-06T18:43:23.9554564+08:00 pid=81452 tid=11 left-down x=1238 y=848 wordForeground=True
2026-09-06T18:43:24.2664794+08:00 pid=81452 tid=11 left-down x=1246 y=845 wordForeground=True
2026-09-06T18:43:25.8017650+08:00 pid=81452 tid=11 left-down x=1124 y=845 wordForeground=True
2026-09-06T18:43:25.9886939+08:00 pid=81452 tid=11 left-down x=1124 y=845 wordForeground=True
2026-09-06T18:43:25.9896937+08:00 pid=81452 tid=11 double-click elapsedMs=186.832 withinX=True withinY=True nativeOleTarget=False suppressSecondDown=False dispatchCallback=True
2026-09-06T18:43:26.0807260+08:00 pid=81452 tid=26 callback-begin interceptedNativeOle=False x=1124 y=845
2026-09-06T18:43:26.0807260+08:00 pid=81452 tid=26 addin-callback-received interceptedNativeOle=False x=1124 y=845
2026-09-06T18:43:26.0807260+08:00 pid=81452 tid=26 callback-end
2026-09-06T18:43:26.0812340+08:00 pid=81452 tid=1 addin-coordinate-selection formulaId=<null> objectMode=<null>
2026-09-06T18:43:28.3456774+08:00 pid=81452 tid=11 left-down x=3804 y=20 wordForeground=False
2026-09-06T18:47:28.1979769+08:00 pid=81452 tid=11 left-down x=1052 y=850 wordForeground=True
2026-09-06T18:47:28.3994988+08:00 pid=81452 tid=11 left-down x=1052 y=850 wordForeground=True
2026-09-06T18:47:28.3994988+08:00 pid=81452 tid=11 double-click elapsedMs=201.501 withinX=True withinY=True nativeOleTarget=False suppressSecondDown=False dispatchCallback=True
2026-09-06T18:47:28.5055063+08:00 pid=81452 tid=32 callback-begin interceptedNativeOle=False x=1052 y=850
2026-09-06T18:47:28.5055063+08:00 pid=81452 tid=32 addin-callback-received interceptedNativeOle=False x=1052 y=850
2026-09-06T18:47:28.5055063+08:00 pid=81452 tid=32 callback-end
2026-09-06T18:47:28.5065073+08:00 pid=81452 tid=1 addin-coordinate-selection formulaId=<null> objectMode=<null>
2026-09-06T18:47:30.1200937+08:00 pid=81452 tid=11 left-down x=3837 y=0 wordForeground=False
2026-09-06T18:47:39.2182889+08:00 pid=81452 tid=11 left-down x=1519 y=2147 wordForeground=True
2026-09-06T18:47:43.1149642+08:00 pid=81452 tid=11 left-down x=2436 y=1682 wordForeground=False
2026-09-06T18:47:44.6722042+08:00 pid=81452 tid=11 left-down x=2469 y=1375 wordForeground=False
2026-09-06T18:48:14.3859309+08:00 pid=81452 tid=11 left-down x=1921 y=2011 wordForeground=False
2026-09-06T18:48:16.2660588+08:00 pid=81452 tid=11 left-down x=2332 y=1805 wordForeground=False
2026-09-06T18:48:23.3445343+08:00 pid=81452 tid=11 left-down x=2421 y=1859 wordForeground=False
2026-09-06T18:50:06.2631131+08:00 pid=81452 tid=11 left-down x=1495 y=2143 wordForeground=False
2026-09-06T18:50:14.6686034+08:00 pid=81452 tid=11 left-down x=1847 y=2014 wordForeground=False
2026-09-06T18:50:16.6878209+08:00 pid=81452 tid=11 left-down x=2507 y=1649 wordForeground=False
2026-09-06T18:50:38.5984197+08:00 pid=81452 tid=11 left-down x=2738 y=1912 wordForeground=False
2026-09-06T18:50:40.0698600+08:00 pid=81452 tid=11 left-down x=2686 y=1888 wordForeground=False
2026-09-06T18:50:51.6291786+08:00 pid=81452 tid=11 left-down x=3503 y=1986 wordForeground=False
2026-09-06T18:50:52.7911844+08:00 pid=81452 tid=11 left-down x=3022 y=1910 wordForeground=False
2026-09-06T18:51:18.1741768+08:00 pid=81452 tid=11 left-down x=1970 y=718 wordForeground=False
2026-09-06T18:51:23.3547605+08:00 pid=81452 tid=11 left-down x=2357 y=1598 wordForeground=True
2026-09-06T18:51:24.2106285+08:00 pid=81452 tid=11 left-down x=2321 y=1594 wordForeground=False
2026-09-06T18:51:34.7400523+08:00 pid=81452 tid=11 left-down x=3553 y=948 wordForeground=False
2026-09-06T18:51:36.4864676+08:00 pid=81452 tid=11 left-down x=2386 y=1883 wordForeground=False
2026-09-06T18:52:00.2754285+08:00 pid=81452 tid=11 left-down x=2306 y=1494 wordForeground=True
2026-09-06T18:52:14.2643278+08:00 pid=81452 tid=11 left-down x=3533 y=934 wordForeground=False
2026-09-06T18:52:25.0433793+08:00 pid=81452 tid=11 left-down x=1236 y=1316 wordForeground=False
2026-09-06T18:52:26.6463588+08:00 pid=81452 tid=11 left-down x=2524 y=1507 wordForeground=True
2026-09-06T18:52:56.0426387+08:00 pid=81452 tid=11 left-down x=1776 y=1270 wordForeground=False
2026-09-06T18:53:33.3615829+08:00 pid=81452 tid=11 left-down x=1133 y=726 wordForeground=True
2026-09-06T18:54:16.5707979+08:00 pid=81452 tid=11 left-down x=947 y=400 wordForeground=True
2026-09-06T18:55:25.1052934+08:00 pid=81452 tid=11 left-down x=280 y=1480 wordForeground=True
2026-09-06T18:55:25.2983774+08:00 pid=81452 tid=11 left-down x=280 y=1480 wordForeground=True
2026-09-06T18:55:25.2983774+08:00 pid=81452 tid=11 double-click elapsedMs=193.169 withinX=True withinY=True nativeOleTarget=False suppressSecondDown=False dispatchCallback=True
2026-09-06T18:55:25.4053759+08:00 pid=81452 tid=29 callback-begin interceptedNativeOle=False x=280 y=1480
2026-09-06T18:55:25.4053759+08:00 pid=81452 tid=29 addin-callback-received interceptedNativeOle=False x=280 y=1480
2026-09-06T18:55:25.4063837+08:00 pid=81452 tid=29 callback-end
2026-09-06T18:55:25.4063837+08:00 pid=81452 tid=1 addin-coordinate-selection formulaId=<null> objectMode=<null>
2026-09-06T18:56:30.4340697+08:00 pid=81452 tid=11 left-down x=1042 y=1026 wordForeground=True
2026-09-06T18:56:31.1798013+08:00 pid=81452 tid=11 left-down x=995 y=1195 wordForeground=True
2026-09-06T18:56:33.5762047+08:00 pid=81452 tid=11 left-down x=2357 y=1684 wordForeground=True
2026-09-06T18:56:34.6061968+08:00 pid=81452 tid=11 left-down x=2340 y=1630 wordForeground=False
2026-09-06T18:56:38.8789080+08:00 pid=81452 tid=11 left-down x=3566 y=939 wordForeground=False
2026-09-06T18:56:40.3554793+08:00 pid=81452 tid=11 left-down x=2628 y=1912 wordForeground=False
2026-09-06T18:56:45.0229802+08:00 pid=81452 tid=11 left-down x=1424 y=1180 wordForeground=False
2026-09-06T18:59:35.8219175+08:00 pid=81452 tid=11 left-down x=2427 y=1888 wordForeground=True
2026-09-06T18:59:49.4433561+08:00 pid=81452 tid=11 left-down x=1150 y=1416 wordForeground=False
2026-09-06T18:59:53.1577345+08:00 pid=81452 tid=11 left-down x=2331 y=1892 wordForeground=True
2026-09-06T19:00:56.2054081+08:00 pid=81452 tid=11 left-down x=1776 y=1270 wordForeground=False
2026-09-06T19:06:27.7198757+08:00 pid=81452 tid=11 left-down x=1317 y=747 wordForeground=False
2026-09-06T19:07:30.4291558+08:00 pid=81452 tid=11 left-down x=1792 y=747 wordForeground=False
2026-09-06T19:08:18.4190130+08:00 pid=81452 tid=11 left-down x=1382 y=1120 wordForeground=False
2026-09-06T19:08:20.5602699+08:00 pid=81452 tid=11 left-down x=2332 y=460 wordForeground=False
2026-09-06T19:08:22.4549273+08:00 pid=81452 tid=11 left-down x=2492 y=460 wordForeground=False
2026-09-06T19:09:50.7902067+08:00 pid=81452 tid=11 left-down x=913 y=194 wordForeground=True
2026-09-06T19:10:15.9015448+08:00 pid=81452 tid=11 left-down x=1382 y=1120 wordForeground=False
2026-09-06T19:10:18.0391764+08:00 pid=81452 tid=11 left-down x=2332 y=460 wordForeground=False
2026-09-06T19:10:20.0048927+08:00 pid=81452 tid=11 left-down x=2492 y=460 wordForeground=False
2026-09-06T19:10:55.9363050+08:00 pid=81452 tid=11 left-down x=913 y=366 wordForeground=True
2026-09-06T19:11:40.9855184+08:00 pid=81452 tid=11 left-down x=3317 y=1332 wordForeground=True
2026-09-06T19:12:19.8420077+08:00 pid=81452 tid=11 left-down x=1099 y=716 wordForeground=True
2026-09-06T19:16:35.4141339+08:00 pid=81452 tid=11 left-down x=2718 y=1688 wordForeground=True
2026-09-06T19:16:44.9722750+08:00 pid=81452 tid=11 left-down x=1144 y=2139 wordForeground=False
2026-09-06T19:17:04.7000089+08:00 pid=81452 tid=11 left-down x=2617 y=1924 wordForeground=False
2026-09-06T19:17:05.8326462+08:00 pid=81452 tid=11 left-down x=1143 y=1214 wordForeground=False
2026-09-06T19:17:06.7987815+08:00 pid=81452 tid=11 left-down x=2443 y=1559 wordForeground=True
2026-09-06T19:17:07.9950836+08:00 pid=81452 tid=11 left-down x=2901 y=1707 wordForeground=False
2026-09-06T19:18:28.9494147+08:00 pid=81452 tid=11 left-down x=1776 y=1270 wordForeground=False
2026-09-06T19:19:29.4851620+08:00 pid=81452 tid=11 left-down x=1776 y=1270 wordForeground=False
2026-09-06T19:25:38.6601508+08:00 pid=81452 tid=11 left-down x=2218 y=1799 wordForeground=True
2026-09-06T19:25:51.4822919+08:00 pid=81452 tid=11 left-down x=1930 y=2008 wordForeground=False
2026-09-06T19:25:53.8468064+08:00 pid=81452 tid=11 left-down x=1819 y=1881 wordForeground=False
2026-09-06T19:25:55.8439060+08:00 pid=81452 tid=11 left-down x=1787 y=1221 wordForeground=False
2026-09-06T19:26:12.6182631+08:00 pid=81452 tid=11 left-down x=1817 y=925 wordForeground=False
2026-09-06T19:26:20.1141784+08:00 pid=81452 tid=11 left-down x=723 y=2133 wordForeground=False
2026-09-06T19:26:23.4580392+08:00 pid=81452 tid=11 left-down x=1003 y=1128 wordForeground=False
2026-09-06T19:26:25.0798180+08:00 pid=81452 tid=11 left-down x=759 y=1281 wordForeground=False
2026-09-06T19:26:25.2989067+08:00 pid=81452 tid=11 left-down x=759 y=1281 wordForeground=False
2026-09-06T19:26:26.9782661+08:00 pid=81452 tid=11 left-down x=765 y=1239 wordForeground=False
2026-09-06T19:26:27.1974972+08:00 pid=81452 tid=11 left-down x=765 y=1239 wordForeground=False
2026-09-06T19:26:32.9301907+08:00 pid=81452 tid=11 left-down x=1154 y=1125 wordForeground=False
2026-09-06T19:26:34.2479599+08:00 pid=81452 tid=11 left-down x=751 y=1249 wordForeground=False
2026-09-06T19:26:34.4786242+08:00 pid=81452 tid=11 left-down x=751 y=1249 wordForeground=False
2026-09-06T19:26:38.4865711+08:00 pid=81452 tid=11 left-down x=723 y=1485 wordForeground=False
2026-09-06T19:26:38.9152833+08:00 pid=81452 tid=11 left-down x=723 y=1485 wordForeground=False
2026-09-06T19:26:41.1138800+08:00 pid=81452 tid=11 left-down x=716 y=1445 wordForeground=False
2026-09-06T19:26:41.4034433+08:00 pid=81452 tid=11 left-down x=716 y=1445 wordForeground=False
2026-09-06T19:26:43.0094643+08:00 pid=81452 tid=11 left-down x=745 y=1260 wordForeground=False
2026-09-06T19:26:43.2930841+08:00 pid=81452 tid=11 left-down x=745 y=1260 wordForeground=False
2026-09-06T19:26:44.7174699+08:00 pid=81452 tid=11 left-down x=730 y=1286 wordForeground=False
2026-09-06T19:26:45.0336781+08:00 pid=81452 tid=11 left-down x=730 y=1286 wordForeground=False
2026-09-06T19:26:46.0691336+08:00 pid=81452 tid=11 left-down x=726 y=1221 wordForeground=False
2026-09-06T19:26:46.4039255+08:00 pid=81452 tid=11 left-down x=726 y=1221 wordForeground=False
2026-09-06T19:26:53.5936645+08:00 pid=81452 tid=11 left-down x=2547 y=1769 wordForeground=False
2026-09-06T19:27:08.2662606+08:00 pid=81452 tid=11 left-down x=2350 y=1340 wordForeground=False
2026-09-06T19:28:13.7030662+08:00 pid=81452 tid=11 left-down x=2358 y=727 wordForeground=False
2026-09-06T19:28:56.2463743+08:00 pid=81452 tid=11 left-down x=3340 y=1397 wordForeground=False
2026-09-06T19:28:59.9077584+08:00 pid=81452 tid=11 left-down x=2887 y=1708 wordForeground=False
2026-09-06T19:29:05.9906238+08:00 pid=81452 tid=11 left-down x=2872 y=1893 wordForeground=False
2026-09-06T19:31:37.5408521+08:00 pid=81452 tid=11 left-down x=2362 y=1685 wordForeground=False
2026-09-06T19:31:39.8631102+08:00 pid=81452 tid=11 left-down x=2431 y=1692 wordForeground=False
2026-09-06T19:36:16.5802909+08:00 pid=81452 tid=11 left-down x=947 y=228 wordForeground=True
2026-09-06T19:36:25.3011665+08:00 pid=81452 tid=11 left-down x=1382 y=1120 wordForeground=False
2026-09-06T19:36:27.4560763+08:00 pid=81452 tid=11 left-down x=2332 y=460 wordForeground=False
2026-09-06T19:36:29.4947532+08:00 pid=81452 tid=11 left-down x=2492 y=460 wordForeground=False
2026-09-06T19:40:29.2722092+08:00 pid=81452 tid=11 left-down x=947 y=400 wordForeground=True
2026-09-06T19:40:38.8568235+08:00 pid=81452 tid=11 left-down x=1133 y=750 wordForeground=True
2026-09-06T19:42:52.8853714+08:00 pid=81452 tid=11 left-down x=278 y=626 wordForeground=True
2026-09-06T19:42:53.1002423+08:00 pid=81452 tid=11 left-down x=278 y=626 wordForeground=True
2026-09-06T19:42:53.1018450+08:00 pid=81452 tid=11 double-click elapsedMs=215.096 withinX=True withinY=True nativeOleTarget=False suppressSecondDown=False dispatchCallback=True
2026-09-06T19:42:53.1954303+08:00 pid=81452 tid=28 callback-begin interceptedNativeOle=False x=278 y=626
2026-09-06T19:42:53.1954303+08:00 pid=81452 tid=28 addin-callback-received interceptedNativeOle=False x=278 y=626
2026-09-06T19:42:53.1954303+08:00 pid=81452 tid=28 callback-end
2026-09-06T19:42:53.1964304+08:00 pid=81452 tid=1 addin-coordinate-selection formulaId=<null> objectMode=<null>
2026-09-06T19:45:07.9385334+08:00 pid=81452 tid=11 left-down x=1776 y=1270 wordForeground=False
2026-09-06T19:46:04.6037252+08:00 pid=81452 tid=11 left-down x=1776 y=1270 wordForeground=False
2026-09-06T19:46:46.3702678+08:00 pid=81452 tid=11 left-down x=1776 y=1270 wordForeground=False
2026-09-06T19:50:59.1337332+08:00 pid=81452 tid=11 left-down x=2410 y=1634 wordForeground=True
2026-09-06T19:50:59.9051060+08:00 pid=81452 tid=11 left-down x=2326 y=1582 wordForeground=False
2026-09-06T19:51:02.0602543+08:00 pid=81452 tid=11 left-down x=3524 y=944 wordForeground=False
2026-09-06T19:51:05.0687876+08:00 pid=81452 tid=11 left-down x=2509 y=1260 wordForeground=False
2026-09-06T19:51:11.3466860+08:00 pid=81452 tid=11 left-down x=3563 y=923 wordForeground=True
2026-09-06T19:51:19.1553885+08:00 pid=81452 tid=11 left-down x=981 y=262 wordForeground=True
2026-09-06T19:51:27.0941135+08:00 pid=81452 tid=11 left-down x=1317 y=747 wordForeground=False
2026-09-06T19:51:29.0246764+08:00 pid=81452 tid=11 left-down x=1602 y=747 wordForeground=False
2026-09-06T19:51:44.1280389+08:00 pid=81452 tid=11 left-down x=1382 y=1120 wordForeground=False
2026-09-06T19:51:46.3032135+08:00 pid=81452 tid=11 left-down x=2332 y=460 wordForeground=False
2026-09-06T19:51:48.2686799+08:00 pid=81452 tid=11 left-down x=2492 y=460 wordForeground=False
2026-09-06T19:52:22.5884234+08:00 pid=81452 tid=11 left-down x=1776 y=1270 wordForeground=False
2026-09-06T19:52:34.3384006+08:00 pid=81452 tid=11 left-down x=1167 y=784 wordForeground=True
2026-09-06T19:54:30.5661901+08:00 pid=81452 tid=11 left-down x=1776 y=1270 wordForeground=False
2026-09-06T19:54:49.3295616+08:00 pid=81452 tid=11 left-down x=981 y=434 wordForeground=True
2026-09-06T19:55:50.4202108+08:00 pid=81452 tid=11 left-down x=1776 y=1270 wordForeground=False
2026-09-06T20:00:14.7601322+08:00 pid=81452 tid=11 left-down x=314 y=899 wordForeground=True
2026-09-06T20:00:15.0112330+08:00 pid=81452 tid=11 left-down x=314 y=899 wordForeground=True
2026-09-06T20:00:15.0112330+08:00 pid=81452 tid=11 double-click elapsedMs=250.667 withinX=True withinY=True nativeOleTarget=False suppressSecondDown=False dispatchCallback=True
2026-09-06T20:00:15.1066051+08:00 pid=81452 tid=27 callback-begin interceptedNativeOle=False x=314 y=899
2026-09-06T20:00:15.1066051+08:00 pid=81452 tid=27 addin-callback-received interceptedNativeOle=False x=314 y=899
2026-09-06T20:00:15.1071519+08:00 pid=81452 tid=27 callback-end
2026-09-06T20:00:15.1076611+08:00 pid=81452 tid=1 addin-coordinate-selection formulaId=<null> objectMode=<null>
2026-09-06T20:00:32.1084031+08:00 pid=81452 tid=11 left-down x=1015 y=296 wordForeground=True
2026-09-06T20:00:40.5918190+08:00 pid=81452 tid=11 left-down x=1382 y=1120 wordForeground=False
2026-09-06T20:00:43.7070027+08:00 pid=81452 tid=11 left-down x=2492 y=460 wordForeground=False
2026-09-06T20:01:13.0568891+08:00 pid=81452 tid=11 left-down x=1382 y=1120 wordForeground=False
2026-09-06T20:01:15.2034733+08:00 pid=81452 tid=11 left-down x=2332 y=460 wordForeground=False
2026-09-06T20:01:17.1883190+08:00 pid=81452 tid=11 left-down x=2492 y=460 wordForeground=False
2026-09-06T20:03:46.9576134+08:00 pid=81452 tid=11 left-down x=3150 y=914 wordForeground=True
2026-09-06T20:07:28.2073590+08:00 pid=81452 tid=11 left-down x=781 y=837 wordForeground=False
2026-09-06T20:07:29.0279187+08:00 pid=81452 tid=11 left-down x=1246 y=904 wordForeground=True
2026-09-06T20:07:31.9372021+08:00 pid=81452 tid=11 left-down x=2652 y=1876 wordForeground=True
2026-09-06T20:18:44.8701885+08:00 pid=81452 tid=11 left-down x=3202 y=1755 wordForeground=True
2026-09-06T20:18:55.4089250+08:00 pid=81452 tid=11 left-down x=1872 y=722 wordForeground=True
2026-09-06T20:19:04.1200448+08:00 pid=81452 tid=11 left-down x=1382 y=1120 wordForeground=False
2026-09-06T20:19:07.3254932+08:00 pid=81452 tid=11 left-down x=2492 y=460 wordForeground=False
2026-09-06T20:19:37.1161268+08:00 pid=81452 tid=11 left-down x=1382 y=1120 wordForeground=False
2026-09-06T20:19:39.4495331+08:00 pid=81452 tid=11 left-down x=2332 y=460 wordForeground=False
2026-09-06T20:19:41.3929721+08:00 pid=81452 tid=11 left-down x=2492 y=460 wordForeground=False
2026-09-06T20:21:07.0820681+08:00 pid=81452 tid=11 left-down x=1776 y=1270 wordForeground=False
2026-09-06T20:21:21.0941789+08:00 pid=81452 tid=11 left-down x=2058 y=1197 wordForeground=True
2026-09-06T20:21:29.0301524+08:00 pid=81452 tid=11 left-down x=1872 y=894 wordForeground=True
2026-09-06T20:23:50.4530193+08:00 pid=81452 tid=11 left-down x=1211 y=1746 wordForeground=True
2026-09-06T20:23:50.7540168+08:00 pid=81452 tid=11 left-down x=1211 y=1746 wordForeground=True
2026-09-06T20:23:50.7540168+08:00 pid=81452 tid=11 double-click elapsedMs=300.187 withinX=True withinY=True nativeOleTarget=False suppressSecondDown=False dispatchCallback=True
2026-09-06T20:23:50.8597588+08:00 pid=81452 tid=24 callback-begin interceptedNativeOle=False x=1211 y=1746
2026-09-06T20:23:50.8597588+08:00 pid=81452 tid=24 addin-callback-received interceptedNativeOle=False x=1211 y=1746
2026-09-06T20:23:50.8607602+08:00 pid=81452 tid=24 callback-end
2026-09-06T20:23:50.8617615+08:00 pid=81452 tid=1 addin-coordinate-selection formulaId=<null> objectMode=<null>
2026-09-06T20:25:37.6598710+08:00 pid=81452 tid=11 left-down x=913 y=194 wordForeground=True
2026-09-06T20:25:46.2235382+08:00 pid=81452 tid=11 left-down x=1382 y=1120 wordForeground=False
2026-09-06T20:25:49.3846022+08:00 pid=81452 tid=11 left-down x=2492 y=460 wordForeground=False
2026-09-06T20:26:38.9119818+08:00 pid=81452 tid=11 left-down x=1776 y=1270 wordForeground=False
2026-09-06T20:26:58.6348824+08:00 pid=81452 tid=11 left-down x=1099 y=692 wordForeground=True
2026-09-06T20:27:06.5954947+08:00 pid=81452 tid=11 left-down x=913 y=366 wordForeground=True
2026-09-06T20:28:01.6239151+08:00 pid=81452 tid=11 left-down x=1776 y=1270 wordForeground=False
2026-09-06T20:30:42.4330874+08:00 pid=81452 tid=11 left-down x=257 y=711 wordForeground=True
2026-09-06T20:30:42.7125673+08:00 pid=81452 tid=11 left-down x=257 y=711 wordForeground=True
2026-09-06T20:30:42.7135675+08:00 pid=81452 tid=11 double-click elapsedMs=279.338 withinX=True withinY=True nativeOleTarget=False suppressSecondDown=False dispatchCallback=True
2026-09-06T20:30:42.8107877+08:00 pid=81452 tid=19 callback-begin interceptedNativeOle=False x=257 y=711
2026-09-06T20:30:42.8107877+08:00 pid=81452 tid=19 addin-callback-received interceptedNativeOle=False x=257 y=711
2026-09-06T20:30:42.8112963+08:00 pid=81452 tid=19 callback-end
2026-09-06T20:30:42.8112963+08:00 pid=81452 tid=1 addin-coordinate-selection formulaId=<null> objectMode=<null>
2026-09-06T20:32:08.9181174+08:00 pid=81452 tid=11 left-down x=1776 y=1270 wordForeground=False
2026-09-06T20:38:36.9590465+08:00 pid=81452 tid=11 left-down x=2327 y=1615 wordForeground=True
2026-09-06T20:38:38.8372529+08:00 pid=81452 tid=11 left-down x=2294 y=1552 wordForeground=False
2026-09-06T20:38:42.5304843+08:00 pid=81452 tid=11 left-down x=3538 y=941 wordForeground=False
2026-09-06T20:38:59.6519569+08:00 pid=81452 tid=11 left-down x=838 y=2134 wordForeground=False
2026-09-06T20:39:02.8403283+08:00 pid=81452 tid=11 left-down x=2513 y=463 wordForeground=False
2026-09-06T20:43:15.4685999+08:00 pid=81452 tid=11 left-down x=1872 y=722 wordForeground=True
2026-09-06T20:43:23.4781465+08:00 pid=81452 tid=11 left-down x=1317 y=747 wordForeground=False
2026-09-06T20:43:26.5101148+08:00 pid=81452 tid=11 left-down x=1792 y=747 wordForeground=False
2026-09-06T20:43:38.4707369+08:00 pid=81452 tid=11 left-down x=2058 y=1197 wordForeground=True
2026-09-06T20:43:52.8361571+08:00 pid=81452 tid=11 left-down x=1382 y=1120 wordForeground=False
2026-09-06T20:43:55.1371040+08:00 pid=81452 tid=11 left-down x=2332 y=460 wordForeground=False
2026-09-06T20:43:57.1419082+08:00 pid=81452 tid=11 left-down x=2492 y=460 wordForeground=False
2026-09-06T20:44:31.9781054+08:00 pid=81452 tid=11 left-down x=1776 y=1270 wordForeground=False
2026-09-06T20:44:43.8321341+08:00 pid=81452 tid=11 left-down x=2058 y=1245 wordForeground=True
2026-09-06T20:44:52.0088027+08:00 pid=81452 tid=11 left-down x=1872 y=894 wordForeground=True
2026-09-06T20:51:58.8535691+08:00 pid=81452 tid=11 left-down x=3322 y=1198 wordForeground=True
2026-09-06T20:54:03.5061212+08:00 pid=81452 tid=11 left-down x=2649 y=1482 wordForeground=False
2026-09-06T20:54:04.6227397+08:00 pid=81452 tid=11 left-down x=1875 y=2003 wordForeground=False
2026-09-06T20:54:05.8578701+08:00 pid=81452 tid=11 left-down x=2514 y=1766 wordForeground=False
2026-09-06T20:54:43.0191235+08:00 pid=81452 tid=11 left-down x=1776 y=1270 wordForeground=False
2026-09-06T20:55:49.0922852+08:00 pid=81452 tid=11 left-down x=1776 y=1270 wordForeground=False
2026-09-06T20:55:55.3081079+08:00 pid=81452 tid=11 left-down x=3287 y=1277 wordForeground=False
2026-09-06T20:57:43.8809711+08:00 pid=81452 tid=11 left-down x=1226 y=1122 wordForeground=True
2026-09-06T20:57:44.1601020+08:00 pid=81452 tid=11 left-down x=1226 y=1122 wordForeground=True
2026-09-06T20:57:44.1611034+08:00 pid=81452 tid=11 double-click elapsedMs=279.166 withinX=True withinY=True nativeOleTarget=False suppressSecondDown=False dispatchCallback=True
2026-09-06T20:57:44.2561021+08:00 pid=81452 tid=18 callback-begin interceptedNativeOle=False x=1226 y=1122
2026-09-06T20:57:44.2561021+08:00 pid=81452 tid=18 addin-callback-received interceptedNativeOle=False x=1226 y=1122
2026-09-06T20:57:44.2561021+08:00 pid=81452 tid=18 callback-end
2026-09-06T20:57:44.2571056+08:00 pid=81452 tid=1 addin-coordinate-selection formulaId=<null> objectMode=<null>
2026-09-06T20:57:48.6831826+08:00 pid=81452 tid=11 left-down x=1967 y=958 wordForeground=True
2026-09-06T20:57:49.7930670+08:00 pid=81452 tid=11 left-down x=3220 y=1476 wordForeground=True
2026-09-06T20:57:52.1918459+08:00 pid=81452 tid=11 left-down x=2352 y=1621 wordForeground=False
2026-09-06T20:57:52.9773240+08:00 pid=81452 tid=11 left-down x=2325 y=1549 wordForeground=False
2026-09-06T20:57:57.2767278+08:00 pid=81452 tid=11 left-down x=3532 y=950 wordForeground=False
2026-09-06T20:58:49.9770367+08:00 pid=81452 tid=11 left-down x=1776 y=1270 wordForeground=False
2026-09-06T20:59:56.6849824+08:00 pid=81452 tid=11 left-down x=3419 y=1293 wordForeground=True
2026-09-06T20:59:58.3980057+08:00 pid=81452 tid=11 left-down x=1526 y=1265 wordForeground=False
2026-09-06T20:59:59.2536397+08:00 pid=81452 tid=11 left-down x=1951 y=1100 wordForeground=True
2026-09-06T21:00:00.9636791+08:00 pid=81452 tid=11 left-down x=1967 y=1302 wordForeground=True
2026-09-06T21:02:26.4180319+08:00 pid=81452 tid=11 left-down x=3305 y=1428 wordForeground=True
2026-09-06T21:02:28.4893390+08:00 pid=81452 tid=11 left-down x=2391 y=1613 wordForeground=False
2026-09-06T21:02:29.3070488+08:00 pid=81452 tid=11 left-down x=2345 y=1578 wordForeground=False
2026-09-06T21:02:31.6597778+08:00 pid=81452 tid=11 left-down x=3555 y=953 wordForeground=False
2026-09-06T21:02:49.2816067+08:00 pid=81452 tid=11 left-down x=1226 y=1122 wordForeground=True
2026-09-06T21:02:49.5573530+08:00 pid=81452 tid=11 left-down x=1226 y=1122 wordForeground=True
2026-09-06T21:02:49.5573530+08:00 pid=81452 tid=11 double-click elapsedMs=276.211 withinX=True withinY=True nativeOleTarget=False suppressSecondDown=False dispatchCallback=True
2026-09-06T21:02:49.6539902+08:00 pid=81452 tid=18 callback-begin interceptedNativeOle=False x=1226 y=1122
2026-09-06T21:02:49.6539902+08:00 pid=81452 tid=18 addin-callback-received interceptedNativeOle=False x=1226 y=1122
2026-09-06T21:02:49.6539902+08:00 pid=81452 tid=18 callback-end
2026-09-06T21:02:49.6549896+08:00 pid=81452 tid=1 addin-coordinate-selection formulaId=<null> objectMode=<null>
2026-09-06T21:04:01.2813622+08:00 pid=81452 tid=11 left-down x=1862 y=913 wordForeground=True
2026-09-06T21:04:02.8191375+08:00 pid=81452 tid=11 left-down x=3251 y=1257 wordForeground=True
2026-09-06T21:04:05.0260052+08:00 pid=81452 tid=11 left-down x=2360 y=1624 wordForeground=False
2026-09-06T21:04:05.7825954+08:00 pid=81452 tid=11 left-down x=2229 y=1506 wordForeground=False
2026-09-06T21:04:06.7564776+08:00 pid=81452 tid=11 left-down x=2296 y=1541 wordForeground=False
2026-09-06T21:04:10.0841354+08:00 pid=81452 tid=11 left-down x=3548 y=938 wordForeground=False
2026-09-06T21:04:11.6908400+08:00 pid=81452 tid=11 left-down x=1498 y=1085 wordForeground=False
2026-09-06T21:04:22.7991700+08:00 pid=81452 tid=11 left-down x=3288 y=1228 wordForeground=True
2026-09-06T21:04:36.5604248+08:00 pid=81452 tid=11 left-down x=1226 y=1122 wordForeground=True
2026-09-06T21:04:36.8610140+08:00 pid=81452 tid=11 left-down x=1226 y=1122 wordForeground=True
2026-09-06T21:04:36.8610140+08:00 pid=81452 tid=11 double-click elapsedMs=300.071 withinX=True withinY=True nativeOleTarget=False suppressSecondDown=False dispatchCallback=True
2026-09-06T21:04:36.9580130+08:00 pid=81452 tid=19 callback-begin interceptedNativeOle=False x=1226 y=1122
2026-09-06T21:04:36.9580130+08:00 pid=81452 tid=19 addin-callback-received interceptedNativeOle=False x=1226 y=1122
2026-09-06T21:04:36.9580130+08:00 pid=81452 tid=19 callback-end
2026-09-06T21:04:36.9590125+08:00 pid=81452 tid=1 addin-coordinate-selection formulaId=<null> objectMode=<null>
2026-09-06T21:05:55.3008678+08:00 pid=81452 tid=11 left-down x=3213 y=1319 wordForeground=True
2026-09-06T21:06:00.7272145+08:00 pid=81452 tid=11 left-down x=1423 y=1125 wordForeground=False
2026-09-06T21:07:41.1890459+08:00 pid=81452 tid=11 left-down x=1872 y=722 wordForeground=True
2026-09-06T21:08:01.9287196+08:00 pid=81452 tid=11 left-down x=2058 y=1197 wordForeground=True
2026-09-06T21:09:13.6549345+08:00 pid=81452 tid=11 left-down x=3259 y=1259 wordForeground=True
2026-09-06T21:09:21.6930135+08:00 pid=81452 tid=11 left-down x=1555 y=1220 wordForeground=False
2026-09-06T21:09:24.3908695+08:00 pid=81452 tid=11 left-down x=1640 y=1276 wordForeground=True
2026-09-06T21:10:06.0534263+08:00 pid=81452 tid=11 left-down x=913 y=194 wordForeground=True
2026-09-06T21:10:24.9053607+08:00 pid=81452 tid=11 left-down x=1099 y=668 wordForeground=True
2026-09-06T21:10:39.4046255+08:00 pid=81452 tid=11 left-down x=1382 y=1120 wordForeground=False
2026-09-06T21:10:42.7017898+08:00 pid=81452 tid=11 left-down x=2492 y=460 wordForeground=False
2026-09-06T21:11:33.6224727+08:00 pid=81452 tid=11 left-down x=1776 y=1270 wordForeground=False
2026-09-06T21:11:46.6068574+08:00 pid=81452 tid=11 left-down x=1099 y=716 wordForeground=True
2026-09-06T21:11:54.8517253+08:00 pid=81452 tid=11 left-down x=913 y=366 wordForeground=True
2026-09-06T21:13:04.2575719+08:00 pid=81452 tid=11 left-down x=3360 y=1425 wordForeground=True
2026-09-06T21:13:12.2537072+08:00 pid=81452 tid=11 left-down x=1336 y=1201 wordForeground=False
2026-09-06T21:13:16.6027861+08:00 pid=81452 tid=11 left-down x=1060 y=1037 wordForeground=True
2026-09-06T21:13:18.3655855+08:00 pid=81452 tid=11 left-down x=1147 y=1380 wordForeground=True
2026-09-06T21:14:16.9068603+08:00 pid=81452 tid=11 left-down x=1776 y=1270 wordForeground=False
2026-09-06T21:14:25.8077400+08:00 pid=81452 tid=11 left-down x=913 y=194 wordForeground=True
2026-09-06T21:14:39.2895443+08:00 pid=81452 tid=11 left-down x=913 y=366 wordForeground=True
2026-09-06T21:15:34.9612356+08:00 pid=81452 tid=11 left-down x=1776 y=1270 wordForeground=False
2026-09-06T21:20:43.9278545+08:00 pid=81452 tid=11 left-down x=257 y=681 wordForeground=True
2026-09-06T21:20:44.2416372+08:00 pid=81452 tid=11 left-down x=257 y=681 wordForeground=True
2026-09-06T21:20:44.2416372+08:00 pid=81452 tid=11 double-click elapsedMs=312.867 withinX=True withinY=True nativeOleTarget=False suppressSecondDown=False dispatchCallback=True
2026-09-06T21:20:44.3442697+08:00 pid=81452 tid=24 callback-begin interceptedNativeOle=False x=257 y=681
2026-09-06T21:20:44.3442697+08:00 pid=81452 tid=24 addin-callback-received interceptedNativeOle=False x=257 y=681
2026-09-06T21:20:44.3442697+08:00 pid=81452 tid=24 callback-end
2026-09-06T21:20:44.3452701+08:00 pid=81452 tid=1 addin-coordinate-selection formulaId=<null> objectMode=<null>
2026-09-06T21:22:57.0973197+08:00 pid=81452 tid=11 left-down x=1872 y=722 wordForeground=True
2026-09-06T21:23:05.6529496+08:00 pid=81452 tid=11 left-down x=1382 y=1120 wordForeground=False
2026-09-06T21:23:08.8271397+08:00 pid=81452 tid=11 left-down x=2492 y=460 wordForeground=False
2026-09-06T21:23:25.4192208+08:00 pid=81452 tid=11 left-down x=3244 y=1386 wordForeground=True
2026-09-06T21:23:39.7685568+08:00 pid=81452 tid=11 left-down x=1500 y=747 wordForeground=False
2026-09-06T21:24:17.1531446+08:00 pid=81452 tid=11 left-down x=1776 y=1270 wordForeground=False
2026-09-06T21:24:29.6925020+08:00 pid=81452 tid=11 left-down x=2058 y=1221 wordForeground=True
2026-09-06T21:24:37.7963078+08:00 pid=81452 tid=11 left-down x=1872 y=894 wordForeground=True
2026-09-06T21:25:47.1075513+08:00 pid=81452 tid=11 left-down x=3420 y=1159 wordForeground=True
2026-09-06T21:28:18.1088842+08:00 pid=81452 tid=11 left-down x=3020 y=1882 wordForeground=False
2026-09-06T21:28:41.1060181+08:00 pid=81452 tid=11 left-down x=2447 y=1622 wordForeground=False
2026-09-06T21:28:41.8975071+08:00 pid=81452 tid=11 left-down x=2351 y=1574 wordForeground=False
2026-09-06T21:28:48.5775660+08:00 pid=81452 tid=11 left-down x=3554 y=941 wordForeground=False
2026-09-06T21:29:06.6522797+08:00 pid=81452 tid=11 left-down x=2759 y=1917 wordForeground=False
2026-09-06T21:30:05.2028080+08:00 pid=81452 tid=11 left-down x=1776 y=1270 wordForeground=False
2026-09-06T21:30:14.3557045+08:00 pid=81452 tid=11 left-down x=1872 y=722 wordForeground=True
2026-09-06T21:30:27.3183037+08:00 pid=81452 tid=11 left-down x=1872 y=894 wordForeground=True
2026-09-06T21:30:58.5547465+08:00 pid=81452 tid=11 left-down x=3287 y=1354 wordForeground=True
2026-09-06T21:31:04.6534751+08:00 pid=81452 tid=11 left-down x=3193 y=1291 wordForeground=True
2026-09-06T21:31:11.9927047+08:00 pid=81452 tid=11 left-down x=3312 y=1360 wordForeground=True
2026-09-06T21:31:18.2851748+08:00 pid=81452 tid=11 left-down x=1776 y=1270 wordForeground=False
2026-09-06T21:31:33.0090853+08:00 pid=81452 tid=11 left-down x=3455 y=1476 wordForeground=True
2026-09-06T21:32:02.0945212+08:00 pid=81452 tid=11 left-down x=1925 y=1563 wordForeground=True
2026-09-06T21:32:03.2590748+08:00 pid=81452 tid=11 left-down x=3428 y=1458 wordForeground=True
2026-09-06T21:32:31.4013575+08:00 pid=81452 tid=11 left-down x=3294 y=1512 wordForeground=True
2026-09-06T21:34:48.7201883+08:00 pid=81452 tid=11 left-down x=3228 y=1368 wordForeground=False
2026-09-06T21:34:54.5162360+08:00 pid=81452 tid=11 left-down x=3061 y=1317 wordForeground=False
2026-09-06T21:35:04.4341176+08:00 pid=81452 tid=11 left-down x=2884 y=1710 wordForeground=False
2026-09-06T21:35:12.7507907+08:00 pid=81452 tid=11 left-down x=2818 y=1889 wordForeground=False
2026-09-06T21:35:23.1452072+08:00 pid=81452 tid=11 left-down x=2446 y=1904 wordForeground=False
2026-09-06T21:35:44.2304796+08:00 pid=81452 tid=11 left-down x=1750 y=2017 wordForeground=False
2026-09-06T21:35:47.7852589+08:00 pid=81452 tid=11 left-down x=2311 y=1771 wordForeground=False
2026-09-06T21:36:02.5399639+08:00 pid=81452 tid=11 left-down x=1216 y=1122 wordForeground=True
2026-09-06T21:36:02.9016318+08:00 pid=81452 tid=11 left-down x=1216 y=1122 wordForeground=True
2026-09-06T21:36:02.9016318+08:00 pid=81452 tid=11 double-click elapsedMs=361.12 withinX=True withinY=True nativeOleTarget=False suppressSecondDown=False dispatchCallback=True
2026-09-06T21:36:03.0006310+08:00 pid=81452 tid=27 callback-begin interceptedNativeOle=False x=1216 y=1122
2026-09-06T21:36:03.0006310+08:00 pid=81452 tid=27 addin-callback-received interceptedNativeOle=False x=1216 y=1122
2026-09-06T21:36:03.0006310+08:00 pid=81452 tid=27 callback-end
2026-09-06T21:36:03.0016315+08:00 pid=81452 tid=1 addin-coordinate-selection formulaId=<null> objectMode=<null>
2026-09-06T21:37:19.5233805+08:00 pid=81452 tid=11 left-down x=3336 y=1372 wordForeground=True
2026-09-06T21:37:26.0063780+08:00 pid=81452 tid=11 left-down x=2405 y=1625 wordForeground=False
2026-09-06T21:37:27.3966885+08:00 pid=81452 tid=11 left-down x=2310 y=1561 wordForeground=False
2026-09-06T21:37:29.7758793+08:00 pid=81452 tid=11 left-down x=3539 y=957 wordForeground=False
2026-09-06T21:37:31.7155201+08:00 pid=81452 tid=11 left-down x=2655 y=1907 wordForeground=False
2026-09-06T21:37:48.1768185+08:00 pid=81452 tid=11 left-down x=1382 y=1120 wordForeground=False
2026-09-06T21:37:51.4926557+08:00 pid=81452 tid=11 left-down x=2492 y=460 wordForeground=False
2026-09-06T21:38:18.4975003+08:00 pid=81452 tid=11 left-down x=1255 y=1032 wordForeground=True
2026-09-06T21:38:24.8815790+08:00 pid=81452 tid=11 left-down x=2693 y=1663 wordForeground=True
2026-09-06T21:38:26.3521516+08:00 pid=81452 tid=11 left-down x=3239 y=1682 wordForeground=False
2026-09-06T21:38:28.4508795+08:00 pid=81452 tid=11 left-down x=3146 y=1684 wordForeground=False
2026-09-06T21:38:45.5922196+08:00 pid=81452 tid=11 left-down x=1151 y=2140 wordForeground=False
2026-09-06T21:39:11.8573146+08:00 pid=81452 tid=11 left-down x=3303 y=1566 wordForeground=False
2026-09-06T21:39:17.6753620+08:00 pid=81452 tid=11 left-down x=3268 y=1483 wordForeground=False
2026-09-06T21:39:20.7107000+08:00 pid=81452 tid=11 left-down x=2801 y=1901 wordForeground=False
2026-09-06T21:39:32.1056920+08:00 pid=81452 tid=11 left-down x=2801 y=1901 wordForeground=True
2026-09-06T21:41:54.4847566+08:00 pid=81452 tid=11 left-down x=1872 y=722 wordForeground=True
2026-09-06T21:42:55.1742713+08:00 pid=81452 tid=11 left-down x=1332 y=734 wordForeground=True
2026-09-06T21:42:56.8680061+08:00 pid=81452 tid=11 left-down x=3277 y=1290 wordForeground=True
2026-09-06T21:44:10.2366032+08:00 pid=81452 tid=11 left-down x=1445 y=832 wordForeground=True
2026-09-06T21:44:10.6116006+08:00 pid=81452 tid=11 left-down x=1445 y=832 wordForeground=True
2026-09-06T21:44:10.6116006+08:00 pid=81452 tid=11 double-click elapsedMs=374.529 withinX=True withinY=True nativeOleTarget=False suppressSecondDown=False dispatchCallback=True
2026-09-06T21:44:10.7156647+08:00 pid=81452 tid=28 callback-begin interceptedNativeOle=False x=1445 y=832
2026-09-06T21:44:10.7156647+08:00 pid=81452 tid=28 addin-callback-received interceptedNativeOle=False x=1445 y=832
2026-09-06T21:44:10.7156647+08:00 pid=81452 tid=28 callback-end
2026-09-06T21:44:10.7166653+08:00 pid=81452 tid=1 addin-coordinate-selection formulaId=<null> objectMode=<null>
2026-09-06T21:44:12.4149653+08:00 pid=81452 tid=11 left-down x=3812 y=9 wordForeground=False
2026-09-06T21:44:14.6496097+08:00 pid=81452 tid=11 left-down x=1517 y=985 wordForeground=True
2026-09-06T21:44:43.2107600+08:00 pid=81452 tid=11 left-down x=1820 y=1993 wordForeground=True
2026-09-06T21:44:45.1312147+08:00 pid=81452 tid=11 left-down x=2265 y=1773 wordForeground=False
2026-09-06T21:45:35.2292408+08:00 pid=81452 tid=11 left-down x=1897 y=1997 wordForeground=False
2026-09-06T21:45:36.7608589+08:00 pid=81452 tid=11 left-down x=2373 y=1907 wordForeground=False
2026-09-06T21:45:37.8410210+08:00 pid=81452 tid=11 left-down x=2372 y=1627 wordForeground=False
2026-09-06T21:45:38.9719005+08:00 pid=81452 tid=11 left-down x=2305 y=1600 wordForeground=False
2026-09-06T21:45:41.4517208+08:00 pid=81452 tid=11 left-down x=3535 y=976 wordForeground=False
2026-09-06T21:45:42.9589815+08:00 pid=81452 tid=11 left-down x=2685 y=1869 wordForeground=False
2026-09-06T21:46:38.1341981+08:00 pid=81452 tid=11 left-down x=1982 y=2015 wordForeground=False
2026-09-06T21:46:45.4070460+08:00 pid=81452 tid=11 left-down x=852 y=2147 wordForeground=False
2026-09-06T21:46:48.9133396+08:00 pid=81452 tid=11 left-down x=2927 y=1203 wordForeground=False
2026-09-06T21:47:00.6512416+08:00 pid=81452 tid=11 left-down x=1718 y=624 wordForeground=False
2026-09-06T21:47:02.7892157+08:00 pid=81452 tid=11 left-down x=2217 y=1462 wordForeground=False
2026-09-06T21:47:32.2378710+08:00 pid=81452 tid=11 left-down x=1235 y=828 wordForeground=True
2026-09-06T21:47:40.3281450+08:00 pid=81452 tid=11 left-down x=1049 y=502 wordForeground=True
2026-09-06T21:47:45.7608534+08:00 pid=81452 tid=11 left-down x=403 y=1089 wordForeground=True
2026-09-06T21:47:46.1442179+08:00 pid=81452 tid=11 left-down x=403 y=1089 wordForeground=True
2026-09-06T21:47:46.1442179+08:00 pid=81452 tid=11 double-click elapsedMs=383.164 withinX=True withinY=True nativeOleTarget=False suppressSecondDown=False dispatchCallback=True
2026-09-06T21:47:46.2480395+08:00 pid=81452 tid=29 callback-begin interceptedNativeOle=False x=403 y=1089
2026-09-06T21:47:46.2480395+08:00 pid=81452 tid=29 addin-callback-received interceptedNativeOle=False x=403 y=1089
2026-09-06T21:47:46.2485509+08:00 pid=81452 tid=29 callback-end
2026-09-06T21:47:46.2485509+08:00 pid=81452 tid=1 addin-coordinate-selection formulaId=<null> objectMode=<null>
2026-09-06T21:47:56.5501735+08:00 pid=81452 tid=11 left-down x=584 y=1013 wordForeground=True
2026-09-06T21:48:00.8801272+08:00 pid=81452 tid=11 left-down x=2608 y=1634 wordForeground=True
2026-09-06T21:48:24.5334124+08:00 pid=81452 tid=11 left-down x=1927 y=1995 wordForeground=False
2026-09-06T21:48:26.9746388+08:00 pid=81452 tid=11 left-down x=2318 y=1897 wordForeground=False
2026-09-06T21:57:13.7904072+08:00 pid=81452 tid=11 left-down x=1938 y=2024 wordForeground=False
2026-09-06T21:57:15.4011415+08:00 pid=81452 tid=11 left-down x=2338 y=1891 wordForeground=False
2026-09-06T21:59:58.9987361+08:00 pid=81452 tid=11 left-down x=2320 y=1675 wordForeground=False
2026-09-06T22:00:03.0804185+08:00 pid=81452 tid=11 left-down x=686 y=2131 wordForeground=False
2026-09-06T22:00:05.7076609+08:00 pid=81452 tid=11 left-down x=1008 y=1231 wordForeground=False
2026-09-06T22:00:06.1391700+08:00 pid=81452 tid=11 left-down x=1008 y=1231 wordForeground=False
2026-09-06T22:00:08.4426155+08:00 pid=81452 tid=11 left-down x=2052 y=1288 wordForeground=False
2026-09-06T22:00:09.1119554+08:00 pid=81452 tid=11 left-down x=2052 y=1288 wordForeground=False
2026-09-06T22:00:10.1692544+08:00 pid=81452 tid=11 left-down x=2052 y=1288 wordForeground=False
