2026-09-06T03:42:02.7586804+08:00 pid=20148 tid=1 word-addin-loaded pid=20148 assembly=C:\Users\pojian_liao\AppData\Local\VisualTeX\office\remediation-builds\1E33105E43F7CBAFB0D0100CEB2BA64AC9FC6F059F095443203F9DFBBDE413B5\VisualTeX.WordVsto.dll mvid=6f440ee7-f9c9-403b-b0fb-702cbff64829
2026-09-06T03:42:03.1111363+08:00 pid=20148 tid=1 hook-started handle=0x26C0FC3
2026-09-06T03:42:03.2848099+08:00 pid=20148 tid=10 mathtype-native-preview-shared-prewarm-complete
2026-09-06T03:42:58.7710252+08:00 pid=20148 tid=12 left-down x=1382 y=1120 wordForeground=False
2026-09-06T03:43:07.2616416+08:00 pid=20148 tid=12 left-down x=2178 y=458 wordForeground=False
2026-09-06T03:43:15.6577909+08:00 pid=20148 tid=12 left-down x=2492 y=460 wordForeground=False
2026-09-06T03:44:08.3654581+08:00 pid=20148 tid=1 omml-font-size-begin formulaId=ecfe715d-2677-46bb-ac64-cebd969ffa3c maths=3 range=90:103 size=11
2026-09-06T03:44:09.1628070+08:00 pid=20148 tid=1 omml-font-size-reconciled formulaId=ecfe715d-2677-46bb-ac64-cebd969ffa3c maths=3 range=90:103
2026-09-06T03:44:09.2370784+08:00 pid=20148 tid=1 ribbon-font-size-completed requested=11 applied=11
2026-09-06T03:45:09.9138927+08:00 pid=20148 tid=1 omml-font-size-begin formulaId=ecfe715d-2677-46bb-ac64-cebd969ffa3c maths=3 range=90:103 size=10.5
2026-09-06T03:45:10.6410443+08:00 pid=20148 tid=1 omml-font-size-reconciled formulaId=ecfe715d-2677-46bb-ac64-cebd969ffa3c maths=3 range=90:103
2026-09-06T03:45:10.7165295+08:00 pid=20148 tid=1 ribbon-font-size-completed requested=10.5 applied=10.5
2026-09-06T03:45:59.4496902+08:00 pid=20148 tid=1 format-conversion-subperf [perf] ReplaceOmml.locate-target: +8ms (8ms total)
2026-09-06T03:45:59.5261285+08:00 pid=20148 tid=1 format-conversion-subperf [perf] ReplaceOmml.source-range-resolve: +77ms (85ms total)
2026-09-06T03:45:59.5419811+08:00 pid=20148 tid=1 format-conversion-subperf [perf] ReplaceOmml.rollback-capture: +16ms (101ms total)
2026-09-06T03:45:59.6292852+08:00 pid=20148 tid=1 format-conversion-subperf [perf] ReplaceOmml.direct-host-health: +87ms (188ms total)
2026-09-06T03:45:59.6312775+08:00 pid=20148 tid=1 format-conversion-subperf [perf] ReplaceOmml.direct-content-prep: +2ms (190ms total)
2026-09-06T03:45:59.6322768+08:00 pid=20148 tid=1 format-conversion-subperf [perf] ReplaceOmml.resolve-source: +1ms (191ms total)
2026-09-06T03:45:59.6716554+08:00 pid=20148 tid=1 format-conversion-subperf [perf] ReplaceOmml.insert-native-omml: +39ms (230ms total)
2026-09-06T03:45:59.6905928+08:00 pid=20148 tid=1 format-conversion-subperf [perf] ReplaceOmml.validate-native-omml: +19ms (249ms total)
2026-09-06T03:45:59.7317940+08:00 pid=20148 tid=1 format-conversion-subperf [perf] ReplaceOmml.stamp-fingerprint: +41ms (290ms total)
2026-09-06T03:45:59.7500579+08:00 pid=20148 tid=1 format-conversion-subperf [perf] ReplaceOmml.wrap-formula-anchor: +19ms (309ms total)
2026-09-06T03:45:59.7511221+08:00 pid=20148 tid=1 format-conversion-subperf [perf] ReplaceOmml.protect-source-metadata: +0ms (309ms total)
2026-09-06T03:45:59.7511221+08:00 pid=20148 tid=1 format-conversion-subperf [perf] ReplaceOmml.reconcile: +0ms (309ms total)
2026-09-06T03:45:59.7877028+08:00 pid=20148 tid=1 format-conversion-subperf [perf] ReplaceOmml.final-identity-resolve: +37ms (346ms total)
2026-09-06T03:45:59.7877028+08:00 pid=20148 tid=1 format-conversion-subperf [perf] ReplaceOmml.final-identity-fingerprint: +0ms (346ms total)
2026-09-06T03:45:59.7877028+08:00 pid=20148 tid=1 format-conversion-subperf [perf] ReplaceOmml.final-identity-anchor: +0ms (346ms total)
2026-09-06T03:45:59.7957002+08:00 pid=20148 tid=1 format-conversion-subperf [perf] ReplaceOmml.final-identity-metadata: +8ms (354ms total)
2026-09-06T03:45:59.7957002+08:00 pid=20148 tid=1 format-conversion-subperf [perf] ReplaceOmml.finalize-identity: +1ms (355ms total)
2026-09-06T03:45:59.7967002+08:00 pid=20148 tid=1 format-conversion-subperf [perf] ReplaceOmml.prepare-result: +0ms (355ms total)
2026-09-06T03:45:59.8175808+08:00 pid=20148 tid=1 format-conversion-subperf [perf] ReplaceOmml.restore-view: +21ms (376ms total)
2026-09-06T03:45:59.8185801+08:00 pid=20148 tid=1 format-conversion-subperf [perf] ReplaceOmml.restore-screen-updating: +1ms (377ms total)
2026-09-06T03:45:59.8185801+08:00 pid=20148 tid=1 format-conversion-subperf [perf] ReplaceOmml.end-undo: +0ms (377ms total)
2026-09-06T03:45:59.8185801+08:00 pid=20148 tid=1 format-conversion-subperf [perf] ReplaceOmml.release-rcws: +0ms (377ms total)
2026-09-06T03:45:59.8225814+08:00 pid=20148 tid=17 ribbon-session-operation-released sessionId=3b9fe29e-b4be-4e48-b7ca-584a622c3d7c
2026-09-06T03:47:42.3022379+08:00 pid=20148 tid=12 left-down x=1382 y=1120 wordForeground=False
2026-09-06T03:47:50.7554175+08:00 pid=20148 tid=12 left-down x=2178 y=458 wordForeground=False
2026-09-06T03:47:59.3290328+08:00 pid=20148 tid=12 left-down x=2492 y=460 wordForeground=False
2026-09-06T03:50:46.2699127+08:00 pid=20148 tid=12 left-down x=1382 y=1120 wordForeground=False
2026-09-06T03:50:54.8224317+08:00 pid=20148 tid=12 left-down x=2178 y=458 wordForeground=False
2026-09-06T03:51:03.5159572+08:00 pid=20148 tid=12 left-down x=2492 y=460 wordForeground=False
2026-09-06T03:53:36.5433452+08:00 pid=20148 tid=12 left-down x=1190 y=747 wordForeground=False
2026-09-06T03:54:40.4239216+08:00 pid=20148 tid=12 left-down x=1190 y=747 wordForeground=False
2026-09-06T03:55:47.1542925+08:00 pid=20148 tid=12 left-down x=1190 y=747 wordForeground=False
2026-09-06T09:16:55.5528029+08:00 pid=20148 tid=12 left-down x=566 y=1060 wordForeground=True
2026-09-06T09:17:06.4848078+08:00 pid=20148 tid=12 left-down x=1730 y=1214 wordForeground=False
2026-09-06T09:17:08.6589309+08:00 pid=20148 tid=12 left-down x=1392 y=883 wordForeground=False
2026-09-06T09:17:10.1378076+08:00 pid=20148 tid=12 left-down x=1304 y=857 wordForeground=False
2026-09-06T09:17:11.0319783+08:00 pid=20148 tid=12 left-down x=1362 y=865 wordForeground=False
2026-09-06T09:17:17.9336745+08:00 pid=20148 tid=12 left-down x=1386 y=615 wordForeground=False
2026-09-06T09:17:19.1811274+08:00 pid=20148 tid=12 left-down x=1171 y=1361 wordForeground=False
2026-09-06T09:18:27.5916671+08:00 pid=20148 tid=12 left-down x=747 y=235 wordForeground=False
2026-09-06T09:18:35.8907968+08:00 pid=20148 tid=12 left-down x=3276 y=35 wordForeground=False
2026-09-06T09:18:38.1593936+08:00 pid=20148 tid=12 left-down x=160 y=85 wordForeground=False
2026-09-06T09:18:50.4505352+08:00 pid=20148 tid=12 left-down x=1591 y=571 wordForeground=False
2026-09-06T09:18:54.3205134+08:00 pid=20148 tid=12 left-down x=10 y=77 wordForeground=False
2026-09-06T09:18:56.0577126+08:00 pid=20148 tid=12 left-down x=1433 y=1125 wordForeground=False
2026-09-06T09:18:58.8960846+08:00 pid=20148 tid=12 left-down x=312 y=269 wordForeground=False
2026-09-06T09:19:01.4023601+08:00 pid=20148 tid=12 left-down x=61 y=268 wordForeground=False
2026-09-06T09:19:06.9904811+08:00 pid=20148 tid=12 left-down x=830 y=2130 wordForeground=False
2026-09-06T09:19:08.1456140+08:00 pid=20148 tid=12 left-down x=843 y=2128 wordForeground=False
2026-09-06T09:19:09.6400861+08:00 pid=20148 tid=12 left-down x=1727 y=788 wordForeground=False
2026-09-06T09:19:10.7954581+08:00 pid=20148 tid=12 left-down x=2529 y=475 wordForeground=False
2026-09-06T09:19:12.4377624+08:00 pid=20148 tid=12 left-down x=1057 y=2115 wordForeground=False
2026-09-06T09:19:16.5559624+08:00 pid=20148 tid=12 left-down x=642 y=1201 wordForeground=False
2026-09-06T09:19:35.1776040+08:00 pid=20148 tid=12 left-down x=1552 y=2118 wordForeground=True
2026-09-06T09:19:36.9570895+08:00 pid=20148 tid=12 left-down x=1869 y=1144 wordForeground=False
2026-09-06T09:19:38.3742977+08:00 pid=20148 tid=12 left-down x=1776 y=1078 wordForeground=True
2026-09-06T09:19:40.2815787+08:00 pid=20148 tid=12 left-down x=1504 y=2113 wordForeground=True
2026-09-06T09:19:42.2050677+08:00 pid=20148 tid=12 left-down x=1255 y=1089 wordForeground=False
2026-09-06T09:20:16.2606743+08:00 pid=20148 tid=12 left-down x=1190 y=747 wordForeground=False
2026-09-06T09:21:20.4225364+08:00 pid=20148 tid=12 left-down x=1190 y=747 wordForeground=False
2026-09-06T09:22:26.0510540+08:00 pid=20148 tid=12 left-down x=1190 y=747 wordForeground=False
2026-09-06T09:35:48.7698593+08:00 pid=20148 tid=12 left-down x=1190 y=747 wordForeground=False
2026-09-06T09:37:41.8132179+08:00 pid=20148 tid=12 left-down x=1190 y=747 wordForeground=False
2026-09-06T09:38:47.3702310+08:00 pid=20148 tid=12 left-down x=1190 y=747 wordForeground=False
2026-09-06T09:42:19.3436743+08:00 pid=20148 tid=12 left-down x=730 y=1076 wordForeground=True
2026-09-06T09:42:20.9292315+08:00 pid=20148 tid=12 left-down x=621 y=1023 wordForeground=False
2026-09-06T09:42:22.7555837+08:00 pid=20148 tid=12 left-down x=1900 y=425 wordForeground=False
2026-09-06T09:42:36.3390455+08:00 pid=20148 tid=12 left-down x=1349 y=992 wordForeground=False
2026-09-06T09:42:51.0892935+08:00 pid=20148 tid=12 left-down x=2155 y=1353 wordForeground=False
2026-09-06T09:42:51.7584529+08:00 pid=20148 tid=12 left-down x=2155 y=1353 wordForeground=True
2026-09-06T09:47:00.6198527+08:00 pid=20148 tid=12 left-down x=783 y=846 wordForeground=True
2026-09-06T09:49:37.1808581+08:00 pid=20148 tid=12 left-down x=1190 y=747 wordForeground=False
2026-09-06T09:51:34.4161419+08:00 pid=20148 tid=12 left-down x=1190 y=747 wordForeground=False
2026-09-06T09:52:42.2100166+08:00 pid=20148 tid=12 left-down x=1190 y=747 wordForeground=False
2026-09-06T10:02:12.9443282+08:00 pid=20148 tid=12 left-down x=1190 y=747 wordForeground=False
2026-09-06T10:02:28.0654730+08:00 pid=20148 tid=12 left-down x=1190 y=747 wordForeground=False
2026-09-06T10:03:32.6490048+08:00 pid=20148 tid=12 left-down x=1190 y=747 wordForeground=False
2026-09-06T10:07:32.2598093+08:00 pid=20148 tid=12 left-down x=1190 y=747 wordForeground=False
2026-09-06T10:07:46.6410378+08:00 pid=20148 tid=12 left-down x=1190 y=747 wordForeground=False
2026-09-06T10:08:01.0465312+08:00 pid=20148 tid=12 left-down x=1190 y=747 wordForeground=False
2026-09-06T10:17:39.6708488+08:00 pid=20148 tid=12 left-down x=1190 y=747 wordForeground=False
2026-09-06T10:17:54.2181199+08:00 pid=20148 tid=12 left-down x=1190 y=747 wordForeground=False
2026-09-06T10:18:08.7615418+08:00 pid=20148 tid=12 left-down x=1190 y=747 wordForeground=False
2026-09-06T10:20:29.5919752+08:00 pid=20148 tid=12 left-down x=784 y=903 wordForeground=True
2026-09-06T10:21:09.2844871+08:00 pid=20148 tid=12 left-down x=1190 y=747 wordForeground=False
2026-09-06T10:21:23.9221562+08:00 pid=20148 tid=12 left-down x=1190 y=747 wordForeground=False
2026-09-06T10:21:38.6634385+08:00 pid=20148 tid=12 left-down x=1190 y=747 wordForeground=False
2026-09-06T10:24:30.9663039+08:00 pid=20148 tid=12 left-down x=1190 y=747 wordForeground=False
2026-09-06T10:24:45.7613942+08:00 pid=20148 tid=12 left-down x=1190 y=747 wordForeground=False
2026-09-06T10:25:00.8066122+08:00 pid=20148 tid=12 left-down x=1190 y=747 wordForeground=False
2026-09-06T10:29:30.6488473+08:00 pid=20148 tid=12 left-down x=1190 y=747 wordForeground=False
2026-09-06T10:29:45.3795989+08:00 pid=20148 tid=12 left-down x=1190 y=747 wordForeground=False
2026-09-06T10:30:00.1804794+08:00 pid=20148 tid=12 left-down x=1190 y=747 wordForeground=False
2026-09-06T10:30:16.2081974+08:00 pid=20148 tid=12 left-down x=2058 y=1221 wordForeground=True
2026-09-06T10:31:35.9896382+08:00 pid=20148 tid=12 left-down x=1225 y=1553 wordForeground=True
2026-09-06T10:31:36.4342639+08:00 pid=20148 tid=12 left-down x=1225 y=1553 wordForeground=True
2026-09-06T10:31:36.4352639+08:00 pid=20148 tid=12 double-click elapsedMs=444.573 withinX=True withinY=True nativeOleTarget=False suppressSecondDown=False dispatchCallback=True
2026-09-06T10:31:36.5401276+08:00 pid=20148 tid=13 callback-begin interceptedNativeOle=False x=1225 y=1553
2026-09-06T10:31:36.5411278+08:00 pid=20148 tid=13 addin-callback-received interceptedNativeOle=False x=1225 y=1553
2026-09-06T10:31:36.5421268+08:00 pid=20148 tid=13 callback-end
2026-09-06T10:31:36.5441266+08:00 pid=20148 tid=1 addin-coordinate-selection formulaId=<null> objectMode=<null>
2026-09-06T10:33:00.9953713+08:00 pid=20148 tid=12 left-down x=1225 y=1553 wordForeground=True
2026-09-06T10:33:01.3585312+08:00 pid=20148 tid=12 left-down x=1225 y=1553 wordForeground=True
2026-09-06T10:33:01.3585312+08:00 pid=20148 tid=12 double-click elapsedMs=363.078 withinX=True withinY=True nativeOleTarget=False suppressSecondDown=False dispatchCallback=True
2026-09-06T10:33:01.4521841+08:00 pid=20148 tid=11 callback-begin interceptedNativeOle=False x=1225 y=1553
2026-09-06T10:33:01.4521841+08:00 pid=20148 tid=11 addin-callback-received interceptedNativeOle=False x=1225 y=1553
2026-09-06T10:33:01.4531834+08:00 pid=20148 tid=11 callback-end
2026-09-06T10:33:01.4651906+08:00 pid=20148 tid=1 addin-coordinate-selection formulaId=<null> objectMode=<null>
2026-09-06T10:35:54.9836313+08:00 pid=20148 tid=12 left-down x=1190 y=747 wordForeground=False
2026-09-06T10:36:09.1575803+08:00 pid=20148 tid=12 left-down x=2024 y=1163 wordForeground=True
2026-09-06T10:37:17.4451784+08:00 pid=20148 tid=12 left-down x=1838 y=688 wordForeground=True
2026-09-06T10:40:11.9876211+08:00 pid=20148 tid=12 left-down x=843 y=1255 wordForeground=False
2026-09-06T10:40:17.7453904+08:00 pid=20148 tid=12 left-down x=2308 y=1243 wordForeground=True
2026-09-06T10:40:18.8532941+08:00 pid=20148 tid=12 left-down x=2215 y=1257 wordForeground=True
2026-09-06T10:42:03.1750663+08:00 pid=20148 tid=12 left-down x=1190 y=747 wordForeground=False
2026-09-06T10:42:17.4299198+08:00 pid=20148 tid=12 left-down x=2024 y=1163 wordForeground=True
2026-09-06T10:44:29.7032154+08:00 pid=20148 tid=12 left-down x=1190 y=747 wordForeground=False
2026-09-06T10:44:43.9017012+08:00 pid=20148 tid=12 left-down x=2024 y=1163 wordForeground=True
2026-09-06T10:48:05.5515674+08:00 pid=20148 tid=12 left-down x=791 y=1268 wordForeground=False
2026-09-06T10:48:11.0921751+08:00 pid=20148 tid=12 left-down x=2071 y=1230 wordForeground=True
2026-09-06T10:48:32.3513690+08:00 pid=20148 tid=12 left-down x=111 y=1474 wordForeground=False
2026-09-06T10:48:47.9904188+08:00 pid=20148 tid=12 left-down x=2025 y=1235 wordForeground=True
2026-09-06T10:48:49.0383548+08:00 pid=20148 tid=12 left-down x=1893 y=1130 wordForeground=True
2026-09-06T10:48:49.7902828+08:00 pid=20148 tid=12 left-down x=1897 y=1126 wordForeground=True
2026-09-06T10:48:50.2280556+08:00 pid=20148 tid=12 left-down x=1897 y=1126 wordForeground=True
2026-09-06T10:48:50.2280556+08:00 pid=20148 tid=12 double-click elapsedMs=437.405 withinX=True withinY=True nativeOleTarget=False suppressSecondDown=False dispatchCallback=True
2026-09-06T10:48:50.3193328+08:00 pid=20148 tid=9 callback-begin interceptedNativeOle=False x=1897 y=1126
2026-09-06T10:48:50.3194230+08:00 pid=20148 tid=9 addin-callback-received interceptedNativeOle=False x=1897 y=1126
2026-09-06T10:48:50.3204787+08:00 pid=20148 tid=9 callback-end
2026-09-06T10:48:50.3301951+08:00 pid=20148 tid=1 addin-coordinate-selection formulaId=<null> objectMode=<null>
2026-09-06T10:48:54.1275781+08:00 pid=20148 tid=12 left-down x=1156 y=742 wordForeground=False
2026-09-06T10:48:55.7440769+08:00 pid=20148 tid=12 left-down x=2609 y=687 wordForeground=False
2026-09-06T10:48:57.3945016+08:00 pid=20148 tid=12 left-down x=1819 y=1111 wordForeground=True
2026-09-06T10:48:57.8823178+08:00 pid=20148 tid=12 left-down x=1819 y=1111 wordForeground=True
2026-09-06T10:48:57.8833177+08:00 pid=20148 tid=12 double-click elapsedMs=488.501 withinX=True withinY=True nativeOleTarget=False suppressSecondDown=False dispatchCallback=True
2026-09-06T10:48:57.9740272+08:00 pid=20148 tid=10 callback-begin interceptedNativeOle=False x=1819 y=1111
2026-09-06T10:48:57.9740272+08:00 pid=20148 tid=10 addin-callback-received interceptedNativeOle=False x=1819 y=1111
2026-09-06T10:48:57.9750291+08:00 pid=20148 tid=10 callback-end
2026-09-06T10:48:57.9760281+08:00 pid=20148 tid=1 addin-coordinate-selection formulaId=<null> objectMode=<null>
2026-09-06T10:49:00.2520468+08:00 pid=20148 tid=12 left-down x=1153 y=749 wordForeground=False
2026-09-06T10:49:01.6296172+08:00 pid=20148 tid=12 left-down x=1173 y=746 wordForeground=False
2026-09-06T10:49:02.9466622+08:00 pid=20148 tid=12 left-down x=1173 y=746 wordForeground=False
2026-09-06T10:49:04.6729099+08:00 pid=20148 tid=12 left-down x=2602 y=698 wordForeground=False
2026-09-06T10:49:06.2591924+08:00 pid=20148 tid=12 left-down x=1483 y=1251 wordForeground=True
2026-09-06T10:49:08.6113777+08:00 pid=20148 tid=12 left-down x=1883 y=1126 wordForeground=True
2026-09-06T10:49:09.6869170+08:00 pid=20148 tid=12 left-down x=1243 y=1261 wordForeground=True
2026-09-06T10:49:14.9448149+08:00 pid=20148 tid=12 left-down x=883 y=1241 wordForeground=False
2026-09-06T10:49:17.3411515+08:00 pid=20148 tid=12 left-down x=2108 y=1267 wordForeground=True
2026-09-06T10:49:19.6382094+08:00 pid=20148 tid=12 left-down x=1773 y=689 wordForeground=True
2026-09-06T10:49:21.3741465+08:00 pid=20148 tid=12 left-down x=2148 y=1488 wordForeground=True
2026-09-06T10:49:24.1247441+08:00 pid=20148 tid=12 left-down x=1764 y=686 wordForeground=True
2026-09-06T10:49:26.4310622+08:00 pid=20148 tid=12 left-down x=1903 y=1084 wordForeground=True
2026-09-06T10:49:28.1863196+08:00 pid=20148 tid=12 left-down x=2182 y=1500 wordForeground=True
2026-09-06T10:49:29.5290149+08:00 pid=20148 tid=12 left-down x=2182 y=1500 wordForeground=True
2026-09-06T10:49:32.5115471+08:00 pid=20148 tid=12 left-down x=1852 y=1134 wordForeground=True
2026-09-06T10:49:34.9779854+08:00 pid=20148 tid=12 left-down x=1270 y=663 wordForeground=True
2026-09-06T10:49:37.5961726+08:00 pid=20148 tid=12 left-down x=1252 y=659 wordForeground=True
2026-09-06T10:49:39.6298231+08:00 pid=20148 tid=12 left-down x=1352 y=2123 wordForeground=False
2026-09-06T10:49:40.5732192+08:00 pid=20148 tid=12 left-down x=1440 y=2033 wordForeground=False
2026-09-06T10:49:43.5212791+08:00 pid=20148 tid=12 left-down x=2607 y=696 wordForeground=False
2026-09-06T10:49:45.0027020+08:00 pid=20148 tid=12 left-down x=1324 y=1255 wordForeground=True
2026-09-06T10:49:47.0607816+08:00 pid=20148 tid=12 left-down x=727 y=1092 wordForeground=False
2026-09-06T10:49:48.3938257+08:00 pid=20148 tid=12 left-down x=682 y=1050 wordForeground=False
2026-09-06T10:49:50.4265179+08:00 pid=20148 tid=12 left-down x=1899 y=397 wordForeground=False
2026-09-06T10:49:52.3677858+08:00 pid=20148 tid=12 left-down x=2093 y=1262 wordForeground=True
2026-09-06T10:50:39.2990521+08:00 pid=20148 tid=12 left-down x=1190 y=747 wordForeground=False
2026-09-06T10:50:53.3328549+08:00 pid=20148 tid=12 left-down x=2024 y=1163 wordForeground=True
2026-09-06T10:51:40.8612872+08:00 pid=20148 tid=12 left-down x=779 y=1223 wordForeground=False
2026-09-06T10:51:49.7211214+08:00 pid=20148 tid=12 left-down x=2076 y=1278 wordForeground=True
2026-09-06T10:52:35.9837789+08:00 pid=20148 tid=12 left-down x=1190 y=747 wordForeground=False
2026-09-06T10:52:50.1693595+08:00 pid=20148 tid=12 left-down x=2024 y=1163 wordForeground=True
2026-09-06T10:54:55.8685522+08:00 pid=20148 tid=12 left-down x=736 y=1258 wordForeground=False
2026-09-06T10:54:58.5843844+08:00 pid=20148 tid=12 left-down x=2120 y=899 wordForeground=False
2026-09-06T10:54:59.0196323+08:00 pid=20148 tid=12 left-down x=1190 y=747 wordForeground=False
2026-09-06T10:55:14.0780151+08:00 pid=20148 tid=12 left-down x=2024 y=1163 wordForeground=True
2026-09-06T10:56:55.7615400+08:00 pid=20148 tid=12 left-down x=1190 y=747 wordForeground=False
2026-09-06T10:57:10.0907494+08:00 pid=20148 tid=12 left-down x=2024 y=1163 wordForeground=True
2026-09-06T10:58:00.9909183+08:00 pid=20148 tid=12 left-down x=1140 y=1210 wordForeground=True
2026-09-06T10:58:01.6581051+08:00 pid=20148 tid=12 left-down x=1140 y=1210 wordForeground=True
2026-09-06T10:59:31.9600134+08:00 pid=20148 tid=12 left-down x=846 y=1203 wordForeground=False
2026-09-06T10:59:35.0126997+08:00 pid=20148 tid=12 left-down x=2211 y=1232 wordForeground=True
2026-09-06T10:59:37.6944473+08:00 pid=20148 tid=12 left-down x=1718 y=1090 wordForeground=True
2026-09-06T10:59:38.8799025+08:00 pid=20148 tid=12 left-down x=1634 y=1069 wordForeground=True
2026-09-06T10:59:43.3608139+08:00 pid=20148 tid=12 left-down x=1838 y=818 wordForeground=True
2026-09-06T11:00:22.1788661+08:00 pid=20148 tid=12 left-down x=1155 y=1210 wordForeground=True
2026-09-06T11:00:22.8062014+08:00 pid=20148 tid=12 left-down x=1155 y=1210 wordForeground=True
2026-09-06T11:01:26.1049433+08:00 pid=20148 tid=12 left-down x=1155 y=1060 wordForeground=True
2026-09-06T11:01:26.7215433+08:00 pid=20148 tid=12 left-down x=1155 y=1060 wordForeground=True
2026-09-06T11:03:20.3424357+08:00 pid=20148 tid=12 left-down x=872 y=865 wordForeground=False
2026-09-06T11:03:29.6556326+08:00 pid=20148 tid=12 left-down x=1190 y=747 wordForeground=False
2026-09-06T11:03:44.3463464+08:00 pid=20148 tid=12 left-down x=2024 y=1163 wordForeground=True
2026-09-06T11:04:28.7641553+08:00 pid=20148 tid=12 left-down x=1155 y=1210 wordForeground=True
2026-09-06T11:04:29.4638412+08:00 pid=20148 tid=12 left-down x=1155 y=1210 wordForeground=True
2026-09-06T11:04:49.1054641+08:00 pid=20148 tid=12 left-down x=1838 y=688 wordForeground=True
2026-09-06T11:05:33.4146540+08:00 pid=20148 tid=12 left-down x=1140 y=1207 wordForeground=True
2026-09-06T11:05:34.0942415+08:00 pid=20148 tid=12 left-down x=1140 y=1207 wordForeground=True
2026-09-06T11:06:57.5755099+08:00 pid=20148 tid=12 left-down x=1382 y=1120 wordForeground=False
2026-09-06T11:07:00.4148765+08:00 pid=20148 tid=12 left-down x=2178 y=458 wordForeground=False
2026-09-06T11:07:02.7938271+08:00 pid=20148 tid=12 left-down x=2492 y=460 wordForeground=False
2026-09-06T11:07:53.1966877+08:00 pid=20148 tid=12 left-down x=795 y=1222 wordForeground=False
2026-09-06T11:07:57.9473614+08:00 pid=20148 tid=12 left-down x=2315 y=1180 wordForeground=True
2026-09-06T11:09:30.4314205+08:00 pid=20148 tid=12 left-down x=2178 y=458 wordForeground=False
2026-09-06T11:10:07.5452281+08:00 pid=20148 tid=12 left-down x=1382 y=1120 wordForeground=False
2026-09-06T11:10:10.3215939+08:00 pid=20148 tid=12 left-down x=2492 y=460 wordForeground=False
2026-09-06T11:14:03.7641983+08:00 pid=20148 tid=12 left-down x=1190 y=747 wordForeground=False
2026-09-06T11:14:07.1907629+08:00 pid=20148 tid=12 left-down x=1665 y=747 wordForeground=False
2026-09-06T11:14:21.8182984+08:00 pid=20148 tid=12 left-down x=1190 y=747 wordForeground=False
2026-09-06T11:14:25.0576592+08:00 pid=20148 tid=12 left-down x=1665 y=747 wordForeground=False
2026-09-06T11:14:39.2652556+08:00 pid=20148 tid=12 left-down x=1190 y=747 wordForeground=False
2026-09-06T11:15:52.2417079+08:00 pid=20148 tid=12 left-down x=2024 y=1187 wordForeground=True
2026-09-06T11:17:35.2960446+08:00 pid=20148 tid=12 left-down x=1838 y=774 wordForeground=True
2026-09-06T11:20:19.2224076+08:00 pid=20148 tid=12 left-down x=1072 y=2130 wordForeground=False
2026-09-06T11:20:22.9967706+08:00 pid=20148 tid=12 left-down x=2255 y=1372 wordForeground=True
2026-09-06T11:20:24.0991420+08:00 pid=20148 tid=12 left-down x=2198 y=1441 wordForeground=True
2026-09-06T11:21:15.7738598+08:00 pid=20148 tid=12 left-down x=795 y=1238 wordForeground=False
2026-09-06T11:21:18.1074847+08:00 pid=20148 tid=12 left-down x=2192 y=1367 wordForeground=True
2026-09-06T11:21:19.1963727+08:00 pid=20148 tid=12 left-down x=740 y=1215 wordForeground=False
2026-09-06T11:22:20.7223726+08:00 pid=20148 tid=12 left-down x=1190 y=747 wordForeground=False
2026-09-06T11:22:23.6988242+08:00 pid=20148 tid=12 left-down x=1665 y=747 wordForeground=False
2026-09-06T11:22:37.6172311+08:00 pid=20148 tid=12 left-down x=1190 y=747 wordForeground=False
2026-09-06T11:22:41.3474548+08:00 pid=20148 tid=12 left-down x=1665 y=747 wordForeground=False
2026-09-06T11:22:55.1542301+08:00 pid=20148 tid=12 left-down x=1190 y=747 wordForeground=False
2026-09-06T11:23:11.7258822+08:00 pid=20148 tid=12 left-down x=2024 y=1187 wordForeground=True
2026-09-06T11:24:09.7255073+08:00 pid=20148 tid=12 left-down x=809 y=1245 wordForeground=False
2026-09-06T11:24:16.5545400+08:00 pid=20148 tid=12 left-down x=199 y=1498 wordForeground=False
2026-09-06T11:24:17.3341441+08:00 pid=20148 tid=12 left-down x=206 y=1485 wordForeground=False
2026-09-06T11:24:19.2970452+08:00 pid=20148 tid=12 left-down x=2049 y=1405 wordForeground=True
2026-09-06T11:30:08.9991069+08:00 pid=20148 tid=12 left-down x=1838 y=688 wordForeground=True
2026-09-06T11:30:56.8861917+08:00 pid=20148 tid=12 left-down x=1155 y=1337 wordForeground=True
2026-09-06T11:30:57.5194990+08:00 pid=20148 tid=12 left-down x=1155 y=1337 wordForeground=True
2026-09-06T11:42:00.5254876+08:00 pid=20148 tid=12 left-down x=806 y=1112 wordForeground=False
2026-09-06T11:42:44.5735382+08:00 pid=20148 tid=12 left-down x=239 y=1463 wordForeground=False
2026-09-06T11:42:48.4253682+08:00 pid=20148 tid=12 left-down x=1500 y=1569 wordForeground=True
2026-09-06T11:42:49.7916668+08:00 pid=20148 tid=12 left-down x=661 y=1211 wordForeground=False
2026-09-06T11:42:51.9308876+08:00 pid=20148 tid=12 left-down x=1925 y=1462 wordForeground=False
2026-09-06T11:42:57.7678402+08:00 pid=20148 tid=12 left-down x=1927 y=477 wordForeground=False
2026-09-06T11:43:13.8220484+08:00 pid=20148 tid=12 left-down x=2392 y=184 wordForeground=False
2026-09-06T11:43:16.4107623+08:00 pid=20148 tid=12 left-down x=145 y=94 wordForeground=False
2026-09-06T11:43:19.8766755+08:00 pid=20148 tid=12 left-down x=343 y=307 wordForeground=False
2026-09-06T11:43:22.7144083+08:00 pid=20148 tid=12 left-down x=1441 y=2145 wordForeground=False
2026-09-06T11:43:25.0487980+08:00 pid=20148 tid=12 left-down x=1057 y=2123 wordForeground=False
2026-09-06T11:43:26.2403910+08:00 pid=20148 tid=12 left-down x=1355 y=2138 wordForeground=False
2026-09-06T11:43:41.0365172+08:00 pid=20148 tid=12 left-down x=1076 y=1158 wordForeground=False
2026-09-06T11:43:49.2681208+08:00 pid=20148 tid=12 left-down x=1360 y=2079 wordForeground=False
2026-09-06T11:44:01.9189065+08:00 pid=20148 tid=12 left-down x=1353 y=2049 wordForeground=False
2026-09-06T11:44:04.2010866+08:00 pid=20148 tid=12 left-down x=1902 y=1224 wordForeground=True
2026-09-06T11:44:05.8663121+08:00 pid=20148 tid=12 left-down x=1620 y=1535 wordForeground=True
2026-09-06T11:44:07.9619634+08:00 pid=20148 tid=12 left-down x=880 y=1260 wordForeground=False
2026-09-06T11:48:43.8565989+08:00 pid=20148 tid=12 left-down x=1618 y=1245 wordForeground=True
2026-09-06T11:48:46.1205346+08:00 pid=20148 tid=12 left-down x=788 y=1222 wordForeground=False
2026-09-06T11:48:50.5570732+08:00 pid=20148 tid=12 left-down x=1329 y=1606 wordForeground=True
2026-09-06T11:48:55.4200759+08:00 pid=20148 tid=12 left-down x=780 y=1237 wordForeground=False
2026-09-06T11:48:59.3604824+08:00 pid=20148 tid=12 left-down x=1347 y=1604 wordForeground=True
2026-09-06T11:53:50.6124154+08:00 pid=20148 tid=12 left-down x=1083 y=2146 wordForeground=False
2026-09-06T11:54:07.2868248+08:00 pid=20148 tid=12 left-down x=1984 y=1086 wordForeground=True
2026-09-06T11:56:54.2772315+08:00 pid=20148 tid=12 left-down x=2024 y=1187 wordForeground=True
2026-09-06T11:57:01.9845047+08:00 pid=20148 tid=12 left-down x=1838 y=818 wordForeground=True
2026-09-06T12:09:32.5388502+08:00 pid=20148 tid=12 left-down x=2024 y=1187 wordForeground=True
2026-09-06T12:10:06.8497119+08:00 pid=20148 tid=12 left-down x=1838 y=688 wordForeground=True
2026-09-06T12:10:49.0415734+08:00 pid=20148 tid=12 left-down x=1151 y=1515 wordForeground=True
2026-09-06T12:10:49.5346445+08:00 pid=20148 tid=12 left-down x=1151 y=1515 wordForeground=True
2026-09-06T12:10:49.5346445+08:00 pid=20148 tid=12 double-click elapsedMs=493.143 withinX=True withinY=True nativeOleTarget=False suppressSecondDown=False dispatchCallback=True
2026-09-06T12:10:49.6262095+08:00 pid=20148 tid=10 callback-begin interceptedNativeOle=False x=1151 y=1515
2026-09-06T12:10:49.6262095+08:00 pid=20148 tid=10 addin-callback-received interceptedNativeOle=False x=1151 y=1515
2026-09-06T12:10:49.6262095+08:00 pid=20148 tid=10 callback-end
2026-09-06T12:10:49.6282121+08:00 pid=20148 tid=1 addin-coordinate-selection formulaId=<null> objectMode=<null>
2026-09-06T12:12:07.6185224+08:00 pid=20148 tid=12 left-down x=1838 y=774 wordForeground=True
2026-09-06T12:12:58.9204557+08:00 pid=20148 tid=12 left-down x=1170 y=1320 wordForeground=True
2026-09-06T12:12:59.5500999+08:00 pid=20148 tid=12 left-down x=1170 y=1320 wordForeground=True
2026-09-06T12:16:38.5248463+08:00 pid=20148 tid=12 left-down x=801 y=814 wordForeground=False
2026-09-06T12:16:40.2516683+08:00 pid=20148 tid=12 left-down x=1006 y=849 wordForeground=False
2026-09-06T12:19:30.0091798+08:00 pid=20148 tid=12 left-down x=2024 y=1187 wordForeground=True
2026-09-06T12:19:37.7798691+08:00 pid=20148 tid=12 left-down x=1838 y=688 wordForeground=True
2026-09-06T12:30:33.2959295+08:00 pid=20148 tid=12 left-down x=2024 y=1187 wordForeground=True
2026-09-06T12:36:36.9092979+08:00 pid=20148 tid=12 left-down x=2024 y=1187 wordForeground=True
2026-09-06T12:38:56.3843677+08:00 pid=20148 tid=12 left-down x=2024 y=1187 wordForeground=True
2026-09-06T12:40:48.8975840+08:00 pid=20148 tid=12 left-down x=1838 y=860 wordForeground=True
2026-09-06T12:41:32.7577908+08:00 pid=20148 tid=12 left-down x=1183 y=1627 wordForeground=True
2026-09-06T12:41:33.4764555+08:00 pid=20148 tid=12 left-down x=1183 y=1627 wordForeground=True
2026-09-06T12:42:48.8467762+08:00 pid=20148 tid=12 left-down x=1838 y=732 wordForeground=True
2026-09-06T12:44:29.4136601+08:00 pid=20148 tid=12 left-down x=1838 y=688 wordForeground=True
2026-09-06T12:51:11.8038344+08:00 pid=20148 tid=12 left-down x=1302 y=747 wordForeground=False
2026-09-06T12:52:22.1810568+08:00 pid=20148 tid=12 left-down x=2058 y=1197 wordForeground=True
2026-09-06T12:59:17.3639736+08:00 pid=20148 tid=12 left-down x=1302 y=747 wordForeground=False
2026-09-06T13:00:33.9441493+08:00 pid=20148 tid=12 left-down x=2024 y=1163 wordForeground=True
2026-09-06T13:03:50.0981974+08:00 pid=20148 tid=12 left-down x=846 y=1216 wordForeground=False
2026-09-06T13:04:06.9488983+08:00 pid=20148 tid=12 left-down x=1992 y=1336 wordForeground=True
2026-09-06T13:04:08.9789505+08:00 pid=20148 tid=12 left-down x=1947 y=1234 wordForeground=True
2026-09-06T13:04:10.6705949+08:00 pid=20148 tid=12 left-down x=1796 y=1396 wordForeground=True
2026-09-06T13:04:11.8625231+08:00 pid=20148 tid=12 left-down x=1602 y=1458 wordForeground=True
2026-09-06T13:05:18.7715826+08:00 pid=20148 tid=12 left-down x=851 y=1174 wordForeground=False
2026-09-06T13:06:18.0975641+08:00 pid=20148 tid=12 left-down x=1302 y=747 wordForeground=False
2026-09-06T13:08:48.4918503+08:00 pid=20148 tid=12 left-down x=1302 y=747 wordForeground=True
2026-09-06T13:09:21.8696234+08:00 pid=20148 tid=12 left-down x=807 y=1221 wordForeground=False
2026-09-06T13:09:26.9718934+08:00 pid=20148 tid=12 left-down x=2025 y=1437 wordForeground=True
2026-09-06T13:09:28.4105231+08:00 pid=20148 tid=12 left-down x=1854 y=1262 wordForeground=True
2026-09-06T13:09:29.5450014+08:00 pid=20148 tid=12 left-down x=1605 y=1330 wordForeground=True
2026-09-06T13:11:25.8115890+08:00 pid=20148 tid=12 left-down x=2024 y=1163 wordForeground=True
2026-09-06T13:14:21.9686709+08:00 pid=20148 tid=12 left-down x=801 y=1230 wordForeground=False
2026-09-06T13:14:42.2202520+08:00 pid=20148 tid=12 left-down x=909 y=1354 wordForeground=False
2026-09-06T13:16:13.2834225+08:00 pid=20148 tid=12 left-down x=854 y=1380 wordForeground=False
2026-09-06T13:16:15.5907848+08:00 pid=20148 tid=12 left-down x=1838 y=1436 wordForeground=False
2026-09-06T13:20:48.7546949+08:00 pid=20148 tid=12 left-down x=897 y=1337 wordForeground=False
2026-09-06T13:22:16.6390641+08:00 pid=20148 tid=12 left-down x=1079 y=2134 wordForeground=False
2026-09-06T13:23:31.3662963+08:00 pid=20148 tid=12 left-down x=912 y=1198 wordForeground=False
2026-09-06T13:23:56.6857419+08:00 pid=20148 tid=12 left-down x=300 y=15 wordForeground=False
2026-09-06T13:25:29.6188172+08:00 pid=20148 tid=12 left-down x=832 y=1274 wordForeground=False
2026-09-06T13:28:26.7433858+08:00 pid=20148 tid=12 left-down x=663 y=1262 wordForeground=False
2026-09-06T13:28:53.4311238+08:00 pid=20148 tid=12 left-down x=1317 y=747 wordForeground=False
2026-09-06T13:28:56.9109495+08:00 pid=20148 tid=12 left-down x=1792 y=747 wordForeground=False
2026-09-06T13:29:59.2091301+08:00 pid=20148 tid=12 left-down x=1317 y=747 wordForeground=False
2026-09-06T13:30:02.6775465+08:00 pid=20148 tid=12 left-down x=1792 y=747 wordForeground=False
2026-09-06T13:31:57.1483703+08:00 pid=20148 tid=12 left-down x=2024 y=1187 wordForeground=True
2026-09-06T13:33:21.8021269+08:00 pid=20148 tid=12 left-down x=895 y=904 wordForeground=False
2026-09-06T13:34:33.9799275+08:00 pid=20148 tid=12 left-down x=1838 y=860 wordForeground=True
2026-09-06T13:35:09.2710326+08:00 pid=20148 tid=12 left-down x=766 y=1265 wordForeground=False
2026-09-06T13:40:46.5706895+08:00 pid=20148 tid=12 left-down x=1317 y=747 wordForeground=False
2026-09-06T13:40:50.0342560+08:00 pid=20148 tid=12 left-down x=1792 y=747 wordForeground=False
2026-09-06T13:41:58.4448886+08:00 pid=20148 tid=12 left-down x=1317 y=747 wordForeground=False
2026-09-06T13:42:01.6964545+08:00 pid=20148 tid=12 left-down x=1792 y=747 wordForeground=False
2026-09-06T13:43:10.8431177+08:00 pid=20148 tid=12 left-down x=2024 y=1187 wordForeground=True
2026-09-06T13:51:23.6149850+08:00 pid=20148 tid=12 left-down x=1172 y=1508 wordForeground=True
2026-09-06T13:51:24.3314750+08:00 pid=20148 tid=12 left-down x=1172 y=1508 wordForeground=True
2026-09-06T13:52:14.9805677+08:00 pid=20148 tid=12 left-down x=1172 y=1088 wordForeground=True
2026-09-06T13:52:15.6062988+08:00 pid=20148 tid=12 left-down x=1172 y=1088 wordForeground=True
2026-09-06T13:56:11.1618218+08:00 pid=20148 tid=12 left-down x=1317 y=747 wordForeground=False
2026-09-06T13:56:14.4765014+08:00 pid=20148 tid=12 left-down x=1792 y=747 wordForeground=False
2026-09-06T13:57:06.7333464+08:00 pid=20148 tid=12 left-down x=1317 y=747 wordForeground=False
2026-09-06T13:57:10.2232778+08:00 pid=20148 tid=12 left-down x=1792 y=747 wordForeground=False
2026-09-06T13:58:06.6301883+08:00 pid=20148 tid=12 left-down x=2024 y=1187 wordForeground=True
2026-09-06T14:03:33.6400457+08:00 pid=20148 tid=12 left-down x=1317 y=747 wordForeground=False
2026-09-06T14:03:36.6701079+08:00 pid=20148 tid=12 left-down x=1792 y=747 wordForeground=False
2026-09-06T14:04:17.1391336+08:00 pid=20148 tid=12 left-down x=1317 y=747 wordForeground=False
2026-09-06T14:04:20.5150268+08:00 pid=20148 tid=12 left-down x=1792 y=747 wordForeground=False
2026-09-06T14:05:25.6447331+08:00 pid=20148 tid=12 left-down x=2024 y=1187 wordForeground=True
2026-09-06T14:07:17.4677247+08:00 pid=20148 tid=12 left-down x=1838 y=688 wordForeground=True
2026-09-06T14:08:17.2621447+08:00 pid=20148 tid=12 left-down x=1141 y=1508 wordForeground=True
2026-09-06T14:08:17.7893304+08:00 pid=20148 tid=12 left-down x=1141 y=1508 wordForeground=True
2026-09-06T14:13:47.3022057+08:00 pid=20148 tid=12 left-down x=1141 y=1508 wordForeground=True
2026-09-06T14:13:47.8214771+08:00 pid=20148 tid=12 left-down x=1141 y=1508 wordForeground=True
2026-09-06T14:16:21.2335965+08:00 pid=20148 tid=12 left-down x=1317 y=747 wordForeground=False
2026-09-06T14:16:24.3475146+08:00 pid=20148 tid=12 left-down x=1792 y=747 wordForeground=False
2026-09-06T14:17:35.9888731+08:00 pid=20148 tid=12 left-down x=1317 y=747 wordForeground=False
2026-09-06T14:17:39.5952734+08:00 pid=20148 tid=12 left-down x=1792 y=747 wordForeground=False
2026-09-06T14:18:31.9607090+08:00 pid=20148 tid=12 left-down x=2024 y=1187 wordForeground=True
2026-09-06T14:20:29.0222611+08:00 pid=20148 tid=12 left-down x=1838 y=860 wordForeground=True
2026-09-06T14:21:51.7536091+08:00 pid=20148 tid=12 left-down x=1172 y=1568 wordForeground=True
2026-09-06T14:21:52.2599795+08:00 pid=20148 tid=12 left-down x=1172 y=1568 wordForeground=True
2026-09-06T14:22:33.7058327+08:00 pid=20148 tid=12 left-down x=1382 y=1120 wordForeground=False
2026-09-06T14:22:36.0367312+08:00 pid=20148 tid=12 left-down x=2178 y=458 wordForeground=False
2026-09-06T14:22:38.5745539+08:00 pid=20148 tid=12 left-down x=2492 y=460 wordForeground=False
2026-09-06T14:30:55.2956707+08:00 pid=20148 tid=12 left-down x=1382 y=1120 wordForeground=False
2026-09-06T14:30:57.5451733+08:00 pid=20148 tid=12 left-down x=2178 y=458 wordForeground=False
2026-09-06T14:30:59.7420261+08:00 pid=20148 tid=12 left-down x=2492 y=460 wordForeground=False
2026-09-06T14:32:40.7396451+08:00 pid=20148 tid=12 left-down x=2332 y=460 wordForeground=False
2026-09-06T14:37:41.3780815+08:00 pid=20148 tid=12 left-down x=1382 y=1120 wordForeground=False
2026-09-06T14:37:43.8667788+08:00 pid=20148 tid=12 left-down x=2332 y=460 wordForeground=False
2026-09-06T14:37:46.3028919+08:00 pid=20148 tid=12 left-down x=2492 y=460 wordForeground=False
2026-09-06T14:39:07.0785248+08:00 pid=20148 tid=12 left-down x=2024 y=1259 wordForeground=True
2026-09-06T14:39:15.7536842+08:00 pid=20148 tid=12 left-down x=1838 y=688 wordForeground=True
2026-09-06T14:46:03.5392402+08:00 pid=20148 tid=12 left-down x=1838 y=860 wordForeground=True
2026-09-06T14:46:11.7503484+08:00 pid=20148 tid=12 left-down x=1382 y=1120 wordForeground=False
2026-09-06T14:47:28.2249379+08:00 pid=20148 tid=12 left-down x=2332 y=460 wordForeground=False
2026-09-06T14:47:31.0190124+08:00 pid=20148 tid=12 left-down x=2492 y=460 wordForeground=False
2026-09-06T14:48:36.4725082+08:00 pid=20148 tid=12 left-down x=2024 y=1259 wordForeground=True
2026-09-06T14:48:44.6680096+08:00 pid=20148 tid=12 left-down x=1838 y=688 wordForeground=True
2026-09-06T14:49:33.0355364+08:00 pid=20148 tid=12 left-down x=1136 y=1941 wordForeground=True
2026-09-06T14:49:33.5558313+08:00 pid=20148 tid=12 left-down x=1136 y=1941 wordForeground=True
2026-09-06T14:50:13.0910324+08:00 pid=20148 tid=12 left-down x=1838 y=860 wordForeground=True
2026-09-06T14:53:21.6012274+08:00 pid=20148 tid=12 left-down x=1838 y=688 wordForeground=True
2026-09-06T14:53:30.5137468+08:00 pid=20148 tid=12 left-down x=1382 y=1120 wordForeground=False
2026-09-06T14:53:33.3710921+08:00 pid=20148 tid=12 left-down x=2332 y=460 wordForeground=False
2026-09-06T14:53:35.3932947+08:00 pid=20148 tid=12 left-down x=2492 y=460 wordForeground=False
2026-09-06T14:55:35.7690504+08:00 pid=20148 tid=12 left-down x=2024 y=1187 wordForeground=True
2026-09-06T14:59:40.4037152+08:00 pid=20148 tid=12 left-down x=1776 y=1270 wordForeground=False
2026-09-06T15:07:01.9909782+08:00 pid=20148 tid=12 left-down x=1140 y=1245 wordForeground=True
2026-09-06T15:07:02.3341252+08:00 pid=20148 tid=12 left-down x=1140 y=1245 wordForeground=True
2026-09-06T15:07:02.3341252+08:00 pid=20148 tid=12 double-click elapsedMs=342.417 withinX=True withinY=True nativeOleTarget=False suppressSecondDown=False dispatchCallback=True
2026-09-06T15:07:02.4349740+08:00 pid=20148 tid=10 callback-begin interceptedNativeOle=False x=1140 y=1245
2026-09-06T15:07:02.4349740+08:00 pid=20148 tid=10 addin-callback-received interceptedNativeOle=False x=1140 y=1245
2026-09-06T15:07:02.4349740+08:00 pid=20148 tid=10 callback-end
2026-09-06T15:07:02.4369747+08:00 pid=20148 tid=1 addin-coordinate-selection formulaId=<null> objectMode=<null>
2026-09-06T15:09:35.8535679+08:00 pid=20148 tid=12 left-down x=1776 y=1270 wordForeground=False
2026-09-06T15:21:11.1115911+08:00 pid=20148 tid=12 left-down x=1838 y=688 wordForeground=True
2026-09-06T15:21:35.3632582+08:00 pid=20148 tid=12 left-down x=1382 y=1120 wordForeground=False
2026-09-06T15:21:38.1788334+08:00 pid=20148 tid=12 left-down x=2332 y=460 wordForeground=False
2026-09-06T15:21:40.7051483+08:00 pid=20148 tid=12 left-down x=2492 y=460 wordForeground=False
2026-09-06T15:22:32.9139404+08:00 pid=20148 tid=12 left-down x=2024 y=1187 wordForeground=True
2026-09-06T15:26:37.0324354+08:00 pid=20148 tid=12 left-down x=1140 y=1088 wordForeground=True
2026-09-06T15:26:37.5514450+08:00 pid=20148 tid=12 left-down x=1140 y=1088 wordForeground=True
2026-09-06T15:27:09.6727076+08:00 pid=20148 tid=12 left-down x=1838 y=688 wordForeground=True
2026-09-06T15:27:52.0896183+08:00 pid=20148 tid=12 left-down x=1382 y=1120 wordForeground=False
2026-09-06T15:27:54.9379775+08:00 pid=20148 tid=12 left-down x=2332 y=460 wordForeground=False
2026-09-06T15:27:57.3255877+08:00 pid=20148 tid=12 left-down x=2492 y=460 wordForeground=False
2026-09-06T15:29:57.6575343+08:00 pid=20148 tid=12 left-down x=1776 y=1270 wordForeground=False
2026-09-06T15:30:43.7330133+08:00 pid=20148 tid=12 left-down x=2024 y=1187 wordForeground=True
2026-09-06T15:31:48.9482474+08:00 pid=20148 tid=12 left-down x=698 y=1234 wordForeground=False
2026-09-06T15:31:52.5167800+08:00 pid=20148 tid=12 left-down x=1685 y=1610 wordForeground=True
2026-09-06T15:33:03.7546192+08:00 pid=20148 tid=12 left-down x=1838 y=860 wordForeground=True
2026-09-06T15:33:48.7741401+08:00 pid=20148 tid=12 left-down x=219 y=1479 wordForeground=False
2026-09-06T15:33:54.3628705+08:00 pid=20148 tid=12 left-down x=1323 y=1598 wordForeground=False
2026-09-06T15:35:00.9585220+08:00 pid=20148 tid=12 left-down x=1170 y=1088 wordForeground=True
2026-09-06T15:35:01.4875019+08:00 pid=20148 tid=12 left-down x=1170 y=1088 wordForeground=True
2026-09-06T15:35:43.6506863+08:00 pid=20148 tid=12 left-down x=837 y=1166 wordForeground=False
2026-09-06T15:36:00.5579994+08:00 pid=20148 tid=12 left-down x=2078 y=1366 wordForeground=True
2026-09-06T15:37:05.9545557+08:00 pid=20148 tid=12 left-down x=1776 y=1270 wordForeground=False
2026-09-06T15:46:37.5417471+08:00 pid=20148 tid=12 left-down x=1838 y=688 wordForeground=True
2026-09-06T15:46:46.1990040+08:00 pid=20148 tid=12 left-down x=1382 y=1120 wordForeground=False
2026-09-06T15:46:49.3951443+08:00 pid=20148 tid=12 left-down x=2332 y=460 wordForeground=False
2026-09-06T15:46:51.4023669+08:00 pid=20148 tid=12 left-down x=2492 y=460 wordForeground=False
2026-09-06T15:49:13.2354827+08:00 pid=20148 tid=12 left-down x=1776 y=1270 wordForeground=False
2026-09-06T15:50:01.3538033+08:00 pid=20148 tid=12 left-down x=2024 y=1187 wordForeground=True
2026-09-06T15:50:10.3019976+08:00 pid=20148 tid=12 left-down x=1838 y=860 wordForeground=True
2026-09-06T15:54:09.7626905+08:00 pid=20148 tid=12 left-down x=1170 y=1118 wordForeground=True
2026-09-06T15:54:10.3185871+08:00 pid=20148 tid=12 left-down x=1170 y=1118 wordForeground=True
2026-09-06T15:54:20.8223705+08:00 pid=20148 tid=12 left-down x=1776 y=1270 wordForeground=False
2026-09-06T15:55:19.5395584+08:00 pid=20148 tid=12 left-down x=758 y=1250 wordForeground=False
2026-09-06T15:55:45.6688210+08:00 pid=20148 tid=12 left-down x=820 y=1253 wordForeground=False
2026-09-06T15:55:57.2412395+08:00 pid=20148 tid=12 left-down x=2051 y=1093 wordForeground=True
2026-09-06T15:57:05.1595958+08:00 pid=20148 tid=12 left-down x=763 y=1216 wordForeground=False
2026-09-06T15:57:07.2731301+08:00 pid=20148 tid=12 left-down x=2028 y=1110 wordForeground=True
2026-09-06T15:57:10.2644132+08:00 pid=20148 tid=12 left-down x=770 y=1090 wordForeground=False
2026-09-06T15:57:12.1008587+08:00 pid=20148 tid=12 left-down x=618 y=1046 wordForeground=False
2026-09-06T15:57:16.2320444+08:00 pid=20148 tid=12 left-down x=1892 y=402 wordForeground=False
2026-09-06T15:57:21.2327304+08:00 pid=20148 tid=12 left-down x=1965 y=1091 wordForeground=True
2026-09-06T15:57:24.6088021+08:00 pid=20148 tid=12 left-down x=717 y=1085 wordForeground=False
2026-09-06T15:57:26.9493927+08:00 pid=20148 tid=12 left-down x=620 y=1012 wordForeground=False
2026-09-06T15:57:29.4739764+08:00 pid=20148 tid=12 left-down x=1896 y=398 wordForeground=False
2026-09-06T15:57:34.0865818+08:00 pid=20148 tid=12 left-down x=1979 y=1077 wordForeground=True
2026-09-06T16:04:19.8244391+08:00 pid=20148 tid=12 left-down x=153 y=1448 wordForeground=False
2026-09-06T16:04:23.2240523+08:00 pid=20148 tid=12 left-down x=963 y=1227 wordForeground=False
2026-09-06T16:05:05.9524383+08:00 pid=20148 tid=12 left-down x=1838 y=688 wordForeground=True
2026-09-06T16:05:14.4560247+08:00 pid=20148 tid=12 left-down x=1382 y=1120 wordForeground=False
2026-09-06T16:05:17.1410410+08:00 pid=20148 tid=12 left-down x=2332 y=460 wordForeground=False
2026-09-06T16:05:19.7362870+08:00 pid=20148 tid=12 left-down x=2492 y=460 wordForeground=False
2026-09-06T16:06:52.6471464+08:00 pid=20148 tid=12 left-down x=1776 y=1270 wordForeground=False
2026-09-06T16:08:00.7019467+08:00 pid=20148 tid=12 left-down x=2024 y=1187 wordForeground=True
2026-09-06T16:08:21.3531248+08:00 pid=20148 tid=12 left-down x=1838 y=860 wordForeground=True
2026-09-06T16:12:08.5709918+08:00 pid=20148 tid=12 left-down x=1776 y=1270 wordForeground=False
2026-09-06T16:15:16.4325335+08:00 pid=20148 tid=12 left-down x=772 y=1266 wordForeground=False
2026-09-06T16:15:25.3618387+08:00 pid=20148 tid=12 left-down x=1844 y=1725 wordForeground=True
2026-09-06T16:18:12.2411255+08:00 pid=20148 tid=12 left-down x=1776 y=1270 wordForeground=False
2026-09-06T16:26:34.5322578+08:00 pid=20148 tid=12 left-down x=1382 y=1120 wordForeground=False
2026-09-06T16:26:37.0978502+08:00 pid=20148 tid=12 left-down x=2332 y=460 wordForeground=False
2026-09-06T16:26:39.4252663+08:00 pid=20148 tid=12 left-down x=2492 y=460 wordForeground=False
2026-09-06T16:27:41.7493284+08:00 pid=20148 tid=12 left-down x=713 y=1227 wordForeground=False
2026-09-06T16:27:47.3510643+08:00 pid=20148 tid=12 left-down x=1874 y=1436 wordForeground=True
2026-09-06T16:27:58.1341423+08:00 pid=20148 tid=12 left-down x=700 y=1238 wordForeground=False
2026-09-06T16:28:03.3147644+08:00 pid=20148 tid=12 left-down x=1742 y=1814 wordForeground=True
2026-09-06T16:28:20.8257673+08:00 pid=20148 tid=12 left-down x=2024 y=1187 wordForeground=True
2026-09-06T16:29:40.6382889+08:00 pid=20148 tid=12 left-down x=1172 y=1836 wordForeground=True
2026-09-06T16:29:41.4758010+08:00 pid=20148 tid=12 left-down x=1172 y=1836 wordForeground=True
2026-09-06T16:30:25.2135962+08:00 pid=20148 tid=12 left-down x=739 y=1231 wordForeground=False
2026-09-06T16:30:36.8558374+08:00 pid=20148 tid=12 left-down x=1776 y=1270 wordForeground=False
2026-09-06T16:40:50.9729308+08:00 pid=20148 tid=12 left-down x=1382 y=1120 wordForeground=False
2026-09-06T16:40:53.5394103+08:00 pid=20148 tid=12 left-down x=2332 y=460 wordForeground=False
2026-09-06T16:40:55.7982077+08:00 pid=20148 tid=12 left-down x=2492 y=460 wordForeground=False
2026-09-06T16:43:16.1488636+08:00 pid=20148 tid=12 left-down x=1776 y=1270 wordForeground=False
2026-09-06T16:44:46.8688372+08:00 pid=20148 tid=12 left-down x=2024 y=1187 wordForeground=True
2026-09-06T16:45:51.8913245+08:00 pid=20148 tid=12 left-down x=691 y=1252 wordForeground=False
2026-09-06T16:46:01.4540703+08:00 pid=20148 tid=12 left-down x=191 y=1485 wordForeground=False
2026-09-06T16:46:04.5637153+08:00 pid=20148 tid=12 left-down x=2508 y=1121 wordForeground=True
2026-09-06T16:47:32.0912566+08:00 pid=20148 tid=12 left-down x=776 y=1255 wordForeground=False
2026-09-06T16:47:45.5119564+08:00 pid=20148 tid=12 left-down x=710 y=994 wordForeground=False
2026-09-06T16:47:47.1010529+08:00 pid=20148 tid=12 left-down x=699 y=1023 wordForeground=False
2026-09-06T16:47:48.8224215+08:00 pid=20148 tid=12 left-down x=743 y=1042 wordForeground=False
2026-09-06T16:47:51.4086508+08:00 pid=20148 tid=12 left-down x=764 y=1021 wordForeground=False
2026-09-06T16:47:55.2826561+08:00 pid=20148 tid=12 left-down x=831 y=1077 wordForeground=False
2026-09-06T16:48:05.6342833+08:00 pid=20148 tid=12 left-down x=1046 y=1329 wordForeground=False
2026-09-06T16:48:39.8112216+08:00 pid=20148 tid=12 left-down x=271 y=1440 wordForeground=False
2026-09-06T16:48:41.5468625+08:00 pid=20148 tid=12 left-down x=253 y=1462 wordForeground=False
2026-09-06T16:48:45.6259331+08:00 pid=20148 tid=12 left-down x=270 y=1333 wordForeground=False
2026-09-06T16:48:47.6029139+08:00 pid=20148 tid=12 left-down x=196 y=705 wordForeground=False
2026-09-06T16:48:52.5713697+08:00 pid=20148 tid=12 left-down x=135 y=384 wordForeground=False
2026-09-06T16:58:20.0742189+08:00 pid=20148 tid=12 left-down x=1382 y=1120 wordForeground=False
2026-09-06T16:58:22.8104201+08:00 pid=20148 tid=12 left-down x=2332 y=460 wordForeground=False
2026-09-06T16:58:25.6014460+08:00 pid=20148 tid=12 left-down x=2492 y=460 wordForeground=False
2026-09-06T16:59:25.2795259+08:00 pid=20148 tid=12 left-down x=1776 y=1270 wordForeground=False
2026-09-06T17:00:19.6026910+08:00 pid=20148 tid=12 left-down x=2024 y=1187 wordForeground=True
2026-09-06T17:03:55.3581934+08:00 pid=20148 tid=12 left-down x=711 y=1181 wordForeground=False
2026-09-06T17:04:03.3145738+08:00 pid=20148 tid=12 left-down x=2039 y=1034 wordForeground=True
2026-09-06T17:04:13.0609255+08:00 pid=20148 tid=12 left-down x=759 y=1233 wordForeground=False
2026-09-06T17:06:42.0155863+08:00 pid=20148 tid=12 left-down x=672 y=1256 wordForeground=False
2026-09-06T17:06:50.6101857+08:00 pid=20148 tid=12 left-down x=250 y=1460 wordForeground=False
2026-09-06T17:06:53.7378471+08:00 pid=20148 tid=12 left-down x=902 y=1143 wordForeground=False
2026-09-06T17:08:08.2576772+08:00 pid=20148 tid=12 left-down x=1382 y=1120 wordForeground=False
2026-09-06T17:08:10.6809952+08:00 pid=20148 tid=12 left-down x=2332 y=460 wordForeground=False
2026-09-06T17:08:13.1788045+08:00 pid=20148 tid=12 left-down x=2492 y=460 wordForeground=False
2026-09-06T17:08:28.7682897+08:00 pid=20148 tid=12 left-down x=1776 y=1270 wordForeground=False
2026-09-06T17:08:41.6596343+08:00 pid=20148 tid=12 left-down x=2024 y=1187 wordForeground=True
2026-09-06T17:09:37.3722310+08:00 pid=20148 tid=12 left-down x=841 y=1058 wordForeground=True
2026-09-06T17:10:30.7619141+08:00 pid=20148 tid=12 left-down x=1945 y=1414 wordForeground=True
2026-09-06T17:10:35.1587210+08:00 pid=20148 tid=12 left-down x=782 y=1229 wordForeground=False
2026-09-06T17:10:38.1519694+08:00 pid=20148 tid=12 left-down x=720 y=1078 wordForeground=False
2026-09-06T17:10:41.3011999+08:00 pid=20148 tid=12 left-down x=607 y=974 wordForeground=False
2026-09-06T17:10:44.8486818+08:00 pid=20148 tid=12 left-down x=1871 y=407 wordForeground=False
2026-09-06T17:10:49.0703659+08:00 pid=20148 tid=12 left-down x=2301 y=1453 wordForeground=True
2026-09-06T17:11:37.6438406+08:00 pid=20148 tid=12 left-down x=1776 y=1270 wordForeground=False
2026-09-06T17:13:19.6030910+08:00 pid=20148 tid=12 left-down x=837 y=1224 wordForeground=False
2026-09-06T17:14:16.2561473+08:00 pid=20148 tid=12 left-down x=1838 y=688 wordForeground=True
2026-09-06T17:15:24.8317087+08:00 pid=20148 tid=12 left-down x=1141 y=1087 wordForeground=True
2026-09-06T17:15:25.3270869+08:00 pid=20148 tid=12 left-down x=1141 y=1087 wordForeground=True
2026-09-06T17:15:25.3286050+08:00 pid=20148 tid=12 double-click elapsedMs=495.131 withinX=True withinY=True nativeOleTarget=False suppressSecondDown=False dispatchCallback=True
2026-09-06T17:15:25.4356048+08:00 pid=20148 tid=10 callback-begin interceptedNativeOle=False x=1141 y=1087
2026-09-06T17:15:25.4356048+08:00 pid=20148 tid=10 addin-callback-received interceptedNativeOle=False x=1141 y=1087
2026-09-06T17:15:25.4356048+08:00 pid=20148 tid=10 callback-end
2026-09-06T17:15:25.4536044+08:00 pid=20148 tid=1 addin-coordinate-selection formulaId=<null> objectMode=<null>
2026-09-06T17:16:50.7853232+08:00 pid=20148 tid=12 left-down x=779 y=1278 wordForeground=False
2026-09-06T17:18:49.4604249+08:00 pid=20148 tid=12 left-down x=770 y=1201 wordForeground=False
2026-09-06T17:18:56.4209654+08:00 pid=20148 tid=12 left-down x=2258 y=1350 wordForeground=True
2026-09-06T17:20:34.8429748+08:00 pid=20148 tid=12 left-down x=1382 y=1120 wordForeground=False
2026-09-06T17:20:37.0750199+08:00 pid=20148 tid=12 left-down x=2332 y=460 wordForeground=False
2026-09-06T17:20:39.8062933+08:00 pid=20148 tid=12 left-down x=2492 y=460 wordForeground=False
2026-09-06T17:22:10.9301933+08:00 pid=20148 tid=12 left-down x=1935 y=1345 wordForeground=True
2026-09-06T17:22:14.2079141+08:00 pid=20148 tid=12 left-down x=1808 y=1615 wordForeground=True
2026-09-06T17:23:05.9449166+08:00 pid=20148 tid=12 left-down x=1776 y=1270 wordForeground=False
2026-09-06T17:23:33.9428402+08:00 pid=20148 tid=12 left-down x=2024 y=1187 wordForeground=True
2026-09-06T17:32:01.6971236+08:00 pid=20148 tid=12 left-down x=868 y=930 wordForeground=False
2026-09-06T17:32:13.3564929+08:00 pid=20148 tid=12 left-down x=716 y=707 wordForeground=False
2026-09-06T17:32:16.0978444+08:00 pid=20148 tid=12 left-down x=653 y=533 wordForeground=False
2026-09-06T17:32:19.4183460+08:00 pid=20148 tid=12 left-down x=1891 y=416 wordForeground=False
2026-09-06T17:34:02.7076783+08:00 pid=20148 tid=12 left-down x=1382 y=1120 wordForeground=False
2026-09-06T17:34:05.3658116+08:00 pid=20148 tid=12 left-down x=2332 y=460 wordForeground=False
2026-09-06T17:34:08.0403841+08:00 pid=20148 tid=12 left-down x=2492 y=460 wordForeground=False
2026-09-06T17:35:40.6506631+08:00 pid=20148 tid=12 left-down x=675 y=1190 wordForeground=False
2026-09-06T17:35:47.1455598+08:00 pid=20148 tid=12 left-down x=1961 y=1652 wordForeground=True
2026-09-06T17:35:50.1281430+08:00 pid=20148 tid=12 left-down x=1986 y=1555 wordForeground=True
2026-09-06T17:36:02.3783535+08:00 pid=20148 tid=12 left-down x=1382 y=1120 wordForeground=False
2026-09-06T17:36:04.8770340+08:00 pid=20148 tid=12 left-down x=2332 y=460 wordForeground=False
2026-09-06T17:36:07.7571992+08:00 pid=20148 tid=12 left-down x=2492 y=460 wordForeground=False
2026-09-06T17:38:55.2338185+08:00 pid=20148 tid=12 left-down x=813 y=1058 wordForeground=False
2026-09-06T17:39:06.9320508+08:00 pid=20148 tid=12 left-down x=2050 y=1012 wordForeground=True
2026-09-06T17:39:10.4931384+08:00 pid=20148 tid=12 left-down x=255 y=1492 wordForeground=False
2026-09-06T17:39:13.4742543+08:00 pid=20148 tid=12 left-down x=961 y=1043 wordForeground=False
2026-09-06T17:40:58.3818845+08:00 pid=20148 tid=12 left-down x=1382 y=1120 wordForeground=False
2026-09-06T17:41:00.9236618+08:00 pid=20148 tid=12 left-down x=2332 y=460 wordForeground=False
2026-09-06T17:41:02.9237640+08:00 pid=20148 tid=12 left-down x=2492 y=460 wordForeground=False
2026-09-06T17:41:59.7937191+08:00 pid=20148 tid=12 left-down x=1776 y=1270 wordForeground=False
2026-09-06T17:42:18.0039022+08:00 pid=20148 tid=12 left-down x=2024 y=1187 wordForeground=True
2026-09-06T17:44:01.6826910+08:00 pid=20148 tid=12 left-down x=596 y=1205 wordForeground=False
2026-09-06T17:44:22.5398668+08:00 pid=20148 tid=12 left-down x=2094 y=1018 wordForeground=True
2026-09-06T17:44:25.7310398+08:00 pid=20148 tid=12 left-down x=763 y=1215 wordForeground=False
2026-09-06T17:45:10.2455972+08:00 pid=20148 tid=12 left-down x=737 y=1273 wordForeground=False
2026-09-06T17:45:13.0204244+08:00 pid=20148 tid=12 left-down x=2357 y=1096 wordForeground=False
2026-09-06T17:47:34.8373550+08:00 pid=20148 tid=12 left-down x=894 y=1217 wordForeground=False
2026-09-06T17:47:54.3592702+08:00 pid=20148 tid=12 left-down x=1382 y=1120 wordForeground=False
2026-09-06T17:47:56.6731544+08:00 pid=20148 tid=12 left-down x=2332 y=460 wordForeground=False
2026-09-06T17:47:59.5425942+08:00 pid=20148 tid=12 left-down x=2492 y=460 wordForeground=False
2026-09-06T17:48:44.7454768+08:00 pid=20148 tid=12 left-down x=1776 y=1270 wordForeground=False
2026-09-06T17:49:00.1387121+08:00 pid=20148 tid=12 left-down x=2024 y=1187 wordForeground=True
2026-09-06T17:50:40.0942542+08:00 pid=20148 tid=12 left-down x=836 y=1237 wordForeground=False
2026-09-06T17:50:43.8247785+08:00 pid=20148 tid=12 left-down x=2059 y=1068 wordForeground=True
2026-09-06T17:51:49.3345913+08:00 pid=20148 tid=12 left-down x=607 y=1205 wordForeground=False
2026-09-06T17:51:52.6586725+08:00 pid=20148 tid=12 left-down x=1466 y=1103 wordForeground=False
2026-09-06T17:54:24.5154429+08:00 pid=20148 tid=12 left-down x=1382 y=1120 wordForeground=False
2026-09-06T17:54:27.5416257+08:00 pid=20148 tid=12 left-down x=2332 y=460 wordForeground=False
2026-09-06T17:54:30.3661704+08:00 pid=20148 tid=12 left-down x=2492 y=460 wordForeground=False
2026-09-06T17:55:25.1138570+08:00 pid=20148 tid=12 left-down x=1776 y=1270 wordForeground=False
2026-09-06T17:55:40.4809277+08:00 pid=20148 tid=12 left-down x=2024 y=1211 wordForeground=True
2026-09-06T17:57:01.2998643+08:00 pid=20148 tid=12 left-down x=808 y=1255 wordForeground=False
2026-09-06T17:57:10.3185392+08:00 pid=20148 tid=12 left-down x=1866 y=1723 wordForeground=True
2026-09-06T17:57:19.9934485+08:00 pid=20148 tid=12 left-down x=1905 y=1516 wordForeground=True
2026-09-06T17:58:43.8505647+08:00 pid=20148 tid=12 left-down x=1948 y=1269 wordForeground=True
2026-09-06T17:58:47.6571694+08:00 pid=20148 tid=12 left-down x=1778 y=1476 wordForeground=True
2026-09-06T17:58:52.2180875+08:00 pid=20148 tid=12 left-down x=1141 y=1482 wordForeground=True
2026-09-06T17:58:53.0004211+08:00 pid=20148 tid=12 left-down x=1141 y=1482 wordForeground=True
2026-09-06T17:59:19.9350999+08:00 pid=20148 tid=12 left-down x=1776 y=1270 wordForeground=False
2026-09-06T18:00:02.1648560+08:00 pid=20148 tid=12 left-down x=853 y=1268 wordForeground=False
2026-09-06T18:00:05.7050631+08:00 pid=20148 tid=12 left-down x=2132 y=1445 wordForeground=True
2026-09-06T18:02:54.1242217+08:00 pid=20148 tid=12 left-down x=705 y=1242 wordForeground=False
2026-09-06T18:02:58.8717077+08:00 pid=20148 tid=12 left-down x=2064 y=1539 wordForeground=True
2026-09-06T18:03:24.3764177+08:00 pid=20148 tid=12 left-down x=1776 y=1270 wordForeground=False
2026-09-06T18:08:48.9928332+08:00 pid=20148 tid=12 left-down x=765 y=1027 wordForeground=False
2026-09-06T18:08:52.7783532+08:00 pid=20148 tid=12 left-down x=247 y=1478 wordForeground=False
2026-09-06T18:08:56.5081540+08:00 pid=20148 tid=12 left-down x=664 y=936 wordForeground=False
2026-09-06T18:09:00.6666089+08:00 pid=20148 tid=12 left-down x=1877 y=399 wordForeground=False
2026-09-06T18:11:22.4045992+08:00 pid=20148 tid=12 left-down x=822 y=1270 wordForeground=False
2026-09-06T18:11:32.0502793+08:00 pid=20148 tid=12 left-down x=1265 y=1795 wordForeground=True
2026-09-06T18:13:09.8125338+08:00 pid=20148 tid=12 left-down x=1317 y=747 wordForeground=False
2026-09-06T18:13:11.8995640+08:00 pid=20148 tid=12 left-down x=1602 y=747 wordForeground=False
2026-09-06T18:13:28.5191170+08:00 pid=20148 tid=12 left-down x=1382 y=1120 wordForeground=False
2026-09-06T18:13:31.5037176+08:00 pid=20148 tid=12 left-down x=2332 y=460 wordForeground=False
2026-09-06T18:13:34.0243172+08:00 pid=20148 tid=12 left-down x=2492 y=460 wordForeground=False
2026-09-06T18:14:35.4742500+08:00 pid=20148 tid=12 left-down x=806 y=1212 wordForeground=False
2026-09-06T18:14:52.7780431+08:00 pid=20148 tid=12 left-down x=815 y=1228 wordForeground=False
2026-09-06T18:15:00.1549914+08:00 pid=20148 tid=12 left-down x=2177 y=1494 wordForeground=True
2026-09-06T18:15:03.8093522+08:00 pid=20148 tid=12 left-down x=2100 y=1471 wordForeground=True
2026-09-06T18:15:05.4942196+08:00 pid=20148 tid=12 left-down x=2019 y=1474 wordForeground=True
2026-09-06T18:15:05.8744353+08:00 pid=20148 tid=12 left-down x=2019 y=1475 wordForeground=False
2026-09-06T18:15:14.3008004+08:00 pid=20148 tid=12 left-down x=2639 y=748 wordForeground=True
2026-09-06T18:15:18.7771200+08:00 pid=20148 tid=12 left-down x=835 y=1292 wordForeground=False
2026-09-06T18:15:20.6832350+08:00 pid=20148 tid=12 left-down x=848 y=1359 wordForeground=False
2026-09-06T18:15:22.6996883+08:00 pid=20148 tid=12 left-down x=863 y=1433 wordForeground=False
2026-09-06T18:15:57.9793749+08:00 pid=20148 tid=12 left-down x=218 y=1472 wordForeground=False
2026-09-06T18:18:01.8323084+08:00 pid=20148 tid=12 left-down x=1317 y=747 wordForeground=False
2026-09-06T18:18:20.0072782+08:00 pid=20148 tid=12 left-down x=1382 y=1120 wordForeground=False
2026-09-06T18:18:23.2486384+08:00 pid=20148 tid=12 left-down x=2332 y=460 wordForeground=False
2026-09-06T18:18:25.8344316+08:00 pid=20148 tid=12 left-down x=2492 y=460 wordForeground=False
2026-09-06T18:19:42.9732441+08:00 pid=20148 tid=12 left-down x=1776 y=1270 wordForeground=False
2026-09-06T18:19:56.4540277+08:00 pid=20148 tid=12 left-down x=2024 y=1211 wordForeground=True
2026-09-06T18:22:20.2295684+08:00 pid=20148 tid=12 left-down x=2067 y=1076 wordForeground=True
2026-09-06T18:22:26.4634563+08:00 pid=20148 tid=12 left-down x=1136 y=1362 wordForeground=False
2026-09-06T18:22:56.0621844+08:00 pid=20148 tid=12 left-down x=2228 y=1331 wordForeground=False
2026-09-06T18:23:01.7126296+08:00 pid=20148 tid=12 left-down x=684 y=811 wordForeground=False
2026-09-06T18:23:04.7964935+08:00 pid=20148 tid=12 left-down x=677 y=753 wordForeground=False
2026-09-06T18:23:11.1663049+08:00 pid=20148 tid=12 left-down x=1890 y=411 wordForeground=False
2026-09-06T18:23:16.2842680+08:00 pid=20148 tid=12 left-down x=1381 y=2159 wordForeground=False
2026-09-06T18:23:25.9755651+08:00 pid=20148 tid=12 left-down x=803 y=1363 wordForeground=False
2026-09-06T18:25:28.9486501+08:00 pid=20148 tid=12 left-down x=1245 y=1142 wordForeground=False
