2026-09-06T17:08:16.0263884+08:00 pid=100856 [perf] update-numbers.health-fail reason=no-parseable-field-codes
2026-09-06T17:08:16.1010781+08:00 pid=100856 [perf] update-numbers.health-fail reason=no-parseable-field-codes
2026-09-06T17:08:16.1135991+08:00 pid=100856 [perf] Reconcile.adopt-native-hash-copies: +10ms (10ms)
2026-09-06T17:08:16.1145985+08:00 pid=100856 [perf] Reconcile.capture-omml-ids: +1ms (11ms)
2026-09-06T17:08:16.1225976+08:00 pid=100856 [perf] Reconcile.capture-numbered-locations: +8ms (19ms)
2026-09-06T17:08:16.1245980+08:00 pid=100856 [perf] Reconcile.repair-shared-captions: +2ms (21ms)
2026-09-06T17:08:16.1425987+08:00 pid=100856 [perf] ConfigureNumbered.tab-paragraph: +16ms (16ms)
2026-09-06T17:08:16.1515988+08:00 pid=100856 [perf] NativeCaption.prepare-paragraph: +4ms (4ms)
2026-09-06T17:08:16.1535988+08:00 pid=100856 [perf] NativeCaption.add-seq: +2ms (6ms)
2026-09-06T17:08:16.1555987+08:00 pid=100856 [perf] NativeCaption.update-seq: +3ms (9ms)
2026-09-06T17:08:16.1576012+08:00 pid=100856 [perf] NativeCaption.bookmarks: +1ms (10ms)
2026-09-06T17:08:16.1816000+08:00 pid=100856 [perf] NativeCaption.style-frame: +25ms (35ms)
2026-09-06T17:08:16.1825992+08:00 pid=100856 [perf] ConfigureNumbered.native-caption: +40ms (56ms)
2026-09-06T17:08:16.1966002+08:00 pid=100856 [perf] VisibleRef.scaffold: +6ms (6ms)
2026-09-06T17:08:16.2026008+08:00 pid=100856 [perf] VisibleRef.add-ref: +6ms (12ms)
2026-09-06T17:08:16.2175989+08:00 pid=100856 [perf] VisibleRef.update-ref: +16ms (28ms)
2026-09-06T17:08:16.2205991+08:00 pid=100856 [perf] VisibleRef.bookmark-format: +2ms (30ms)
2026-09-06T17:08:16.2235982+08:00 pid=100856 [perf] VisibleRef.vertical-align: +3ms (33ms)
2026-09-06T17:08:16.2235982+08:00 pid=100856 [perf] ConfigureNumbered.visible-ref: +41ms (97ms)
2026-09-06T17:08:16.2256011+08:00 pid=100856 [perf] ConfigureNumbered.ole-baseline: +2ms (99ms)
2026-09-06T17:08:16.2375999+08:00 pid=100856 [perf] ConfigureNumbered.tab-paragraph: +12ms (12ms)
2026-09-06T17:08:16.2436003+08:00 pid=100856 [perf] NativeCaption.prepare-paragraph: +5ms (5ms)
2026-09-06T17:08:16.2456006+08:00 pid=100856 [perf] NativeCaption.add-seq: +1ms (6ms)
2026-09-06T17:08:16.2475997+08:00 pid=100856 [perf] NativeCaption.update-seq: +3ms (9ms)
2026-09-06T17:08:16.2495991+08:00 pid=100856 [perf] NativeCaption.bookmarks: +1ms (10ms)
2026-09-06T17:08:16.2735999+08:00 pid=100856 [perf] NativeCaption.style-frame: +25ms (35ms)
2026-09-06T17:08:16.2735999+08:00 pid=100856 [perf] ConfigureNumbered.native-caption: +35ms (47ms)
2026-09-06T17:08:16.2796035+08:00 pid=100856 [perf] VisibleRef.scaffold: +5ms (5ms)
2026-09-06T17:08:16.2846000+08:00 pid=100856 [perf] VisibleRef.add-ref: +5ms (10ms)
2026-09-06T17:08:16.2955994+08:00 pid=100856 [perf] VisibleRef.update-ref: +10ms (20ms)
2026-09-06T17:08:16.2965996+08:00 pid=100856 [perf] VisibleRef.bookmark-format: +1ms (21ms)
2026-09-06T17:08:16.2995981+08:00 pid=100856 [perf] VisibleRef.vertical-align: +3ms (24ms)
2026-09-06T17:08:16.2995981+08:00 pid=100856 [perf] ConfigureNumbered.visible-ref: +26ms (73ms)
2026-09-06T17:08:16.3005991+08:00 pid=100856 [perf] ConfigureNumbered.ole-baseline: +1ms (74ms)
2026-09-06T17:08:16.3125991+08:00 pid=100856 [perf] ConfigureNumbered.tab-paragraph: +11ms (11ms)
2026-09-06T17:08:16.3185992+08:00 pid=100856 [perf] NativeCaption.prepare-paragraph: +5ms (5ms)
2026-09-06T17:08:16.3195992+08:00 pid=100856 [perf] NativeCaption.add-seq: +1ms (6ms)
2026-09-06T17:08:16.3216038+08:00 pid=100856 [perf] NativeCaption.update-seq: +2ms (8ms)
2026-09-06T17:08:16.3236002+08:00 pid=100856 [perf] NativeCaption.bookmarks: +2ms (10ms)
2026-09-06T17:08:16.3475991+08:00 pid=100856 [perf] NativeCaption.style-frame: +24ms (34ms)
2026-09-06T17:08:16.3475991+08:00 pid=100856 [perf] ConfigureNumbered.native-caption: +35ms (46ms)
2026-09-06T17:08:16.3515987+08:00 pid=100856 [perf] VisibleRef.scaffold: +4ms (4ms)
2026-09-06T17:08:16.3565987+08:00 pid=100856 [perf] VisibleRef.add-ref: +4ms (8ms)
2026-09-06T17:08:16.3635991+08:00 pid=100856 [perf] VisibleRef.update-ref: +8ms (16ms)
2026-09-06T17:08:16.3645995+08:00 pid=100856 [perf] VisibleRef.bookmark-format: +1ms (17ms)
2026-09-06T17:08:16.3696011+08:00 pid=100856 [perf] VisibleRef.vertical-align: +4ms (21ms)
2026-09-06T17:08:16.3696011+08:00 pid=100856 [perf] ConfigureNumbered.visible-ref: +22ms (68ms)
2026-09-06T17:08:16.3706000+08:00 pid=100856 [perf] ConfigureNumbered.ole-baseline: +1ms (69ms)
2026-09-06T17:08:16.3846005+08:00 pid=100856 [perf] ConfigureNumbered.tab-paragraph: +13ms (13ms)
2026-09-06T17:08:16.3915992+08:00 pid=100856 [perf] NativeCaption.prepare-paragraph: +5ms (5ms)
2026-09-06T17:08:16.3925994+08:00 pid=100856 [perf] NativeCaption.add-seq: +2ms (7ms)
2026-09-06T17:08:16.3955993+08:00 pid=100856 [perf] NativeCaption.update-seq: +2ms (9ms)
2026-09-06T17:08:16.3965997+08:00 pid=100856 [perf] NativeCaption.bookmarks: +2ms (11ms)
2026-09-06T17:08:16.4245999+08:00 pid=100856 [perf] NativeCaption.style-frame: +28ms (39ms)
2026-09-06T17:08:16.4245999+08:00 pid=100856 [perf] ConfigureNumbered.native-caption: +40ms (53ms)
2026-09-06T17:08:16.4295989+08:00 pid=100856 [perf] VisibleRef.scaffold: +4ms (4ms)
2026-09-06T17:08:16.4345998+08:00 pid=100856 [perf] VisibleRef.add-ref: +5ms (9ms)
2026-09-06T17:08:16.4415991+08:00 pid=100856 [perf] VisibleRef.update-ref: +7ms (16ms)
2026-09-06T17:08:16.4435995+08:00 pid=100856 [perf] VisibleRef.bookmark-format: +1ms (17ms)
2026-09-06T17:08:16.4475993+08:00 pid=100856 [perf] VisibleRef.vertical-align: +5ms (22ms)
2026-09-06T17:08:16.4475993+08:00 pid=100856 [perf] ConfigureNumbered.visible-ref: +23ms (76ms)
2026-09-06T17:08:16.4485992+08:00 pid=100856 [perf] ConfigureNumbered.ole-baseline: +1ms (77ms)
2026-09-06T17:08:16.4635990+08:00 pid=100856 [perf] ConfigureNumbered.tab-paragraph: +14ms (14ms)
2026-09-06T17:08:16.4705988+08:00 pid=100856 [perf] NativeCaption.prepare-paragraph: +6ms (6ms)
2026-09-06T17:08:16.4715987+08:00 pid=100856 [perf] NativeCaption.add-seq: +1ms (7ms)
2026-09-06T17:08:16.4745999+08:00 pid=100856 [perf] NativeCaption.update-seq: +3ms (10ms)
2026-09-06T17:08:16.4765997+08:00 pid=100856 [perf] NativeCaption.bookmarks: +2ms (12ms)
2026-09-06T17:08:16.5052697+08:00 pid=100856 [perf] NativeCaption.style-frame: +29ms (41ms)
2026-09-06T17:08:16.5052697+08:00 pid=100856 [perf] ConfigureNumbered.native-caption: +42ms (56ms)
2026-09-06T17:08:16.5109007+08:00 pid=100856 [perf] VisibleRef.scaffold: +5ms (5ms)
2026-09-06T17:08:16.5159016+08:00 pid=100856 [perf] VisibleRef.add-ref: +4ms (9ms)
2026-09-06T17:08:16.5245441+08:00 pid=100856 [perf] VisibleRef.update-ref: +9ms (18ms)
2026-09-06T17:08:16.5255545+08:00 pid=100856 [perf] VisibleRef.bookmark-format: +1ms (19ms)
2026-09-06T17:08:16.5295517+08:00 pid=100856 [perf] VisibleRef.vertical-align: +3ms (22ms)
2026-09-06T17:08:16.5295517+08:00 pid=100856 [perf] ConfigureNumbered.visible-ref: +23ms (79ms)
2026-09-06T17:08:16.5305544+08:00 pid=100856 [perf] ConfigureNumbered.ole-baseline: +2ms (81ms)
2026-09-06T17:08:16.5305544+08:00 pid=100856 [perf] Reconcile.configure-inline-formulas: +406ms (427ms)
2026-09-06T17:08:16.5315522+08:00 pid=100856 [perf] Reconcile.configure-omml-formulas: +1ms (428ms)
2026-09-06T17:08:16.5335532+08:00 pid=100856 [perf] Reconcile.number-format-preference: +1ms (429ms)
2026-09-06T17:08:16.5345526+08:00 pid=100856 [perf] Reconcile.remove-orphan-artifacts: +2ms (431ms)
2026-09-06T17:08:16.5365528+08:00 pid=100856 [perf] Reconcile.rebuild-number-bookmarks-1: +2ms (433ms)
2026-09-06T17:08:16.7667611+08:00 pid=100856 [perf] Reconcile.update-native-sequences: +230ms (663ms)
2026-09-06T17:08:16.7687621+08:00 pid=100856 [perf] Reconcile.rebuild-number-bookmarks-2: +2ms (665ms)
2026-09-06T17:08:16.8177628+08:00 pid=100856 [perf] Reconcile.update-main-story-fields: +49ms (714ms)
2026-09-06T17:08:16.9695256+08:00 pid=100856 [perf] Reconcile.update-inline-number-fields: +152ms (866ms)
2026-09-06T17:08:16.9705259+08:00 pid=100856 [perf] Reconcile.update-omml-number-fields: +1ms (867ms)
2026-09-06T17:08:17.1741957+08:00 pid=100856 [perf] Reconcile.update-cross-references: +203ms (1070ms)
2026-09-06T17:08:30.7912795+08:00 pid=100856 [perf] ConfigureNumbered.tab-paragraph: +22ms (22ms)
2026-09-06T17:08:30.8432816+08:00 pid=100856 [perf] ConfigureNumbered.native-caption: +52ms (74ms)
2026-09-06T17:08:30.8482797+08:00 pid=100856 [perf] ConfigureNumbered.visible-ref: +5ms (79ms)
2026-09-06T17:08:30.8492820+08:00 pid=100856 [perf] ConfigureNumbered.ole-baseline: +2ms (81ms)
2026-09-06T17:09:55.0687774+08:00 pid=100856 [perf] ConvertedOmmlBatch.inventory: +1139ms (1139ms)
2026-09-06T17:09:55.3221392+08:00 pid=100856 [perf] ConvertedOmmlBatch.number-plan: +253ms (1392ms)
2026-09-06T17:09:55.5201401+08:00 pid=100856 [perf] ConvertedOmmlBatch.locate-target: +198ms (1590ms)
2026-09-06T17:09:55.5324231+08:00 pid=100856 [perf] ConvertedOmmlBatch.true-display-native-resolve-display: +12ms (1602ms)
2026-09-06T17:09:55.5694215+08:00 pid=100856 [perf] ConvertedOmmlBatch.true-display-native-clear-artifacts: +37ms (1639ms)
2026-09-06T17:09:55.7618752+08:00 pid=100856 [perf] ConvertedOmmlBatch.true-display-native-measure-display: +192ms (1831ms)
2026-09-06T17:09:55.8313915+08:00 pid=100856 [perf] ConvertedOmmlBatch.true-display-native-ensure-table: +70ms (1901ms)
2026-09-06T17:09:55.8353904+08:00 pid=100856 [perf] ConvertedOmmlBatch.true-display-native-resolve-table-formula: +4ms (1905ms)
2026-09-06T17:09:55.8363910+08:00 pid=100856 [perf] ConvertedOmmlBatch.true-display-native-height-repair: +1ms (1906ms)
2026-09-06T17:09:56.0883293+08:00 pid=100856 [perf] ConvertedOmmlBatch.true-display-native-geometry: +252ms (2158ms)
2026-09-06T17:09:56.0883293+08:00 pid=100856 [perf] ConvertedOmmlBatch.true-display-native-1x3-table: +0ms (2158ms)
2026-09-06T17:09:56.0893286+08:00 pid=100856 [perf] ConvertedOmmlBatch.true-display-direct-number-plan: +1ms (2159ms)
2026-09-06T17:09:56.5706407+08:00 pid=100856 [perf] ConvertedOmmlBatch.true-display-direct-visible-seq: +481ms (2640ms)
2026-09-06T17:09:56.7080735+08:00 pid=100856 [perf] ConvertedOmmlBatch.true-display-native-post-table-spacing: +138ms (2778ms)
2026-09-06T17:09:56.8049876+08:00 pid=100856 [perf] ConvertedOmmlBatch.true-display-native-wrap-identity: +97ms (2875ms)
2026-09-06T17:09:56.8059869+08:00 pid=100856 [perf] ConvertedOmmlBatch.true-display-host: +0ms (2875ms)
2026-09-06T17:09:56.9649877+08:00 pid=100856 [perf] ConvertedOmmlBatch.repair-identity: +159ms (3034ms)
2026-09-06T17:09:57.2112329+08:00 pid=100856 [perf] ConvertedOmmlBatch.locate-target: +246ms (3280ms)
2026-09-06T17:09:57.2192305+08:00 pid=100856 [perf] ConvertedOmmlBatch.true-display-native-resolve-display: +9ms (3289ms)
2026-09-06T17:09:57.2700195+08:00 pid=100856 [perf] ConvertedOmmlBatch.true-display-native-clear-artifacts: +51ms (3340ms)
2026-09-06T17:09:57.4653500+08:00 pid=100856 [perf] ConvertedOmmlBatch.true-display-native-measure-display: +195ms (3535ms)
2026-09-06T17:09:57.5346548+08:00 pid=100856 [perf] ConvertedOmmlBatch.true-display-native-ensure-table: +70ms (3605ms)
2026-09-06T17:09:57.5376545+08:00 pid=100856 [perf] ConvertedOmmlBatch.true-display-native-resolve-table-formula: +2ms (3607ms)
2026-09-06T17:09:57.5376545+08:00 pid=100856 [perf] ConvertedOmmlBatch.true-display-native-height-repair: +0ms (3607ms)
2026-09-06T17:09:57.8014487+08:00 pid=100856 [perf] ConvertedOmmlBatch.true-display-native-geometry: +264ms (3871ms)
2026-09-06T17:09:57.8014487+08:00 pid=100856 [perf] ConvertedOmmlBatch.true-display-native-1x3-table: +0ms (3871ms)
2026-09-06T17:09:57.8024489+08:00 pid=100856 [perf] ConvertedOmmlBatch.true-display-direct-number-plan: +1ms (3872ms)
2026-09-06T17:09:58.3060532+08:00 pid=100856 [perf] ConvertedOmmlBatch.true-display-direct-visible-seq: +504ms (4376ms)
2026-09-06T17:09:58.4369001+08:00 pid=100856 [perf] ConvertedOmmlBatch.true-display-native-post-table-spacing: +130ms (4506ms)
2026-09-06T17:09:58.5560434+08:00 pid=100856 [perf] ConvertedOmmlBatch.true-display-native-wrap-identity: +120ms (4626ms)
2026-09-06T17:09:58.5570408+08:00 pid=100856 [perf] ConvertedOmmlBatch.true-display-host: +1ms (4627ms)
2026-09-06T17:09:58.7719135+08:00 pid=100856 [perf] ConvertedOmmlBatch.repair-identity: +215ms (4842ms)
2026-09-06T17:09:59.0622026+08:00 pid=100856 [perf] ConvertedOmmlBatch.locate-target: +290ms (5132ms)
2026-09-06T17:09:59.0731997+08:00 pid=100856 [perf] ConvertedOmmlBatch.true-display-native-resolve-display: +11ms (5143ms)
2026-09-06T17:09:59.1241493+08:00 pid=100856 [perf] ConvertedOmmlBatch.true-display-native-clear-artifacts: +51ms (5194ms)
2026-09-06T17:09:59.3721741+08:00 pid=100856 [perf] ConvertedOmmlBatch.true-display-native-measure-display: +247ms (5441ms)
2026-09-06T17:09:59.4571713+08:00 pid=100856 [perf] ConvertedOmmlBatch.true-display-native-ensure-table: +86ms (5527ms)
2026-09-06T17:09:59.4601712+08:00 pid=100856 [perf] ConvertedOmmlBatch.true-display-native-resolve-table-formula: +3ms (5530ms)
2026-09-06T17:09:59.4611708+08:00 pid=100856 [perf] ConvertedOmmlBatch.true-display-native-height-repair: +0ms (5530ms)
2026-09-06T17:09:59.7761070+08:00 pid=100856 [perf] ConvertedOmmlBatch.true-display-native-geometry: +316ms (5846ms)
2026-09-06T17:09:59.7771068+08:00 pid=100856 [perf] ConvertedOmmlBatch.true-display-native-1x3-table: +0ms (5846ms)
2026-09-06T17:09:59.7771068+08:00 pid=100856 [perf] ConvertedOmmlBatch.true-display-direct-number-plan: +1ms (5847ms)
2026-09-06T17:10:00.3125397+08:00 pid=100856 [perf] ConvertedOmmlBatch.true-display-direct-visible-seq: +535ms (6382ms)
2026-09-06T17:10:00.4499082+08:00 pid=100856 [perf] ConvertedOmmlBatch.true-display-native-post-table-spacing: +138ms (6520ms)
2026-09-06T17:10:00.5680181+08:00 pid=100856 [perf] ConvertedOmmlBatch.true-display-native-wrap-identity: +118ms (6638ms)
2026-09-06T17:10:00.5690181+08:00 pid=100856 [perf] ConvertedOmmlBatch.true-display-host: +0ms (6638ms)
2026-09-06T17:10:00.9591860+08:00 pid=100856 [perf] ConvertedOmmlBatch.repair-identity: +390ms (7028ms)
2026-09-06T17:10:01.3127636+08:00 pid=100856 [perf] ConvertedOmmlBatch.locate-target: +354ms (7382ms)
2026-09-06T17:10:01.3157647+08:00 pid=100856 [perf] ConvertedOmmlBatch.true-display-native-resolve-display: +3ms (7385ms)
2026-09-06T17:10:01.3527633+08:00 pid=100856 [perf] ConvertedOmmlBatch.true-display-native-clear-artifacts: +37ms (7422ms)
2026-09-06T17:10:01.5350532+08:00 pid=100856 [perf] ConvertedOmmlBatch.true-display-native-measure-display: +182ms (7604ms)
2026-09-06T17:10:01.5947175+08:00 pid=100856 [perf] ConvertedOmmlBatch.true-display-native-ensure-table: +60ms (7664ms)
2026-09-06T17:10:01.6007167+08:00 pid=100856 [perf] ConvertedOmmlBatch.true-display-native-resolve-table-formula: +6ms (7670ms)
2026-09-06T17:10:01.6007167+08:00 pid=100856 [perf] ConvertedOmmlBatch.true-display-native-height-repair: +1ms (7671ms)
2026-09-06T17:10:01.8678946+08:00 pid=100856 [perf] ConvertedOmmlBatch.true-display-native-geometry: +266ms (7937ms)
2026-09-06T17:10:01.8678946+08:00 pid=100856 [perf] ConvertedOmmlBatch.true-display-native-1x3-table: +0ms (7937ms)
2026-09-06T17:10:01.8678946+08:00 pid=100856 [perf] ConvertedOmmlBatch.true-display-direct-number-plan: +1ms (7938ms)
2026-09-06T17:10:02.3822807+08:00 pid=100856 [perf] ConvertedOmmlBatch.true-display-direct-visible-seq: +514ms (8452ms)
2026-09-06T17:10:02.5096493+08:00 pid=100856 [perf] ConvertedOmmlBatch.true-display-native-post-table-spacing: +127ms (8579ms)
2026-09-06T17:10:02.6172637+08:00 pid=100856 [perf] ConvertedOmmlBatch.true-display-native-wrap-identity: +108ms (8687ms)
2026-09-06T17:10:02.6182616+08:00 pid=100856 [perf] ConvertedOmmlBatch.true-display-host: +1ms (8688ms)
2026-09-06T17:10:02.7700311+08:00 pid=100856 [perf] ConvertedOmmlBatch.repair-identity: +152ms (8840ms)
2026-09-06T17:10:03.0006922+08:00 pid=100856 [perf] ConvertedOmmlBatch.locate-target: +230ms (9070ms)
2026-09-06T17:10:03.0096911+08:00 pid=100856 [perf] ConvertedOmmlBatch.true-display-native-resolve-display: +9ms (9079ms)
2026-09-06T17:10:03.0503590+08:00 pid=100856 [perf] ConvertedOmmlBatch.true-display-native-clear-artifacts: +41ms (9120ms)
2026-09-06T17:10:03.2460621+08:00 pid=100856 [perf] ConvertedOmmlBatch.true-display-native-measure-display: +195ms (9315ms)
2026-09-06T17:10:03.3048751+08:00 pid=100856 [perf] ConvertedOmmlBatch.true-display-native-ensure-table: +59ms (9374ms)
2026-09-06T17:10:03.3072585+08:00 pid=100856 [perf] ConvertedOmmlBatch.true-display-native-resolve-table-formula: +3ms (9377ms)
2026-09-06T17:10:03.3072585+08:00 pid=100856 [perf] ConvertedOmmlBatch.true-display-native-height-repair: +0ms (9377ms)
2026-09-06T17:10:03.5741518+08:00 pid=100856 [perf] ConvertedOmmlBatch.true-display-native-geometry: +267ms (9644ms)
2026-09-06T17:10:03.5741518+08:00 pid=100856 [perf] ConvertedOmmlBatch.true-display-native-1x3-table: +0ms (9644ms)
2026-09-06T17:10:03.5751519+08:00 pid=100856 [perf] ConvertedOmmlBatch.true-display-direct-number-plan: +0ms (9644ms)
2026-09-06T17:10:04.0909154+08:00 pid=100856 [perf] ConvertedOmmlBatch.true-display-direct-visible-seq: +517ms (10161ms)
2026-09-06T17:10:04.2038650+08:00 pid=100856 [perf] ConvertedOmmlBatch.true-display-native-wrap-identity: +112ms (10273ms)
2026-09-06T17:10:04.2043722+08:00 pid=100856 [perf] ConvertedOmmlBatch.true-display-host: +1ms (10274ms)
2026-09-06T17:10:04.3674610+08:00 pid=100856 [perf] ConvertedOmmlBatch.repair-identity: +163ms (10437ms)
2026-09-06T17:14:22.2590195+08:00 pid=100856 [perf] update-numbers.health-fail reason=bookmark-id-set-mismatch visible=5/5[1678da3f-48a1-4756-aff0-1df2f919c6e1,211b3d4b-f0dd-4dea-add5-2267047877cb,b9745ab9-6e63-454a-8d5a-0202003fc436,b58855c1-5a3e-481a-b925-26cb37818072,6ebc7ffc-ef13-483b-a7c0-f216d609d135] caption=5/5[1678da3f-48a1-4756-aff0-1df2f919c6e1,211b3d4b-f0dd-4dea-add5-2267047877cb,b9745ab9-6e63-454a-8d5a-0202003fc436,b58855c1-5a3e-481a-b925-26cb37818072,6ebc7ffc-ef13-483b-a7c0-f216d609d135] number=6/6[1678da3f-48a1-4756-aff0-1df2f919c6e1,211b3d4b-f0dd-4dea-add5-2267047877cb,39892f72-66de-4b0b-b174-644a84812471,b9745ab9-6e63-454a-8d5a-0202003fc436,b58855c1-5a3e-481a-b925-26cb37818072,6ebc7ffc-ef13-483b-a7c0-f216d609d135]
2026-09-06T17:14:22.2720196+08:00 pid=100856 [perf] number-format-batch.plan: +0ms (0ms)
2026-09-06T17:14:23.8125985+08:00 pid=100856 [perf] number-format-batch.direct-table-targets: +1541ms (1541ms)
2026-09-06T17:14:23.8155989+08:00 pid=100856 [perf] number-format-batch.native-hash-inventory: +3ms (1544ms)
2026-09-06T17:14:23.8155989+08:00 pid=100856 [perf] number-format-batch.native-breakdown lookup=0ms code=0ms update=0ms prefix=0ms bookmark=0ms
2026-09-06T17:14:23.8155989+08:00 pid=100856 [perf] number-format-batch.legacy-targets: +0ms (1544ms)
2026-09-06T17:14:23.8165995+08:00 pid=100856 [perf] number-format-batch.native-hash-targets: +1ms (1545ms)
2026-09-06T17:14:23.8165995+08:00 pid=100856 [perf] number-format-batch.visible-references: +0ms (1545ms)
2026-09-06T17:14:23.9805986+08:00 pid=100856 [perf] update-numbers.health-fail reason=bookmark-id-set-mismatch visible=5/5[1678da3f-48a1-4756-aff0-1df2f919c6e1,211b3d4b-f0dd-4dea-add5-2267047877cb,b9745ab9-6e63-454a-8d5a-0202003fc436,b58855c1-5a3e-481a-b925-26cb37818072,6ebc7ffc-ef13-483b-a7c0-f216d609d135] caption=5/5[1678da3f-48a1-4756-aff0-1df2f919c6e1,211b3d4b-f0dd-4dea-add5-2267047877cb,b9745ab9-6e63-454a-8d5a-0202003fc436,b58855c1-5a3e-481a-b925-26cb37818072,6ebc7ffc-ef13-483b-a7c0-f216d609d135] number=6/6[1678da3f-48a1-4756-aff0-1df2f919c6e1,39892f72-66de-4b0b-b174-644a84812471,211b3d4b-f0dd-4dea-add5-2267047877cb,b9745ab9-6e63-454a-8d5a-0202003fc436,b58855c1-5a3e-481a-b925-26cb37818072,6ebc7ffc-ef13-483b-a7c0-f216d609d135]
2026-09-06T17:14:24.2329455+08:00 pid=100856 [perf] number-format-batch.extra-references: +417ms (1962ms)
2026-09-06T17:16:29.1834989+08:00 pid=100856 [perf] update-numbers.health-fail reason=bookmark-id-set-mismatch visible=5/5[1678da3f-48a1-4756-aff0-1df2f919c6e1,211b3d4b-f0dd-4dea-add5-2267047877cb,b9745ab9-6e63-454a-8d5a-0202003fc436,b58855c1-5a3e-481a-b925-26cb37818072,6ebc7ffc-ef13-483b-a7c0-f216d609d135] caption=5/5[1678da3f-48a1-4756-aff0-1df2f919c6e1,211b3d4b-f0dd-4dea-add5-2267047877cb,b9745ab9-6e63-454a-8d5a-0202003fc436,b58855c1-5a3e-481a-b925-26cb37818072,6ebc7ffc-ef13-483b-a7c0-f216d609d135] number=6/6[1678da3f-48a1-4756-aff0-1df2f919c6e1,39892f72-66de-4b0b-b174-644a84812471,211b3d4b-f0dd-4dea-add5-2267047877cb,b9745ab9-6e63-454a-8d5a-0202003fc436,b58855c1-5a3e-481a-b925-26cb37818072,6ebc7ffc-ef13-483b-a7c0-f216d609d135]
