2026-09-06T03:47:00.0037576+08:00 pid=45060 tid=1 word-addin-loaded pid=45060 assembly=C:\Users\pojian_liao\AppData\Local\VisualTeX\office\remediation-builds\AF91D666F90EE2FE3F92A307453AD5A67D9E38690EF7674A444A6F307CAFBEF6\VisualTeX.WordVsto.dll mvid=9b70b185-061a-4f7f-8633-29eb8f95acd8
2026-09-06T03:47:00.2994299+08:00 pid=45060 tid=1 hook-started handle=0x11A65
2026-09-06T03:47:00.4879911+08:00 pid=45060 tid=8 mathtype-native-preview-shared-prewarm-complete
2026-09-06T03:47:42.2685737+08:00 pid=45060 tid=11 left-down x=1382 y=1120 wordForeground=False
2026-09-06T03:47:50.7284163+08:00 pid=45060 tid=11 left-down x=2178 y=458 wordForeground=False
2026-09-06T03:47:59.3060330+08:00 pid=45060 tid=11 left-down x=2492 y=460 wordForeground=False
2026-09-06T03:50:01.0496795+08:00 pid=45060 tid=1 format-conversion-subperf [perf] InsertOmml.insert-native-omml: +76ms (76ms total)
2026-09-06T03:50:01.2314593+08:00 pid=45060 tid=1 format-conversion-subperf [perf] InsertOmml.reconcile: +182ms (258ms total)
2026-09-06T03:50:01.2604591+08:00 pid=45060 tid=1 format-conversion-subperf [perf] InsertOmml.cleanup-numbered-spacing: +29ms (287ms total)
2026-09-06T03:50:01.2725803+08:00 pid=45060 tid=1 format-conversion-subperf [perf] InsertOmml.move-numbered-caret: +12ms (299ms total)
2026-09-06T03:50:01.2735803+08:00 pid=45060 tid=1 format-conversion-subperf [perf] InsertOmml.post-reconcile-layout: +1ms (300ms total)
2026-09-06T03:50:01.2915815+08:00 pid=45060 tid=1 format-conversion-subperf [perf] InsertOmml.final-fingerprint: +18ms (318ms total)
2026-09-06T03:50:01.2915815+08:00 pid=45060 tid=1 format-conversion-subperf [perf] InsertOmml.final-anchor: +0ms (318ms total)
2026-09-06T03:50:01.2964490+08:00 pid=45060 tid=1 format-conversion-subperf [perf] InsertOmml.final-metadata: +5ms (323ms total)
2026-09-06T03:50:01.3094473+08:00 pid=45060 tid=17 ribbon-session-operation-released sessionId=f2ac78ef-d3c4-485e-9bea-ed6017cdb9de
2026-09-06T03:50:46.2439129+08:00 pid=45060 tid=11 left-down x=1382 y=1120 wordForeground=False
2026-09-06T03:50:54.7974319+08:00 pid=45060 tid=11 left-down x=2178 y=458 wordForeground=False
2026-09-06T03:51:03.4899573+08:00 pid=45060 tid=11 left-down x=2492 y=460 wordForeground=False
2026-09-06T03:53:36.5174570+08:00 pid=45060 tid=11 left-down x=1190 y=747 wordForeground=False
2026-09-06T03:54:40.4027403+08:00 pid=45060 tid=11 left-down x=1190 y=747 wordForeground=False
2026-09-06T03:55:47.1184264+08:00 pid=45060 tid=11 left-down x=1190 y=747 wordForeground=False
2026-09-06T09:16:55.5035472+08:00 pid=45060 tid=11 left-down x=566 y=1060 wordForeground=True
2026-09-06T09:17:06.4538080+08:00 pid=45060 tid=11 left-down x=1730 y=1214 wordForeground=False
2026-09-06T09:17:08.6348334+08:00 pid=45060 tid=11 left-down x=1392 y=883 wordForeground=False
2026-09-06T09:17:10.1168082+08:00 pid=45060 tid=11 left-down x=1304 y=857 wordForeground=False
2026-09-06T09:17:11.0078650+08:00 pid=45060 tid=11 left-down x=1362 y=865 wordForeground=False
2026-09-06T09:17:17.9126735+08:00 pid=45060 tid=11 left-down x=1386 y=615 wordForeground=False
2026-09-06T09:17:19.1581279+08:00 pid=45060 tid=11 left-down x=1171 y=1361 wordForeground=False
2026-09-06T09:18:27.5629973+08:00 pid=45060 tid=11 left-down x=747 y=235 wordForeground=False
2026-09-06T09:18:35.8667963+08:00 pid=45060 tid=11 left-down x=3276 y=35 wordForeground=False
2026-09-06T09:18:38.1373936+08:00 pid=45060 tid=11 left-down x=160 y=85 wordForeground=False
2026-09-06T09:18:50.4347809+08:00 pid=45060 tid=11 left-down x=1591 y=571 wordForeground=False
2026-09-06T09:18:54.3059750+08:00 pid=45060 tid=11 left-down x=10 y=77 wordForeground=False
2026-09-06T09:18:56.0487156+08:00 pid=45060 tid=11 left-down x=1433 y=1125 wordForeground=False
2026-09-06T09:18:58.8836011+08:00 pid=45060 tid=11 left-down x=312 y=269 wordForeground=False
2026-09-06T09:19:01.3933601+08:00 pid=45060 tid=11 left-down x=61 y=268 wordForeground=False
2026-09-06T09:19:06.9827790+08:00 pid=45060 tid=11 left-down x=830 y=2130 wordForeground=False
2026-09-06T09:19:08.1301300+08:00 pid=45060 tid=11 left-down x=843 y=2128 wordForeground=False
2026-09-06T09:19:09.6310852+08:00 pid=45060 tid=11 left-down x=1727 y=788 wordForeground=False
2026-09-06T09:19:10.7867498+08:00 pid=45060 tid=11 left-down x=2529 y=475 wordForeground=False
2026-09-06T09:19:12.4217603+08:00 pid=45060 tid=11 left-down x=1057 y=2115 wordForeground=False
2026-09-06T09:19:16.5469641+08:00 pid=45060 tid=11 left-down x=642 y=1201 wordForeground=False
2026-09-06T09:19:35.1616043+08:00 pid=45060 tid=11 left-down x=1552 y=2118 wordForeground=True
2026-09-06T09:19:36.9424876+08:00 pid=45060 tid=11 left-down x=1869 y=1144 wordForeground=False
2026-09-06T09:19:38.3652960+08:00 pid=45060 tid=11 left-down x=1776 y=1078 wordForeground=True
2026-09-06T09:19:40.2545802+08:00 pid=45060 tid=11 left-down x=1504 y=2113 wordForeground=True
2026-09-06T09:19:42.1930623+08:00 pid=45060 tid=11 left-down x=1255 y=1089 wordForeground=False
2026-09-06T09:20:16.2517424+08:00 pid=45060 tid=11 left-down x=1190 y=747 wordForeground=False
2026-09-06T09:21:20.4135365+08:00 pid=45060 tid=11 left-down x=1190 y=747 wordForeground=False
2026-09-06T09:22:26.0344473+08:00 pid=45060 tid=11 left-down x=1190 y=747 wordForeground=False
2026-09-06T09:35:48.7612879+08:00 pid=45060 tid=11 left-down x=1190 y=747 wordForeground=False
2026-09-06T09:37:41.7952161+08:00 pid=45060 tid=11 left-down x=1190 y=747 wordForeground=False
2026-09-06T09:38:47.3619947+08:00 pid=45060 tid=11 left-down x=1190 y=747 wordForeground=False
2026-09-06T09:42:19.3316741+08:00 pid=45060 tid=11 left-down x=730 y=1076 wordForeground=True
2026-09-06T09:42:20.9153741+08:00 pid=45060 tid=11 left-down x=621 y=1023 wordForeground=False
2026-09-06T09:42:22.7408680+08:00 pid=45060 tid=11 left-down x=1900 y=425 wordForeground=False
2026-09-06T09:42:36.3290442+08:00 pid=45060 tid=11 left-down x=1349 y=992 wordForeground=False
2026-09-06T09:42:51.0802937+08:00 pid=45060 tid=11 left-down x=2155 y=1353 wordForeground=False
2026-09-06T09:42:51.7484525+08:00 pid=45060 tid=11 left-down x=2155 y=1353 wordForeground=True
2026-09-06T09:47:00.6078576+08:00 pid=45060 tid=11 left-down x=783 y=846 wordForeground=True
2026-09-06T09:49:37.1668604+08:00 pid=45060 tid=11 left-down x=1190 y=747 wordForeground=False
2026-09-06T09:51:34.4011417+08:00 pid=45060 tid=11 left-down x=1190 y=747 wordForeground=False
2026-09-06T09:52:42.2010167+08:00 pid=45060 tid=11 left-down x=1190 y=747 wordForeground=False
2026-09-06T10:02:12.9313275+08:00 pid=45060 tid=11 left-down x=1190 y=747 wordForeground=False
2026-09-06T10:02:28.0507081+08:00 pid=45060 tid=11 left-down x=1190 y=747 wordForeground=False
2026-09-06T10:03:32.6344840+08:00 pid=45060 tid=11 left-down x=1190 y=747 wordForeground=False
2026-09-06T10:07:32.2473859+08:00 pid=45060 tid=11 left-down x=1190 y=747 wordForeground=False
2026-09-06T10:07:46.6323274+08:00 pid=45060 tid=11 left-down x=1190 y=747 wordForeground=False
2026-09-06T10:08:01.0369761+08:00 pid=45060 tid=11 left-down x=1190 y=747 wordForeground=False
2026-09-06T10:17:39.6558488+08:00 pid=45060 tid=11 left-down x=1190 y=747 wordForeground=False
2026-09-06T10:17:54.1971168+08:00 pid=45060 tid=11 left-down x=1190 y=747 wordForeground=False
2026-09-06T10:18:08.7445418+08:00 pid=45060 tid=11 left-down x=1190 y=747 wordForeground=False
2026-09-06T10:20:29.5812671+08:00 pid=45060 tid=11 left-down x=784 y=903 wordForeground=True
2026-09-06T10:21:09.2595627+08:00 pid=45060 tid=11 left-down x=1190 y=747 wordForeground=False
2026-09-06T10:21:23.8981544+08:00 pid=45060 tid=11 left-down x=1190 y=747 wordForeground=False
2026-09-06T10:21:38.6544385+08:00 pid=45060 tid=11 left-down x=1190 y=747 wordForeground=False
2026-09-06T10:24:30.9338413+08:00 pid=45060 tid=11 left-down x=1190 y=747 wordForeground=False
2026-09-06T10:24:45.7447776+08:00 pid=45060 tid=11 left-down x=1190 y=747 wordForeground=False
2026-09-06T10:25:00.7906075+08:00 pid=45060 tid=11 left-down x=1190 y=747 wordForeground=False
2026-09-06T10:29:30.6388473+08:00 pid=45060 tid=11 left-down x=1190 y=747 wordForeground=False
2026-09-06T10:29:45.3679670+08:00 pid=45060 tid=11 left-down x=1190 y=747 wordForeground=False
2026-09-06T10:30:00.1592210+08:00 pid=45060 tid=11 left-down x=1190 y=747 wordForeground=False
2026-09-06T10:30:16.1971451+08:00 pid=45060 tid=11 left-down x=2058 y=1221 wordForeground=True
2026-09-06T10:31:35.9686384+08:00 pid=45060 tid=11 left-down x=1225 y=1553 wordForeground=True
2026-09-06T10:31:36.4232640+08:00 pid=45060 tid=11 left-down x=1225 y=1553 wordForeground=True
2026-09-06T10:31:36.4242641+08:00 pid=45060 tid=11 double-click elapsedMs=453.944 withinX=True withinY=True nativeOleTarget=False suppressSecondDown=False dispatchCallback=True
2026-09-06T10:31:36.5242716+08:00 pid=45060 tid=39 callback-begin interceptedNativeOle=False x=1225 y=1553
2026-09-06T10:31:36.5252742+08:00 pid=45060 tid=39 addin-callback-received interceptedNativeOle=False x=1225 y=1553
2026-09-06T10:31:36.5252742+08:00 pid=45060 tid=39 callback-end
2026-09-06T10:31:36.5322722+08:00 pid=45060 tid=1 addin-coordinate-selection formulaId=<null> objectMode=<null>
2026-09-06T10:33:00.9847982+08:00 pid=45060 tid=11 left-down x=1225 y=1553 wordForeground=True
2026-09-06T10:33:01.3475309+08:00 pid=45060 tid=11 left-down x=1225 y=1553 wordForeground=True
2026-09-06T10:33:01.3485308+08:00 pid=45060 tid=11 double-click elapsedMs=362.922 withinX=True withinY=True nativeOleTarget=False suppressSecondDown=False dispatchCallback=True
2026-09-06T10:33:01.4521841+08:00 pid=45060 tid=14 callback-begin interceptedNativeOle=False x=1225 y=1553
2026-09-06T10:33:01.4521841+08:00 pid=45060 tid=14 addin-callback-received interceptedNativeOle=False x=1225 y=1553
2026-09-06T10:33:01.4531834+08:00 pid=45060 tid=14 callback-end
2026-09-06T10:33:01.4651906+08:00 pid=45060 tid=1 addin-coordinate-selection formulaId=<null> objectMode=<null>
2026-09-06T10:35:54.9726318+08:00 pid=45060 tid=11 left-down x=1190 y=747 wordForeground=False
2026-09-06T10:36:09.1425778+08:00 pid=45060 tid=11 left-down x=2024 y=1163 wordForeground=True
2026-09-06T10:37:17.4341805+08:00 pid=45060 tid=11 left-down x=1838 y=688 wordForeground=True
2026-09-06T10:40:11.9202269+08:00 pid=45060 tid=11 left-down x=843 y=1255 wordForeground=False
2026-09-06T10:40:17.7253895+08:00 pid=45060 tid=11 left-down x=2308 y=1243 wordForeground=True
2026-09-06T10:40:18.8433667+08:00 pid=45060 tid=11 left-down x=2215 y=1257 wordForeground=True
2026-09-06T10:42:03.1510661+08:00 pid=45060 tid=11 left-down x=1190 y=747 wordForeground=False
2026-09-06T10:42:17.4029176+08:00 pid=45060 tid=11 left-down x=2024 y=1163 wordForeground=True
2026-09-06T10:44:29.6597134+08:00 pid=45060 tid=11 left-down x=1190 y=747 wordForeground=False
2026-09-06T10:44:43.8897064+08:00 pid=45060 tid=11 left-down x=2024 y=1163 wordForeground=True
2026-09-06T10:48:05.5365611+08:00 pid=45060 tid=11 left-down x=791 y=1268 wordForeground=False
2026-09-06T10:48:11.0724710+08:00 pid=45060 tid=11 left-down x=2071 y=1230 wordForeground=True
2026-09-06T10:48:32.3387648+08:00 pid=45060 tid=11 left-down x=111 y=1474 wordForeground=False
2026-09-06T10:48:47.9761543+08:00 pid=45060 tid=11 left-down x=2025 y=1235 wordForeground=True
2026-09-06T10:48:49.0273555+08:00 pid=45060 tid=11 left-down x=1893 y=1130 wordForeground=True
2026-09-06T10:48:49.7780527+08:00 pid=45060 tid=11 left-down x=1897 y=1126 wordForeground=True
2026-09-06T10:48:50.2160554+08:00 pid=45060 tid=11 left-down x=1897 y=1126 wordForeground=True
2026-09-06T10:48:50.2160554+08:00 pid=45060 tid=11 double-click elapsedMs=437.2 withinX=True withinY=True nativeOleTarget=False suppressSecondDown=False dispatchCallback=True
2026-09-06T10:48:50.3192665+08:00 pid=45060 tid=14 callback-begin interceptedNativeOle=False x=1897 y=1126
2026-09-06T10:48:50.3194230+08:00 pid=45060 tid=14 addin-callback-received interceptedNativeOle=False x=1897 y=1126
2026-09-06T10:48:50.3204585+08:00 pid=45060 tid=14 callback-end
2026-09-06T10:48:51.0356773+08:00 pid=45060 tid=1 addin-coordinate-selection formulaId=123a5f07-f22a-4a0d-adae-e8b783d3f7d1 objectMode=wordOmml
2026-09-06T10:48:51.0652013+08:00 pid=45060 tid=1 addin-session-started=True
2026-09-06T10:48:54.1105779+08:00 pid=45060 tid=11 left-down x=1156 y=742 wordForeground=False
2026-09-06T10:48:55.7330776+08:00 pid=45060 tid=11 left-down x=2609 y=687 wordForeground=False
2026-09-06T10:48:55.8305557+08:00 pid=45060 tid=18 ribbon-session-operation-released sessionId=c00568de-74f8-468e-aaaf-ff222a35aac9
2026-09-06T10:48:57.3795006+08:00 pid=45060 tid=11 left-down x=1819 y=1111 wordForeground=True
2026-09-06T10:48:57.8713175+08:00 pid=45060 tid=11 left-down x=1819 y=1111 wordForeground=True
2026-09-06T10:48:57.8713175+08:00 pid=45060 tid=11 double-click elapsedMs=491.884 withinX=True withinY=True nativeOleTarget=False suppressSecondDown=False dispatchCallback=True
2026-09-06T10:48:57.9740272+08:00 pid=45060 tid=39 callback-begin interceptedNativeOle=False x=1819 y=1111
2026-09-06T10:48:57.9740272+08:00 pid=45060 tid=39 addin-callback-received interceptedNativeOle=False x=1819 y=1111
2026-09-06T10:48:57.9750291+08:00 pid=45060 tid=39 callback-end
2026-09-06T10:48:57.9770281+08:00 pid=45060 tid=1 addin-coordinate-selection formulaId=<null> objectMode=<null>
2026-09-06T10:49:00.2280470+08:00 pid=45060 tid=11 left-down x=1153 y=749 wordForeground=False
2026-09-06T10:49:01.6148619+08:00 pid=45060 tid=11 left-down x=1173 y=746 wordForeground=False
2026-09-06T10:49:02.9156640+08:00 pid=45060 tid=11 left-down x=1173 y=746 wordForeground=False
2026-09-06T10:49:04.6579111+08:00 pid=45060 tid=11 left-down x=2602 y=698 wordForeground=False
2026-09-06T10:49:06.2471922+08:00 pid=45060 tid=11 left-down x=1483 y=1251 wordForeground=True
2026-09-06T10:49:08.5953775+08:00 pid=45060 tid=11 left-down x=1883 y=1126 wordForeground=True
2026-09-06T10:49:09.6752072+08:00 pid=45060 tid=11 left-down x=1243 y=1261 wordForeground=True
2026-09-06T10:49:14.9283423+08:00 pid=45060 tid=11 left-down x=883 y=1241 wordForeground=False
2026-09-06T10:49:17.3201925+08:00 pid=45060 tid=11 left-down x=2108 y=1267 wordForeground=True
2026-09-06T10:49:19.6182091+08:00 pid=45060 tid=11 left-down x=1773 y=689 wordForeground=True
2026-09-06T10:49:21.3598378+08:00 pid=45060 tid=11 left-down x=2148 y=1488 wordForeground=True
2026-09-06T10:49:24.1087361+08:00 pid=45060 tid=11 left-down x=1764 y=686 wordForeground=True
2026-09-06T10:49:26.4190624+08:00 pid=45060 tid=11 left-down x=1903 y=1084 wordForeground=True
2026-09-06T10:49:28.1753171+08:00 pid=45060 tid=11 left-down x=2182 y=1500 wordForeground=True
2026-09-06T10:49:29.5160140+08:00 pid=45060 tid=11 left-down x=2182 y=1500 wordForeground=True
2026-09-06T10:49:32.4945492+08:00 pid=45060 tid=11 left-down x=1852 y=1134 wordForeground=True
2026-09-06T10:49:34.9575983+08:00 pid=45060 tid=11 left-down x=1270 y=663 wordForeground=True
2026-09-06T10:49:37.5704052+08:00 pid=45060 tid=11 left-down x=1252 y=659 wordForeground=True
2026-09-06T10:49:39.6288228+08:00 pid=45060 tid=11 left-down x=1352 y=2123 wordForeground=False
2026-09-06T10:49:40.5591170+08:00 pid=45060 tid=11 left-down x=1440 y=2033 wordForeground=False
2026-09-06T10:49:43.5034396+08:00 pid=45060 tid=11 left-down x=2607 y=696 wordForeground=False
2026-09-06T10:49:44.9858133+08:00 pid=45060 tid=11 left-down x=1324 y=1255 wordForeground=True
2026-09-06T10:49:47.0431310+08:00 pid=45060 tid=11 left-down x=727 y=1092 wordForeground=False
2026-09-06T10:49:48.3808261+08:00 pid=45060 tid=11 left-down x=682 y=1050 wordForeground=False
2026-09-06T10:49:50.4155226+08:00 pid=45060 tid=11 left-down x=1899 y=397 wordForeground=False
2026-09-06T10:49:52.3516209+08:00 pid=45060 tid=11 left-down x=2093 y=1262 wordForeground=True
2026-09-06T10:50:39.2690521+08:00 pid=45060 tid=11 left-down x=1190 y=747 wordForeground=False
2026-09-06T10:50:53.3217338+08:00 pid=45060 tid=11 left-down x=2024 y=1163 wordForeground=True
2026-09-06T10:51:40.8362883+08:00 pid=45060 tid=11 left-down x=779 y=1223 wordForeground=False
2026-09-06T10:51:49.6619919+08:00 pid=45060 tid=11 left-down x=2076 y=1278 wordForeground=True
2026-09-06T10:52:35.9137786+08:00 pid=45060 tid=11 left-down x=1190 y=747 wordForeground=False
2026-09-06T10:52:50.1433574+08:00 pid=45060 tid=11 left-down x=2024 y=1163 wordForeground=True
2026-09-06T10:54:55.8566595+08:00 pid=45060 tid=11 left-down x=736 y=1258 wordForeground=False
2026-09-06T10:54:58.5653839+08:00 pid=45060 tid=11 left-down x=2120 y=899 wordForeground=False
2026-09-06T10:54:59.0066323+08:00 pid=45060 tid=11 left-down x=1190 y=747 wordForeground=False
2026-09-06T10:55:14.0653240+08:00 pid=45060 tid=11 left-down x=2024 y=1163 wordForeground=True
2026-09-06T10:56:55.7378865+08:00 pid=45060 tid=11 left-down x=1190 y=747 wordForeground=False
2026-09-06T10:57:10.0727488+08:00 pid=45060 tid=11 left-down x=2024 y=1163 wordForeground=True
2026-09-06T10:58:00.9765389+08:00 pid=45060 tid=11 left-down x=1140 y=1210 wordForeground=True
2026-09-06T10:58:01.6381030+08:00 pid=45060 tid=11 left-down x=1140 y=1210 wordForeground=True
2026-09-06T10:59:31.9471488+08:00 pid=45060 tid=11 left-down x=846 y=1203 wordForeground=False
2026-09-06T10:59:35.0001812+08:00 pid=45060 tid=11 left-down x=2211 y=1232 wordForeground=True
2026-09-06T10:59:37.6819972+08:00 pid=45060 tid=11 left-down x=1718 y=1090 wordForeground=True
2026-09-06T10:59:38.8619029+08:00 pid=45060 tid=11 left-down x=1634 y=1069 wordForeground=True
2026-09-06T10:59:43.3408155+08:00 pid=45060 tid=11 left-down x=1838 y=818 wordForeground=True
2026-09-06T11:00:22.1637904+08:00 pid=45060 tid=11 left-down x=1155 y=1210 wordForeground=True
2026-09-06T11:00:22.7892009+08:00 pid=45060 tid=11 left-down x=1155 y=1210 wordForeground=True
2026-09-06T11:01:26.0869426+08:00 pid=45060 tid=11 left-down x=1155 y=1060 wordForeground=True
2026-09-06T11:01:26.6809677+08:00 pid=45060 tid=11 left-down x=1155 y=1060 wordForeground=True
2026-09-06T11:03:20.3188657+08:00 pid=45060 tid=11 left-down x=872 y=865 wordForeground=False
2026-09-06T11:03:29.6426332+08:00 pid=45060 tid=11 left-down x=1190 y=747 wordForeground=False
2026-09-06T11:03:44.3303465+08:00 pid=45060 tid=11 left-down x=2024 y=1163 wordForeground=True
2026-09-06T11:04:28.7521542+08:00 pid=45060 tid=11 left-down x=1155 y=1210 wordForeground=True
2026-09-06T11:04:29.4508402+08:00 pid=45060 tid=11 left-down x=1155 y=1210 wordForeground=True
2026-09-06T11:04:49.0832248+08:00 pid=45060 tid=11 left-down x=1838 y=688 wordForeground=True
2026-09-06T11:05:33.4026560+08:00 pid=45060 tid=11 left-down x=1140 y=1207 wordForeground=True
2026-09-06T11:05:34.0766420+08:00 pid=45060 tid=11 left-down x=1140 y=1207 wordForeground=True
2026-09-06T11:06:57.5614618+08:00 pid=45060 tid=11 left-down x=1382 y=1120 wordForeground=False
2026-09-06T11:07:00.4008748+08:00 pid=45060 tid=11 left-down x=2178 y=458 wordForeground=False
2026-09-06T11:07:02.7761624+08:00 pid=45060 tid=11 left-down x=2492 y=460 wordForeground=False
2026-09-06T11:07:53.1846823+08:00 pid=45060 tid=11 left-down x=795 y=1222 wordForeground=False
2026-09-06T11:07:57.9345693+08:00 pid=45060 tid=11 left-down x=2315 y=1180 wordForeground=True
2026-09-06T11:09:30.4139114+08:00 pid=45060 tid=11 left-down x=2178 y=458 wordForeground=False
2026-09-06T11:10:07.5332279+08:00 pid=45060 tid=11 left-down x=1382 y=1120 wordForeground=False
2026-09-06T11:10:10.3055942+08:00 pid=45060 tid=11 left-down x=2492 y=460 wordForeground=False
2026-09-06T11:14:03.7464451+08:00 pid=45060 tid=11 left-down x=1190 y=747 wordForeground=False
2026-09-06T11:14:07.1642253+08:00 pid=45060 tid=11 left-down x=1665 y=747 wordForeground=False
2026-09-06T11:14:21.7762978+08:00 pid=45060 tid=11 left-down x=1190 y=747 wordForeground=False
2026-09-06T11:14:25.0410620+08:00 pid=45060 tid=11 left-down x=1665 y=747 wordForeground=False
2026-09-06T11:14:39.2432554+08:00 pid=45060 tid=11 left-down x=1190 y=747 wordForeground=False
2026-09-06T11:15:52.2247024+08:00 pid=45060 tid=11 left-down x=2024 y=1187 wordForeground=True
2026-09-06T11:17:35.2810447+08:00 pid=45060 tid=11 left-down x=1838 y=774 wordForeground=True
2026-09-06T11:20:19.2224076+08:00 pid=45060 tid=11 left-down x=1072 y=2130 wordForeground=False
2026-09-06T11:20:22.9591532+08:00 pid=45060 tid=11 left-down x=2255 y=1372 wordForeground=True
2026-09-06T11:20:24.0675073+08:00 pid=45060 tid=11 left-down x=2198 y=1441 wordForeground=True
2026-09-06T11:21:15.7435116+08:00 pid=45060 tid=11 left-down x=795 y=1238 wordForeground=False
2026-09-06T11:21:18.0751144+08:00 pid=45060 tid=11 left-down x=2192 y=1367 wordForeground=True
2026-09-06T11:21:19.1673587+08:00 pid=45060 tid=11 left-down x=740 y=1215 wordForeground=False
2026-09-06T11:22:20.6446934+08:00 pid=45060 tid=11 left-down x=1190 y=747 wordForeground=False
2026-09-06T11:22:23.6701381+08:00 pid=45060 tid=11 left-down x=1665 y=747 wordForeground=False
2026-09-06T11:22:37.5838079+08:00 pid=45060 tid=11 left-down x=1190 y=747 wordForeground=False
2026-09-06T11:22:41.3304551+08:00 pid=45060 tid=11 left-down x=1665 y=747 wordForeground=False
2026-09-06T11:22:55.1392251+08:00 pid=45060 tid=11 left-down x=1190 y=747 wordForeground=False
2026-09-06T11:23:11.7051614+08:00 pid=45060 tid=11 left-down x=2024 y=1187 wordForeground=True
2026-09-06T11:24:09.7065079+08:00 pid=45060 tid=11 left-down x=809 y=1245 wordForeground=False
2026-09-06T11:24:16.5405326+08:00 pid=45060 tid=11 left-down x=199 y=1498 wordForeground=False
2026-09-06T11:24:17.3094903+08:00 pid=45060 tid=11 left-down x=206 y=1485 wordForeground=False
2026-09-06T11:24:19.2840463+08:00 pid=45060 tid=11 left-down x=2049 y=1405 wordForeground=True
2026-09-06T11:30:08.9761051+08:00 pid=45060 tid=11 left-down x=1838 y=688 wordForeground=True
2026-09-06T11:30:56.8561924+08:00 pid=45060 tid=11 left-down x=1155 y=1337 wordForeground=True
2026-09-06T11:30:57.4878129+08:00 pid=45060 tid=11 left-down x=1155 y=1337 wordForeground=True
2026-09-06T11:42:00.5064024+08:00 pid=45060 tid=11 left-down x=806 y=1112 wordForeground=False
2026-09-06T11:42:44.5575455+08:00 pid=45060 tid=11 left-down x=239 y=1463 wordForeground=False
2026-09-06T11:42:48.4071463+08:00 pid=45060 tid=11 left-down x=1500 y=1569 wordForeground=True
2026-09-06T11:42:49.7751720+08:00 pid=45060 tid=11 left-down x=661 y=1211 wordForeground=False
2026-09-06T11:42:51.9078883+08:00 pid=45060 tid=11 left-down x=1925 y=1462 wordForeground=False
2026-09-06T11:42:57.7548406+08:00 pid=45060 tid=11 left-down x=1927 y=477 wordForeground=False
2026-09-06T11:43:13.7990515+08:00 pid=45060 tid=11 left-down x=2392 y=184 wordForeground=False
2026-09-06T11:43:16.3977552+08:00 pid=45060 tid=11 left-down x=145 y=94 wordForeground=False
2026-09-06T11:43:19.8576781+08:00 pid=45060 tid=11 left-down x=343 y=307 wordForeground=False
2026-09-06T11:43:22.7114066+08:00 pid=45060 tid=11 left-down x=1441 y=2145 wordForeground=False
2026-09-06T11:43:25.0487980+08:00 pid=45060 tid=11 left-down x=1057 y=2123 wordForeground=False
2026-09-06T11:43:26.2403910+08:00 pid=45060 tid=11 left-down x=1355 y=2138 wordForeground=False
2026-09-06T11:43:41.0141904+08:00 pid=45060 tid=11 left-down x=1076 y=1158 wordForeground=False
2026-09-06T11:43:49.2417460+08:00 pid=45060 tid=11 left-down x=1360 y=2079 wordForeground=False
2026-09-06T11:44:01.8921589+08:00 pid=45060 tid=11 left-down x=1353 y=2049 wordForeground=False
2026-09-06T11:44:04.1870867+08:00 pid=45060 tid=11 left-down x=1902 y=1224 wordForeground=True
2026-09-06T11:44:05.8436682+08:00 pid=45060 tid=11 left-down x=1620 y=1535 wordForeground=True
2026-09-06T11:44:07.9484509+08:00 pid=45060 tid=11 left-down x=880 y=1260 wordForeground=False
2026-09-06T11:48:43.8295983+08:00 pid=45060 tid=11 left-down x=1618 y=1245 wordForeground=True
2026-09-06T11:48:46.0950578+08:00 pid=45060 tid=11 left-down x=788 y=1222 wordForeground=False
2026-09-06T11:48:50.5410731+08:00 pid=45060 tid=11 left-down x=1329 y=1606 wordForeground=True
2026-09-06T11:48:55.4016790+08:00 pid=45060 tid=11 left-down x=780 y=1237 wordForeground=False
2026-09-06T11:48:59.3432545+08:00 pid=45060 tid=11 left-down x=1347 y=1604 wordForeground=True
2026-09-06T11:53:50.6114154+08:00 pid=45060 tid=11 left-down x=1083 y=2146 wordForeground=False
2026-09-06T11:54:07.2721848+08:00 pid=45060 tid=11 left-down x=1984 y=1086 wordForeground=True
2026-09-06T11:56:54.2532281+08:00 pid=45060 tid=11 left-down x=2024 y=1187 wordForeground=True
2026-09-06T11:57:01.9595036+08:00 pid=45060 tid=11 left-down x=1838 y=818 wordForeground=True
2026-09-06T12:09:32.5183399+08:00 pid=45060 tid=11 left-down x=2024 y=1187 wordForeground=True
2026-09-06T12:10:06.8357107+08:00 pid=45060 tid=11 left-down x=1838 y=688 wordForeground=True
2026-09-06T12:10:49.0229815+08:00 pid=45060 tid=11 left-down x=1151 y=1515 wordForeground=True
2026-09-06T12:10:49.5146438+08:00 pid=45060 tid=11 left-down x=1151 y=1515 wordForeground=True
2026-09-06T12:10:49.5156443+08:00 pid=45060 tid=11 double-click elapsedMs=492.451 withinX=True withinY=True nativeOleTarget=False suppressSecondDown=False dispatchCallback=True
2026-09-06T12:10:49.6102104+08:00 pid=45060 tid=38 callback-begin interceptedNativeOle=False x=1151 y=1515
2026-09-06T12:10:49.6102104+08:00 pid=45060 tid=38 addin-callback-received interceptedNativeOle=False x=1151 y=1515
2026-09-06T12:10:49.6102104+08:00 pid=45060 tid=38 callback-end
2026-09-06T12:10:49.6112100+08:00 pid=45060 tid=1 addin-coordinate-selection formulaId=<null> objectMode=<null>
2026-09-06T12:12:07.6002189+08:00 pid=45060 tid=11 left-down x=1838 y=774 wordForeground=True
2026-09-06T12:12:58.9064570+08:00 pid=45060 tid=11 left-down x=1170 y=1320 wordForeground=True
2026-09-06T12:12:59.5340975+08:00 pid=45060 tid=11 left-down x=1170 y=1320 wordForeground=True
2026-09-06T12:16:38.5004220+08:00 pid=45060 tid=11 left-down x=801 y=814 wordForeground=False
2026-09-06T12:16:40.2283377+08:00 pid=45060 tid=11 left-down x=1006 y=849 wordForeground=False
2026-09-06T12:19:29.9814087+08:00 pid=45060 tid=11 left-down x=2024 y=1187 wordForeground=True
2026-09-06T12:19:37.7653685+08:00 pid=45060 tid=11 left-down x=1838 y=688 wordForeground=True
2026-09-06T12:30:33.2659302+08:00 pid=45060 tid=11 left-down x=2024 y=1187 wordForeground=True
2026-09-06T12:36:36.8895516+08:00 pid=45060 tid=11 left-down x=2024 y=1187 wordForeground=True
2026-09-06T12:38:56.3703674+08:00 pid=45060 tid=11 left-down x=2024 y=1187 wordForeground=True
2026-09-06T12:40:48.8761277+08:00 pid=45060 tid=11 left-down x=1838 y=860 wordForeground=True
2026-09-06T12:41:32.7377900+08:00 pid=45060 tid=11 left-down x=1183 y=1627 wordForeground=True
2026-09-06T12:41:33.4604552+08:00 pid=45060 tid=11 left-down x=1183 y=1627 wordForeground=True
2026-09-06T12:42:48.8317798+08:00 pid=45060 tid=11 left-down x=1838 y=732 wordForeground=True
2026-09-06T12:44:29.3996599+08:00 pid=45060 tid=11 left-down x=1838 y=688 wordForeground=True
2026-09-06T12:51:11.7838356+08:00 pid=45060 tid=11 left-down x=1302 y=747 wordForeground=False
2026-09-06T12:52:22.1540568+08:00 pid=45060 tid=11 left-down x=2058 y=1197 wordForeground=True
2026-09-06T12:59:17.3365040+08:00 pid=45060 tid=11 left-down x=1302 y=747 wordForeground=False
2026-09-06T13:00:33.9289893+08:00 pid=45060 tid=11 left-down x=2024 y=1163 wordForeground=True
2026-09-06T13:03:50.0771975+08:00 pid=45060 tid=11 left-down x=846 y=1216 wordForeground=False
2026-09-06T13:04:06.9283096+08:00 pid=45060 tid=11 left-down x=1992 y=1336 wordForeground=True
2026-09-06T13:04:08.9599506+08:00 pid=45060 tid=11 left-down x=1947 y=1234 wordForeground=True
2026-09-06T13:04:10.6555706+08:00 pid=45060 tid=11 left-down x=1796 y=1396 wordForeground=True
2026-09-06T13:04:11.8396048+08:00 pid=45060 tid=11 left-down x=1602 y=1458 wordForeground=True
2026-09-06T13:05:18.7419309+08:00 pid=45060 tid=11 left-down x=851 y=1174 wordForeground=False
2026-09-06T13:06:18.0629329+08:00 pid=45060 tid=11 left-down x=1302 y=747 wordForeground=False
2026-09-06T13:08:48.4762537+08:00 pid=45060 tid=11 left-down x=1302 y=747 wordForeground=True
2026-09-06T13:09:21.8525512+08:00 pid=45060 tid=11 left-down x=807 y=1221 wordForeground=False
2026-09-06T13:09:26.9524228+08:00 pid=45060 tid=11 left-down x=2025 y=1437 wordForeground=True
2026-09-06T13:09:28.3935228+08:00 pid=45060 tid=11 left-down x=1854 y=1262 wordForeground=True
2026-09-06T13:09:29.5290010+08:00 pid=45060 tid=11 left-down x=1605 y=1330 wordForeground=True
2026-09-06T13:11:25.7855881+08:00 pid=45060 tid=11 left-down x=2024 y=1163 wordForeground=True
2026-09-06T13:14:21.9526733+08:00 pid=45060 tid=11 left-down x=801 y=1230 wordForeground=False
2026-09-06T13:14:42.1902537+08:00 pid=45060 tid=11 left-down x=909 y=1354 wordForeground=False
2026-09-06T13:16:13.2654239+08:00 pid=45060 tid=11 left-down x=854 y=1380 wordForeground=False
2026-09-06T13:16:15.5711417+08:00 pid=45060 tid=11 left-down x=1838 y=1436 wordForeground=False
2026-09-06T13:20:48.7285216+08:00 pid=45060 tid=11 left-down x=897 y=1337 wordForeground=False
2026-09-06T13:22:16.6390641+08:00 pid=45060 tid=11 left-down x=1079 y=2134 wordForeground=False
2026-09-06T13:23:31.3453023+08:00 pid=45060 tid=11 left-down x=912 y=1198 wordForeground=False
2026-09-06T13:23:56.6685259+08:00 pid=45060 tid=11 left-down x=300 y=15 wordForeground=False
2026-09-06T13:25:29.6043091+08:00 pid=45060 tid=11 left-down x=832 y=1274 wordForeground=False
2026-09-06T13:28:26.7192882+08:00 pid=45060 tid=11 left-down x=663 y=1262 wordForeground=False
2026-09-06T13:28:53.4101239+08:00 pid=45060 tid=11 left-down x=1317 y=747 wordForeground=False
2026-09-06T13:28:56.8773297+08:00 pid=45060 tid=11 left-down x=1792 y=747 wordForeground=False
2026-09-06T13:29:59.1931302+08:00 pid=45060 tid=11 left-down x=1317 y=747 wordForeground=False
2026-09-06T13:30:02.6615445+08:00 pid=45060 tid=11 left-down x=1792 y=747 wordForeground=False
2026-09-06T13:31:57.1203730+08:00 pid=45060 tid=11 left-down x=2024 y=1187 wordForeground=True
2026-09-06T13:33:21.7871268+08:00 pid=45060 tid=11 left-down x=895 y=904 wordForeground=False
2026-09-06T13:34:33.9609201+08:00 pid=45060 tid=11 left-down x=1838 y=860 wordForeground=True
2026-09-06T13:35:09.2490326+08:00 pid=45060 tid=11 left-down x=766 y=1265 wordForeground=False
2026-09-06T13:40:46.5546883+08:00 pid=45060 tid=11 left-down x=1317 y=747 wordForeground=False
2026-09-06T13:40:50.0125001+08:00 pid=45060 tid=11 left-down x=1792 y=747 wordForeground=False
2026-09-06T13:41:58.4248945+08:00 pid=45060 tid=11 left-down x=1317 y=747 wordForeground=False
2026-09-06T13:42:01.6814546+08:00 pid=45060 tid=11 left-down x=1792 y=747 wordForeground=False
2026-09-06T13:43:10.8269763+08:00 pid=45060 tid=11 left-down x=2024 y=1187 wordForeground=True
2026-09-06T13:51:23.5959873+08:00 pid=45060 tid=11 left-down x=1172 y=1508 wordForeground=True
2026-09-06T13:51:24.3104776+08:00 pid=45060 tid=11 left-down x=1172 y=1508 wordForeground=True
2026-09-06T13:52:14.9576946+08:00 pid=45060 tid=11 left-down x=1172 y=1088 wordForeground=True
2026-09-06T13:52:15.5902895+08:00 pid=45060 tid=11 left-down x=1172 y=1088 wordForeground=True
2026-09-06T13:56:11.1348220+08:00 pid=45060 tid=11 left-down x=1317 y=747 wordForeground=False
2026-09-06T13:56:14.4535032+08:00 pid=45060 tid=11 left-down x=1792 y=747 wordForeground=False
2026-09-06T13:57:06.7173455+08:00 pid=45060 tid=11 left-down x=1317 y=747 wordForeground=False
2026-09-06T13:57:10.2002780+08:00 pid=45060 tid=11 left-down x=1792 y=747 wordForeground=False
2026-09-06T13:58:06.6051877+08:00 pid=45060 tid=11 left-down x=2024 y=1187 wordForeground=True
2026-09-06T14:03:33.6124100+08:00 pid=45060 tid=11 left-down x=1317 y=747 wordForeground=False
2026-09-06T14:03:36.6501078+08:00 pid=45060 tid=11 left-down x=1792 y=747 wordForeground=False
2026-09-06T14:04:17.1233390+08:00 pid=45060 tid=11 left-down x=1317 y=747 wordForeground=False
2026-09-06T14:04:20.4990272+08:00 pid=45060 tid=11 left-down x=1792 y=747 wordForeground=False
2026-09-06T14:05:25.6197330+08:00 pid=45060 tid=11 left-down x=2024 y=1187 wordForeground=True
2026-09-06T14:07:17.4497268+08:00 pid=45060 tid=11 left-down x=1838 y=688 wordForeground=True
2026-09-06T14:08:17.2421472+08:00 pid=45060 tid=11 left-down x=1141 y=1508 wordForeground=True
2026-09-06T14:08:17.7677160+08:00 pid=45060 tid=11 left-down x=1141 y=1508 wordForeground=True
2026-09-06T14:13:47.2811987+08:00 pid=45060 tid=11 left-down x=1141 y=1508 wordForeground=True
2026-09-06T14:13:47.7964735+08:00 pid=45060 tid=11 left-down x=1141 y=1508 wordForeground=True
2026-09-06T14:16:21.1945970+08:00 pid=45060 tid=11 left-down x=1317 y=747 wordForeground=False
2026-09-06T14:16:24.3225193+08:00 pid=45060 tid=11 left-down x=1792 y=747 wordForeground=False
2026-09-06T14:17:35.9668047+08:00 pid=45060 tid=11 left-down x=1317 y=747 wordForeground=False
2026-09-06T14:17:39.5442725+08:00 pid=45060 tid=11 left-down x=1792 y=747 wordForeground=False
2026-09-06T14:18:31.9247063+08:00 pid=45060 tid=11 left-down x=2024 y=1187 wordForeground=True
2026-09-06T14:20:29.0051548+08:00 pid=45060 tid=11 left-down x=1838 y=860 wordForeground=True
2026-09-06T14:21:51.7306103+08:00 pid=45060 tid=11 left-down x=1172 y=1568 wordForeground=True
2026-09-06T14:21:52.2279812+08:00 pid=45060 tid=11 left-down x=1172 y=1568 wordForeground=True
2026-09-06T14:21:52.2279812+08:00 pid=45060 tid=11 double-click elapsedMs=496.847 withinX=True withinY=True nativeOleTarget=False suppressSecondDown=False dispatchCallback=True
2026-09-06T14:21:52.3279791+08:00 pid=45060 tid=38 callback-begin interceptedNativeOle=False x=1172 y=1568
2026-09-06T14:21:52.3279791+08:00 pid=45060 tid=38 addin-callback-received interceptedNativeOle=False x=1172 y=1568
2026-09-06T14:21:52.3279791+08:00 pid=45060 tid=38 callback-end
2026-09-06T14:21:52.3289804+08:00 pid=45060 tid=1 addin-coordinate-selection formulaId=<null> objectMode=<null>
2026-09-06T14:22:33.6782255+08:00 pid=45060 tid=11 left-down x=1382 y=1120 wordForeground=False
2026-09-06T14:22:36.0167313+08:00 pid=45060 tid=11 left-down x=2178 y=458 wordForeground=False
2026-09-06T14:22:38.5512838+08:00 pid=45060 tid=11 left-down x=2492 y=460 wordForeground=False
2026-09-06T14:30:55.2696706+08:00 pid=45060 tid=11 left-down x=1382 y=1120 wordForeground=False
2026-09-06T14:30:57.5241735+08:00 pid=45060 tid=11 left-down x=2178 y=458 wordForeground=False
2026-09-06T14:30:59.7170178+08:00 pid=45060 tid=11 left-down x=2492 y=460 wordForeground=False
2026-09-06T14:32:40.7225095+08:00 pid=45060 tid=11 left-down x=2332 y=460 wordForeground=False
2026-09-06T14:37:41.3425837+08:00 pid=45060 tid=11 left-down x=1382 y=1120 wordForeground=False
2026-09-06T14:37:43.8497713+08:00 pid=45060 tid=11 left-down x=2332 y=460 wordForeground=False
2026-09-06T14:37:46.2774211+08:00 pid=45060 tid=11 left-down x=2492 y=460 wordForeground=False
2026-09-06T14:39:07.0339087+08:00 pid=45060 tid=11 left-down x=2024 y=1259 wordForeground=True
2026-09-06T14:39:15.7360089+08:00 pid=45060 tid=11 left-down x=1838 y=688 wordForeground=True
2026-09-06T14:46:03.5008068+08:00 pid=45060 tid=11 left-down x=1838 y=860 wordForeground=True
2026-09-06T14:46:11.7089924+08:00 pid=45060 tid=11 left-down x=1382 y=1120 wordForeground=False
2026-09-06T14:47:28.2059368+08:00 pid=45060 tid=11 left-down x=2332 y=460 wordForeground=False
2026-09-06T14:47:31.0019801+08:00 pid=45060 tid=11 left-down x=2492 y=460 wordForeground=False
2026-09-06T14:48:36.4495081+08:00 pid=45060 tid=11 left-down x=2024 y=1259 wordForeground=True
2026-09-06T14:48:44.6510081+08:00 pid=45060 tid=11 left-down x=1838 y=688 wordForeground=True
2026-09-06T14:49:33.0115329+08:00 pid=45060 tid=11 left-down x=1136 y=1941 wordForeground=True
2026-09-06T14:49:33.5348287+08:00 pid=45060 tid=11 left-down x=1136 y=1941 wordForeground=True
2026-09-06T14:50:13.0683892+08:00 pid=45060 tid=11 left-down x=1838 y=860 wordForeground=True
2026-09-06T14:53:21.5468891+08:00 pid=45060 tid=11 left-down x=1838 y=688 wordForeground=True
2026-09-06T14:53:30.4836570+08:00 pid=45060 tid=11 left-down x=1382 y=1120 wordForeground=False
2026-09-06T14:53:33.3450890+08:00 pid=45060 tid=11 left-down x=2332 y=460 wordForeground=False
2026-09-06T14:53:35.3742945+08:00 pid=45060 tid=11 left-down x=2492 y=460 wordForeground=False
2026-09-06T14:55:35.7450519+08:00 pid=45060 tid=11 left-down x=2024 y=1187 wordForeground=True
2026-09-06T14:59:40.3739869+08:00 pid=45060 tid=11 left-down x=1776 y=1270 wordForeground=False
2026-09-06T15:07:01.9569811+08:00 pid=45060 tid=11 left-down x=1140 y=1245 wordForeground=True
2026-09-06T15:07:02.3125118+08:00 pid=45060 tid=11 left-down x=1140 y=1245 wordForeground=True
2026-09-06T15:07:02.3125118+08:00 pid=45060 tid=11 double-click elapsedMs=355.468 withinX=True withinY=True nativeOleTarget=False suppressSecondDown=False dispatchCallback=True
2026-09-06T15:07:02.4051228+08:00 pid=45060 tid=38 callback-begin interceptedNativeOle=False x=1140 y=1245
2026-09-06T15:07:02.4051228+08:00 pid=45060 tid=38 addin-callback-received interceptedNativeOle=False x=1140 y=1245
2026-09-06T15:07:02.4051228+08:00 pid=45060 tid=38 callback-end
2026-09-06T15:07:02.4061236+08:00 pid=45060 tid=1 addin-coordinate-selection formulaId=<null> objectMode=<null>
2026-09-06T15:09:35.8196166+08:00 pid=45060 tid=11 left-down x=1776 y=1270 wordForeground=False
2026-09-06T15:21:11.0676033+08:00 pid=45060 tid=11 left-down x=1838 y=688 wordForeground=True
2026-09-06T15:21:35.3385126+08:00 pid=45060 tid=11 left-down x=1382 y=1120 wordForeground=False
2026-09-06T15:21:38.1558341+08:00 pid=45060 tid=11 left-down x=2332 y=460 wordForeground=False
2026-09-06T15:21:40.6834996+08:00 pid=45060 tid=11 left-down x=2492 y=460 wordForeground=False
2026-09-06T15:22:32.8889395+08:00 pid=45060 tid=11 left-down x=2024 y=1187 wordForeground=True
2026-09-06T15:26:37.0065386+08:00 pid=45060 tid=11 left-down x=1140 y=1088 wordForeground=True
2026-09-06T15:26:37.5335927+08:00 pid=45060 tid=11 left-down x=1140 y=1088 wordForeground=True
2026-09-06T15:27:09.6443203+08:00 pid=45060 tid=11 left-down x=1838 y=688 wordForeground=True
2026-09-06T15:27:52.0646195+08:00 pid=45060 tid=11 left-down x=1382 y=1120 wordForeground=False
2026-09-06T15:27:54.9179775+08:00 pid=45060 tid=11 left-down x=2332 y=460 wordForeground=False
2026-09-06T15:27:57.3015881+08:00 pid=45060 tid=11 left-down x=2492 y=460 wordForeground=False
2026-09-06T15:29:57.6345327+08:00 pid=45060 tid=11 left-down x=1776 y=1270 wordForeground=False
2026-09-06T15:30:43.7099373+08:00 pid=45060 tid=11 left-down x=2024 y=1187 wordForeground=True
2026-09-06T15:31:48.9237882+08:00 pid=45060 tid=11 left-down x=698 y=1234 wordForeground=False
2026-09-06T15:31:52.4977800+08:00 pid=45060 tid=11 left-down x=1685 y=1610 wordForeground=True
2026-09-06T15:33:03.7356194+08:00 pid=45060 tid=11 left-down x=1838 y=860 wordForeground=True
2026-09-06T15:33:48.7529984+08:00 pid=45060 tid=11 left-down x=219 y=1479 wordForeground=False
2026-09-06T15:33:54.3618697+08:00 pid=45060 tid=11 left-down x=1323 y=1598 wordForeground=False
2026-09-06T15:35:00.9290721+08:00 pid=45060 tid=11 left-down x=1170 y=1088 wordForeground=True
2026-09-06T15:35:01.4675046+08:00 pid=45060 tid=11 left-down x=1170 y=1088 wordForeground=True
2026-09-06T15:35:43.6326864+08:00 pid=45060 tid=11 left-down x=837 y=1166 wordForeground=False
2026-09-06T15:36:00.5323609+08:00 pid=45060 tid=11 left-down x=2078 y=1366 wordForeground=True
2026-09-06T15:37:05.9067176+08:00 pid=45060 tid=11 left-down x=1776 y=1270 wordForeground=False
2026-09-06T15:46:37.4947477+08:00 pid=45060 tid=11 left-down x=1838 y=688 wordForeground=True
2026-09-06T15:46:46.1620028+08:00 pid=45060 tid=11 left-down x=1382 y=1120 wordForeground=False
2026-09-06T15:46:49.3741441+08:00 pid=45060 tid=11 left-down x=2332 y=460 wordForeground=False
2026-09-06T15:46:51.3793707+08:00 pid=45060 tid=11 left-down x=2492 y=460 wordForeground=False
2026-09-06T15:49:13.1986960+08:00 pid=45060 tid=11 left-down x=1776 y=1270 wordForeground=False
2026-09-06T15:50:01.3308024+08:00 pid=45060 tid=11 left-down x=2024 y=1187 wordForeground=True
2026-09-06T15:50:10.2790002+08:00 pid=45060 tid=11 left-down x=1838 y=860 wordForeground=True
2026-09-06T15:54:09.7396923+08:00 pid=45060 tid=11 left-down x=1170 y=1118 wordForeground=True
2026-09-06T15:54:10.3015872+08:00 pid=45060 tid=11 left-down x=1170 y=1118 wordForeground=True
2026-09-06T15:54:20.7878875+08:00 pid=45060 tid=11 left-down x=1776 y=1270 wordForeground=False
2026-09-06T15:55:19.5165580+08:00 pid=45060 tid=11 left-down x=758 y=1250 wordForeground=False
2026-09-06T15:55:45.6458207+08:00 pid=45060 tid=11 left-down x=820 y=1253 wordForeground=False
2026-09-06T15:55:57.1906807+08:00 pid=45060 tid=11 left-down x=2051 y=1093 wordForeground=True
2026-09-06T15:57:05.1342533+08:00 pid=45060 tid=11 left-down x=763 y=1216 wordForeground=False
2026-09-06T15:57:07.2561315+08:00 pid=45060 tid=11 left-down x=2028 y=1110 wordForeground=True
2026-09-06T15:57:10.2466854+08:00 pid=45060 tid=11 left-down x=770 y=1090 wordForeground=False
2026-09-06T15:57:12.0762873+08:00 pid=45060 tid=11 left-down x=618 y=1046 wordForeground=False
2026-09-06T15:57:16.2103624+08:00 pid=45060 tid=11 left-down x=1892 y=402 wordForeground=False
2026-09-06T15:57:21.2071114+08:00 pid=45060 tid=11 left-down x=1965 y=1091 wordForeground=True
2026-09-06T15:57:24.5828019+08:00 pid=45060 tid=11 left-down x=717 y=1085 wordForeground=False
2026-09-06T15:57:26.9033952+08:00 pid=45060 tid=11 left-down x=620 y=1012 wordForeground=False
2026-09-06T15:57:29.4569744+08:00 pid=45060 tid=11 left-down x=1896 y=398 wordForeground=False
2026-09-06T15:57:34.0691771+08:00 pid=45060 tid=11 left-down x=1979 y=1077 wordForeground=True
2026-09-06T16:04:19.8074339+08:00 pid=45060 tid=11 left-down x=153 y=1448 wordForeground=False
2026-09-06T16:04:23.1810507+08:00 pid=45060 tid=11 left-down x=963 y=1227 wordForeground=False
2026-09-06T16:05:05.9064385+08:00 pid=45060 tid=11 left-down x=1838 y=688 wordForeground=True
2026-09-06T16:05:14.4360267+08:00 pid=45060 tid=11 left-down x=1382 y=1120 wordForeground=False
2026-09-06T16:05:17.1167264+08:00 pid=45060 tid=11 left-down x=2332 y=460 wordForeground=False
2026-09-06T16:05:19.7180279+08:00 pid=45060 tid=11 left-down x=2492 y=460 wordForeground=False
2026-09-06T16:06:52.6274828+08:00 pid=45060 tid=11 left-down x=1776 y=1270 wordForeground=False
2026-09-06T16:08:00.6769467+08:00 pid=45060 tid=11 left-down x=2024 y=1187 wordForeground=True
2026-09-06T16:08:21.3301265+08:00 pid=45060 tid=11 left-down x=1838 y=860 wordForeground=True
2026-09-06T16:12:08.5409927+08:00 pid=45060 tid=11 left-down x=1776 y=1270 wordForeground=False
2026-09-06T16:15:16.4075337+08:00 pid=45060 tid=11 left-down x=772 y=1266 wordForeground=False
2026-09-06T16:15:25.3358304+08:00 pid=45060 tid=11 left-down x=1844 y=1725 wordForeground=True
2026-09-06T16:18:12.2041267+08:00 pid=45060 tid=11 left-down x=1776 y=1270 wordForeground=False
2026-09-06T16:26:34.4952584+08:00 pid=45060 tid=11 left-down x=1382 y=1120 wordForeground=False
2026-09-06T16:26:37.0748514+08:00 pid=45060 tid=11 left-down x=2332 y=460 wordForeground=False
2026-09-06T16:26:39.3992625+08:00 pid=45060 tid=11 left-down x=2492 y=460 wordForeground=False
2026-09-06T16:27:41.6869701+08:00 pid=45060 tid=11 left-down x=713 y=1227 wordForeground=False
2026-09-06T16:27:47.3280645+08:00 pid=45060 tid=11 left-down x=1874 y=1436 wordForeground=True
2026-09-06T16:27:58.1101426+08:00 pid=45060 tid=11 left-down x=700 y=1238 wordForeground=False
2026-09-06T16:28:03.2867606+08:00 pid=45060 tid=11 left-down x=1742 y=1814 wordForeground=True
2026-09-06T16:28:20.7747671+08:00 pid=45060 tid=11 left-down x=2024 y=1187 wordForeground=True
2026-09-06T16:29:40.6092878+08:00 pid=45060 tid=11 left-down x=1172 y=1836 wordForeground=True
2026-09-06T16:29:41.4268036+08:00 pid=45060 tid=11 left-down x=1172 y=1836 wordForeground=True
2026-09-06T16:30:25.1908867+08:00 pid=45060 tid=11 left-down x=739 y=1231 wordForeground=False
2026-09-06T16:30:36.8168304+08:00 pid=45060 tid=11 left-down x=1776 y=1270 wordForeground=False
2026-09-06T16:40:50.9389239+08:00 pid=45060 tid=11 left-down x=1382 y=1120 wordForeground=False
2026-09-06T16:40:53.5084095+08:00 pid=45060 tid=11 left-down x=2332 y=460 wordForeground=False
2026-09-06T16:40:55.7792067+08:00 pid=45060 tid=11 left-down x=2492 y=460 wordForeground=False
2026-09-06T16:43:16.0949336+08:00 pid=45060 tid=11 left-down x=1776 y=1270 wordForeground=False
2026-09-06T16:44:46.8506173+08:00 pid=45060 tid=11 left-down x=2024 y=1187 wordForeground=True
2026-09-06T16:45:51.8645958+08:00 pid=45060 tid=11 left-down x=691 y=1252 wordForeground=False
2026-09-06T16:46:01.4325290+08:00 pid=45060 tid=11 left-down x=191 y=1485 wordForeground=False
2026-09-06T16:46:04.5201026+08:00 pid=45060 tid=11 left-down x=2508 y=1121 wordForeground=True
2026-09-06T16:47:32.0720840+08:00 pid=45060 tid=11 left-down x=776 y=1255 wordForeground=False
2026-09-06T16:47:45.4869566+08:00 pid=45060 tid=11 left-down x=710 y=994 wordForeground=False
2026-09-06T16:47:47.0827651+08:00 pid=45060 tid=11 left-down x=699 y=1023 wordForeground=False
2026-09-06T16:47:48.8034217+08:00 pid=45060 tid=11 left-down x=743 y=1042 wordForeground=False
2026-09-06T16:47:51.3826504+08:00 pid=45060 tid=11 left-down x=764 y=1021 wordForeground=False
2026-09-06T16:47:55.2626573+08:00 pid=45060 tid=11 left-down x=831 y=1077 wordForeground=False
2026-09-06T16:48:05.6102862+08:00 pid=45060 tid=11 left-down x=1046 y=1329 wordForeground=False
2026-09-06T16:48:39.7852202+08:00 pid=45060 tid=11 left-down x=271 y=1440 wordForeground=False
2026-09-06T16:48:41.5238640+08:00 pid=45060 tid=11 left-down x=253 y=1462 wordForeground=False
2026-09-06T16:48:45.5968704+08:00 pid=45060 tid=11 left-down x=270 y=1333 wordForeground=False
2026-09-06T16:48:47.5715650+08:00 pid=45060 tid=11 left-down x=196 y=705 wordForeground=False
2026-09-06T16:48:52.5203688+08:00 pid=45060 tid=11 left-down x=135 y=384 wordForeground=False
2026-09-06T16:58:20.0382321+08:00 pid=45060 tid=11 left-down x=1382 y=1120 wordForeground=False
2026-09-06T16:58:22.7875564+08:00 pid=45060 tid=11 left-down x=2332 y=460 wordForeground=False
2026-09-06T16:58:25.5527137+08:00 pid=45060 tid=11 left-down x=2492 y=460 wordForeground=False
2026-09-06T16:59:25.2405255+08:00 pid=45060 tid=11 left-down x=1776 y=1270 wordForeground=False
2026-09-06T17:00:19.5810164+08:00 pid=45060 tid=11 left-down x=2024 y=1187 wordForeground=True
2026-09-06T17:03:55.3368181+08:00 pid=45060 tid=11 left-down x=711 y=1181 wordForeground=False
2026-09-06T17:04:03.2766811+08:00 pid=45060 tid=11 left-down x=2039 y=1034 wordForeground=True
2026-09-06T17:04:13.0209562+08:00 pid=45060 tid=11 left-down x=759 y=1233 wordForeground=False
2026-09-06T17:06:41.9693452+08:00 pid=45060 tid=11 left-down x=672 y=1256 wordForeground=False
2026-09-06T17:06:50.5820697+08:00 pid=45060 tid=11 left-down x=250 y=1460 wordForeground=False
2026-09-06T17:06:53.6790784+08:00 pid=45060 tid=11 left-down x=902 y=1143 wordForeground=False
2026-09-06T17:08:08.1970456+08:00 pid=45060 tid=11 left-down x=1382 y=1120 wordForeground=False
2026-09-06T17:08:10.6542048+08:00 pid=45060 tid=11 left-down x=2332 y=460 wordForeground=False
2026-09-06T17:08:13.1583062+08:00 pid=45060 tid=11 left-down x=2492 y=460 wordForeground=False
2026-09-06T17:08:28.7412897+08:00 pid=45060 tid=11 left-down x=1776 y=1270 wordForeground=False
2026-09-06T17:08:41.6393667+08:00 pid=45060 tid=11 left-down x=2024 y=1187 wordForeground=True
2026-09-06T17:09:37.3163468+08:00 pid=45060 tid=11 left-down x=841 y=1058 wordForeground=True
2026-09-06T17:10:30.7350494+08:00 pid=45060 tid=11 left-down x=1945 y=1414 wordForeground=True
2026-09-06T17:10:35.1306173+08:00 pid=45060 tid=11 left-down x=782 y=1229 wordForeground=False
2026-09-06T17:10:38.1229688+08:00 pid=45060 tid=11 left-down x=720 y=1078 wordForeground=False
2026-09-06T17:10:41.2806422+08:00 pid=45060 tid=11 left-down x=607 y=974 wordForeground=False
2026-09-06T17:10:44.8223566+08:00 pid=45060 tid=11 left-down x=1871 y=407 wordForeground=False
2026-09-06T17:10:49.0406967+08:00 pid=45060 tid=11 left-down x=2301 y=1453 wordForeground=True
2026-09-06T17:11:37.6106284+08:00 pid=45060 tid=11 left-down x=1776 y=1270 wordForeground=False
2026-09-06T17:13:19.5760897+08:00 pid=45060 tid=11 left-down x=837 y=1224 wordForeground=False
2026-09-06T17:14:16.2291471+08:00 pid=45060 tid=11 left-down x=1838 y=688 wordForeground=True
2026-09-06T17:15:24.8019060+08:00 pid=45060 tid=11 left-down x=1141 y=1087 wordForeground=True
2026-09-06T17:15:25.2929558+08:00 pid=45060 tid=11 left-down x=1141 y=1087 wordForeground=True
2026-09-06T17:15:25.2939560+08:00 pid=45060 tid=11 double-click elapsedMs=491.167 withinX=True withinY=True nativeOleTarget=False suppressSecondDown=False dispatchCallback=True
2026-09-06T17:15:25.3886045+08:00 pid=45060 tid=38 callback-begin interceptedNativeOle=False x=1141 y=1087
2026-09-06T17:15:25.3886045+08:00 pid=45060 tid=38 addin-callback-received interceptedNativeOle=False x=1141 y=1087
2026-09-06T17:15:25.3896048+08:00 pid=45060 tid=38 callback-end
2026-09-06T17:15:25.4086058+08:00 pid=45060 tid=1 addin-coordinate-selection formulaId=<null> objectMode=<null>
2026-09-06T17:16:50.7353224+08:00 pid=45060 tid=11 left-down x=779 y=1278 wordForeground=False
2026-09-06T17:18:49.4044198+08:00 pid=45060 tid=11 left-down x=770 y=1201 wordForeground=False
2026-09-06T17:18:56.3979658+08:00 pid=45060 tid=11 left-down x=2258 y=1350 wordForeground=True
2026-09-06T17:20:34.8120486+08:00 pid=45060 tid=11 left-down x=1382 y=1120 wordForeground=False
2026-09-06T17:20:37.0544110+08:00 pid=45060 tid=11 left-down x=2332 y=460 wordForeground=False
2026-09-06T17:20:39.7721033+08:00 pid=45060 tid=11 left-down x=2492 y=460 wordForeground=False
2026-09-06T17:22:10.9081935+08:00 pid=45060 tid=11 left-down x=1935 y=1345 wordForeground=True
2026-09-06T17:22:14.1879140+08:00 pid=45060 tid=11 left-down x=1808 y=1615 wordForeground=True
2026-09-06T17:23:05.8839184+08:00 pid=45060 tid=11 left-down x=1776 y=1270 wordForeground=False
2026-09-06T17:23:33.9208402+08:00 pid=45060 tid=11 left-down x=2024 y=1187 wordForeground=True
2026-09-06T17:32:01.6414630+08:00 pid=45060 tid=11 left-down x=868 y=930 wordForeground=False
2026-09-06T17:32:13.3311287+08:00 pid=45060 tid=11 left-down x=716 y=707 wordForeground=False
2026-09-06T17:32:16.0426856+08:00 pid=45060 tid=11 left-down x=653 y=533 wordForeground=False
2026-09-06T17:32:19.3862618+08:00 pid=45060 tid=11 left-down x=1891 y=416 wordForeground=False
2026-09-06T17:34:02.6550208+08:00 pid=45060 tid=11 left-down x=1382 y=1120 wordForeground=False
2026-09-06T17:34:05.3382184+08:00 pid=45060 tid=11 left-down x=2332 y=460 wordForeground=False
2026-09-06T17:34:08.0194888+08:00 pid=45060 tid=11 left-down x=2492 y=460 wordForeground=False
2026-09-06T17:35:40.6161165+08:00 pid=45060 tid=11 left-down x=675 y=1190 wordForeground=False
2026-09-06T17:35:47.1091714+08:00 pid=45060 tid=11 left-down x=1961 y=1652 wordForeground=True
2026-09-06T17:35:50.0965236+08:00 pid=45060 tid=11 left-down x=1986 y=1555 wordForeground=True
2026-09-06T17:36:02.3410900+08:00 pid=45060 tid=11 left-down x=1382 y=1120 wordForeground=False
2026-09-06T17:36:04.8520242+08:00 pid=45060 tid=11 left-down x=2332 y=460 wordForeground=False
2026-09-06T17:36:07.6995503+08:00 pid=45060 tid=11 left-down x=2492 y=460 wordForeground=False
2026-09-06T17:38:55.1918176+08:00 pid=45060 tid=11 left-down x=813 y=1058 wordForeground=False
2026-09-06T17:39:06.9110511+08:00 pid=45060 tid=11 left-down x=2050 y=1012 wordForeground=True
2026-09-06T17:39:10.4717617+08:00 pid=45060 tid=11 left-down x=255 y=1492 wordForeground=False
2026-09-06T17:39:13.4469728+08:00 pid=45060 tid=11 left-down x=961 y=1043 wordForeground=False
2026-09-06T17:40:58.3418846+08:00 pid=45060 tid=11 left-down x=1382 y=1120 wordForeground=False
2026-09-06T17:41:00.8933806+08:00 pid=45060 tid=11 left-down x=2332 y=460 wordForeground=False
2026-09-06T17:41:02.8957633+08:00 pid=45060 tid=11 left-down x=2492 y=460 wordForeground=False
2026-09-06T17:41:59.7497539+08:00 pid=45060 tid=11 left-down x=1776 y=1270 wordForeground=False
2026-09-06T17:42:17.9683415+08:00 pid=45060 tid=11 left-down x=2024 y=1187 wordForeground=True
2026-09-06T17:44:01.6616904+08:00 pid=45060 tid=11 left-down x=596 y=1205 wordForeground=False
2026-09-06T17:44:22.5108667+08:00 pid=45060 tid=11 left-down x=2094 y=1018 wordForeground=True
2026-09-06T17:44:25.7090402+08:00 pid=45060 tid=11 left-down x=763 y=1215 wordForeground=False
2026-09-06T17:45:10.2195964+08:00 pid=45060 tid=11 left-down x=737 y=1273 wordForeground=False
2026-09-06T17:45:13.0174256+08:00 pid=45060 tid=11 left-down x=2357 y=1096 wordForeground=False
2026-09-06T17:47:34.8011702+08:00 pid=45060 tid=11 left-down x=894 y=1217 wordForeground=False
2026-09-06T17:47:54.3091912+08:00 pid=45060 tid=11 left-down x=1382 y=1120 wordForeground=False
2026-09-06T17:47:56.6511168+08:00 pid=45060 tid=11 left-down x=2332 y=460 wordForeground=False
2026-09-06T17:47:59.4927828+08:00 pid=45060 tid=11 left-down x=2492 y=460 wordForeground=False
2026-09-06T17:48:44.7094774+08:00 pid=45060 tid=11 left-down x=1776 y=1270 wordForeground=False
2026-09-06T17:49:00.1107135+08:00 pid=45060 tid=11 left-down x=2024 y=1187 wordForeground=True
2026-09-06T17:50:40.0718244+08:00 pid=45060 tid=11 left-down x=836 y=1237 wordForeground=False
2026-09-06T17:50:43.7967808+08:00 pid=45060 tid=11 left-down x=2059 y=1068 wordForeground=True
2026-09-06T17:51:49.3124829+08:00 pid=45060 tid=11 left-down x=607 y=1205 wordForeground=False
2026-09-06T17:51:52.6246712+08:00 pid=45060 tid=11 left-down x=1466 y=1103 wordForeground=False
2026-09-06T17:54:24.4777957+08:00 pid=45060 tid=11 left-down x=1382 y=1120 wordForeground=False
2026-09-06T17:54:27.4886241+08:00 pid=45060 tid=11 left-down x=2332 y=460 wordForeground=False
2026-09-06T17:54:30.3206399+08:00 pid=45060 tid=11 left-down x=2492 y=460 wordForeground=False
2026-09-06T17:55:25.0686846+08:00 pid=45060 tid=11 left-down x=1776 y=1270 wordForeground=False
2026-09-06T17:55:40.4589282+08:00 pid=45060 tid=11 left-down x=2024 y=1211 wordForeground=True
2026-09-06T17:57:01.2701116+08:00 pid=45060 tid=11 left-down x=808 y=1255 wordForeground=False
2026-09-06T17:57:10.2905374+08:00 pid=45060 tid=11 left-down x=1866 y=1723 wordForeground=True
2026-09-06T17:57:19.9684481+08:00 pid=45060 tid=11 left-down x=1905 y=1516 wordForeground=True
2026-09-06T17:58:43.8253147+08:00 pid=45060 tid=11 left-down x=1948 y=1269 wordForeground=True
2026-09-06T17:58:47.6288570+08:00 pid=45060 tid=11 left-down x=1778 y=1476 wordForeground=True
2026-09-06T17:58:52.1870864+08:00 pid=45060 tid=11 left-down x=1141 y=1482 wordForeground=True
2026-09-06T17:58:52.9591099+08:00 pid=45060 tid=11 left-down x=1141 y=1482 wordForeground=True
2026-09-06T17:59:19.9105602+08:00 pid=45060 tid=11 left-down x=1776 y=1270 wordForeground=False
2026-09-06T18:00:02.1428557+08:00 pid=45060 tid=11 left-down x=853 y=1268 wordForeground=False
2026-09-06T18:00:05.6716287+08:00 pid=45060 tid=11 left-down x=2132 y=1445 wordForeground=True
2026-09-06T18:02:54.0897851+08:00 pid=45060 tid=11 left-down x=705 y=1242 wordForeground=False
2026-09-06T18:02:58.8397081+08:00 pid=45060 tid=11 left-down x=2064 y=1539 wordForeground=True
2026-09-06T18:03:24.3424557+08:00 pid=45060 tid=11 left-down x=1776 y=1270 wordForeground=False
2026-09-06T18:08:48.9438363+08:00 pid=45060 tid=11 left-down x=765 y=1027 wordForeground=False
2026-09-06T18:08:52.7423521+08:00 pid=45060 tid=11 left-down x=247 y=1478 wordForeground=False
2026-09-06T18:08:56.4855477+08:00 pid=45060 tid=11 left-down x=664 y=936 wordForeground=False
2026-09-06T18:09:00.6296112+08:00 pid=45060 tid=11 left-down x=1877 y=399 wordForeground=False
2026-09-06T18:11:22.3751554+08:00 pid=45060 tid=11 left-down x=822 y=1270 wordForeground=False
2026-09-06T18:11:32.0217361+08:00 pid=45060 tid=11 left-down x=1265 y=1795 wordForeground=True
2026-09-06T18:13:09.7692537+08:00 pid=45060 tid=11 left-down x=1317 y=747 wordForeground=False
2026-09-06T18:13:11.8705644+08:00 pid=45060 tid=11 left-down x=1602 y=747 wordForeground=False
2026-09-06T18:13:28.4874044+08:00 pid=45060 tid=11 left-down x=1382 y=1120 wordForeground=False
2026-09-06T18:13:31.4717306+08:00 pid=45060 tid=11 left-down x=2332 y=460 wordForeground=False
2026-09-06T18:13:33.9974569+08:00 pid=45060 tid=11 left-down x=2492 y=460 wordForeground=False
2026-09-06T18:14:35.4522504+08:00 pid=45060 tid=11 left-down x=806 y=1212 wordForeground=False
2026-09-06T18:14:52.7390426+08:00 pid=45060 tid=11 left-down x=815 y=1228 wordForeground=False
2026-09-06T18:15:00.0526439+08:00 pid=45060 tid=11 left-down x=2177 y=1494 wordForeground=True
2026-09-06T18:15:03.7623523+08:00 pid=45060 tid=11 left-down x=2100 y=1471 wordForeground=True
2026-09-06T18:15:05.4374976+08:00 pid=45060 tid=11 left-down x=2019 y=1474 wordForeground=True
2026-09-06T18:15:05.8337384+08:00 pid=45060 tid=11 left-down x=2019 y=1475 wordForeground=False
2026-09-06T18:15:14.2500998+08:00 pid=45060 tid=11 left-down x=2639 y=748 wordForeground=True
2026-09-06T18:15:18.7431205+08:00 pid=45060 tid=11 left-down x=835 y=1292 wordForeground=False
2026-09-06T18:15:20.6489532+08:00 pid=45060 tid=11 left-down x=848 y=1359 wordForeground=False
2026-09-06T18:15:22.6587675+08:00 pid=45060 tid=11 left-down x=863 y=1433 wordForeground=False
2026-09-06T18:15:57.9543723+08:00 pid=45060 tid=11 left-down x=218 y=1472 wordForeground=False
2026-09-06T18:18:01.8043072+08:00 pid=45060 tid=11 left-down x=1317 y=747 wordForeground=False
2026-09-06T18:18:19.9802815+08:00 pid=45060 tid=11 left-down x=1382 y=1120 wordForeground=False
2026-09-06T18:18:23.2196382+08:00 pid=45060 tid=11 left-down x=2332 y=460 wordForeground=False
2026-09-06T18:18:25.8120952+08:00 pid=45060 tid=11 left-down x=2492 y=460 wordForeground=False
2026-09-06T18:19:42.9362438+08:00 pid=45060 tid=11 left-down x=1776 y=1270 wordForeground=False
2026-09-06T18:19:56.4310272+08:00 pid=45060 tid=11 left-down x=2024 y=1211 wordForeground=True
2026-09-06T18:22:20.2015694+08:00 pid=45060 tid=11 left-down x=2067 y=1076 wordForeground=True
2026-09-06T18:22:26.4384613+08:00 pid=45060 tid=11 left-down x=1136 y=1362 wordForeground=False
2026-09-06T18:22:56.0611850+08:00 pid=45060 tid=11 left-down x=2228 y=1331 wordForeground=False
2026-09-06T18:23:01.7116284+08:00 pid=45060 tid=11 left-down x=684 y=811 wordForeground=False
2026-09-06T18:23:04.7696637+08:00 pid=45060 tid=11 left-down x=677 y=753 wordForeground=False
2026-09-06T18:23:11.1383038+08:00 pid=45060 tid=11 left-down x=1890 y=411 wordForeground=False
2026-09-06T18:23:16.2822678+08:00 pid=45060 tid=11 left-down x=1381 y=2159 wordForeground=False
2026-09-06T18:23:25.9415653+08:00 pid=45060 tid=11 left-down x=803 y=1363 wordForeground=False
2026-09-06T18:25:28.9080034+08:00 pid=45060 tid=11 left-down x=1245 y=1142 wordForeground=False
2026-09-06T18:25:34.3042579+08:00 pid=45060 tid=11 left-down x=227 y=1461 wordForeground=False
