2026-09-06T17:54:09.2473722+08:00 pid=109548 [perf] ConfigureNumbered.native-resolve-display: +5ms (5ms)
2026-09-06T17:54:09.2683730+08:00 pid=109548 [perf] ConfigureNumbered.native-clear-artifacts: +22ms (27ms)
2026-09-06T17:54:09.2773721+08:00 pid=109548 [perf] ConfigureNumbered.native-measure-display: +8ms (35ms)
2026-09-06T17:54:09.3053723+08:00 pid=109548 [perf] ConfigureNumbered.native-ensure-table: +29ms (64ms)
2026-09-06T17:54:09.3063723+08:00 pid=109548 [perf] ConfigureNumbered.native-resolve-table-formula: +1ms (65ms)
2026-09-06T17:54:09.3073721+08:00 pid=109548 [perf] ConfigureNumbered.native-height-repair: +0ms (65ms)
2026-09-06T17:54:09.3643733+08:00 pid=109548 [perf] ConfigureNumbered.native-geometry: +58ms (123ms)
2026-09-06T17:54:09.3653738+08:00 pid=109548 [perf] ConfigureNumbered.native-1x3-table: +0ms (123ms)
2026-09-06T17:54:09.3683735+08:00 pid=109548 [perf] ConfigureNumbered.direct-number-plan: +4ms (127ms)
2026-09-06T17:54:09.4233742+08:00 pid=109548 [perf] ConfigureNumbered.direct-visible-seq: +55ms (182ms)
2026-09-06T17:54:09.4957013+08:00 pid=109548 [perf] ConfigureNumbered.native-wrap-identity: +72ms (254ms)
2026-09-06T17:54:09.5257012+08:00 pid=109548 [perf] cleanup-before-table enter formulaId=d3d2b297-c9f3-43e2-a6ba-4b8825077b4e table=1:85
2026-09-06T17:54:09.5267013+08:00 pid=109548 [perf] cleanup-before-table formulaId=d3d2b297-c9f3-43e2-a6ba-4b8825077b4e paragraph=0:1 content=0:0 shapes=0 maths=0 fields=0 bookmarks=0 frames=0
2026-09-06T17:54:09.5267013+08:00 pid=109548 [perf] cleanup-before-table delete-empty-source-paragraph
2026-09-06T17:54:35.9367989+08:00 pid=109548 [perf] ConvertedOmmlBatch.inventory: +1545ms (1545ms)
2026-09-06T17:54:35.9478021+08:00 pid=109548 [perf] ConvertedOmmlBatch.number-plan: +11ms (1556ms)
2026-09-06T17:54:36.2224812+08:00 pid=109548 [perf] ConvertedOmmlBatch.locate-target: +275ms (1831ms)
2026-09-06T17:54:36.2294787+08:00 pid=109548 [perf] ConvertedOmmlBatch.true-display-native-resolve-display: +7ms (1838ms)
2026-09-06T17:54:36.2614778+08:00 pid=109548 [perf] ConvertedOmmlBatch.true-display-native-clear-artifacts: +32ms (1870ms)
2026-09-06T17:54:36.4837832+08:00 pid=109548 [perf] ConvertedOmmlBatch.true-display-native-measure-display: +222ms (2092ms)
2026-09-06T17:54:36.5243479+08:00 pid=109548 [perf] ConvertedOmmlBatch.true-display-native-ensure-table: +41ms (2133ms)
2026-09-06T17:54:36.5253518+08:00 pid=109548 [perf] ConvertedOmmlBatch.true-display-native-resolve-table-formula: +1ms (2134ms)
2026-09-06T17:54:36.5253518+08:00 pid=109548 [perf] ConvertedOmmlBatch.true-display-native-height-repair: +0ms (2134ms)
2026-09-06T17:54:36.7379502+08:00 pid=109548 [perf] ConvertedOmmlBatch.true-display-native-geometry: +212ms (2346ms)
2026-09-06T17:54:36.7379502+08:00 pid=109548 [perf] ConvertedOmmlBatch.true-display-native-1x3-table: +1ms (2347ms)
2026-09-06T17:54:36.7389495+08:00 pid=109548 [perf] ConvertedOmmlBatch.true-display-direct-number-plan: +0ms (2347ms)
2026-09-06T17:54:37.3900648+08:00 pid=109548 [perf] ConvertedOmmlBatch.true-display-direct-visible-seq: +651ms (2998ms)
2026-09-06T17:54:37.5409601+08:00 pid=109548 [perf] ConvertedOmmlBatch.true-display-native-post-table-spacing: +151ms (3149ms)
2026-09-06T17:54:37.6737845+08:00 pid=109548 [perf] ConvertedOmmlBatch.true-display-native-wrap-identity: +133ms (3282ms)
2026-09-06T17:54:37.6737845+08:00 pid=109548 [perf] ConvertedOmmlBatch.true-display-host: +0ms (3282ms)
2026-09-06T17:54:37.8502789+08:00 pid=109548 [perf] ConvertedOmmlBatch.repair-identity: +177ms (3459ms)
2026-09-06T17:54:38.1237153+08:00 pid=109548 [perf] ConvertedOmmlBatch.locate-target: +273ms (3732ms)
2026-09-06T17:54:38.1287122+08:00 pid=109548 [perf] ConvertedOmmlBatch.true-display-native-resolve-display: +5ms (3737ms)
2026-09-06T17:54:38.1747152+08:00 pid=109548 [perf] ConvertedOmmlBatch.true-display-native-clear-artifacts: +46ms (3783ms)
2026-09-06T17:54:38.4299475+08:00 pid=109548 [perf] ConvertedOmmlBatch.true-display-native-measure-display: +256ms (4039ms)
2026-09-06T17:54:38.4833328+08:00 pid=109548 [perf] ConvertedOmmlBatch.true-display-native-ensure-table: +53ms (4092ms)
2026-09-06T17:54:38.4873329+08:00 pid=109548 [perf] ConvertedOmmlBatch.true-display-native-resolve-table-formula: +4ms (4096ms)
2026-09-06T17:54:38.4883307+08:00 pid=109548 [perf] ConvertedOmmlBatch.true-display-native-height-repair: +0ms (4096ms)
2026-09-06T17:54:38.7083964+08:00 pid=109548 [perf] ConvertedOmmlBatch.true-display-native-geometry: +221ms (4317ms)
2026-09-06T17:54:38.7093958+08:00 pid=109548 [perf] ConvertedOmmlBatch.true-display-native-1x3-table: +0ms (4317ms)
2026-09-06T17:54:38.7093958+08:00 pid=109548 [perf] ConvertedOmmlBatch.true-display-direct-number-plan: +0ms (4317ms)
2026-09-06T17:54:39.3336820+08:00 pid=109548 [perf] ConvertedOmmlBatch.true-display-direct-visible-seq: +625ms (4942ms)
2026-09-06T17:54:39.4806475+08:00 pid=109548 [perf] ConvertedOmmlBatch.true-display-native-post-table-spacing: +147ms (5089ms)
2026-09-06T17:54:39.6101574+08:00 pid=109548 [perf] ConvertedOmmlBatch.true-display-native-wrap-identity: +130ms (5219ms)
2026-09-06T17:54:39.6111595+08:00 pid=109548 [perf] ConvertedOmmlBatch.true-display-host: +0ms (5219ms)
2026-09-06T17:54:39.7955025+08:00 pid=109548 [perf] ConvertedOmmlBatch.repair-identity: +185ms (5404ms)
2026-09-06T17:54:40.1331162+08:00 pid=109548 [perf] ConvertedOmmlBatch.locate-target: +337ms (5741ms)
2026-09-06T17:54:40.1391159+08:00 pid=109548 [perf] ConvertedOmmlBatch.true-display-native-resolve-display: +6ms (5747ms)
2026-09-06T17:54:40.1845555+08:00 pid=109548 [perf] ConvertedOmmlBatch.true-display-native-clear-artifacts: +46ms (5793ms)
2026-09-06T17:54:40.4088020+08:00 pid=109548 [perf] ConvertedOmmlBatch.true-display-native-measure-display: +224ms (6017ms)
2026-09-06T17:54:40.4604879+08:00 pid=109548 [perf] ConvertedOmmlBatch.true-display-native-ensure-table: +52ms (6069ms)
2026-09-06T17:54:40.4644868+08:00 pid=109548 [perf] ConvertedOmmlBatch.true-display-native-resolve-table-formula: +4ms (6073ms)
2026-09-06T17:54:40.4654865+08:00 pid=109548 [perf] ConvertedOmmlBatch.true-display-native-height-repair: +0ms (6073ms)
2026-09-06T17:54:40.6730204+08:00 pid=109548 [perf] ConvertedOmmlBatch.true-display-native-geometry: +208ms (6281ms)
2026-09-06T17:54:40.6730204+08:00 pid=109548 [perf] ConvertedOmmlBatch.true-display-native-1x3-table: +1ms (6282ms)
2026-09-06T17:54:40.6740198+08:00 pid=109548 [perf] ConvertedOmmlBatch.true-display-direct-number-plan: +0ms (6282ms)
2026-09-06T17:54:41.3085943+08:00 pid=109548 [perf] ConvertedOmmlBatch.true-display-direct-visible-seq: +634ms (6916ms)
2026-09-06T17:54:41.4603725+08:00 pid=109548 [perf] ConvertedOmmlBatch.true-display-native-post-table-spacing: +153ms (7069ms)
2026-09-06T17:54:41.6013749+08:00 pid=109548 [perf] ConvertedOmmlBatch.true-display-native-wrap-identity: +141ms (7210ms)
2026-09-06T17:54:41.6013749+08:00 pid=109548 [perf] ConvertedOmmlBatch.true-display-host: +0ms (7210ms)
2026-09-06T17:54:41.8901674+08:00 pid=109548 [perf] ConvertedOmmlBatch.repair-identity: +289ms (7499ms)
2026-09-06T17:54:42.4225006+08:00 pid=109548 [perf] ConvertedOmmlBatch.locate-target: +531ms (8030ms)
2026-09-06T17:54:42.4275018+08:00 pid=109548 [perf] ConvertedOmmlBatch.true-display-native-resolve-display: +6ms (8036ms)
2026-09-06T17:54:42.4585014+08:00 pid=109548 [perf] ConvertedOmmlBatch.true-display-native-clear-artifacts: +31ms (8067ms)
2026-09-06T17:54:42.7293055+08:00 pid=109548 [perf] ConvertedOmmlBatch.true-display-native-measure-display: +270ms (8337ms)
2026-09-06T17:54:42.7936309+08:00 pid=109548 [perf] ConvertedOmmlBatch.true-display-native-ensure-table: +65ms (8402ms)
2026-09-06T17:54:42.7976287+08:00 pid=109548 [perf] ConvertedOmmlBatch.true-display-native-resolve-table-formula: +4ms (8406ms)
2026-09-06T17:54:42.7976287+08:00 pid=109548 [perf] ConvertedOmmlBatch.true-display-native-height-repair: +0ms (8406ms)
2026-09-06T17:54:43.0286200+08:00 pid=109548 [perf] ConvertedOmmlBatch.true-display-native-geometry: +231ms (8637ms)
2026-09-06T17:54:43.0286200+08:00 pid=109548 [perf] ConvertedOmmlBatch.true-display-native-1x3-table: +0ms (8637ms)
2026-09-06T17:54:43.0296218+08:00 pid=109548 [perf] ConvertedOmmlBatch.true-display-direct-number-plan: +1ms (8638ms)
2026-09-06T17:54:43.6702482+08:00 pid=109548 [perf] ConvertedOmmlBatch.true-display-direct-visible-seq: +640ms (9278ms)
2026-09-06T17:54:43.8229473+08:00 pid=109548 [perf] ConvertedOmmlBatch.true-display-native-post-table-spacing: +153ms (9431ms)
2026-09-06T17:54:43.9482144+08:00 pid=109548 [perf] ConvertedOmmlBatch.true-display-native-wrap-identity: +126ms (9557ms)
2026-09-06T17:54:43.9492104+08:00 pid=109548 [perf] ConvertedOmmlBatch.true-display-host: +1ms (9558ms)
2026-09-06T17:54:44.1204391+08:00 pid=109548 [perf] ConvertedOmmlBatch.repair-identity: +171ms (9729ms)
2026-09-06T17:54:44.4092230+08:00 pid=109548 [perf] ConvertedOmmlBatch.locate-target: +288ms (10017ms)
2026-09-06T17:54:44.4150502+08:00 pid=109548 [perf] ConvertedOmmlBatch.true-display-native-resolve-display: +6ms (10023ms)
2026-09-06T17:54:44.4543362+08:00 pid=109548 [perf] ConvertedOmmlBatch.true-display-native-clear-artifacts: +40ms (10063ms)
2026-09-06T17:54:44.7012082+08:00 pid=109548 [perf] ConvertedOmmlBatch.true-display-native-measure-display: +246ms (10309ms)
2026-09-06T17:54:44.7770295+08:00 pid=109548 [perf] ConvertedOmmlBatch.true-display-native-ensure-table: +76ms (10385ms)
2026-09-06T17:54:44.7820293+08:00 pid=109548 [perf] ConvertedOmmlBatch.true-display-native-resolve-table-formula: +5ms (10390ms)
2026-09-06T17:54:44.7830323+08:00 pid=109548 [perf] ConvertedOmmlBatch.true-display-native-height-repair: +1ms (10391ms)
2026-09-06T17:54:45.0412965+08:00 pid=109548 [perf] ConvertedOmmlBatch.true-display-native-geometry: +259ms (10650ms)
2026-09-06T17:54:45.0422968+08:00 pid=109548 [perf] ConvertedOmmlBatch.true-display-native-1x3-table: +0ms (10650ms)
2026-09-06T17:54:45.0422968+08:00 pid=109548 [perf] ConvertedOmmlBatch.true-display-direct-number-plan: +0ms (10650ms)
2026-09-06T17:54:45.6855774+08:00 pid=109548 [perf] ConvertedOmmlBatch.true-display-direct-visible-seq: +644ms (11294ms)
2026-09-06T17:54:45.8218378+08:00 pid=109548 [perf] ConvertedOmmlBatch.true-display-native-wrap-identity: +136ms (11430ms)
2026-09-06T17:54:45.8228377+08:00 pid=109548 [perf] ConvertedOmmlBatch.true-display-host: +1ms (11431ms)
2026-09-06T17:54:45.9954758+08:00 pid=109548 [perf] ConvertedOmmlBatch.repair-identity: +172ms (11603ms)
2026-09-06T17:59:40.9554094+08:00 pid=109548 [perf] ConfigureNumbered.tab-paragraph: +13ms (13ms)
2026-09-06T17:59:40.9644062+08:00 pid=109548 [perf] NativeCaption.prepare-paragraph: +6ms (6ms)
2026-09-06T17:59:40.9654073+08:00 pid=109548 [perf] NativeCaption.add-seq: +1ms (7ms)
2026-09-06T17:59:40.9684071+08:00 pid=109548 [perf] NativeCaption.update-seq: +2ms (9ms)
2026-09-06T17:59:40.9694071+08:00 pid=109548 [perf] NativeCaption.bookmarks: +2ms (11ms)
2026-09-06T17:59:40.9924064+08:00 pid=109548 [perf] NativeCaption.style-frame: +22ms (33ms)
2026-09-06T17:59:40.9924064+08:00 pid=109548 [perf] ConfigureNumbered.native-caption: +37ms (50ms)
2026-09-06T17:59:41.0044093+08:00 pid=109548 [perf] VisibleRef.scaffold: +9ms (9ms)
2026-09-06T17:59:41.0124061+08:00 pid=109548 [perf] VisibleRef.add-ref: +8ms (17ms)
2026-09-06T17:59:41.0224068+08:00 pid=109548 [perf] VisibleRef.update-ref: +10ms (27ms)
2026-09-06T17:59:41.0244063+08:00 pid=109548 [perf] VisibleRef.bookmark-format: +2ms (29ms)
2026-09-06T17:59:41.0294063+08:00 pid=109548 [perf] VisibleRef.vertical-align: +5ms (34ms)
2026-09-06T17:59:41.0294063+08:00 pid=109548 [perf] ConfigureNumbered.visible-ref: +36ms (86ms)
2026-09-06T17:59:41.0314076+08:00 pid=109548 [perf] ConfigureNumbered.ole-baseline: +3ms (89ms)
2026-09-06T17:59:41.0474062+08:00 pid=109548 [perf] ConfigureNumbered.tab-paragraph: +12ms (12ms)
2026-09-06T17:59:41.0544090+08:00 pid=109548 [perf] NativeCaption.prepare-paragraph: +6ms (6ms)
2026-09-06T17:59:41.0554088+08:00 pid=109548 [perf] NativeCaption.add-seq: +1ms (7ms)
2026-09-06T17:59:41.0584060+08:00 pid=109548 [perf] NativeCaption.update-seq: +3ms (10ms)
2026-09-06T17:59:41.0594070+08:00 pid=109548 [perf] NativeCaption.bookmarks: +1ms (11ms)
2026-09-06T17:59:41.0806313+08:00 pid=109548 [perf] NativeCaption.style-frame: +21ms (32ms)
2026-09-06T17:59:41.0806313+08:00 pid=109548 [perf] ConfigureNumbered.native-caption: +34ms (46ms)
2026-09-06T17:59:41.0876375+08:00 pid=109548 [perf] VisibleRef.scaffold: +6ms (6ms)
2026-09-06T17:59:41.0936379+08:00 pid=109548 [perf] VisibleRef.add-ref: +5ms (11ms)
2026-09-06T17:59:41.1026403+08:00 pid=109548 [perf] VisibleRef.update-ref: +10ms (21ms)
2026-09-06T17:59:41.1056404+08:00 pid=109548 [perf] VisibleRef.bookmark-format: +2ms (23ms)
2026-09-06T17:59:41.1096394+08:00 pid=109548 [perf] VisibleRef.vertical-align: +5ms (28ms)
2026-09-06T17:59:41.1096394+08:00 pid=109548 [perf] ConfigureNumbered.visible-ref: +29ms (75ms)
2026-09-06T17:59:41.1117600+08:00 pid=109548 [perf] ConfigureNumbered.ole-baseline: +1ms (76ms)
2026-09-06T17:59:41.1312798+08:00 pid=109548 [perf] ConfigureNumbered.tab-paragraph: +16ms (16ms)
2026-09-06T17:59:41.1382823+08:00 pid=109548 [perf] NativeCaption.prepare-paragraph: +6ms (6ms)
2026-09-06T17:59:41.1402813+08:00 pid=109548 [perf] NativeCaption.add-seq: +2ms (8ms)
2026-09-06T17:59:41.1432808+08:00 pid=109548 [perf] NativeCaption.update-seq: +3ms (11ms)
2026-09-06T17:59:41.1442805+08:00 pid=109548 [perf] NativeCaption.bookmarks: +1ms (12ms)
2026-09-06T17:59:41.1682811+08:00 pid=109548 [perf] NativeCaption.style-frame: +24ms (36ms)
2026-09-06T17:59:41.1692797+08:00 pid=109548 [perf] ConfigureNumbered.native-caption: +37ms (53ms)
2026-09-06T17:59:41.1762807+08:00 pid=109548 [perf] VisibleRef.scaffold: +6ms (6ms)
2026-09-06T17:59:41.1822793+08:00 pid=109548 [perf] VisibleRef.add-ref: +7ms (13ms)
2026-09-06T17:59:41.1908561+08:00 pid=109548 [perf] VisibleRef.update-ref: +8ms (21ms)
2026-09-06T17:59:41.1918659+08:00 pid=109548 [perf] VisibleRef.bookmark-format: +1ms (22ms)
2026-09-06T17:59:41.1968632+08:00 pid=109548 [perf] VisibleRef.vertical-align: +5ms (27ms)
2026-09-06T17:59:41.1968632+08:00 pid=109548 [perf] ConfigureNumbered.visible-ref: +29ms (82ms)
2026-09-06T17:59:41.1978621+08:00 pid=109548 [perf] ConfigureNumbered.ole-baseline: +1ms (83ms)
2026-09-06T17:59:41.2158618+08:00 pid=109548 [perf] ConfigureNumbered.tab-paragraph: +14ms (14ms)
2026-09-06T17:59:41.2238620+08:00 pid=109548 [perf] NativeCaption.prepare-paragraph: +7ms (7ms)
2026-09-06T17:59:41.2258635+08:00 pid=109548 [perf] NativeCaption.add-seq: +2ms (9ms)
2026-09-06T17:59:41.2288620+08:00 pid=109548 [perf] NativeCaption.update-seq: +3ms (12ms)
2026-09-06T17:59:41.2308622+08:00 pid=109548 [perf] NativeCaption.bookmarks: +2ms (14ms)
2026-09-06T17:59:41.2598615+08:00 pid=109548 [perf] NativeCaption.style-frame: +28ms (42ms)
2026-09-06T17:59:41.2598615+08:00 pid=109548 [perf] ConfigureNumbered.native-caption: +44ms (58ms)
2026-09-06T17:59:41.2668634+08:00 pid=109548 [perf] VisibleRef.scaffold: +6ms (6ms)
2026-09-06T17:59:41.2728619+08:00 pid=109548 [perf] VisibleRef.add-ref: +6ms (12ms)
2026-09-06T17:59:41.2835262+08:00 pid=109548 [perf] VisibleRef.update-ref: +11ms (23ms)
2026-09-06T17:59:41.2845281+08:00 pid=109548 [perf] VisibleRef.bookmark-format: +1ms (24ms)
2026-09-06T17:59:41.2895288+08:00 pid=109548 [perf] VisibleRef.vertical-align: +5ms (29ms)
2026-09-06T17:59:41.2905274+08:00 pid=109548 [perf] ConfigureNumbered.visible-ref: +31ms (89ms)
2026-09-06T17:59:41.2915275+08:00 pid=109548 [perf] ConfigureNumbered.ole-baseline: +1ms (90ms)
2026-09-06T17:59:41.3215320+08:00 pid=109548 [perf] ConfigureNumbered.tab-paragraph: +24ms (24ms)
2026-09-06T17:59:41.3321395+08:00 pid=109548 [perf] NativeCaption.prepare-paragraph: +9ms (9ms)
2026-09-06T17:59:41.3341374+08:00 pid=109548 [perf] NativeCaption.add-seq: +2ms (11ms)
2026-09-06T17:59:41.3371379+08:00 pid=109548 [perf] NativeCaption.update-seq: +3ms (14ms)
2026-09-06T17:59:41.3391369+08:00 pid=109548 [perf] NativeCaption.bookmarks: +3ms (17ms)
2026-09-06T17:59:41.4064612+08:00 pid=109548 [perf] NativeCaption.style-frame: +67ms (84ms)
2026-09-06T17:59:41.4074611+08:00 pid=109548 [perf] ConfigureNumbered.native-caption: +86ms (110ms)
2026-09-06T17:59:41.4194613+08:00 pid=109548 [perf] VisibleRef.scaffold: +10ms (10ms)
2026-09-06T17:59:41.4264609+08:00 pid=109548 [perf] VisibleRef.add-ref: +8ms (18ms)
2026-09-06T17:59:41.4521617+08:00 pid=109548 [perf] VisibleRef.update-ref: +26ms (44ms)
2026-09-06T17:59:41.4541594+08:00 pid=109548 [perf] VisibleRef.bookmark-format: +2ms (46ms)
2026-09-06T17:59:41.4621612+08:00 pid=109548 [perf] VisibleRef.vertical-align: +8ms (54ms)
2026-09-06T17:59:41.4621612+08:00 pid=109548 [perf] ConfigureNumbered.visible-ref: +55ms (165ms)
2026-09-06T17:59:41.4641616+08:00 pid=109548 [perf] ConfigureNumbered.ole-baseline: +2ms (167ms)
2026-09-06T17:59:41.5051102+08:00 pid=109548 [perf] ConfigureNumbered.tab-paragraph: +32ms (32ms)
2026-09-06T17:59:41.5197569+08:00 pid=109548 [perf] NativeCaption.prepare-paragraph: +13ms (13ms)
2026-09-06T17:59:41.5231911+08:00 pid=109548 [perf] NativeCaption.add-seq: +4ms (17ms)
2026-09-06T17:59:41.5277108+08:00 pid=109548 [perf] NativeCaption.update-seq: +4ms (21ms)
2026-09-06T17:59:41.5302320+08:00 pid=109548 [perf] NativeCaption.bookmarks: +3ms (24ms)
2026-09-06T17:59:41.5733863+08:00 pid=109548 [perf] NativeCaption.style-frame: +43ms (67ms)
2026-09-06T17:59:41.5743839+08:00 pid=109548 [perf] ConfigureNumbered.native-caption: +69ms (101ms)
2026-09-06T17:59:41.5823868+08:00 pid=109548 [perf] VisibleRef.scaffold: +7ms (7ms)
2026-09-06T17:59:41.5913836+08:00 pid=109548 [perf] VisibleRef.add-ref: +9ms (16ms)
2026-09-06T17:59:41.6052109+08:00 pid=109548 [perf] VisibleRef.update-ref: +14ms (30ms)
2026-09-06T17:59:41.6062116+08:00 pid=109548 [perf] VisibleRef.bookmark-format: +1ms (31ms)
2026-09-06T17:59:41.6132099+08:00 pid=109548 [perf] VisibleRef.vertical-align: +7ms (38ms)
2026-09-06T17:59:41.6132099+08:00 pid=109548 [perf] ConfigureNumbered.visible-ref: +39ms (140ms)
2026-09-06T17:59:41.6142112+08:00 pid=109548 [perf] ConfigureNumbered.ole-baseline: +1ms (141ms)
2026-09-06T17:59:41.6232097+08:00 pid=109548 [perf] ConversionFinalize.caption-inventory: +0ms (0ms)
2026-09-06T17:59:41.6282087+08:00 pid=109548 [perf] number-format-batch.plan: +0ms (0ms)
2026-09-06T17:59:41.6482084+08:00 pid=109548 [perf] number-format-batch.direct-table-targets: +20ms (20ms)
2026-09-06T17:59:41.6512175+08:00 pid=109548 [perf] number-format-batch.native-hash-inventory: +3ms (23ms)
2026-09-06T17:59:41.6828885+08:00 pid=109548 [perf] number-format-batch.native-breakdown lookup=0ms code=0ms update=24ms prefix=0ms bookmark=0ms
2026-09-06T17:59:41.6838886+08:00 pid=109548 [perf] number-format-batch.legacy-targets: +33ms (56ms)
2026-09-06T17:59:41.6838886+08:00 pid=109548 [perf] number-format-batch.native-hash-targets: +0ms (56ms)
2026-09-06T17:59:41.7839861+08:00 pid=109548 [perf] number-format-batch.visible-references: +100ms (156ms)
2026-09-06T17:59:41.8699431+08:00 pid=109548 [perf] number-format-batch.extra-references: +86ms (242ms)
2026-09-06T17:59:41.8839420+08:00 pid=109548 [perf] ConversionFinalize.field-batch: +261ms (261ms)
2026-09-06T17:59:41.9632679+08:00 pid=109548 [perf] ConversionFinalize.healthy-refresh: +80ms (341ms)
2026-09-06T18:03:25.7035120+08:00 pid=109548 [perf] ConfigureNumbered.tab-paragraph: +32ms (32ms)
2026-09-06T18:03:25.7711635+08:00 pid=109548 [perf] ConfigureNumbered.native-caption: +68ms (100ms)
2026-09-06T18:03:25.7771635+08:00 pid=109548 [perf] ConfigureNumbered.visible-ref: +6ms (106ms)
2026-09-06T18:03:25.7801646+08:00 pid=109548 [perf] ConfigureNumbered.ole-baseline: +3ms (109ms)
2026-09-06T18:03:44.2140786+08:00 pid=109548 [perf] update-numbers.health-fail reason=bookmark-id-set-mismatch visible=6/6[713face2-0518-4b4a-a425-e2315a997d75,ae8fd140-ffcd-4356-a573-39661cd14ea0,d325a9c2-438e-4026-a3ec-4ab76dc6ef76,e455a859-2621-4ba3-acbf-1cde9e5ffb59,dfa3f3c8-1eb1-4be8-99dd-cc4fe6aac347,eadffd28-7970-4d43-aabe-f4a61eefabe0] caption=6/6[713face2-0518-4b4a-a425-e2315a997d75,ae8fd140-ffcd-4356-a573-39661cd14ea0,d325a9c2-438e-4026-a3ec-4ab76dc6ef76,e455a859-2621-4ba3-acbf-1cde9e5ffb59,dfa3f3c8-1eb1-4be8-99dd-cc4fe6aac347,eadffd28-7970-4d43-aabe-f4a61eefabe0] number=7/7[713face2-0518-4b4a-a425-e2315a997d75,ae8fd140-ffcd-4356-a573-39661cd14ea0,d325a9c2-438e-4026-a3ec-4ab76dc6ef76,9c147944-2a5d-4b60-89c8-8da72b17c73f,e455a859-2621-4ba3-acbf-1cde9e5ffb59,dfa3f3c8-1eb1-4be8-99dd-cc4fe6aac347,eadffd28-7970-4d43-aabe-f4a61eefabe0]
2026-09-06T18:03:53.5806823+08:00 pid=109548 [perf] converted-omml-numbering-batch.failed built=0/0 error=System.IO.InvalidDataException: The VisualTeX OMML identity for 8b4d24d0-549b-403e-a2b8-7fcd9a70f9c8 drifted and its equation could not be recovered uniquely.
   在 VisualTeX.WordVsto.WordOmmlFormulaStore.ResolveEquationIdentity(Document document, Bookmark bookmark, String formulaId, FormulaMetadata metadata, Boolean captureCurrentContent)
   在 VisualTeX.WordVsto.WordOmmlFormulaStore.GetEquationRangeVerifiedForStructuralEdit(Document document, String formulaId, FormulaMetadata metadata)
   在 VisualTeX.WordVsto.WordEquationNumbering.BuildNewOmmlNumberingBatch(Document document, IReadOnlyList`1 metadataItems)
