2026-09-06T10:50:07.5342091+08:00 pid=20052 tid=1 word-addin-loaded pid=20052 assembly=C:\Users\pojian_liao\AppData\Local\VisualTeX\office\remediation-builds\1813C3358027DA7B80FC1F835C7C938CC30FCFDD833A03128407853E9CD130CB\VisualTeX.WordVsto.dll mvid=2e54959e-d5ed-430c-b4a7-fff416a2e537
2026-09-06T10:50:07.9326437+08:00 pid=20052 tid=1 hook-started handle=0x1310F
2026-09-06T10:50:08.1330268+08:00 pid=20052 tid=10 mathtype-native-preview-shared-prewarm-complete
2026-09-06T10:50:38.7292316+08:00 pid=20052 tid=12 left-down x=1190 y=747 wordForeground=False
2026-09-06T10:50:43.6034898+08:00 pid=20052 tid=1 word-undo-begin name=VisualTeX Insert Native OLE Display Formula recording=False level=0
2026-09-06T10:50:43.6034898+08:00 pid=20052 tid=1 word-undo-started name=VisualTeX Insert Native OLE Display Formula recording=True level=1
2026-09-06T10:50:43.9043718+08:00 pid=20052 tid=1 word-undo-end recording=True level=1
2026-09-06T10:50:43.9153719+08:00 pid=20052 tid=18 ribbon-session-operation-released sessionId=f3dc48a7-4cf5-4a25-964a-6e703855d0d6
2026-09-06T10:50:52.9393062+08:00 pid=20052 tid=12 left-down x=2024 y=1163 wordForeground=True
2026-09-06T10:50:54.5379377+08:00 pid=20052 tid=1 word-xml-incomplete-export document=文档73 attempt=1 maths=0/0 oles=0/1
2026-09-06T10:50:54.5923357+08:00 pid=20052 tid=1 word-undo-begin name=VisualTeX Insert Equation Reference recording=False level=0
2026-09-06T10:50:54.5933340+08:00 pid=20052 tid=1 word-undo-started name=VisualTeX Insert Equation Reference recording=True level=1
2026-09-06T10:50:54.6033331+08:00 pid=20052 tid=1 word-undo-end recording=True level=1
2026-09-06T10:50:54.6043332+08:00 pid=20052 tid=1 word-undo-history-recovery original=2 current=3 owned=1
2026-09-06T10:50:54.6243330+08:00 pid=20052 tid=1 format-conversion-recovery afterUndoBodyMatches=True
2026-09-06T10:50:54.6405614+08:00 pid=20052 tid=1 format-conversion-recovery-verified body=True mathFont=True metadata=True variables=True
2026-09-06T10:50:54.6465214+08:00 pid=20052 tid=1 reference-insertion-failed error=System.InvalidOperationException: Could not resolve nested REF insertion slot for equation reference 'VTEqNum_1ac14837030b4c0b81e6b0aa2cba5ac8'. ---> System.IO.InvalidDataException: Word did not return the inserted REF field.
   在 VisualTeX.WordVsto.WordEquationReferenceFields.InsertNavigableReference(Document document, Selection selection, String bookmarkName, String prefix, String suffix, Nullable`1 preferredInsertionColor)
   --- 内部异常堆栈跟踪的结尾 ---
   在 VisualTeX.WordVsto.WordEquationReferenceFields.InsertNavigableReference(Document document, Selection selection, String bookmarkName, String prefix, String suffix, Nullable`1 preferredInsertionColor)
   在 VisualTeX.WordVsto.WordEquationNumbering.InsertEquationReference(Document document, Selection selection, EquationReferenceTarget target, EquationReferenceStyle style, Nullable`1 preferredInsertionColor)
   在 VisualTeX.WordVsto.WordFormulaService.InsertEquationReference(Document document, Selection selection, EquationReferenceTarget target, EquationReferenceStyle style, WdColor color)
   在 VisualTeX.WordVsto.ThisAddIn.<>c__DisplayClass144_0.<InsertEquationReferenceAsync>b__0()
   在 VisualTeX.WordVsto.OfficeUiDispatcher.<>c__DisplayClass4_0`1.<InvokeAsync>g__Execute|0()
--- 引发异常的上一位置中堆栈跟踪的末尾 ---
   在 System.Runtime.ExceptionServices.ExceptionDispatchInfo.Throw()
   在 System.Runtime.CompilerServices.TaskAwaiter.HandleNonSuccessAndDebuggerNotification(Task task)
   在 VisualTeX.WordVsto.ThisAddIn.<InsertEquationReferenceAsync>d__144.MoveNext()
2026-09-06T10:51:40.3478502+08:00 pid=20052 tid=12 left-down x=779 y=1223 wordForeground=True
2026-09-06T10:51:49.0487907+08:00 pid=20052 tid=12 left-down x=2076 y=1278 wordForeground=False
2026-09-06T10:52:35.2471024+08:00 pid=20052 tid=12 left-down x=1190 y=747 wordForeground=False
2026-09-06T10:52:49.7365842+08:00 pid=20052 tid=12 left-down x=2024 y=1163 wordForeground=True
2026-09-06T10:54:55.3774730+08:00 pid=20052 tid=12 left-down x=736 y=1258 wordForeground=False
2026-09-06T10:54:58.0128609+08:00 pid=20052 tid=12 left-down x=2120 y=899 wordForeground=False
2026-09-06T10:54:58.5973836+08:00 pid=20052 tid=12 left-down x=1190 y=747 wordForeground=False
2026-09-06T10:55:13.6833440+08:00 pid=20052 tid=12 left-down x=2024 y=1163 wordForeground=True
2026-09-06T10:56:55.0141434+08:00 pid=20052 tid=12 left-down x=1190 y=747 wordForeground=False
2026-09-06T10:57:09.6619277+08:00 pid=20052 tid=12 left-down x=2024 y=1163 wordForeground=True
2026-09-06T10:58:00.5744771+08:00 pid=20052 tid=12 left-down x=1140 y=1210 wordForeground=True
2026-09-06T10:58:01.1873528+08:00 pid=20052 tid=12 left-down x=1140 y=1210 wordForeground=True
2026-09-06T10:59:31.4743364+08:00 pid=20052 tid=12 left-down x=846 y=1203 wordForeground=True
2026-09-06T10:59:34.5789730+08:00 pid=20052 tid=12 left-down x=2211 y=1232 wordForeground=False
2026-09-06T10:59:37.2741160+08:00 pid=20052 tid=12 left-down x=1718 y=1090 wordForeground=True
2026-09-06T10:59:38.3075705+08:00 pid=20052 tid=12 left-down x=1634 y=1069 wordForeground=True
2026-09-06T10:59:42.8108953+08:00 pid=20052 tid=12 left-down x=1838 y=818 wordForeground=True
2026-09-06T11:00:21.7723175+08:00 pid=20052 tid=12 left-down x=1155 y=1210 wordForeground=True
2026-09-06T11:00:22.4010663+08:00 pid=20052 tid=12 left-down x=1155 y=1210 wordForeground=True
2026-09-06T11:01:25.6526376+08:00 pid=20052 tid=12 left-down x=1155 y=1060 wordForeground=True
2026-09-06T11:01:26.2906243+08:00 pid=20052 tid=12 left-down x=1155 y=1060 wordForeground=True
2026-09-06T11:03:19.6825915+08:00 pid=20052 tid=12 left-down x=872 y=865 wordForeground=True
2026-09-06T11:03:29.2270358+08:00 pid=20052 tid=12 left-down x=1190 y=747 wordForeground=False
2026-09-06T11:03:43.9425125+08:00 pid=20052 tid=12 left-down x=2024 y=1163 wordForeground=True
2026-09-06T11:04:28.3571507+08:00 pid=20052 tid=12 left-down x=1155 y=1210 wordForeground=True
2026-09-06T11:04:29.0277502+08:00 pid=20052 tid=12 left-down x=1155 y=1210 wordForeground=True
2026-09-06T11:04:48.5988971+08:00 pid=20052 tid=12 left-down x=1838 y=688 wordForeground=True
2026-09-06T11:05:33.0223905+08:00 pid=20052 tid=12 left-down x=1140 y=1207 wordForeground=True
2026-09-06T11:05:33.6474256+08:00 pid=20052 tid=12 left-down x=1140 y=1207 wordForeground=True
2026-09-06T11:06:57.1703051+08:00 pid=20052 tid=12 left-down x=1382 y=1120 wordForeground=False
2026-09-06T11:06:59.9482914+08:00 pid=20052 tid=12 left-down x=2178 y=458 wordForeground=False
2026-09-06T11:07:02.2396271+08:00 pid=20052 tid=12 left-down x=2492 y=460 wordForeground=False
2026-09-06T11:07:52.7207595+08:00 pid=20052 tid=12 left-down x=795 y=1222 wordForeground=True
2026-09-06T11:07:57.5052869+08:00 pid=20052 tid=12 left-down x=2315 y=1180 wordForeground=False
2026-09-06T11:09:30.0072868+08:00 pid=20052 tid=12 left-down x=2178 y=458 wordForeground=False
2026-09-06T11:10:07.1886415+08:00 pid=20052 tid=12 left-down x=1382 y=1120 wordForeground=False
2026-09-06T11:10:09.8634600+08:00 pid=20052 tid=12 left-down x=2492 y=460 wordForeground=False
2026-09-06T11:14:03.2795892+08:00 pid=20052 tid=12 left-down x=1190 y=747 wordForeground=False
2026-09-06T11:14:06.7431963+08:00 pid=20052 tid=12 left-down x=1665 y=747 wordForeground=False
2026-09-06T11:14:21.1479489+08:00 pid=20052 tid=12 left-down x=1190 y=747 wordForeground=False
2026-09-06T11:14:24.5493301+08:00 pid=20052 tid=12 left-down x=1665 y=747 wordForeground=False
2026-09-06T11:14:38.7809303+08:00 pid=20052 tid=12 left-down x=1190 y=747 wordForeground=False
2026-09-06T11:15:51.8761386+08:00 pid=20052 tid=12 left-down x=2024 y=1187 wordForeground=True
2026-09-06T11:17:34.7674520+08:00 pid=20052 tid=12 left-down x=1838 y=774 wordForeground=True
2026-09-06T11:20:19.0019252+08:00 pid=20052 tid=12 left-down x=1072 y=2130 wordForeground=True
2026-09-06T11:20:22.4007296+08:00 pid=20052 tid=12 left-down x=2255 y=1372 wordForeground=False
2026-09-06T11:20:23.5789557+08:00 pid=20052 tid=12 left-down x=2198 y=1441 wordForeground=True
2026-09-06T11:21:15.3241162+08:00 pid=20052 tid=12 left-down x=795 y=1238 wordForeground=True
2026-09-06T11:21:17.5889763+08:00 pid=20052 tid=12 left-down x=2192 y=1367 wordForeground=False
2026-09-06T11:21:18.7226936+08:00 pid=20052 tid=12 left-down x=740 y=1215 wordForeground=True
2026-09-06T11:22:19.7645686+08:00 pid=20052 tid=12 left-down x=1190 y=747 wordForeground=False
2026-09-06T11:22:23.2041126+08:00 pid=20052 tid=12 left-down x=1665 y=747 wordForeground=False
2026-09-06T11:22:37.1416200+08:00 pid=20052 tid=12 left-down x=1190 y=747 wordForeground=False
2026-09-06T11:22:40.7590970+08:00 pid=20052 tid=12 left-down x=1665 y=747 wordForeground=False
2026-09-06T11:22:54.7047915+08:00 pid=20052 tid=12 left-down x=1190 y=747 wordForeground=False
2026-09-06T11:23:11.2792085+08:00 pid=20052 tid=12 left-down x=2024 y=1187 wordForeground=True
2026-09-06T11:24:09.2343269+08:00 pid=20052 tid=12 left-down x=809 y=1245 wordForeground=True
2026-09-06T11:24:16.1243411+08:00 pid=20052 tid=12 left-down x=199 y=1498 wordForeground=False
2026-09-06T11:24:16.8586593+08:00 pid=20052 tid=12 left-down x=206 y=1485 wordForeground=False
2026-09-06T11:24:18.8370333+08:00 pid=20052 tid=12 left-down x=2049 y=1405 wordForeground=False
2026-09-06T11:30:08.4717094+08:00 pid=20052 tid=12 left-down x=1838 y=688 wordForeground=True
2026-09-06T11:30:56.3533754+08:00 pid=20052 tid=12 left-down x=1155 y=1337 wordForeground=True
2026-09-06T11:30:57.0055725+08:00 pid=20052 tid=12 left-down x=1155 y=1337 wordForeground=True
2026-09-06T11:42:00.0302742+08:00 pid=20052 tid=12 left-down x=806 y=1112 wordForeground=True
2026-09-06T11:42:44.1462597+08:00 pid=20052 tid=12 left-down x=239 y=1463 wordForeground=False
2026-09-06T11:42:47.9649200+08:00 pid=20052 tid=12 left-down x=1500 y=1569 wordForeground=False
2026-09-06T11:42:49.3436087+08:00 pid=20052 tid=12 left-down x=661 y=1211 wordForeground=True
2026-09-06T11:42:51.5027758+08:00 pid=20052 tid=12 left-down x=1925 y=1462 wordForeground=False
2026-09-06T11:42:57.3721914+08:00 pid=20052 tid=12 left-down x=1927 y=477 wordForeground=False
2026-09-06T11:43:13.2169122+08:00 pid=20052 tid=12 left-down x=2392 y=184 wordForeground=False
2026-09-06T11:43:16.0068172+08:00 pid=20052 tid=12 left-down x=145 y=94 wordForeground=False
2026-09-06T11:43:19.6483266+08:00 pid=20052 tid=12 left-down x=343 y=307 wordForeground=False
2026-09-06T11:43:22.5307695+08:00 pid=20052 tid=12 left-down x=1441 y=2145 wordForeground=False
2026-09-06T11:43:24.8852239+08:00 pid=20052 tid=12 left-down x=1057 y=2123 wordForeground=False
2026-09-06T11:43:26.0846255+08:00 pid=20052 tid=12 left-down x=1355 y=2138 wordForeground=False
2026-09-06T11:43:40.8085577+08:00 pid=20052 tid=12 left-down x=1076 y=1158 wordForeground=False
2026-09-06T11:43:49.0523061+08:00 pid=20052 tid=12 left-down x=1360 y=2079 wordForeground=False
2026-09-06T11:44:01.6048494+08:00 pid=20052 tid=12 left-down x=1353 y=2049 wordForeground=False
2026-09-06T11:44:03.9845685+08:00 pid=20052 tid=12 left-down x=1902 y=1224 wordForeground=True
2026-09-06T11:44:05.5921147+08:00 pid=20052 tid=12 left-down x=1620 y=1535 wordForeground=True
2026-09-06T11:44:07.6851054+08:00 pid=20052 tid=12 left-down x=880 y=1260 wordForeground=True
2026-09-06T11:48:43.4955541+08:00 pid=20052 tid=12 left-down x=1618 y=1245 wordForeground=True
2026-09-06T11:48:45.5961347+08:00 pid=20052 tid=12 left-down x=788 y=1222 wordForeground=True
2026-09-06T11:48:50.3234744+08:00 pid=20052 tid=12 left-down x=1329 y=1606 wordForeground=True
2026-09-06T11:48:55.1692816+08:00 pid=20052 tid=12 left-down x=780 y=1237 wordForeground=True
2026-09-06T11:48:59.2078164+08:00 pid=20052 tid=12 left-down x=1347 y=1604 wordForeground=False
2026-09-06T11:53:50.5884148+08:00 pid=20052 tid=12 left-down x=1083 y=2146 wordForeground=True
2026-09-06T11:54:07.0614779+08:00 pid=20052 tid=12 left-down x=1984 y=1086 wordForeground=False
2026-09-06T11:56:53.9453747+08:00 pid=20052 tid=12 left-down x=2024 y=1187 wordForeground=True
2026-09-06T11:57:01.6935801+08:00 pid=20052 tid=12 left-down x=1838 y=818 wordForeground=True
2026-09-06T12:09:32.2639799+08:00 pid=20052 tid=12 left-down x=2024 y=1187 wordForeground=True
2026-09-06T12:10:06.6538200+08:00 pid=20052 tid=12 left-down x=1838 y=688 wordForeground=True
2026-09-06T12:10:48.8050408+08:00 pid=20052 tid=12 left-down x=1151 y=1515 wordForeground=True
2026-09-06T12:10:49.3220508+08:00 pid=20052 tid=12 left-down x=1151 y=1515 wordForeground=True
2026-09-06T12:12:07.3574145+08:00 pid=20052 tid=12 left-down x=1838 y=774 wordForeground=True
2026-09-06T12:12:58.7269317+08:00 pid=20052 tid=12 left-down x=1170 y=1320 wordForeground=True
2026-09-06T12:12:59.2871369+08:00 pid=20052 tid=12 left-down x=1170 y=1320 wordForeground=True
2026-09-06T12:16:38.1949357+08:00 pid=20052 tid=12 left-down x=801 y=814 wordForeground=True
2026-09-06T12:16:39.9726069+08:00 pid=20052 tid=12 left-down x=1006 y=849 wordForeground=False
2026-09-06T12:19:29.6201074+08:00 pid=20052 tid=12 left-down x=2024 y=1187 wordForeground=True
2026-09-06T12:19:37.5490179+08:00 pid=20052 tid=12 left-down x=1838 y=688 wordForeground=True
2026-09-06T12:30:32.8476275+08:00 pid=20052 tid=12 left-down x=2024 y=1187 wordForeground=True
2026-09-06T12:36:36.6532991+08:00 pid=20052 tid=12 left-down x=2024 y=1187 wordForeground=True
2026-09-06T12:38:56.1651147+08:00 pid=20052 tid=12 left-down x=2024 y=1187 wordForeground=True
2026-09-06T12:40:48.6335470+08:00 pid=20052 tid=12 left-down x=1838 y=860 wordForeground=True
2026-09-06T12:41:32.5197481+08:00 pid=20052 tid=12 left-down x=1183 y=1627 wordForeground=True
2026-09-06T12:41:33.1915576+08:00 pid=20052 tid=12 left-down x=1183 y=1627 wordForeground=True
2026-09-06T12:42:48.6097831+08:00 pid=20052 tid=12 left-down x=1838 y=732 wordForeground=True
2026-09-06T12:44:29.2121368+08:00 pid=20052 tid=12 left-down x=1838 y=688 wordForeground=True
2026-09-06T12:51:11.5674090+08:00 pid=20052 tid=12 left-down x=1302 y=747 wordForeground=False
2026-09-06T12:52:21.9598105+08:00 pid=20052 tid=12 left-down x=2058 y=1197 wordForeground=True
2026-09-06T12:59:16.9756641+08:00 pid=20052 tid=12 left-down x=1302 y=747 wordForeground=False
2026-09-06T13:00:33.7116124+08:00 pid=20052 tid=12 left-down x=2024 y=1163 wordForeground=True
2026-09-06T13:03:49.8118222+08:00 pid=20052 tid=12 left-down x=846 y=1216 wordForeground=False
2026-09-06T13:04:06.5987461+08:00 pid=20052 tid=12 left-down x=1992 y=1336 wordForeground=True
2026-09-06T13:04:08.6298834+08:00 pid=20052 tid=12 left-down x=1947 y=1234 wordForeground=True
2026-09-06T13:04:10.4102957+08:00 pid=20052 tid=12 left-down x=1796 y=1396 wordForeground=True
2026-09-06T13:04:11.5653307+08:00 pid=20052 tid=12 left-down x=1602 y=1458 wordForeground=True
2026-09-06T13:05:18.4444856+08:00 pid=20052 tid=12 left-down x=851 y=1174 wordForeground=False
2026-09-06T13:06:17.5663674+08:00 pid=20052 tid=12 left-down x=1302 y=747 wordForeground=False
2026-09-06T13:08:48.1865020+08:00 pid=20052 tid=12 left-down x=1302 y=747 wordForeground=True
2026-09-06T13:09:21.6350733+08:00 pid=20052 tid=12 left-down x=807 y=1221 wordForeground=False
2026-09-06T13:09:26.6757683+08:00 pid=20052 tid=12 left-down x=2025 y=1437 wordForeground=True
2026-09-06T13:09:28.1729697+08:00 pid=20052 tid=12 left-down x=1854 y=1262 wordForeground=True
2026-09-06T13:09:29.3003692+08:00 pid=20052 tid=12 left-down x=1605 y=1330 wordForeground=True
2026-09-06T13:11:25.5281012+08:00 pid=20052 tid=12 left-down x=2024 y=1163 wordForeground=True
2026-09-06T13:14:21.7214046+08:00 pid=20052 tid=12 left-down x=801 y=1230 wordForeground=False
2026-09-06T13:14:41.7675099+08:00 pid=20052 tid=12 left-down x=909 y=1354 wordForeground=False
2026-09-06T13:16:13.0329383+08:00 pid=20052 tid=12 left-down x=854 y=1380 wordForeground=False
2026-09-06T13:16:15.0877003+08:00 pid=20052 tid=12 left-down x=1838 y=1436 wordForeground=False
2026-09-06T13:20:48.1558122+08:00 pid=20052 tid=12 left-down x=897 y=1337 wordForeground=False
2026-09-06T13:22:16.6320642+08:00 pid=20052 tid=12 left-down x=1079 y=2134 wordForeground=False
2026-09-06T13:23:31.0734021+08:00 pid=20052 tid=12 left-down x=912 y=1198 wordForeground=True
2026-09-06T13:23:56.4194918+08:00 pid=20052 tid=12 left-down x=300 y=15 wordForeground=False
2026-09-06T13:25:29.3768011+08:00 pid=20052 tid=12 left-down x=832 y=1274 wordForeground=False
2026-09-06T13:28:26.4394367+08:00 pid=20052 tid=12 left-down x=663 y=1262 wordForeground=False
2026-09-06T13:28:53.0877573+08:00 pid=20052 tid=12 left-down x=1317 y=747 wordForeground=False
2026-09-06T13:28:56.4445115+08:00 pid=20052 tid=12 left-down x=1792 y=747 wordForeground=False
2026-09-06T13:29:58.9583431+08:00 pid=20052 tid=12 left-down x=1317 y=747 wordForeground=False
2026-09-06T13:30:02.4089360+08:00 pid=20052 tid=12 left-down x=1792 y=747 wordForeground=False
2026-09-06T13:31:56.8160071+08:00 pid=20052 tid=12 left-down x=2024 y=1187 wordForeground=True
2026-09-06T13:33:21.5764355+08:00 pid=20052 tid=12 left-down x=895 y=904 wordForeground=False
2026-09-06T13:34:33.7247753+08:00 pid=20052 tid=12 left-down x=1838 y=860 wordForeground=True
2026-09-06T13:35:08.9660264+08:00 pid=20052 tid=12 left-down x=766 y=1265 wordForeground=False
2026-09-06T13:40:46.3200644+08:00 pid=20052 tid=12 left-down x=1317 y=747 wordForeground=False
2026-09-06T13:40:49.7466522+08:00 pid=20052 tid=12 left-down x=1792 y=747 wordForeground=False
2026-09-06T13:41:58.1638114+08:00 pid=20052 tid=12 left-down x=1317 y=747 wordForeground=False
2026-09-06T13:42:01.4725152+08:00 pid=20052 tid=12 left-down x=1792 y=747 wordForeground=False
2026-09-06T13:43:10.6189236+08:00 pid=20052 tid=12 left-down x=2024 y=1187 wordForeground=True
2026-09-06T13:51:23.3137359+08:00 pid=20052 tid=12 left-down x=1172 y=1508 wordForeground=True
2026-09-06T13:51:23.9853809+08:00 pid=20052 tid=12 left-down x=1172 y=1508 wordForeground=True
2026-09-06T13:52:14.6234878+08:00 pid=20052 tid=12 left-down x=1172 y=1088 wordForeground=True
2026-09-06T13:52:15.3371888+08:00 pid=20052 tid=12 left-down x=1172 y=1088 wordForeground=True
2026-09-06T13:56:10.8480929+08:00 pid=20052 tid=12 left-down x=1317 y=747 wordForeground=False
2026-09-06T13:56:14.1513193+08:00 pid=20052 tid=12 left-down x=1792 y=747 wordForeground=False
2026-09-06T13:57:06.4928833+08:00 pid=20052 tid=12 left-down x=1317 y=747 wordForeground=False
2026-09-06T13:57:09.9412191+08:00 pid=20052 tid=12 left-down x=1792 y=747 wordForeground=False
2026-09-06T13:58:06.3465137+08:00 pid=20052 tid=12 left-down x=2024 y=1187 wordForeground=True
2026-09-06T14:03:33.1107889+08:00 pid=20052 tid=12 left-down x=1317 y=747 wordForeground=False
2026-09-06T14:03:36.3581082+08:00 pid=20052 tid=12 left-down x=1792 y=747 wordForeground=False
2026-09-06T14:04:16.8575183+08:00 pid=20052 tid=12 left-down x=1317 y=747 wordForeground=False
2026-09-06T14:04:20.2794167+08:00 pid=20052 tid=12 left-down x=1792 y=747 wordForeground=False
2026-09-06T14:05:25.1257013+08:00 pid=20052 tid=12 left-down x=2024 y=1187 wordForeground=True
2026-09-06T14:07:17.2343594+08:00 pid=20052 tid=12 left-down x=1838 y=688 wordForeground=True
2026-09-06T14:08:16.9251569+08:00 pid=20052 tid=12 left-down x=1141 y=1508 wordForeground=True
2026-09-06T14:08:17.4995422+08:00 pid=20052 tid=12 left-down x=1141 y=1508 wordForeground=True
2026-09-06T14:13:46.9813166+08:00 pid=20052 tid=12 left-down x=1141 y=1508 wordForeground=True
2026-09-06T14:13:47.5257269+08:00 pid=20052 tid=12 left-down x=1141 y=1508 wordForeground=True
2026-09-06T14:16:20.6521057+08:00 pid=20052 tid=12 left-down x=1317 y=747 wordForeground=False
2026-09-06T14:16:24.0026286+08:00 pid=20052 tid=12 left-down x=1792 y=747 wordForeground=False
2026-09-06T14:17:35.6478514+08:00 pid=20052 tid=12 left-down x=1317 y=747 wordForeground=False
2026-09-06T14:17:39.1796902+08:00 pid=20052 tid=12 left-down x=1792 y=747 wordForeground=False
2026-09-06T14:18:31.6612114+08:00 pid=20052 tid=12 left-down x=2024 y=1187 wordForeground=True
2026-09-06T14:20:28.7394782+08:00 pid=20052 tid=12 left-down x=1838 y=860 wordForeground=True
2026-09-06T14:21:51.4076934+08:00 pid=20052 tid=12 left-down x=1172 y=1568 wordForeground=True
2026-09-06T14:21:51.9442638+08:00 pid=20052 tid=12 left-down x=1172 y=1568 wordForeground=True
2026-09-06T14:22:33.2671313+08:00 pid=20052 tid=12 left-down x=1382 y=1120 wordForeground=False
2026-09-06T14:22:35.6808439+08:00 pid=20052 tid=12 left-down x=2178 y=458 wordForeground=False
2026-09-06T14:22:38.3021787+08:00 pid=20052 tid=12 left-down x=2492 y=460 wordForeground=False
2026-09-06T14:30:54.9305347+08:00 pid=20052 tid=12 left-down x=1382 y=1120 wordForeground=False
2026-09-06T14:30:57.2030170+08:00 pid=20052 tid=12 left-down x=2178 y=458 wordForeground=False
2026-09-06T14:30:59.4796068+08:00 pid=20052 tid=12 left-down x=2492 y=460 wordForeground=False
2026-09-06T14:32:40.4956014+08:00 pid=20052 tid=12 left-down x=2332 y=460 wordForeground=False
2026-09-06T14:37:41.0049236+08:00 pid=20052 tid=12 left-down x=1382 y=1120 wordForeground=False
2026-09-06T14:37:43.5942823+08:00 pid=20052 tid=12 left-down x=2332 y=460 wordForeground=False
2026-09-06T14:37:46.0083533+08:00 pid=20052 tid=12 left-down x=2492 y=460 wordForeground=False
2026-09-06T14:39:06.7307664+08:00 pid=20052 tid=12 left-down x=2024 y=1259 wordForeground=True
2026-09-06T14:39:15.3195830+08:00 pid=20052 tid=12 left-down x=1838 y=688 wordForeground=True
2026-09-06T14:46:02.8921426+08:00 pid=20052 tid=12 left-down x=1838 y=860 wordForeground=True
2026-09-06T14:46:11.3553967+08:00 pid=20052 tid=12 left-down x=1382 y=1120 wordForeground=False
2026-09-06T14:47:27.9714245+08:00 pid=20052 tid=12 left-down x=2332 y=460 wordForeground=False
2026-09-06T14:47:30.7330380+08:00 pid=20052 tid=12 left-down x=2492 y=460 wordForeground=False
2026-09-06T14:48:35.9539306+08:00 pid=20052 tid=12 left-down x=2024 y=1259 wordForeground=True
2026-09-06T14:48:44.2731243+08:00 pid=20052 tid=12 left-down x=1838 y=688 wordForeground=True
2026-09-06T14:49:32.6251295+08:00 pid=20052 tid=12 left-down x=1136 y=1941 wordForeground=True
2026-09-06T14:49:33.2447772+08:00 pid=20052 tid=12 left-down x=1136 y=1941 wordForeground=True
2026-09-06T14:50:12.7703520+08:00 pid=20052 tid=12 left-down x=1838 y=860 wordForeground=True
2026-09-06T14:53:21.1746719+08:00 pid=20052 tid=12 left-down x=1838 y=688 wordForeground=True
2026-09-06T14:53:30.0304578+08:00 pid=20052 tid=12 left-down x=1382 y=1120 wordForeground=False
2026-09-06T14:53:32.8035432+08:00 pid=20052 tid=12 left-down x=2332 y=460 wordForeground=False
2026-09-06T14:53:35.1328301+08:00 pid=20052 tid=12 left-down x=2492 y=460 wordForeground=False
2026-09-06T14:55:35.4711565+08:00 pid=20052 tid=12 left-down x=2024 y=1187 wordForeground=True
2026-09-06T14:59:40.0476683+08:00 pid=20052 tid=12 left-down x=1776 y=1270 wordForeground=False
2026-09-06T15:07:01.4819252+08:00 pid=20052 tid=12 left-down x=1140 y=1245 wordForeground=True
2026-09-06T15:07:01.9669788+08:00 pid=20052 tid=12 left-down x=1140 y=1245 wordForeground=True
2026-09-06T15:07:01.9719783+08:00 pid=20052 tid=12 double-click elapsedMs=485.774 withinX=True withinY=True nativeOleTarget=False suppressSecondDown=False dispatchCallback=True
2026-09-06T15:07:02.0906640+08:00 pid=20052 tid=21 callback-begin interceptedNativeOle=False x=1140 y=1245
2026-09-06T15:07:02.0913027+08:00 pid=20052 tid=21 addin-callback-received interceptedNativeOle=False x=1140 y=1245
2026-09-06T15:07:02.0918214+08:00 pid=20052 tid=21 callback-end
2026-09-06T15:07:02.0948185+08:00 pid=20052 tid=1 addin-coordinate-selection formulaId=<null> objectMode=<null>
2026-09-06T15:09:35.4168454+08:00 pid=20052 tid=12 left-down x=1776 y=1270 wordForeground=False
2026-09-06T15:21:10.6258776+08:00 pid=20052 tid=12 left-down x=1838 y=688 wordForeground=True
2026-09-06T15:21:35.0283255+08:00 pid=20052 tid=12 left-down x=1382 y=1120 wordForeground=False
2026-09-06T15:21:37.8447050+08:00 pid=20052 tid=12 left-down x=2332 y=460 wordForeground=False
2026-09-06T15:21:40.1930841+08:00 pid=20052 tid=12 left-down x=2492 y=460 wordForeground=False
2026-09-06T15:22:32.5046223+08:00 pid=20052 tid=12 left-down x=2024 y=1187 wordForeground=True
2026-09-06T15:26:36.6488534+08:00 pid=20052 tid=12 left-down x=1140 y=1088 wordForeground=True
2026-09-06T15:26:37.2680759+08:00 pid=20052 tid=12 left-down x=1140 y=1088 wordForeground=True
2026-09-06T15:27:09.1842338+08:00 pid=20052 tid=12 left-down x=1838 y=688 wordForeground=True
2026-09-06T15:27:51.6391873+08:00 pid=20052 tid=12 left-down x=1382 y=1120 wordForeground=False
2026-09-06T15:27:54.5488676+08:00 pid=20052 tid=12 left-down x=2332 y=460 wordForeground=False
2026-09-06T15:27:56.9164112+08:00 pid=20052 tid=12 left-down x=2492 y=460 wordForeground=False
2026-09-06T15:29:57.1970796+08:00 pid=20052 tid=12 left-down x=1776 y=1270 wordForeground=False
2026-09-06T15:30:43.2227214+08:00 pid=20052 tid=12 left-down x=2024 y=1187 wordForeground=True
2026-09-06T15:31:48.5252568+08:00 pid=20052 tid=12 left-down x=698 y=1234 wordForeground=False
2026-09-06T15:31:52.2564006+08:00 pid=20052 tid=12 left-down x=1685 y=1610 wordForeground=True
2026-09-06T15:33:03.4094686+08:00 pid=20052 tid=12 left-down x=1838 y=860 wordForeground=True
2026-09-06T15:33:48.4655336+08:00 pid=20052 tid=12 left-down x=219 y=1479 wordForeground=False
2026-09-06T15:33:54.3548712+08:00 pid=20052 tid=12 left-down x=1323 y=1598 wordForeground=False
2026-09-06T15:35:00.5116173+08:00 pid=20052 tid=12 left-down x=1170 y=1088 wordForeground=True
2026-09-06T15:35:01.1719974+08:00 pid=20052 tid=12 left-down x=1170 y=1088 wordForeground=True
2026-09-06T15:35:43.3907083+08:00 pid=20052 tid=12 left-down x=837 y=1166 wordForeground=False
2026-09-06T15:36:00.1730534+08:00 pid=20052 tid=12 left-down x=2078 y=1366 wordForeground=True
2026-09-06T15:37:05.3933327+08:00 pid=20052 tid=12 left-down x=1776 y=1270 wordForeground=False
2026-09-06T15:46:37.1135367+08:00 pid=20052 tid=12 left-down x=1838 y=688 wordForeground=True
2026-09-06T15:46:45.7775660+08:00 pid=20052 tid=12 left-down x=1382 y=1120 wordForeground=False
2026-09-06T15:46:49.0186507+08:00 pid=20052 tid=12 left-down x=2332 y=460 wordForeground=False
2026-09-06T15:46:51.0105450+08:00 pid=20052 tid=12 left-down x=2492 y=460 wordForeground=False
2026-09-06T15:49:12.8748326+08:00 pid=20052 tid=12 left-down x=1776 y=1270 wordForeground=False
2026-09-06T15:50:00.8398257+08:00 pid=20052 tid=12 left-down x=2024 y=1187 wordForeground=True
2026-09-06T15:50:09.9115241+08:00 pid=20052 tid=12 left-down x=1838 y=860 wordForeground=True
2026-09-06T15:54:09.3767597+08:00 pid=20052 tid=12 left-down x=1170 y=1118 wordForeground=True
2026-09-06T15:54:09.9644814+08:00 pid=20052 tid=12 left-down x=1170 y=1118 wordForeground=True
2026-09-06T15:54:20.4656891+08:00 pid=20052 tid=12 left-down x=1776 y=1270 wordForeground=False
2026-09-06T15:55:19.2075586+08:00 pid=20052 tid=12 left-down x=758 y=1250 wordForeground=False
2026-09-06T15:55:45.1721674+08:00 pid=20052 tid=12 left-down x=820 y=1253 wordForeground=False
2026-09-06T15:55:56.8108383+08:00 pid=20052 tid=12 left-down x=2051 y=1093 wordForeground=True
2026-09-06T15:57:04.8588456+08:00 pid=20052 tid=12 left-down x=763 y=1216 wordForeground=False
2026-09-06T15:57:07.0103615+08:00 pid=20052 tid=12 left-down x=2028 y=1110 wordForeground=True
2026-09-06T15:57:10.0084360+08:00 pid=20052 tid=12 left-down x=770 y=1090 wordForeground=False
2026-09-06T15:57:11.7327619+08:00 pid=20052 tid=12 left-down x=618 y=1046 wordForeground=False
2026-09-06T15:57:15.8439133+08:00 pid=20052 tid=12 left-down x=1892 y=402 wordForeground=False
2026-09-06T15:57:20.7400113+08:00 pid=20052 tid=12 left-down x=1965 y=1091 wordForeground=True
2026-09-06T15:57:24.2505416+08:00 pid=20052 tid=12 left-down x=717 y=1085 wordForeground=False
2026-09-06T15:57:26.4795305+08:00 pid=20052 tid=12 left-down x=620 y=1012 wordForeground=False
2026-09-06T15:57:29.1511451+08:00 pid=20052 tid=12 left-down x=1896 y=398 wordForeground=False
2026-09-06T15:57:33.7905361+08:00 pid=20052 tid=12 left-down x=1979 y=1077 wordForeground=True
2026-09-06T16:04:19.4932651+08:00 pid=20052 tid=12 left-down x=153 y=1448 wordForeground=False
2026-09-06T16:04:22.8059073+08:00 pid=20052 tid=12 left-down x=963 y=1227 wordForeground=False
2026-09-06T16:05:05.4692528+08:00 pid=20052 tid=12 left-down x=1838 y=688 wordForeground=True
2026-09-06T16:05:14.0485703+08:00 pid=20052 tid=12 left-down x=1382 y=1120 wordForeground=False
2026-09-06T16:05:16.8302394+08:00 pid=20052 tid=12 left-down x=2332 y=460 wordForeground=False
2026-09-06T16:05:19.3391533+08:00 pid=20052 tid=12 left-down x=2492 y=460 wordForeground=False
2026-09-06T16:06:52.3589119+08:00 pid=20052 tid=12 left-down x=1776 y=1270 wordForeground=False
2026-09-06T16:08:00.2620273+08:00 pid=20052 tid=12 left-down x=2024 y=1187 wordForeground=True
2026-09-06T16:08:20.9748049+08:00 pid=20052 tid=12 left-down x=1838 y=860 wordForeground=True
2026-09-06T16:12:08.1294012+08:00 pid=20052 tid=12 left-down x=1776 y=1270 wordForeground=False
2026-09-06T16:15:16.0687802+08:00 pid=20052 tid=12 left-down x=772 y=1266 wordForeground=False
2026-09-06T16:15:24.9624108+08:00 pid=20052 tid=12 left-down x=1844 y=1725 wordForeground=True
2026-09-06T16:18:11.6728025+08:00 pid=20052 tid=12 left-down x=1776 y=1270 wordForeground=False
2026-09-06T16:26:34.0384128+08:00 pid=20052 tid=12 left-down x=1382 y=1120 wordForeground=False
2026-09-06T16:26:36.5787354+08:00 pid=20052 tid=12 left-down x=2332 y=460 wordForeground=False
2026-09-06T16:26:38.9062541+08:00 pid=20052 tid=12 left-down x=2492 y=460 wordForeground=False
2026-09-06T16:27:41.2278454+08:00 pid=20052 tid=12 left-down x=713 y=1227 wordForeground=False
2026-09-06T16:27:46.9617890+08:00 pid=20052 tid=12 left-down x=1874 y=1436 wordForeground=True
2026-09-06T16:27:57.6365885+08:00 pid=20052 tid=12 left-down x=700 y=1238 wordForeground=False
2026-09-06T16:28:02.8530078+08:00 pid=20052 tid=12 left-down x=1742 y=1814 wordForeground=True
2026-09-06T16:28:20.3129688+08:00 pid=20052 tid=12 left-down x=2024 y=1187 wordForeground=True
2026-09-06T16:29:40.1639988+08:00 pid=20052 tid=12 left-down x=1172 y=1836 wordForeground=True
2026-09-06T16:29:40.7525313+08:00 pid=20052 tid=12 left-down x=1172 y=1836 wordForeground=True
2026-09-06T16:30:24.8640401+08:00 pid=20052 tid=12 left-down x=739 y=1231 wordForeground=False
2026-09-06T16:30:36.1186133+08:00 pid=20052 tid=12 left-down x=1776 y=1270 wordForeground=False
2026-09-06T16:40:50.4962354+08:00 pid=20052 tid=12 left-down x=1382 y=1120 wordForeground=False
2026-09-06T16:40:52.9752951+08:00 pid=20052 tid=12 left-down x=2332 y=460 wordForeground=False
2026-09-06T16:40:55.5028427+08:00 pid=20052 tid=12 left-down x=2492 y=460 wordForeground=False
2026-09-06T16:43:15.7513299+08:00 pid=20052 tid=12 left-down x=1776 y=1270 wordForeground=False
2026-09-06T16:44:46.5943189+08:00 pid=20052 tid=12 left-down x=2024 y=1187 wordForeground=True
2026-09-06T16:45:51.4762560+08:00 pid=20052 tid=12 left-down x=691 y=1252 wordForeground=False
2026-09-06T16:46:01.0553731+08:00 pid=20052 tid=12 left-down x=191 y=1485 wordForeground=False
2026-09-06T16:46:03.9740348+08:00 pid=20052 tid=12 left-down x=2508 y=1121 wordForeground=True
2026-09-06T16:47:31.7988798+08:00 pid=20052 tid=12 left-down x=776 y=1255 wordForeground=False
2026-09-06T16:47:44.9932905+08:00 pid=20052 tid=12 left-down x=710 y=994 wordForeground=False
2026-09-06T16:47:46.8267254+08:00 pid=20052 tid=12 left-down x=699 y=1023 wordForeground=False
2026-09-06T16:47:48.5042234+08:00 pid=20052 tid=12 left-down x=743 y=1042 wordForeground=False
2026-09-06T16:47:51.0064829+08:00 pid=20052 tid=12 left-down x=764 y=1021 wordForeground=False
2026-09-06T16:47:55.0149765+08:00 pid=20052 tid=12 left-down x=831 y=1077 wordForeground=False
2026-09-06T16:48:05.3281394+08:00 pid=20052 tid=12 left-down x=1046 y=1329 wordForeground=False
2026-09-06T16:48:39.4071440+08:00 pid=20052 tid=12 left-down x=271 y=1440 wordForeground=False
2026-09-06T16:48:41.1974915+08:00 pid=20052 tid=12 left-down x=253 y=1462 wordForeground=False
2026-09-06T16:48:44.9677246+08:00 pid=20052 tid=12 left-down x=270 y=1333 wordForeground=False
2026-09-06T16:48:47.2007010+08:00 pid=20052 tid=12 left-down x=196 y=705 wordForeground=False
2026-09-06T16:48:51.7668095+08:00 pid=20052 tid=12 left-down x=135 y=384 wordForeground=False
2026-09-06T16:58:19.4124448+08:00 pid=20052 tid=12 left-down x=1382 y=1120 wordForeground=False
2026-09-06T16:58:22.3612037+08:00 pid=20052 tid=12 left-down x=2332 y=460 wordForeground=False
2026-09-06T16:58:24.8651860+08:00 pid=20052 tid=12 left-down x=2492 y=460 wordForeground=False
2026-09-06T16:59:24.6882586+08:00 pid=20052 tid=12 left-down x=1776 y=1270 wordForeground=False
2026-09-06T17:00:19.1856792+08:00 pid=20052 tid=12 left-down x=2024 y=1187 wordForeground=True
2026-09-06T17:03:55.0536268+08:00 pid=20052 tid=12 left-down x=711 y=1181 wordForeground=False
2026-09-06T17:04:02.8897109+08:00 pid=20052 tid=12 left-down x=2039 y=1034 wordForeground=True
2026-09-06T17:04:12.4517053+08:00 pid=20052 tid=12 left-down x=759 y=1233 wordForeground=False
2026-09-06T17:06:41.5230495+08:00 pid=20052 tid=12 left-down x=672 y=1256 wordForeground=False
2026-09-06T17:06:50.2063473+08:00 pid=20052 tid=12 left-down x=250 y=1460 wordForeground=False
2026-09-06T17:06:53.1400999+08:00 pid=20052 tid=12 left-down x=902 y=1143 wordForeground=False
2026-09-06T17:08:07.7415084+08:00 pid=20052 tid=12 left-down x=1382 y=1120 wordForeground=False
2026-09-06T17:08:10.2881452+08:00 pid=20052 tid=12 left-down x=2332 y=460 wordForeground=False
2026-09-06T17:08:12.8640986+08:00 pid=20052 tid=12 left-down x=2492 y=460 wordForeground=False
2026-09-06T17:08:28.2877467+08:00 pid=20052 tid=12 left-down x=1776 y=1270 wordForeground=False
2026-09-06T17:08:41.3736939+08:00 pid=20052 tid=12 left-down x=2024 y=1187 wordForeground=True
2026-09-06T17:09:36.5435101+08:00 pid=20052 tid=12 left-down x=841 y=1058 wordForeground=True
2026-09-06T17:10:30.3892685+08:00 pid=20052 tid=12 left-down x=1945 y=1414 wordForeground=True
2026-09-06T17:10:34.6708505+08:00 pid=20052 tid=12 left-down x=782 y=1229 wordForeground=False
2026-09-06T17:10:37.8368065+08:00 pid=20052 tid=12 left-down x=720 y=1078 wordForeground=False
2026-09-06T17:10:40.9948689+08:00 pid=20052 tid=12 left-down x=607 y=974 wordForeground=False
2026-09-06T17:10:44.5029549+08:00 pid=20052 tid=12 left-down x=1871 y=407 wordForeground=False
2026-09-06T17:10:48.6206310+08:00 pid=20052 tid=12 left-down x=2301 y=1453 wordForeground=True
2026-09-06T17:11:37.1954436+08:00 pid=20052 tid=12 left-down x=1776 y=1270 wordForeground=False
2026-09-06T17:13:19.2524870+08:00 pid=20052 tid=12 left-down x=837 y=1224 wordForeground=False
2026-09-06T17:14:15.8470857+08:00 pid=20052 tid=12 left-down x=1838 y=688 wordForeground=True
2026-09-06T17:15:24.3524061+08:00 pid=20052 tid=12 left-down x=1141 y=1087 wordForeground=True
2026-09-06T17:15:24.8746651+08:00 pid=20052 tid=12 left-down x=1141 y=1087 wordForeground=True
2026-09-06T17:16:50.2293222+08:00 pid=20052 tid=12 left-down x=779 y=1278 wordForeground=False
2026-09-06T17:18:48.9685068+08:00 pid=20052 tid=12 left-down x=770 y=1201 wordForeground=False
2026-09-06T17:18:56.0907004+08:00 pid=20052 tid=12 left-down x=2258 y=1350 wordForeground=True
2026-09-06T17:20:34.2919600+08:00 pid=20052 tid=12 left-down x=1382 y=1120 wordForeground=False
2026-09-06T17:20:36.6805796+08:00 pid=20052 tid=12 left-down x=2332 y=460 wordForeground=False
2026-09-06T17:20:39.3603016+08:00 pid=20052 tid=12 left-down x=2492 y=460 wordForeground=False
2026-09-06T17:22:10.5957341+08:00 pid=20052 tid=12 left-down x=1935 y=1345 wordForeground=True
2026-09-06T17:22:13.8739420+08:00 pid=20052 tid=12 left-down x=1808 y=1615 wordForeground=True
2026-09-06T17:23:05.2632157+08:00 pid=20052 tid=12 left-down x=1776 y=1270 wordForeground=False
2026-09-06T17:23:33.3893008+08:00 pid=20052 tid=12 left-down x=2024 y=1187 wordForeground=True
2026-09-06T17:32:01.2594301+08:00 pid=20052 tid=12 left-down x=868 y=930 wordForeground=False
2026-09-06T17:32:12.9697651+08:00 pid=20052 tid=12 left-down x=716 y=707 wordForeground=False
2026-09-06T17:32:15.5296692+08:00 pid=20052 tid=12 left-down x=653 y=533 wordForeground=False
2026-09-06T17:32:18.8557732+08:00 pid=20052 tid=12 left-down x=1891 y=416 wordForeground=False
2026-09-06T17:34:02.1569163+08:00 pid=20052 tid=12 left-down x=1382 y=1120 wordForeground=False
2026-09-06T17:34:05.0223648+08:00 pid=20052 tid=12 left-down x=2332 y=460 wordForeground=False
2026-09-06T17:34:07.7171060+08:00 pid=20052 tid=12 left-down x=2492 y=460 wordForeground=False
2026-09-06T17:35:40.0345937+08:00 pid=20052 tid=12 left-down x=675 y=1190 wordForeground=False
2026-09-06T17:35:46.6659952+08:00 pid=20052 tid=12 left-down x=1961 y=1652 wordForeground=True
2026-09-06T17:35:49.7661497+08:00 pid=20052 tid=12 left-down x=1986 y=1555 wordForeground=True
2026-09-06T17:36:01.7515270+08:00 pid=20052 tid=12 left-down x=1382 y=1120 wordForeground=False
2026-09-06T17:36:04.5072349+08:00 pid=20052 tid=12 left-down x=2332 y=460 wordForeground=False
2026-09-06T17:36:07.1499290+08:00 pid=20052 tid=12 left-down x=2492 y=460 wordForeground=False
2026-09-06T17:38:54.5690179+08:00 pid=20052 tid=12 left-down x=813 y=1058 wordForeground=False
2026-09-06T17:39:06.5336763+08:00 pid=20052 tid=12 left-down x=2050 y=1012 wordForeground=True
2026-09-06T17:39:10.1245068+08:00 pid=20052 tid=12 left-down x=255 y=1492 wordForeground=False
2026-09-06T17:39:13.0511327+08:00 pid=20052 tid=12 left-down x=961 y=1043 wordForeground=False
2026-09-06T17:40:57.7808262+08:00 pid=20052 tid=12 left-down x=1382 y=1120 wordForeground=False
2026-09-06T17:41:00.2505904+08:00 pid=20052 tid=12 left-down x=2332 y=460 wordForeground=False
2026-09-06T17:41:02.3732275+08:00 pid=20052 tid=12 left-down x=2492 y=460 wordForeground=False
2026-09-06T17:41:59.1608701+08:00 pid=20052 tid=12 left-down x=1776 y=1270 wordForeground=False
2026-09-06T17:42:17.3947256+08:00 pid=20052 tid=12 left-down x=2024 y=1187 wordForeground=True
2026-09-06T17:44:01.3437226+08:00 pid=20052 tid=12 left-down x=596 y=1205 wordForeground=False
2026-09-06T17:44:22.0747989+08:00 pid=20052 tid=12 left-down x=2094 y=1018 wordForeground=True
2026-09-06T17:44:25.3656153+08:00 pid=20052 tid=12 left-down x=763 y=1215 wordForeground=False
2026-09-06T17:45:09.8277223+08:00 pid=20052 tid=12 left-down x=737 y=1273 wordForeground=False
2026-09-06T17:45:12.9934284+08:00 pid=20052 tid=12 left-down x=2357 y=1096 wordForeground=False
2026-09-06T17:47:34.3488788+08:00 pid=20052 tid=12 left-down x=894 y=1217 wordForeground=False
2026-09-06T17:47:53.7185131+08:00 pid=20052 tid=12 left-down x=1382 y=1120 wordForeground=False
2026-09-06T17:47:56.3541738+08:00 pid=20052 tid=12 left-down x=2332 y=460 wordForeground=False
2026-09-06T17:47:59.0374950+08:00 pid=20052 tid=12 left-down x=2492 y=460 wordForeground=False
2026-09-06T17:48:44.3036478+08:00 pid=20052 tid=12 left-down x=1776 y=1270 wordForeground=False
2026-09-06T17:48:59.7115041+08:00 pid=20052 tid=12 left-down x=2024 y=1187 wordForeground=True
2026-09-06T17:50:39.6508266+08:00 pid=20052 tid=12 left-down x=836 y=1237 wordForeground=False
2026-09-06T17:50:43.3838206+08:00 pid=20052 tid=12 left-down x=2059 y=1068 wordForeground=True
2026-09-06T17:51:48.8997178+08:00 pid=20052 tid=12 left-down x=607 y=1205 wordForeground=False
2026-09-06T17:51:52.1349638+08:00 pid=20052 tid=12 left-down x=1466 y=1103 wordForeground=False
2026-09-06T17:54:23.8269149+08:00 pid=20052 tid=12 left-down x=1382 y=1120 wordForeground=False
2026-09-06T17:54:27.0380963+08:00 pid=20052 tid=12 left-down x=2332 y=460 wordForeground=False
2026-09-06T17:54:29.8341546+08:00 pid=20052 tid=12 left-down x=2492 y=460 wordForeground=False
2026-09-06T17:55:24.4853279+08:00 pid=20052 tid=12 left-down x=1776 y=1270 wordForeground=False
2026-09-06T17:55:40.1650059+08:00 pid=20052 tid=12 left-down x=2024 y=1211 wordForeground=True
2026-09-06T17:57:00.8146756+08:00 pid=20052 tid=12 left-down x=808 y=1255 wordForeground=False
2026-09-06T17:57:09.8506894+08:00 pid=20052 tid=12 left-down x=1866 y=1723 wordForeground=True
2026-09-06T17:57:19.6076619+08:00 pid=20052 tid=12 left-down x=1905 y=1516 wordForeground=True
2026-09-06T17:58:43.4752342+08:00 pid=20052 tid=12 left-down x=1948 y=1269 wordForeground=True
2026-09-06T17:58:47.2423891+08:00 pid=20052 tid=12 left-down x=1778 y=1476 wordForeground=True
2026-09-06T17:58:51.4672751+08:00 pid=20052 tid=12 left-down x=1141 y=1482 wordForeground=True
2026-09-06T17:58:52.2935708+08:00 pid=20052 tid=12 left-down x=1141 y=1482 wordForeground=True
2026-09-06T17:59:19.1736055+08:00 pid=20052 tid=12 left-down x=1776 y=1270 wordForeground=False
2026-09-06T18:00:01.7898044+08:00 pid=20052 tid=12 left-down x=853 y=1268 wordForeground=False
2026-09-06T18:00:05.2302501+08:00 pid=20052 tid=12 left-down x=2132 y=1445 wordForeground=True
2026-09-06T18:02:53.5146773+08:00 pid=20052 tid=12 left-down x=705 y=1242 wordForeground=False
2026-09-06T18:02:58.3757161+08:00 pid=20052 tid=12 left-down x=2064 y=1539 wordForeground=True
2026-09-06T18:03:23.6658415+08:00 pid=20052 tid=12 left-down x=1776 y=1270 wordForeground=False
2026-09-06T18:08:48.3155240+08:00 pid=20052 tid=12 left-down x=765 y=1027 wordForeground=False
2026-09-06T18:08:52.3599876+08:00 pid=20052 tid=12 left-down x=247 y=1478 wordForeground=False
2026-09-06T18:08:56.0845104+08:00 pid=20052 tid=12 left-down x=664 y=936 wordForeground=False
2026-09-06T18:09:00.1659544+08:00 pid=20052 tid=12 left-down x=1877 y=399 wordForeground=False
2026-09-06T18:11:21.8709006+08:00 pid=20052 tid=12 left-down x=822 y=1270 wordForeground=False
2026-09-06T18:11:31.5980293+08:00 pid=20052 tid=12 left-down x=1265 y=1795 wordForeground=True
2026-09-06T18:13:09.2140466+08:00 pid=20052 tid=12 left-down x=1317 y=747 wordForeground=False
2026-09-06T18:13:11.4856313+08:00 pid=20052 tid=12 left-down x=1602 y=747 wordForeground=False
2026-09-06T18:13:28.0633436+08:00 pid=20052 tid=12 left-down x=1382 y=1120 wordForeground=False
2026-09-06T18:13:30.9805420+08:00 pid=20052 tid=12 left-down x=2332 y=460 wordForeground=False
2026-09-06T18:13:33.5208414+08:00 pid=20052 tid=12 left-down x=2492 y=460 wordForeground=False
2026-09-06T18:14:35.1006696+08:00 pid=20052 tid=12 left-down x=806 y=1212 wordForeground=False
2026-09-06T18:14:52.3006471+08:00 pid=20052 tid=12 left-down x=815 y=1228 wordForeground=False
2026-09-06T18:14:59.1278125+08:00 pid=20052 tid=12 left-down x=2177 y=1494 wordForeground=True
2026-09-06T18:15:03.0995704+08:00 pid=20052 tid=12 left-down x=2100 y=1471 wordForeground=True
2026-09-06T18:15:04.7621560+08:00 pid=20052 tid=12 left-down x=2019 y=1474 wordForeground=True
2026-09-06T18:15:05.0548857+08:00 pid=20052 tid=12 left-down x=2019 y=1475 wordForeground=True
2026-09-06T18:15:05.0558853+08:00 pid=20052 tid=12 double-click elapsedMs=293.352 withinX=True withinY=True nativeOleTarget=False suppressSecondDown=False dispatchCallback=True
2026-09-06T18:15:05.1563644+08:00 pid=20052 tid=19 callback-begin interceptedNativeOle=False x=2019 y=1475
2026-09-06T18:15:05.1563644+08:00 pid=20052 tid=19 addin-callback-received interceptedNativeOle=False x=2019 y=1475
2026-09-06T18:15:05.1573630+08:00 pid=20052 tid=19 callback-end
2026-09-06T18:15:05.1703628+08:00 pid=20052 tid=1 addin-coordinate-selection formulaId=<null> objectMode=<null>
2026-09-06T18:15:13.4826769+08:00 pid=20052 tid=12 left-down x=2639 y=748 wordForeground=True
2026-09-06T18:15:18.2643608+08:00 pid=20052 tid=12 left-down x=835 y=1292 wordForeground=False
2026-09-06T18:15:20.1856170+08:00 pid=20052 tid=12 left-down x=848 y=1359 wordForeground=False
2026-09-06T18:15:22.2934294+08:00 pid=20052 tid=12 left-down x=863 y=1433 wordForeground=False
2026-09-06T18:15:57.5570648+08:00 pid=20052 tid=12 left-down x=218 y=1472 wordForeground=False
2026-09-06T18:18:01.3956211+08:00 pid=20052 tid=12 left-down x=1317 y=747 wordForeground=False
2026-09-06T18:18:19.4308450+08:00 pid=20052 tid=12 left-down x=1382 y=1120 wordForeground=False
2026-09-06T18:18:22.6639435+08:00 pid=20052 tid=12 left-down x=2332 y=460 wordForeground=False
2026-09-06T18:18:25.4570113+08:00 pid=20052 tid=12 left-down x=2492 y=460 wordForeground=False
2026-09-06T18:19:42.3473151+08:00 pid=20052 tid=12 left-down x=1776 y=1270 wordForeground=False
2026-09-06T18:19:56.1046929+08:00 pid=20052 tid=12 left-down x=2024 y=1211 wordForeground=True
2026-09-06T18:22:19.8836273+08:00 pid=20052 tid=12 left-down x=2067 y=1076 wordForeground=True
2026-09-06T18:22:25.8431889+08:00 pid=20052 tid=12 left-down x=1136 y=1362 wordForeground=False
2026-09-06T18:22:56.0565593+08:00 pid=20052 tid=12 left-down x=2228 y=1331 wordForeground=False
2026-09-06T18:23:01.7076987+08:00 pid=20052 tid=12 left-down x=684 y=811 wordForeground=False
2026-09-06T18:23:04.4245462+08:00 pid=20052 tid=12 left-down x=677 y=753 wordForeground=False
2026-09-06T18:23:10.7760719+08:00 pid=20052 tid=12 left-down x=1890 y=411 wordForeground=False
2026-09-06T18:23:16.2388139+08:00 pid=20052 tid=12 left-down x=1381 y=2159 wordForeground=False
2026-09-06T18:23:25.4266681+08:00 pid=20052 tid=12 left-down x=803 y=1363 wordForeground=False
2026-09-06T18:25:28.4327719+08:00 pid=20052 tid=12 left-down x=1245 y=1142 wordForeground=False
2026-09-06T18:25:33.7542327+08:00 pid=20052 tid=12 left-down x=227 y=1461 wordForeground=False
2026-09-06T18:25:39.2940488+08:00 pid=20052 tid=12 left-down x=830 y=1233 wordForeground=False
