2026-09-06T21:07:41.4891226+08:00 pid=67232 [perf] update-numbers.health-fail reason=no-parseable-field-codes
2026-09-06T21:08:15.8039047+08:00 pid=67232 [perf] direct-row-health-fail formulaId=0d36b144-809c-4779-bc13-d112c3c238a0 check=table-membership reason=not-in-table
2026-09-06T21:08:15.8315055+08:00 pid=67232 [perf] ConvertedOmmlBatch.inventory: +24ms (24ms)
2026-09-06T21:08:15.8364800+08:00 pid=67232 [perf] ConvertedOmmlBatch.number-plan: +5ms (29ms)
2026-09-06T21:08:15.8742270+08:00 pid=67232 [perf] ConvertedOmmlBatch.locate-target: +38ms (67ms)
2026-09-06T21:08:15.8792275+08:00 pid=67232 [perf] ConvertedOmmlBatch.true-display-native-resolve-display: +5ms (72ms)
2026-09-06T21:08:15.9028682+08:00 pid=67232 [perf] ConvertedOmmlBatch.true-display-native-clear-artifacts: +23ms (95ms)
2026-09-06T21:08:15.9093815+08:00 pid=67232 [perf] ConvertedOmmlBatch.true-display-native-measure-display: +7ms (102ms)
2026-09-06T21:08:15.9385892+08:00 pid=67232 [perf] ConvertedOmmlBatch.true-display-native-ensure-table: +29ms (131ms)
2026-09-06T21:08:15.9395888+08:00 pid=67232 [perf] ConvertedOmmlBatch.true-display-native-resolve-table-formula: +1ms (132ms)
2026-09-06T21:08:15.9395888+08:00 pid=67232 [perf] ConvertedOmmlBatch.true-display-native-height-repair: +0ms (132ms)
2026-09-06T21:08:16.0112454+08:00 pid=67232 [perf] ConvertedOmmlBatch.true-display-native-geometry: +72ms (204ms)
2026-09-06T21:08:16.0122449+08:00 pid=67232 [perf] ConvertedOmmlBatch.true-display-native-1x3-table: +0ms (204ms)
2026-09-06T21:08:16.0132441+08:00 pid=67232 [perf] ConvertedOmmlBatch.true-display-direct-number-plan: +1ms (205ms)
2026-09-06T21:08:16.0457933+08:00 pid=67232 [perf] ConvertedOmmlBatch.true-display-direct-visible-seq: +33ms (238ms)
2026-09-06T21:08:16.0537932+08:00 pid=67232 [perf] remove-owned-post-table-anchor generated=85:86 original=86:87
2026-09-06T21:08:16.0577928+08:00 pid=67232 [perf] ConvertedOmmlBatch.true-display-native-post-table-spacing: +13ms (251ms)
2026-09-06T21:08:16.0653720+08:00 pid=67232 [perf] ConvertedOmmlBatch.true-display-native-wrap-identity: +7ms (258ms)
2026-09-06T21:08:16.0663721+08:00 pid=67232 [perf] ConvertedOmmlBatch.true-display-host: +0ms (258ms)
2026-09-06T21:08:16.0902808+08:00 pid=67232 [perf] ConvertedOmmlBatch.repair-identity: +25ms (283ms)
2026-09-06T21:08:40.1406289+08:00 pid=67232 [perf] direct-row-health-fail formulaId=1769ba69-4e45-4d80-a62c-cffbdda8420c check=table-membership reason=not-in-table
2026-09-06T21:08:40.1686285+08:00 pid=67232 [perf] ConvertedOmmlBatch.inventory: +26ms (26ms)
2026-09-06T21:08:40.1686285+08:00 pid=67232 [perf] ConvertedOmmlBatch.number-plan: +1ms (27ms)
2026-09-06T21:08:40.1944981+08:00 pid=67232 [perf] ConvertedOmmlBatch.locate-target: +25ms (52ms)
2026-09-06T21:08:40.1974983+08:00 pid=67232 [perf] ConvertedOmmlBatch.true-display-native-resolve-display: +3ms (55ms)
2026-09-06T21:08:40.2144989+08:00 pid=67232 [perf] ConvertedOmmlBatch.true-display-native-clear-artifacts: +18ms (73ms)
2026-09-06T21:08:40.2215007+08:00 pid=67232 [perf] ConvertedOmmlBatch.true-display-native-measure-display: +6ms (79ms)
2026-09-06T21:08:40.2474981+08:00 pid=67232 [perf] ConvertedOmmlBatch.true-display-native-ensure-table: +27ms (106ms)
2026-09-06T21:08:40.2485007+08:00 pid=67232 [perf] ConvertedOmmlBatch.true-display-native-resolve-table-formula: +1ms (107ms)
2026-09-06T21:08:40.2494988+08:00 pid=67232 [perf] ConvertedOmmlBatch.true-display-native-height-repair: +0ms (107ms)
2026-09-06T21:08:40.3116503+08:00 pid=67232 [perf] ConvertedOmmlBatch.true-display-native-geometry: +63ms (170ms)
2026-09-06T21:08:40.3126475+08:00 pid=67232 [perf] ConvertedOmmlBatch.true-display-native-1x3-table: +0ms (170ms)
2026-09-06T21:08:40.3126475+08:00 pid=67232 [perf] ConvertedOmmlBatch.true-display-direct-number-plan: +0ms (170ms)
2026-09-06T21:08:40.3458463+08:00 pid=67232 [perf] ConvertedOmmlBatch.true-display-direct-visible-seq: +34ms (204ms)
2026-09-06T21:08:40.3518488+08:00 pid=67232 [perf] remove-owned-post-table-anchor generated=85:86 original=86:87
2026-09-06T21:08:40.3558488+08:00 pid=67232 [perf] ConvertedOmmlBatch.true-display-native-post-table-spacing: +10ms (214ms)
2026-09-06T21:08:40.3628462+08:00 pid=67232 [perf] ConvertedOmmlBatch.true-display-native-wrap-identity: +7ms (221ms)
2026-09-06T21:08:40.3628462+08:00 pid=67232 [perf] ConvertedOmmlBatch.true-display-host: +0ms (221ms)
2026-09-06T21:08:40.3882818+08:00 pid=67232 [perf] ConvertedOmmlBatch.repair-identity: +25ms (246ms)
2026-09-06T21:10:16.7836493+08:00 pid=67232 [perf] ConfigureNumbered.native-resolve-display: +1ms (1ms)
2026-09-06T21:10:16.7986501+08:00 pid=67232 [perf] ConfigureNumbered.native-clear-artifacts: +15ms (16ms)
2026-09-06T21:10:16.8046491+08:00 pid=67232 [perf] ConfigureNumbered.native-measure-display: +6ms (22ms)
2026-09-06T21:10:16.8216472+08:00 pid=67232 [perf] ConfigureNumbered.native-ensure-table: +17ms (39ms)
2026-09-06T21:10:16.8226473+08:00 pid=67232 [perf] ConfigureNumbered.native-resolve-table-formula: +1ms (40ms)
2026-09-06T21:10:16.8226473+08:00 pid=67232 [perf] ConfigureNumbered.native-height-repair: +0ms (40ms)
2026-09-06T21:10:16.8606475+08:00 pid=67232 [perf] ConfigureNumbered.native-geometry: +38ms (78ms)
2026-09-06T21:10:16.8616490+08:00 pid=67232 [perf] ConfigureNumbered.native-1x3-table: +1ms (79ms)
2026-09-06T21:10:16.8626476+08:00 pid=67232 [perf] ConfigureNumbered.direct-number-plan: +1ms (80ms)
2026-09-06T21:10:16.8996475+08:00 pid=67232 [perf] ConfigureNumbered.direct-visible-seq: +37ms (117ms)
2026-09-06T21:10:16.9316492+08:00 pid=67232 [perf] ConfigureNumbered.native-wrap-identity: +32ms (149ms)
2026-09-06T21:10:16.9586476+08:00 pid=67232 [perf] cleanup-before-table enter formulaId=f587c633-ce05-4b7d-a6e1-629c0d1eb418 table=1:85
2026-09-06T21:10:16.9596482+08:00 pid=67232 [perf] cleanup-before-table formulaId=f587c633-ce05-4b7d-a6e1-629c0d1eb418 paragraph=0:1 content=0:0 shapes=0 maths=0 fields=0 bookmarks=0 frames=0
2026-09-06T21:10:16.9606493+08:00 pid=67232 [perf] cleanup-before-table delete-empty-source-paragraph
2026-09-06T21:10:47.8313490+08:00 pid=67232 [perf] ConvertedOmmlBatch.inventory: +809ms (809ms)
2026-09-06T21:10:47.8333502+08:00 pid=67232 [perf] ConvertedOmmlBatch.number-plan: +1ms (810ms)
2026-09-06T21:10:47.9759270+08:00 pid=67232 [perf] ConvertedOmmlBatch.locate-target: +144ms (954ms)
2026-09-06T21:10:47.9779267+08:00 pid=67232 [perf] ConvertedOmmlBatch.true-display-native-resolve-display: +1ms (955ms)
2026-09-06T21:10:48.0119272+08:00 pid=67232 [perf] ConvertedOmmlBatch.true-display-native-clear-artifacts: +35ms (990ms)
2026-09-06T21:10:48.1188674+08:00 pid=67232 [perf] ConvertedOmmlBatch.true-display-native-measure-display: +106ms (1096ms)
2026-09-06T21:10:48.1591074+08:00 pid=67232 [perf] ConvertedOmmlBatch.true-display-native-ensure-table: +41ms (1137ms)
2026-09-06T21:10:48.1601074+08:00 pid=67232 [perf] ConvertedOmmlBatch.true-display-native-resolve-table-formula: +1ms (1138ms)
2026-09-06T21:10:48.1611066+08:00 pid=67232 [perf] ConvertedOmmlBatch.true-display-native-height-repair: +0ms (1138ms)
2026-09-06T21:10:48.3037215+08:00 pid=67232 [perf] ConvertedOmmlBatch.true-display-native-geometry: +143ms (1281ms)
2026-09-06T21:10:48.3042540+08:00 pid=67232 [perf] ConvertedOmmlBatch.true-display-native-1x3-table: +0ms (1281ms)
2026-09-06T21:10:48.3042540+08:00 pid=67232 [perf] ConvertedOmmlBatch.true-display-direct-number-plan: +1ms (1282ms)
2026-09-06T21:10:48.7076191+08:00 pid=67232 [perf] ConvertedOmmlBatch.true-display-direct-visible-seq: +403ms (1685ms)
2026-09-06T21:10:48.7826194+08:00 pid=67232 [perf] remove-owned-post-table-anchor generated=712:713 original=713:726
2026-09-06T21:10:48.8018403+08:00 pid=67232 [perf] ConvertedOmmlBatch.true-display-native-post-table-spacing: +94ms (1779ms)
2026-09-06T21:10:48.8659598+08:00 pid=67232 [perf] ConvertedOmmlBatch.true-display-native-wrap-identity: +64ms (1843ms)
2026-09-06T21:10:48.8659598+08:00 pid=67232 [perf] ConvertedOmmlBatch.true-display-host: +1ms (1844ms)
2026-09-06T21:10:48.9689592+08:00 pid=67232 [perf] ConvertedOmmlBatch.repair-identity: +103ms (1947ms)
2026-09-06T21:10:49.0955542+08:00 pid=67232 [perf] ConvertedOmmlBatch.locate-target: +127ms (2074ms)
2026-09-06T21:10:49.0975525+08:00 pid=67232 [perf] ConvertedOmmlBatch.true-display-native-resolve-display: +1ms (2075ms)
2026-09-06T21:10:49.1375134+08:00 pid=67232 [perf] ConvertedOmmlBatch.true-display-native-clear-artifacts: +40ms (2115ms)
2026-09-06T21:10:49.2500838+08:00 pid=67232 [perf] ConvertedOmmlBatch.true-display-native-measure-display: +113ms (2228ms)
2026-09-06T21:10:49.2998269+08:00 pid=67232 [perf] ConvertedOmmlBatch.true-display-native-ensure-table: +49ms (2277ms)
2026-09-06T21:10:49.3008284+08:00 pid=67232 [perf] ConvertedOmmlBatch.true-display-native-resolve-table-formula: +2ms (2279ms)
2026-09-06T21:10:49.3008284+08:00 pid=67232 [perf] ConvertedOmmlBatch.true-display-native-height-repair: +0ms (2279ms)
2026-09-06T21:10:49.4324244+08:00 pid=67232 [perf] ConvertedOmmlBatch.true-display-native-geometry: +131ms (2410ms)
2026-09-06T21:10:49.4334251+08:00 pid=67232 [perf] ConvertedOmmlBatch.true-display-native-1x3-table: +1ms (2411ms)
2026-09-06T21:10:49.4334251+08:00 pid=67232 [perf] ConvertedOmmlBatch.true-display-direct-number-plan: +0ms (2411ms)
2026-09-06T21:10:49.7703432+08:00 pid=67232 [perf] ConvertedOmmlBatch.true-display-direct-visible-seq: +337ms (2748ms)
2026-09-06T21:10:49.8496730+08:00 pid=67232 [perf] remove-owned-post-table-anchor generated=664:665 original=665:683
2026-09-06T21:10:49.8666755+08:00 pid=67232 [perf] ConvertedOmmlBatch.true-display-native-post-table-spacing: +97ms (2845ms)
2026-09-06T21:10:49.9313001+08:00 pid=67232 [perf] ConvertedOmmlBatch.true-display-native-wrap-identity: +64ms (2909ms)
2026-09-06T21:10:49.9318206+08:00 pid=67232 [perf] ConvertedOmmlBatch.true-display-host: +0ms (2909ms)
2026-09-06T21:10:50.0508611+08:00 pid=67232 [perf] ConvertedOmmlBatch.repair-identity: +120ms (3029ms)
2026-09-06T21:10:50.2007811+08:00 pid=67232 [perf] ConvertedOmmlBatch.locate-target: +149ms (3178ms)
2026-09-06T21:10:50.2017819+08:00 pid=67232 [perf] ConvertedOmmlBatch.true-display-native-resolve-display: +2ms (3180ms)
2026-09-06T21:10:50.2457810+08:00 pid=67232 [perf] ConvertedOmmlBatch.true-display-native-clear-artifacts: +43ms (3223ms)
2026-09-06T21:10:50.3594318+08:00 pid=67232 [perf] ConvertedOmmlBatch.true-display-native-measure-display: +114ms (3337ms)
2026-09-06T21:10:50.4036261+08:00 pid=67232 [perf] ConvertedOmmlBatch.true-display-native-ensure-table: +44ms (3381ms)
2026-09-06T21:10:50.4056272+08:00 pid=67232 [perf] ConvertedOmmlBatch.true-display-native-resolve-table-formula: +2ms (3383ms)
2026-09-06T21:10:50.4056272+08:00 pid=67232 [perf] ConvertedOmmlBatch.true-display-native-height-repair: +0ms (3383ms)
2026-09-06T21:10:50.5266263+08:00 pid=67232 [perf] ConvertedOmmlBatch.true-display-native-geometry: +121ms (3504ms)
2026-09-06T21:10:50.5266263+08:00 pid=67232 [perf] ConvertedOmmlBatch.true-display-native-1x3-table: +1ms (3505ms)
2026-09-06T21:10:50.5276261+08:00 pid=67232 [perf] ConvertedOmmlBatch.true-display-direct-number-plan: +0ms (3505ms)
2026-09-06T21:10:50.8561825+08:00 pid=67232 [perf] ConvertedOmmlBatch.true-display-direct-visible-seq: +328ms (3833ms)
2026-09-06T21:10:50.9227260+08:00 pid=67232 [perf] remove-owned-post-table-anchor generated=571:572 original=572:580
2026-09-06T21:10:50.9337262+08:00 pid=67232 [perf] ConvertedOmmlBatch.true-display-native-post-table-spacing: +78ms (3911ms)
2026-09-06T21:10:51.0007264+08:00 pid=67232 [perf] ConvertedOmmlBatch.true-display-native-wrap-identity: +67ms (3978ms)
2026-09-06T21:10:51.0007264+08:00 pid=67232 [perf] ConvertedOmmlBatch.true-display-host: +0ms (3978ms)
2026-09-06T21:10:51.0907290+08:00 pid=67232 [perf] ConvertedOmmlBatch.repair-identity: +91ms (4069ms)
2026-09-06T21:10:51.2327617+08:00 pid=67232 [perf] ConvertedOmmlBatch.locate-target: +141ms (4210ms)
2026-09-06T21:10:51.2377630+08:00 pid=67232 [perf] ConvertedOmmlBatch.true-display-native-resolve-display: +6ms (4216ms)
2026-09-06T21:10:51.2973261+08:00 pid=67232 [perf] ConvertedOmmlBatch.true-display-native-clear-artifacts: +59ms (4275ms)
2026-09-06T21:10:51.3989248+08:00 pid=67232 [perf] ConvertedOmmlBatch.true-display-native-measure-display: +101ms (4376ms)
2026-09-06T21:10:51.4361394+08:00 pid=67232 [perf] ConvertedOmmlBatch.true-display-native-ensure-table: +38ms (4414ms)
2026-09-06T21:10:51.4381391+08:00 pid=67232 [perf] ConvertedOmmlBatch.true-display-native-resolve-table-formula: +1ms (4415ms)
2026-09-06T21:10:51.4381391+08:00 pid=67232 [perf] ConvertedOmmlBatch.true-display-native-height-repair: +1ms (4416ms)
2026-09-06T21:10:51.5663626+08:00 pid=67232 [perf] ConvertedOmmlBatch.true-display-native-geometry: +128ms (4544ms)
2026-09-06T21:10:51.5673634+08:00 pid=67232 [perf] ConvertedOmmlBatch.true-display-native-1x3-table: +1ms (4545ms)
2026-09-06T21:10:51.5673634+08:00 pid=67232 [perf] ConvertedOmmlBatch.true-display-direct-number-plan: +0ms (4545ms)
2026-09-06T21:10:51.8887811+08:00 pid=67232 [perf] ConvertedOmmlBatch.true-display-direct-visible-seq: +322ms (4867ms)
2026-09-06T21:10:51.9614126+08:00 pid=67232 [perf] remove-owned-post-table-anchor generated=481:482 original=482:488
2026-09-06T21:10:51.9734153+08:00 pid=67232 [perf] ConvertedOmmlBatch.true-display-native-post-table-spacing: +84ms (4951ms)
2026-09-06T21:10:52.0404122+08:00 pid=67232 [perf] ConvertedOmmlBatch.true-display-native-wrap-identity: +67ms (5018ms)
2026-09-06T21:10:52.0414134+08:00 pid=67232 [perf] ConvertedOmmlBatch.true-display-host: +1ms (5019ms)
2026-09-06T21:10:52.1436450+08:00 pid=67232 [perf] ConvertedOmmlBatch.repair-identity: +102ms (5121ms)
2026-09-06T21:10:52.2992668+08:00 pid=67232 [perf] ConvertedOmmlBatch.locate-target: +156ms (5277ms)
2026-09-06T21:10:52.3012714+08:00 pid=67232 [perf] ConvertedOmmlBatch.true-display-native-resolve-display: +2ms (5279ms)
2026-09-06T21:10:52.3382670+08:00 pid=67232 [perf] ConvertedOmmlBatch.true-display-native-clear-artifacts: +37ms (5316ms)
2026-09-06T21:10:52.4372682+08:00 pid=67232 [perf] ConvertedOmmlBatch.true-display-native-measure-display: +98ms (5414ms)
2026-09-06T21:10:52.4697055+08:00 pid=67232 [perf] ConvertedOmmlBatch.true-display-native-ensure-table: +33ms (5447ms)
2026-09-06T21:10:52.4747044+08:00 pid=67232 [perf] ConvertedOmmlBatch.true-display-native-resolve-table-formula: +5ms (5452ms)
2026-09-06T21:10:52.4747044+08:00 pid=67232 [perf] ConvertedOmmlBatch.true-display-native-height-repair: +1ms (5453ms)
2026-09-06T21:10:52.6229516+08:00 pid=67232 [perf] ConvertedOmmlBatch.true-display-native-geometry: +148ms (5601ms)
2026-09-06T21:10:52.6229516+08:00 pid=67232 [perf] ConvertedOmmlBatch.true-display-native-1x3-table: +0ms (5601ms)
2026-09-06T21:10:52.6239530+08:00 pid=67232 [perf] ConvertedOmmlBatch.true-display-direct-number-plan: +0ms (5601ms)
2026-09-06T21:10:52.9481281+08:00 pid=67232 [perf] ConvertedOmmlBatch.true-display-direct-visible-seq: +325ms (5926ms)
2026-09-06T21:10:53.0161274+08:00 pid=67232 [perf] remove-owned-post-table-anchor generated=427:428 original=428:429
2026-09-06T21:10:53.0291281+08:00 pid=67232 [perf] ConvertedOmmlBatch.true-display-native-post-table-spacing: +80ms (6006ms)
2026-09-06T21:10:53.0909948+08:00 pid=67232 [perf] ConvertedOmmlBatch.true-display-native-wrap-identity: +62ms (6068ms)
2026-09-06T21:10:53.0909948+08:00 pid=67232 [perf] ConvertedOmmlBatch.true-display-host: +1ms (6069ms)
2026-09-06T21:10:53.1882315+08:00 pid=67232 [perf] ConvertedOmmlBatch.repair-identity: +97ms (6166ms)
2026-09-06T21:10:53.1902320+08:00 pid=67232 [perf] ConversionFinalize.caption-inventory: +0ms (0ms)
2026-09-06T21:10:53.1912302+08:00 pid=67232 [perf] number-format-batch.plan: +0ms (0ms)
2026-09-06T21:10:53.1952307+08:00 pid=67232 [perf] number-format-batch.direct-table-targets: +4ms (4ms)
2026-09-06T21:10:53.1972290+08:00 pid=67232 [perf] number-format-batch.native-hash-inventory: +2ms (6ms)
2026-09-06T21:10:53.1972290+08:00 pid=67232 [perf] number-format-batch.native-breakdown lookup=0ms code=0ms update=0ms prefix=0ms bookmark=0ms
2026-09-06T21:10:53.1972290+08:00 pid=67232 [perf] number-format-batch.legacy-targets: +1ms (7ms)
2026-09-06T21:10:53.1982306+08:00 pid=67232 [perf] number-format-batch.native-hash-targets: +0ms (7ms)
2026-09-06T21:10:53.1982306+08:00 pid=67232 [perf] number-format-batch.visible-references: +0ms (7ms)
2026-09-06T21:10:53.2738222+08:00 pid=67232 [perf] number-format-batch.extra-references: +75ms (82ms)
2026-09-06T21:10:53.2738222+08:00 pid=67232 [perf] ConversionFinalize.field-batch: +84ms (84ms)
2026-09-06T21:10:53.3404174+08:00 pid=67232 [perf] ConversionFinalize.healthy-refresh: +67ms (151ms)
2026-09-06T21:11:55.9872790+08:00 pid=67232 [perf] number-format-batch.plan: +153ms (153ms)
2026-09-06T21:11:56.5093675+08:00 pid=67232 [perf] number-format-batch.direct-table-targets: +522ms (675ms)
2026-09-06T21:11:56.5103675+08:00 pid=67232 [perf] number-format-batch.native-hash-inventory: +0ms (675ms)
2026-09-06T21:11:56.5103675+08:00 pid=67232 [perf] number-format-batch.native-breakdown lookup=0ms code=0ms update=0ms prefix=0ms bookmark=0ms
2026-09-06T21:11:56.5103675+08:00 pid=67232 [perf] number-format-batch.legacy-targets: +1ms (676ms)
2026-09-06T21:11:56.5103675+08:00 pid=67232 [perf] number-format-batch.native-hash-targets: +0ms (676ms)
2026-09-06T21:11:56.5103675+08:00 pid=67232 [perf] number-format-batch.visible-references: +0ms (676ms)
2026-09-06T21:11:56.5723702+08:00 pid=67232 [perf] number-format-batch.extra-references: +61ms (737ms)
2026-09-06T21:14:28.3716317+08:00 pid=67232 [perf] update-numbers.health-fail reason=bookmark-id-set-mismatch visible=0/0[] caption=0/0[] number=2/2[f587c633-ce05-4b7d-a6e1-629c0d1eb418,5826ff41-0132-46e9-8993-97642ca91acf]
2026-09-06T21:14:42.1601682+08:00 pid=67232 [perf] update-numbers.health-fail reason=bookmark-id-set-mismatch visible=0/0[] caption=0/0[] number=2/2[f587c633-ce05-4b7d-a6e1-629c0d1eb418,5826ff41-0132-46e9-8993-97642ca91acf]
2026-09-06T21:15:01.3356955+08:00 pid=67232 [perf] ConfigureNumbered.tab-paragraph: +12ms (12ms)
2026-09-06T21:15:01.3436957+08:00 pid=67232 [perf] NativeCaption.prepare-paragraph: +6ms (6ms)
2026-09-06T21:15:01.3456954+08:00 pid=67232 [perf] NativeCaption.add-seq: +1ms (7ms)
2026-09-06T21:15:01.3476959+08:00 pid=67232 [perf] NativeCaption.update-seq: +3ms (10ms)
2026-09-06T21:15:01.3496961+08:00 pid=67232 [perf] NativeCaption.bookmarks: +1ms (11ms)
2026-09-06T21:15:01.3763059+08:00 pid=67232 [perf] NativeCaption.style-frame: +27ms (38ms)
2026-09-06T21:15:01.3763059+08:00 pid=67232 [perf] ConfigureNumbered.native-caption: +41ms (53ms)
2026-09-06T21:15:01.3863061+08:00 pid=67232 [perf] VisibleRef.scaffold: +7ms (7ms)
2026-09-06T21:15:01.3933059+08:00 pid=67232 [perf] VisibleRef.add-ref: +8ms (15ms)
2026-09-06T21:15:01.4033047+08:00 pid=67232 [perf] VisibleRef.update-ref: +10ms (25ms)
2026-09-06T21:15:01.4053064+08:00 pid=67232 [perf] VisibleRef.bookmark-format: +2ms (27ms)
2026-09-06T21:15:01.4123055+08:00 pid=67232 [perf] VisibleRef.vertical-align: +6ms (33ms)
2026-09-06T21:15:01.4123055+08:00 pid=67232 [perf] ConfigureNumbered.visible-ref: +36ms (89ms)
2026-09-06T21:15:01.4143056+08:00 pid=67232 [perf] ConfigureNumbered.ole-baseline: +2ms (91ms)
2026-09-06T21:15:01.4293059+08:00 pid=67232 [perf] ConfigureNumbered.tab-paragraph: +11ms (11ms)
2026-09-06T21:15:01.4373057+08:00 pid=67232 [perf] NativeCaption.prepare-paragraph: +8ms (8ms)
2026-09-06T21:15:01.4413057+08:00 pid=67232 [perf] NativeCaption.add-seq: +3ms (11ms)
2026-09-06T21:15:01.4443062+08:00 pid=67232 [perf] NativeCaption.update-seq: +3ms (14ms)
2026-09-06T21:15:01.4464759+08:00 pid=67232 [perf] NativeCaption.bookmarks: +3ms (17ms)
2026-09-06T21:15:01.4734747+08:00 pid=67232 [perf] NativeCaption.style-frame: +27ms (44ms)
2026-09-06T21:15:01.4734747+08:00 pid=67232 [perf] ConfigureNumbered.native-caption: +45ms (56ms)
2026-09-06T21:15:01.4814747+08:00 pid=67232 [perf] VisibleRef.scaffold: +6ms (6ms)
2026-09-06T21:15:01.4884748+08:00 pid=67232 [perf] VisibleRef.add-ref: +8ms (14ms)
2026-09-06T21:15:01.5053721+08:00 pid=67232 [perf] VisibleRef.update-ref: +17ms (31ms)
2026-09-06T21:15:01.5063743+08:00 pid=67232 [perf] VisibleRef.bookmark-format: +1ms (32ms)
2026-09-06T21:15:01.5143723+08:00 pid=67232 [perf] VisibleRef.vertical-align: +8ms (40ms)
2026-09-06T21:15:01.5143723+08:00 pid=67232 [perf] ConfigureNumbered.visible-ref: +41ms (97ms)
2026-09-06T21:15:01.5163734+08:00 pid=67232 [perf] ConfigureNumbered.ole-baseline: +2ms (99ms)
2026-09-06T21:15:01.5409304+08:00 pid=67232 [perf] ConfigureNumbered.tab-paragraph: +20ms (20ms)
2026-09-06T21:15:01.5487985+08:00 pid=67232 [perf] NativeCaption.prepare-paragraph: +8ms (8ms)
2026-09-06T21:15:01.5517977+08:00 pid=67232 [perf] NativeCaption.add-seq: +2ms (10ms)
2026-09-06T21:15:01.5547982+08:00 pid=67232 [perf] NativeCaption.update-seq: +3ms (13ms)
2026-09-06T21:15:01.5577980+08:00 pid=67232 [perf] NativeCaption.bookmarks: +3ms (16ms)
2026-09-06T21:15:01.5891655+08:00 pid=67232 [perf] NativeCaption.style-frame: +31ms (47ms)
2026-09-06T21:15:01.5891655+08:00 pid=67232 [perf] ConfigureNumbered.native-caption: +48ms (68ms)
2026-09-06T21:15:01.5951653+08:00 pid=67232 [perf] VisibleRef.scaffold: +5ms (5ms)
2026-09-06T21:15:01.6011677+08:00 pid=67232 [perf] VisibleRef.add-ref: +6ms (11ms)
2026-09-06T21:15:01.6131678+08:00 pid=67232 [perf] VisibleRef.update-ref: +12ms (23ms)
2026-09-06T21:15:01.6151659+08:00 pid=67232 [perf] VisibleRef.bookmark-format: +2ms (25ms)
2026-09-06T21:15:01.6231659+08:00 pid=67232 [perf] VisibleRef.vertical-align: +8ms (33ms)
2026-09-06T21:15:01.6231659+08:00 pid=67232 [perf] ConfigureNumbered.visible-ref: +34ms (102ms)
2026-09-06T21:15:01.6251686+08:00 pid=67232 [perf] ConfigureNumbered.ole-baseline: +2ms (104ms)
2026-09-06T21:15:01.6581663+08:00 pid=67232 [perf] ConfigureNumbered.tab-paragraph: +27ms (27ms)
2026-09-06T21:15:01.6681690+08:00 pid=67232 [perf] NativeCaption.prepare-paragraph: +9ms (9ms)
2026-09-06T21:15:01.6711667+08:00 pid=67232 [perf] NativeCaption.add-seq: +2ms (11ms)
2026-09-06T21:15:01.6741664+08:00 pid=67232 [perf] NativeCaption.update-seq: +4ms (15ms)
2026-09-06T21:15:01.6771682+08:00 pid=67232 [perf] NativeCaption.bookmarks: +2ms (17ms)
2026-09-06T21:15:01.7107679+08:00 pid=67232 [perf] NativeCaption.style-frame: +35ms (52ms)
2026-09-06T21:15:01.7117683+08:00 pid=67232 [perf] ConfigureNumbered.native-caption: +53ms (80ms)
2026-09-06T21:15:01.7187711+08:00 pid=67232 [perf] VisibleRef.scaffold: +6ms (6ms)
2026-09-06T21:15:01.7257711+08:00 pid=67232 [perf] VisibleRef.add-ref: +8ms (14ms)
2026-09-06T21:15:01.7397703+08:00 pid=67232 [perf] VisibleRef.update-ref: +13ms (27ms)
2026-09-06T21:15:01.7407697+08:00 pid=67232 [perf] VisibleRef.bookmark-format: +1ms (28ms)
2026-09-06T21:15:01.7487678+08:00 pid=67232 [perf] VisibleRef.vertical-align: +8ms (36ms)
2026-09-06T21:15:01.7497678+08:00 pid=67232 [perf] ConfigureNumbered.visible-ref: +38ms (118ms)
2026-09-06T21:15:01.7507692+08:00 pid=67232 [perf] ConfigureNumbered.ole-baseline: +2ms (120ms)
2026-09-06T21:15:01.7727717+08:00 pid=67232 [perf] ConfigureNumbered.tab-paragraph: +17ms (17ms)
2026-09-06T21:15:01.7827715+08:00 pid=67232 [perf] NativeCaption.prepare-paragraph: +9ms (9ms)
2026-09-06T21:15:01.7847715+08:00 pid=67232 [perf] NativeCaption.add-seq: +2ms (11ms)
2026-09-06T21:15:01.7887694+08:00 pid=67232 [perf] NativeCaption.update-seq: +4ms (15ms)
2026-09-06T21:15:01.7917715+08:00 pid=67232 [perf] NativeCaption.bookmarks: +3ms (18ms)
2026-09-06T21:15:01.8307690+08:00 pid=67232 [perf] NativeCaption.style-frame: +39ms (57ms)
2026-09-06T21:15:01.8307690+08:00 pid=67232 [perf] ConfigureNumbered.native-caption: +59ms (76ms)
2026-09-06T21:15:01.8387685+08:00 pid=67232 [perf] VisibleRef.scaffold: +6ms (6ms)
2026-09-06T21:15:01.8467687+08:00 pid=67232 [perf] VisibleRef.add-ref: +9ms (15ms)
2026-09-06T21:15:01.8597708+08:00 pid=67232 [perf] VisibleRef.update-ref: +13ms (28ms)
2026-09-06T21:15:01.8607678+08:00 pid=67232 [perf] VisibleRef.bookmark-format: +1ms (29ms)
2026-09-06T21:15:01.8687689+08:00 pid=67232 [perf] VisibleRef.vertical-align: +8ms (37ms)
2026-09-06T21:15:01.8697677+08:00 pid=67232 [perf] ConfigureNumbered.visible-ref: +38ms (114ms)
2026-09-06T21:15:01.8707685+08:00 pid=67232 [perf] ConfigureNumbered.ole-baseline: +2ms (116ms)
2026-09-06T21:15:01.8947679+08:00 pid=67232 [perf] ConfigureNumbered.tab-paragraph: +16ms (16ms)
2026-09-06T21:15:01.9037689+08:00 pid=67232 [perf] NativeCaption.prepare-paragraph: +9ms (9ms)
2026-09-06T21:15:01.9057690+08:00 pid=67232 [perf] NativeCaption.add-seq: +2ms (11ms)
2026-09-06T21:15:01.9097688+08:00 pid=67232 [perf] NativeCaption.update-seq: +3ms (14ms)
2026-09-06T21:15:01.9117689+08:00 pid=67232 [perf] NativeCaption.bookmarks: +3ms (17ms)
2026-09-06T21:15:01.9493864+08:00 pid=67232 [perf] NativeCaption.style-frame: +37ms (54ms)
2026-09-06T21:15:01.9493864+08:00 pid=67232 [perf] ConfigureNumbered.native-caption: +55ms (71ms)
2026-09-06T21:15:01.9553869+08:00 pid=67232 [perf] VisibleRef.scaffold: +5ms (5ms)
2026-09-06T21:15:01.9623860+08:00 pid=67232 [perf] VisibleRef.add-ref: +7ms (12ms)
2026-09-06T21:15:01.9753856+08:00 pid=67232 [perf] VisibleRef.update-ref: +13ms (25ms)
2026-09-06T21:15:01.9763867+08:00 pid=67232 [perf] VisibleRef.bookmark-format: +1ms (26ms)
2026-09-06T21:15:01.9863849+08:00 pid=67232 [perf] VisibleRef.vertical-align: +10ms (36ms)
2026-09-06T21:15:01.9863849+08:00 pid=67232 [perf] ConfigureNumbered.visible-ref: +37ms (108ms)
2026-09-06T21:15:01.9883869+08:00 pid=67232 [perf] ConfigureNumbered.ole-baseline: +2ms (110ms)
2026-09-06T21:15:01.9973856+08:00 pid=67232 [perf] ConversionFinalize.caption-inventory: +0ms (0ms)
2026-09-06T21:15:02.0233859+08:00 pid=67232 [perf] number-format-batch.plan: +26ms (26ms)
2026-09-06T21:15:02.0353855+08:00 pid=67232 [perf] number-format-batch.direct-table-targets: +11ms (37ms)
2026-09-06T21:15:02.0363848+08:00 pid=67232 [perf] number-format-batch.native-hash-inventory: +1ms (38ms)
2026-09-06T21:15:02.0665966+08:00 pid=67232 [perf] number-format-batch.native-breakdown lookup=0ms code=0ms update=23ms prefix=0ms bookmark=0ms
2026-09-06T21:15:02.0675992+08:00 pid=67232 [perf] number-format-batch.legacy-targets: +32ms (70ms)
2026-09-06T21:15:02.0675992+08:00 pid=67232 [perf] number-format-batch.native-hash-targets: +0ms (70ms)
2026-09-06T21:15:02.1664865+08:00 pid=67232 [perf] number-format-batch.visible-references: +99ms (169ms)
2026-09-06T21:15:02.2450258+08:00 pid=67232 [perf] number-format-batch.extra-references: +78ms (247ms)
2026-09-06T21:15:02.2450258+08:00 pid=67232 [perf] ConversionFinalize.field-batch: +248ms (248ms)
2026-09-06T21:15:02.6320644+08:00 pid=67232 [perf] ConversionFinalize.healthy-refresh: +387ms (635ms)
2026-09-06T21:15:38.1993884+08:00 pid=67232 [perf] ConfigureNumbered.tab-paragraph: +24ms (24ms)
2026-09-06T21:15:38.2622378+08:00 pid=67232 [perf] ConfigureNumbered.native-caption: +63ms (87ms)
2026-09-06T21:15:38.2682380+08:00 pid=67232 [perf] ConfigureNumbered.visible-ref: +5ms (92ms)
2026-09-06T21:15:38.2702380+08:00 pid=67232 [perf] ConfigureNumbered.ole-baseline: +3ms (95ms)
2026-09-06T21:15:48.0556275+08:00 pid=67232 [perf] update-numbers.health-fail reason=bookmark-id-set-mismatch visible=6/6[f070e202-381a-475f-8028-47c2c6508225,42d35b3a-61bb-4f39-bd28-c8e28bec1fec,8c31cb1f-adf5-42df-a719-2289d59f9e8a,8f6c746b-7d07-4313-a3ac-835715de141d,7893c628-84e6-4ab6-a17f-477978397efe,8a731e40-2b9d-4ec9-9550-0cefc83889fd] caption=6/6[f070e202-381a-475f-8028-47c2c6508225,42d35b3a-61bb-4f39-bd28-c8e28bec1fec,8c31cb1f-adf5-42df-a719-2289d59f9e8a,8f6c746b-7d07-4313-a3ac-835715de141d,7893c628-84e6-4ab6-a17f-477978397efe,8a731e40-2b9d-4ec9-9550-0cefc83889fd] number=8/8[f070e202-381a-475f-8028-47c2c6508225,f587c633-ce05-4b7d-a6e1-629c0d1eb418,42d35b3a-61bb-4f39-bd28-c8e28bec1fec,8c31cb1f-adf5-42df-a719-2289d59f9e8a,5826ff41-0132-46e9-8993-97642ca91acf,8f6c746b-7d07-4313-a3ac-835715de141d,7893c628-84e6-4ab6-a17f-477978397efe,8a731e40-2b9d-4ec9-9550-0cefc83889fd]
2026-09-06T21:16:01.2257700+08:00 pid=67232 [perf] direct-row-health-fail formulaId=0ec1c649-fe26-4b96-8f09-563e9b5055b2 check=table-membership reason=not-in-table
2026-09-06T21:16:02.0265937+08:00 pid=67232 [perf] ConvertedOmmlBatch.inventory: +800ms (800ms)
2026-09-06T21:16:02.1663843+08:00 pid=67232 [perf] ConvertedOmmlBatch.number-plan: +140ms (940ms)
2026-09-06T21:16:02.2987315+08:00 pid=67232 [perf] ConvertedOmmlBatch.locate-target: +133ms (1073ms)
2026-09-06T21:16:02.3017319+08:00 pid=67232 [perf] ConvertedOmmlBatch.true-display-native-resolve-display: +2ms (1075ms)
2026-09-06T21:16:02.3373366+08:00 pid=67232 [perf] ConvertedOmmlBatch.true-display-native-clear-artifacts: +36ms (1111ms)
2026-09-06T21:16:02.4189879+08:00 pid=67232 [perf] ConvertedOmmlBatch.true-display-native-measure-display: +81ms (1192ms)
2026-09-06T21:16:02.4636424+08:00 pid=67232 [perf] ConvertedOmmlBatch.true-display-native-ensure-table: +46ms (1238ms)
2026-09-06T21:16:02.4656446+08:00 pid=67232 [perf] ConvertedOmmlBatch.true-display-native-resolve-table-formula: +1ms (1239ms)
2026-09-06T21:16:02.4656446+08:00 pid=67232 [perf] ConvertedOmmlBatch.true-display-native-height-repair: +1ms (1240ms)
2026-09-06T21:16:02.6246275+08:00 pid=67232 [perf] ConvertedOmmlBatch.true-display-native-geometry: +159ms (1399ms)
2026-09-06T21:16:02.6256267+08:00 pid=67232 [perf] ConvertedOmmlBatch.true-display-native-1x3-table: +0ms (1399ms)
2026-09-06T21:16:02.6256267+08:00 pid=67232 [perf] ConvertedOmmlBatch.true-display-direct-number-plan: +0ms (1399ms)
2026-09-06T21:16:02.8552499+08:00 pid=67232 [perf] ConvertedOmmlBatch.true-display-direct-visible-seq: +230ms (1629ms)
2026-09-06T21:16:02.9114668+08:00 pid=67232 [perf] remove-owned-post-table-anchor generated=773:774 original=774:787
2026-09-06T21:16:02.9344666+08:00 pid=67232 [perf] ConvertedOmmlBatch.true-display-native-post-table-spacing: +79ms (1708ms)
2026-09-06T21:16:02.9779907+08:00 pid=67232 [perf] ConvertedOmmlBatch.true-display-native-wrap-identity: +43ms (1751ms)
2026-09-06T21:16:02.9779907+08:00 pid=67232 [perf] ConvertedOmmlBatch.true-display-host: +1ms (1752ms)
2026-09-06T21:16:03.0815678+08:00 pid=67232 [perf] ConvertedOmmlBatch.repair-identity: +103ms (1855ms)
2026-09-06T21:16:03.2125865+08:00 pid=67232 [perf] ConvertedOmmlBatch.locate-target: +131ms (1986ms)
2026-09-06T21:16:03.2175827+08:00 pid=67232 [perf] ConvertedOmmlBatch.true-display-native-resolve-display: +6ms (1992ms)
2026-09-06T21:16:03.2707845+08:00 pid=67232 [perf] ConvertedOmmlBatch.true-display-native-clear-artifacts: +52ms (2044ms)
2026-09-06T21:16:03.3693780+08:00 pid=67232 [perf] ConvertedOmmlBatch.true-display-native-measure-display: +99ms (2143ms)
2026-09-06T21:16:03.4173592+08:00 pid=67232 [perf] ConvertedOmmlBatch.true-display-native-ensure-table: +48ms (2191ms)
2026-09-06T21:16:03.4193598+08:00 pid=67232 [perf] ConvertedOmmlBatch.true-display-native-resolve-table-formula: +2ms (2193ms)
2026-09-06T21:16:03.4193598+08:00 pid=67232 [perf] ConvertedOmmlBatch.true-display-native-height-repair: +0ms (2193ms)
2026-09-06T21:16:03.5991786+08:00 pid=67232 [perf] ConvertedOmmlBatch.true-display-native-geometry: +180ms (2373ms)
2026-09-06T21:16:03.5991786+08:00 pid=67232 [perf] ConvertedOmmlBatch.true-display-native-1x3-table: +0ms (2373ms)
2026-09-06T21:16:03.5991786+08:00 pid=67232 [perf] ConvertedOmmlBatch.true-display-direct-number-plan: +0ms (2373ms)
2026-09-06T21:16:03.8393954+08:00 pid=67232 [perf] ConvertedOmmlBatch.true-display-direct-visible-seq: +240ms (2613ms)
2026-09-06T21:16:03.8955304+08:00 pid=67232 [perf] remove-owned-post-table-anchor generated=724:725 original=725:743
2026-09-06T21:16:03.9137206+08:00 pid=67232 [perf] ConvertedOmmlBatch.true-display-native-post-table-spacing: +75ms (2688ms)
2026-09-06T21:16:03.9657232+08:00 pid=67232 [perf] ConvertedOmmlBatch.true-display-native-wrap-identity: +52ms (2740ms)
2026-09-06T21:16:03.9667206+08:00 pid=67232 [perf] ConvertedOmmlBatch.true-display-host: +0ms (2740ms)
2026-09-06T21:16:04.0730681+08:00 pid=67232 [perf] ConvertedOmmlBatch.repair-identity: +107ms (2847ms)
2026-09-06T21:16:04.1932557+08:00 pid=67232 [perf] ConvertedOmmlBatch.locate-target: +120ms (2967ms)
2026-09-06T21:16:04.1952576+08:00 pid=67232 [perf] ConvertedOmmlBatch.true-display-native-resolve-display: +2ms (2969ms)
2026-09-06T21:16:04.2470205+08:00 pid=67232 [perf] ConvertedOmmlBatch.true-display-native-clear-artifacts: +51ms (3020ms)
2026-09-06T21:16:04.3386850+08:00 pid=67232 [perf] ConvertedOmmlBatch.true-display-native-measure-display: +93ms (3113ms)
2026-09-06T21:16:04.3851907+08:00 pid=67232 [perf] ConvertedOmmlBatch.true-display-native-ensure-table: +46ms (3159ms)
2026-09-06T21:16:04.3878536+08:00 pid=67232 [perf] ConvertedOmmlBatch.true-display-native-resolve-table-formula: +2ms (3161ms)
2026-09-06T21:16:04.3883732+08:00 pid=67232 [perf] ConvertedOmmlBatch.true-display-native-height-repair: +1ms (3162ms)
2026-09-06T21:16:04.5563332+08:00 pid=67232 [perf] ConvertedOmmlBatch.true-display-native-geometry: +168ms (3330ms)
2026-09-06T21:16:04.5573301+08:00 pid=67232 [perf] ConvertedOmmlBatch.true-display-native-1x3-table: +1ms (3331ms)
2026-09-06T21:16:04.5573301+08:00 pid=67232 [perf] ConvertedOmmlBatch.true-display-direct-number-plan: +0ms (3331ms)
2026-09-06T21:16:04.8046344+08:00 pid=67232 [perf] ConvertedOmmlBatch.true-display-direct-visible-seq: +247ms (3578ms)
2026-09-06T21:16:04.8576348+08:00 pid=67232 [perf] remove-owned-post-table-anchor generated=630:631 original=631:639
2026-09-06T21:16:04.8716338+08:00 pid=67232 [perf] ConvertedOmmlBatch.true-display-native-post-table-spacing: +67ms (3645ms)
2026-09-06T21:16:04.9208069+08:00 pid=67232 [perf] ConvertedOmmlBatch.true-display-native-wrap-identity: +49ms (3694ms)
2026-09-06T21:16:04.9213132+08:00 pid=67232 [perf] ConvertedOmmlBatch.true-display-host: +1ms (3695ms)
2026-09-06T21:16:05.0164563+08:00 pid=67232 [perf] ConvertedOmmlBatch.repair-identity: +95ms (3790ms)
2026-09-06T21:16:05.2192562+08:00 pid=67232 [perf] ConvertedOmmlBatch.locate-target: +203ms (3993ms)
2026-09-06T21:16:05.2222657+08:00 pid=67232 [perf] ConvertedOmmlBatch.true-display-native-resolve-display: +3ms (3996ms)
2026-09-06T21:16:05.2584574+08:00 pid=67232 [perf] ConvertedOmmlBatch.true-display-native-clear-artifacts: +36ms (4032ms)
2026-09-06T21:16:05.3599769+08:00 pid=67232 [perf] ConvertedOmmlBatch.true-display-native-measure-display: +101ms (4133ms)
2026-09-06T21:16:05.4095523+08:00 pid=67232 [perf] ConvertedOmmlBatch.true-display-native-ensure-table: +50ms (4183ms)
2026-09-06T21:16:05.4111006+08:00 pid=67232 [perf] ConvertedOmmlBatch.true-display-native-resolve-table-formula: +2ms (4185ms)
2026-09-06T21:16:05.4121086+08:00 pid=67232 [perf] ConvertedOmmlBatch.true-display-native-height-repair: +0ms (4185ms)
2026-09-06T21:16:05.5730947+08:00 pid=67232 [perf] ConvertedOmmlBatch.true-display-native-geometry: +162ms (4347ms)
2026-09-06T21:16:05.5740948+08:00 pid=67232 [perf] ConvertedOmmlBatch.true-display-native-1x3-table: +1ms (4348ms)
2026-09-06T21:16:05.5740948+08:00 pid=67232 [perf] ConvertedOmmlBatch.true-display-direct-number-plan: +0ms (4348ms)
2026-09-06T21:16:05.8196214+08:00 pid=67232 [perf] ConvertedOmmlBatch.true-display-direct-visible-seq: +245ms (4593ms)
2026-09-06T21:16:05.8691120+08:00 pid=67232 [perf] remove-owned-post-table-anchor generated=383:384 original=384:390
2026-09-06T21:16:05.8811142+08:00 pid=67232 [perf] ConvertedOmmlBatch.true-display-native-post-table-spacing: +62ms (4655ms)
2026-09-06T21:16:05.9228745+08:00 pid=67232 [perf] ConvertedOmmlBatch.true-display-native-wrap-identity: +42ms (4697ms)
2026-09-06T21:16:05.9238734+08:00 pid=67232 [perf] ConvertedOmmlBatch.true-display-host: +0ms (4697ms)
2026-09-06T21:16:06.0272302+08:00 pid=67232 [perf] ConvertedOmmlBatch.repair-identity: +104ms (4801ms)
2026-09-06T21:16:06.1477839+08:00 pid=67232 [perf] ConvertedOmmlBatch.locate-target: +120ms (4921ms)
2026-09-06T21:16:06.1497823+08:00 pid=67232 [perf] ConvertedOmmlBatch.true-display-native-resolve-display: +3ms (4924ms)
2026-09-06T21:16:06.1979067+08:00 pid=67232 [perf] ConvertedOmmlBatch.true-display-native-clear-artifacts: +47ms (4971ms)
2026-09-06T21:16:06.3118149+08:00 pid=67232 [perf] ConvertedOmmlBatch.true-display-native-measure-display: +115ms (5086ms)
2026-09-06T21:16:06.3631468+08:00 pid=67232 [perf] ConvertedOmmlBatch.true-display-native-ensure-table: +51ms (5137ms)
2026-09-06T21:16:06.3671469+08:00 pid=67232 [perf] ConvertedOmmlBatch.true-display-native-resolve-table-formula: +4ms (5141ms)
2026-09-06T21:16:06.3681488+08:00 pid=67232 [perf] ConvertedOmmlBatch.true-display-native-height-repair: +1ms (5142ms)
2026-09-06T21:16:06.5408798+08:00 pid=67232 [perf] ConvertedOmmlBatch.true-display-native-geometry: +173ms (5315ms)
2026-09-06T21:16:06.5418795+08:00 pid=67232 [perf] ConvertedOmmlBatch.true-display-native-1x3-table: +0ms (5315ms)
2026-09-06T21:16:06.5418795+08:00 pid=67232 [perf] ConvertedOmmlBatch.true-display-direct-number-plan: +0ms (5315ms)
2026-09-06T21:16:06.7940289+08:00 pid=67232 [perf] ConvertedOmmlBatch.true-display-direct-visible-seq: +253ms (5568ms)
2026-09-06T21:16:06.8487010+08:00 pid=67232 [perf] remove-owned-post-table-anchor generated=370:371 original=371:372
2026-09-06T21:16:06.8648975+08:00 pid=67232 [perf] ConvertedOmmlBatch.true-display-native-post-table-spacing: +71ms (5639ms)
2026-09-06T21:16:06.9138971+08:00 pid=67232 [perf] ConvertedOmmlBatch.true-display-native-wrap-identity: +49ms (5688ms)
2026-09-06T21:16:06.9148969+08:00 pid=67232 [perf] ConvertedOmmlBatch.true-display-host: +0ms (5688ms)
2026-09-06T21:16:07.0144877+08:00 pid=67232 [perf] ConvertedOmmlBatch.repair-identity: +100ms (5788ms)
2026-09-06T21:16:07.1332853+08:00 pid=67232 [perf] ConvertedOmmlBatch.locate-target: +119ms (5907ms)
2026-09-06T21:16:07.1362850+08:00 pid=67232 [perf] ConvertedOmmlBatch.true-display-native-resolve-display: +3ms (5910ms)
2026-09-06T21:16:07.1722821+08:00 pid=67232 [perf] ConvertedOmmlBatch.true-display-native-clear-artifacts: +36ms (5946ms)
2026-09-06T21:16:07.2881060+08:00 pid=67232 [perf] ConvertedOmmlBatch.true-display-native-measure-display: +115ms (6061ms)
2026-09-06T21:16:07.3360856+08:00 pid=67232 [perf] ConvertedOmmlBatch.true-display-native-ensure-table: +49ms (6110ms)
2026-09-06T21:16:07.3380844+08:00 pid=67232 [perf] ConvertedOmmlBatch.true-display-native-resolve-table-formula: +2ms (6112ms)
2026-09-06T21:16:07.3380844+08:00 pid=67232 [perf] ConvertedOmmlBatch.true-display-native-height-repair: +0ms (6112ms)
2026-09-06T21:16:07.4837519+08:00 pid=67232 [perf] ConvertedOmmlBatch.true-display-native-geometry: +145ms (6257ms)
2026-09-06T21:16:07.4837519+08:00 pid=67232 [perf] ConvertedOmmlBatch.true-display-native-1x3-table: +1ms (6258ms)
2026-09-06T21:16:07.4837519+08:00 pid=67232 [perf] ConvertedOmmlBatch.true-display-direct-number-plan: +0ms (6258ms)
2026-09-06T21:16:07.7366321+08:00 pid=67232 [perf] ConvertedOmmlBatch.true-display-direct-visible-seq: +252ms (6510ms)
2026-09-06T21:16:07.7936326+08:00 pid=67232 [perf] remove-owned-post-table-anchor generated=89:90 original=90:91
2026-09-06T21:16:07.8117500+08:00 pid=67232 [perf] ConvertedOmmlBatch.true-display-native-post-table-spacing: +75ms (6585ms)
2026-09-06T21:16:07.8707502+08:00 pid=67232 [perf] ConvertedOmmlBatch.true-display-native-wrap-identity: +60ms (6645ms)
2026-09-06T21:16:07.8717508+08:00 pid=67232 [perf] ConvertedOmmlBatch.true-display-host: +0ms (6645ms)
2026-09-06T21:16:07.9689884+08:00 pid=67232 [perf] ConvertedOmmlBatch.repair-identity: +98ms (6743ms)
2026-09-06T21:16:34.8987782+08:00 pid=67232 [perf] update-numbers.health-fail reason=bookmark-id-set-mismatch visible=6/6[0ec1c649-fe26-4b96-8f09-563e9b5055b2,1730f793-02c8-4919-87e4-a80084efbe3d,0a39e161-600e-48da-aee1-074b221df651,8b3bb079-1b2f-4565-9e19-d29b85602f3c,ebc91caa-78f2-4089-8970-f702cdef6d8c,8f034de2-c795-4bdb-8901-a3cb3c8665b1] caption=6/6[0ec1c649-fe26-4b96-8f09-563e9b5055b2,1730f793-02c8-4919-87e4-a80084efbe3d,0a39e161-600e-48da-aee1-074b221df651,8b3bb079-1b2f-4565-9e19-d29b85602f3c,ebc91caa-78f2-4089-8970-f702cdef6d8c,8f034de2-c795-4bdb-8901-a3cb3c8665b1] number=8/8[0ec1c649-fe26-4b96-8f09-563e9b5055b2,f587c633-ce05-4b7d-a6e1-629c0d1eb418,1730f793-02c8-4919-87e4-a80084efbe3d,0a39e161-600e-48da-aee1-074b221df651,5826ff41-0132-46e9-8993-97642ca91acf,8b3bb079-1b2f-4565-9e19-d29b85602f3c,ebc91caa-78f2-4089-8970-f702cdef6d8c,8f034de2-c795-4bdb-8901-a3cb3c8665b1]
2026-09-06T21:16:53.3913641+08:00 pid=67232 [perf] ConfigureNumbered.tab-paragraph: +10ms (10ms)
2026-09-06T21:16:53.3983629+08:00 pid=67232 [perf] NativeCaption.prepare-paragraph: +6ms (6ms)
2026-09-06T21:16:53.4003596+08:00 pid=67232 [perf] NativeCaption.add-seq: +2ms (8ms)
2026-09-06T21:16:53.4033615+08:00 pid=67232 [perf] NativeCaption.update-seq: +3ms (11ms)
2026-09-06T21:16:53.4053616+08:00 pid=67232 [perf] NativeCaption.bookmarks: +2ms (13ms)
2026-09-06T21:16:53.4362730+08:00 pid=67232 [perf] NativeCaption.style-frame: +31ms (44ms)
2026-09-06T21:16:53.4372736+08:00 pid=67232 [perf] ConfigureNumbered.native-caption: +46ms (56ms)
2026-09-06T21:16:53.4438811+08:00 pid=67232 [perf] VisibleRef.scaffold: +6ms (6ms)
2026-09-06T21:16:53.4498803+08:00 pid=67232 [perf] VisibleRef.add-ref: +6ms (12ms)
2026-09-06T21:16:53.4618822+08:00 pid=67232 [perf] VisibleRef.update-ref: +12ms (24ms)
2026-09-06T21:16:53.4628819+08:00 pid=67232 [perf] VisibleRef.bookmark-format: +1ms (25ms)
2026-09-06T21:16:53.4728811+08:00 pid=67232 [perf] VisibleRef.vertical-align: +11ms (36ms)
2026-09-06T21:16:53.4738835+08:00 pid=67232 [perf] ConfigureNumbered.visible-ref: +36ms (92ms)
2026-09-06T21:16:53.4758813+08:00 pid=67232 [perf] ConfigureNumbered.ole-baseline: +2ms (94ms)
2026-09-06T21:16:53.5028841+08:00 pid=67232 [perf] ConfigureNumbered.tab-paragraph: +14ms (14ms)
2026-09-06T21:16:53.5108820+08:00 pid=67232 [perf] NativeCaption.prepare-paragraph: +6ms (6ms)
2026-09-06T21:16:53.5118841+08:00 pid=67232 [perf] NativeCaption.add-seq: +2ms (8ms)
2026-09-06T21:16:53.5148841+08:00 pid=67232 [perf] NativeCaption.update-seq: +3ms (11ms)
2026-09-06T21:16:53.5178837+08:00 pid=67232 [perf] NativeCaption.bookmarks: +2ms (13ms)
2026-09-06T21:16:53.5548815+08:00 pid=67232 [perf] NativeCaption.style-frame: +38ms (51ms)
2026-09-06T21:16:53.5558834+08:00 pid=67232 [perf] ConfigureNumbered.native-caption: +53ms (67ms)
2026-09-06T21:16:53.5608822+08:00 pid=67232 [perf] VisibleRef.scaffold: +4ms (4ms)
2026-09-06T21:16:53.5688809+08:00 pid=67232 [perf] VisibleRef.add-ref: +8ms (12ms)
2026-09-06T21:16:53.5838823+08:00 pid=67232 [perf] VisibleRef.update-ref: +16ms (28ms)
2026-09-06T21:16:53.5858831+08:00 pid=67232 [perf] VisibleRef.bookmark-format: +1ms (29ms)
2026-09-06T21:16:53.5958808+08:00 pid=67232 [perf] VisibleRef.vertical-align: +11ms (40ms)
2026-09-06T21:16:53.5968837+08:00 pid=67232 [perf] ConfigureNumbered.visible-ref: +41ms (108ms)
2026-09-06T21:16:53.5988822+08:00 pid=67232 [perf] ConfigureNumbered.ole-baseline: +1ms (109ms)
2026-09-06T21:16:53.6308823+08:00 pid=67232 [perf] ConfigureNumbered.tab-paragraph: +17ms (17ms)
2026-09-06T21:16:53.6378822+08:00 pid=67232 [perf] NativeCaption.prepare-paragraph: +7ms (7ms)
2026-09-06T21:16:53.6398807+08:00 pid=67232 [perf] NativeCaption.add-seq: +2ms (9ms)
2026-09-06T21:16:53.6428822+08:00 pid=67232 [perf] NativeCaption.update-seq: +3ms (12ms)
2026-09-06T21:16:53.6458823+08:00 pid=67232 [perf] NativeCaption.bookmarks: +2ms (14ms)
2026-09-06T21:16:53.6778825+08:00 pid=67232 [perf] NativeCaption.style-frame: +33ms (47ms)
2026-09-06T21:16:53.6788820+08:00 pid=67232 [perf] ConfigureNumbered.native-caption: +48ms (65ms)
2026-09-06T21:16:53.6838828+08:00 pid=67232 [perf] VisibleRef.scaffold: +5ms (5ms)
2026-09-06T21:16:53.6898811+08:00 pid=67232 [perf] VisibleRef.add-ref: +6ms (11ms)
2026-09-06T21:16:53.7018820+08:00 pid=67232 [perf] VisibleRef.update-ref: +11ms (22ms)
2026-09-06T21:16:53.7028831+08:00 pid=67232 [perf] VisibleRef.bookmark-format: +2ms (24ms)
2026-09-06T21:16:53.7134649+08:00 pid=67232 [perf] VisibleRef.vertical-align: +10ms (34ms)
2026-09-06T21:16:53.7134649+08:00 pid=67232 [perf] ConfigureNumbered.visible-ref: +35ms (100ms)
2026-09-06T21:16:53.7164632+08:00 pid=67232 [perf] ConfigureNumbered.ole-baseline: +2ms (102ms)
2026-09-06T21:16:53.7434626+08:00 pid=67232 [perf] ConfigureNumbered.tab-paragraph: +15ms (15ms)
2026-09-06T21:16:53.7514634+08:00 pid=67232 [perf] NativeCaption.prepare-paragraph: +7ms (7ms)
2026-09-06T21:16:53.7544623+08:00 pid=67232 [perf] NativeCaption.add-seq: +3ms (10ms)
2026-09-06T21:16:53.7584624+08:00 pid=67232 [perf] NativeCaption.update-seq: +4ms (14ms)
2026-09-06T21:16:53.7604646+08:00 pid=67232 [perf] NativeCaption.bookmarks: +2ms (16ms)
2026-09-06T21:16:53.7992300+08:00 pid=67232 [perf] NativeCaption.style-frame: +39ms (55ms)
2026-09-06T21:16:53.8002305+08:00 pid=67232 [perf] ConfigureNumbered.native-caption: +56ms (71ms)
2026-09-06T21:16:53.8072301+08:00 pid=67232 [perf] VisibleRef.scaffold: +7ms (7ms)
2026-09-06T21:16:53.8152305+08:00 pid=67232 [perf] VisibleRef.add-ref: +7ms (14ms)
2026-09-06T21:16:53.8302298+08:00 pid=67232 [perf] VisibleRef.update-ref: +15ms (29ms)
2026-09-06T21:16:53.8312303+08:00 pid=67232 [perf] VisibleRef.bookmark-format: +1ms (30ms)
2026-09-06T21:16:53.8455154+08:00 pid=67232 [perf] VisibleRef.vertical-align: +14ms (44ms)
2026-09-06T21:16:53.8455154+08:00 pid=67232 [perf] ConfigureNumbered.visible-ref: +46ms (117ms)
2026-09-06T21:16:53.8475174+08:00 pid=67232 [perf] ConfigureNumbered.ole-baseline: +1ms (118ms)
2026-09-06T21:16:53.8775489+08:00 pid=67232 [perf] ConfigureNumbered.tab-paragraph: +17ms (17ms)
2026-09-06T21:16:53.8875490+08:00 pid=67232 [perf] NativeCaption.prepare-paragraph: +9ms (9ms)
2026-09-06T21:16:53.8905495+08:00 pid=67232 [perf] NativeCaption.add-seq: +2ms (11ms)
2026-09-06T21:16:53.8945494+08:00 pid=67232 [perf] NativeCaption.update-seq: +5ms (16ms)
2026-09-06T21:16:53.8975475+08:00 pid=67232 [perf] NativeCaption.bookmarks: +3ms (19ms)
2026-09-06T21:16:53.9360113+08:00 pid=67232 [perf] NativeCaption.style-frame: +38ms (57ms)
2026-09-06T21:16:53.9370105+08:00 pid=67232 [perf] ConfigureNumbered.native-caption: +58ms (75ms)
2026-09-06T21:16:53.9447065+08:00 pid=67232 [perf] VisibleRef.scaffold: +7ms (7ms)
2026-09-06T21:16:53.9525144+08:00 pid=67232 [perf] VisibleRef.add-ref: +8ms (15ms)
2026-09-06T21:16:53.9685546+08:00 pid=67232 [perf] VisibleRef.update-ref: +16ms (31ms)
2026-09-06T21:16:53.9695538+08:00 pid=67232 [perf] VisibleRef.bookmark-format: +1ms (32ms)
2026-09-06T21:16:53.9835570+08:00 pid=67232 [perf] VisibleRef.vertical-align: +14ms (46ms)
2026-09-06T21:16:53.9835570+08:00 pid=67232 [perf] ConfigureNumbered.visible-ref: +48ms (123ms)
2026-09-06T21:16:53.9855542+08:00 pid=67232 [perf] ConfigureNumbered.ole-baseline: +1ms (124ms)
2026-09-06T21:16:54.0185543+08:00 pid=67232 [perf] ConfigureNumbered.tab-paragraph: +19ms (19ms)
2026-09-06T21:16:54.0315548+08:00 pid=67232 [perf] NativeCaption.prepare-paragraph: +12ms (12ms)
2026-09-06T21:16:54.0345558+08:00 pid=67232 [perf] NativeCaption.add-seq: +3ms (15ms)
2026-09-06T21:16:54.0385534+08:00 pid=67232 [perf] NativeCaption.update-seq: +4ms (19ms)
2026-09-06T21:16:54.0415546+08:00 pid=67232 [perf] NativeCaption.bookmarks: +4ms (23ms)
2026-09-06T21:16:54.0895539+08:00 pid=67232 [perf] NativeCaption.style-frame: +47ms (70ms)
2026-09-06T21:16:54.0895539+08:00 pid=67232 [perf] ConfigureNumbered.native-caption: +71ms (90ms)
2026-09-06T21:16:54.0965542+08:00 pid=67232 [perf] VisibleRef.scaffold: +6ms (6ms)
2026-09-06T21:16:54.1051350+08:00 pid=67232 [perf] VisibleRef.add-ref: +9ms (15ms)
2026-09-06T21:16:54.1241366+08:00 pid=67232 [perf] VisibleRef.update-ref: +18ms (33ms)
2026-09-06T21:16:54.1251351+08:00 pid=67232 [perf] VisibleRef.bookmark-format: +1ms (34ms)
2026-09-06T21:16:54.1381336+08:00 pid=67232 [perf] VisibleRef.vertical-align: +13ms (47ms)
2026-09-06T21:16:54.1381336+08:00 pid=67232 [perf] ConfigureNumbered.visible-ref: +49ms (139ms)
2026-09-06T21:16:54.1401349+08:00 pid=67232 [perf] ConfigureNumbered.ole-baseline: +2ms (141ms)
2026-09-06T21:16:54.1481341+08:00 pid=67232 [perf] ConversionFinalize.caption-inventory: +0ms (0ms)
2026-09-06T21:16:54.1781344+08:00 pid=67232 [perf] number-format-batch.plan: +28ms (28ms)
2026-09-06T21:16:54.1901337+08:00 pid=67232 [perf] number-format-batch.direct-table-targets: +13ms (41ms)
2026-09-06T21:16:54.1901337+08:00 pid=67232 [perf] number-format-batch.native-hash-inventory: +0ms (41ms)
2026-09-06T21:16:54.2251346+08:00 pid=67232 [perf] number-format-batch.native-breakdown lookup=0ms code=0ms update=26ms prefix=0ms bookmark=0ms
2026-09-06T21:16:54.2251346+08:00 pid=67232 [perf] number-format-batch.legacy-targets: +35ms (76ms)
2026-09-06T21:16:54.2251346+08:00 pid=67232 [perf] number-format-batch.native-hash-targets: +0ms (76ms)
2026-09-06T21:16:54.3503232+08:00 pid=67232 [perf] number-format-batch.visible-references: +125ms (201ms)
2026-09-06T21:16:54.4429161+08:00 pid=67232 [perf] number-format-batch.extra-references: +93ms (294ms)
2026-09-06T21:16:54.4439171+08:00 pid=67232 [perf] ConversionFinalize.field-batch: +295ms (295ms)
2026-09-06T21:16:54.8433309+08:00 pid=67232 [perf] ConversionFinalize.healthy-refresh: +399ms (694ms)
2026-09-06T21:17:14.0585511+08:00 pid=67232 [perf] update-numbers.health-fail reason=bookmark-id-set-mismatch visible=6/6[edc3f793-bf5a-4301-bba4-a3cd58df7149,7c9de8d6-47ed-4a5c-bfb7-37f86e269a00,295373d4-a392-4d47-b9d1-cc972d57aaa6,be48dbbe-4468-41cc-9e47-d4b2446cd30c,3f4ba960-b808-4225-b6dd-cde86fe5915e,2751d040-239c-4108-aa86-e73546b23bb0] caption=6/6[edc3f793-bf5a-4301-bba4-a3cd58df7149,7c9de8d6-47ed-4a5c-bfb7-37f86e269a00,295373d4-a392-4d47-b9d1-cc972d57aaa6,be48dbbe-4468-41cc-9e47-d4b2446cd30c,3f4ba960-b808-4225-b6dd-cde86fe5915e,2751d040-239c-4108-aa86-e73546b23bb0] number=8/8[edc3f793-bf5a-4301-bba4-a3cd58df7149,f587c633-ce05-4b7d-a6e1-629c0d1eb418,7c9de8d6-47ed-4a5c-bfb7-37f86e269a00,295373d4-a392-4d47-b9d1-cc972d57aaa6,5826ff41-0132-46e9-8993-97642ca91acf,be48dbbe-4468-41cc-9e47-d4b2446cd30c,3f4ba960-b808-4225-b6dd-cde86fe5915e,2751d040-239c-4108-aa86-e73546b23bb0]
2026-09-06T21:18:34.8564764+08:00 pid=67232 [perf] direct-row-health-fail formulaId=0a8a7bc7-5c5b-481e-b443-16311284c7e3 check=table-membership reason=not-in-table
2026-09-06T21:18:35.8343927+08:00 pid=67232 [perf] ConvertedOmmlBatch.inventory: +977ms (977ms)
2026-09-06T21:18:35.9856088+08:00 pid=67232 [perf] ConvertedOmmlBatch.number-plan: +150ms (1127ms)
2026-09-06T21:18:36.1180050+08:00 pid=67232 [perf] ConvertedOmmlBatch.locate-target: +133ms (1260ms)
2026-09-06T21:18:36.1230034+08:00 pid=67232 [perf] ConvertedOmmlBatch.true-display-native-resolve-display: +5ms (1265ms)
2026-09-06T21:18:36.1680037+08:00 pid=67232 [perf] ConvertedOmmlBatch.true-display-native-clear-artifacts: +45ms (1310ms)
2026-09-06T21:18:36.2710040+08:00 pid=67232 [perf] ConvertedOmmlBatch.true-display-native-measure-display: +103ms (1413ms)
2026-09-06T21:18:36.3230029+08:00 pid=67232 [perf] ConvertedOmmlBatch.true-display-native-ensure-table: +52ms (1465ms)
2026-09-06T21:18:36.3259340+08:00 pid=67232 [perf] ConvertedOmmlBatch.true-display-native-resolve-table-formula: +3ms (1468ms)
2026-09-06T21:18:36.3259340+08:00 pid=67232 [perf] ConvertedOmmlBatch.true-display-native-height-repair: +0ms (1468ms)
2026-09-06T21:18:36.4820124+08:00 pid=67232 [perf] ConvertedOmmlBatch.true-display-native-geometry: +156ms (1624ms)
2026-09-06T21:18:36.4820124+08:00 pid=67232 [perf] ConvertedOmmlBatch.true-display-native-1x3-table: +0ms (1624ms)
2026-09-06T21:18:36.4820124+08:00 pid=67232 [perf] ConvertedOmmlBatch.true-display-direct-number-plan: +0ms (1624ms)
2026-09-06T21:18:36.7496390+08:00 pid=67232 [perf] ConvertedOmmlBatch.true-display-direct-visible-seq: +268ms (1892ms)
2026-09-06T21:18:36.8106410+08:00 pid=67232 [perf] remove-owned-post-table-anchor generated=781:782 original=782:795
2026-09-06T21:18:36.8336305+08:00 pid=67232 [perf] ConvertedOmmlBatch.true-display-native-post-table-spacing: +84ms (1976ms)
2026-09-06T21:18:36.8822038+08:00 pid=67232 [perf] ConvertedOmmlBatch.true-display-native-wrap-identity: +49ms (2025ms)
2026-09-06T21:18:36.8832008+08:00 pid=67232 [perf] ConvertedOmmlBatch.true-display-host: +0ms (2025ms)
2026-09-06T21:18:36.9895843+08:00 pid=67232 [perf] ConvertedOmmlBatch.repair-identity: +107ms (2132ms)
2026-09-06T21:18:37.1233636+08:00 pid=67232 [perf] ConvertedOmmlBatch.locate-target: +133ms (2265ms)
2026-09-06T21:18:37.1253652+08:00 pid=67232 [perf] ConvertedOmmlBatch.true-display-native-resolve-display: +3ms (2268ms)
2026-09-06T21:18:37.1796303+08:00 pid=67232 [perf] ConvertedOmmlBatch.true-display-native-clear-artifacts: +54ms (2322ms)
2026-09-06T21:18:37.2859009+08:00 pid=67232 [perf] ConvertedOmmlBatch.true-display-native-measure-display: +107ms (2429ms)
2026-09-06T21:18:37.3362042+08:00 pid=67232 [perf] ConvertedOmmlBatch.true-display-native-ensure-table: +49ms (2478ms)
2026-09-06T21:18:37.3382050+08:00 pid=67232 [perf] ConvertedOmmlBatch.true-display-native-resolve-table-formula: +3ms (2481ms)
2026-09-06T21:18:37.3392074+08:00 pid=67232 [perf] ConvertedOmmlBatch.true-display-native-height-repair: +0ms (2481ms)
2026-09-06T21:18:37.4986228+08:00 pid=67232 [perf] ConvertedOmmlBatch.true-display-native-geometry: +160ms (2641ms)
2026-09-06T21:18:37.4996227+08:00 pid=67232 [perf] ConvertedOmmlBatch.true-display-native-1x3-table: +1ms (2642ms)
2026-09-06T21:18:37.4996227+08:00 pid=67232 [perf] ConvertedOmmlBatch.true-display-direct-number-plan: +0ms (2642ms)
2026-09-06T21:18:37.7423026+08:00 pid=67232 [perf] ConvertedOmmlBatch.true-display-direct-visible-seq: +242ms (2884ms)
2026-09-06T21:18:37.7934034+08:00 pid=67232 [perf] remove-owned-post-table-anchor generated=731:732 original=732:750
2026-09-06T21:18:37.8094042+08:00 pid=67232 [perf] ConvertedOmmlBatch.true-display-native-post-table-spacing: +67ms (2951ms)
2026-09-06T21:18:37.8584054+08:00 pid=67232 [perf] ConvertedOmmlBatch.true-display-native-wrap-identity: +50ms (3001ms)
2026-09-06T21:18:37.8584054+08:00 pid=67232 [perf] ConvertedOmmlBatch.true-display-host: +0ms (3001ms)
2026-09-06T21:18:37.9644055+08:00 pid=67232 [perf] ConvertedOmmlBatch.repair-identity: +105ms (3106ms)
2026-09-06T21:18:38.0895977+08:00 pid=67232 [perf] ConvertedOmmlBatch.locate-target: +126ms (3232ms)
2026-09-06T21:18:38.0944835+08:00 pid=67232 [perf] ConvertedOmmlBatch.true-display-native-resolve-display: +5ms (3237ms)
2026-09-06T21:18:38.1407415+08:00 pid=67232 [perf] ConvertedOmmlBatch.true-display-native-clear-artifacts: +46ms (3283ms)
2026-09-06T21:18:38.2517421+08:00 pid=67232 [perf] ConvertedOmmlBatch.true-display-native-measure-display: +111ms (3394ms)
2026-09-06T21:18:38.3023455+08:00 pid=67232 [perf] ConvertedOmmlBatch.true-display-native-ensure-table: +51ms (3445ms)
2026-09-06T21:18:38.3053460+08:00 pid=67232 [perf] ConvertedOmmlBatch.true-display-native-resolve-table-formula: +2ms (3447ms)
2026-09-06T21:18:38.3053460+08:00 pid=67232 [perf] ConvertedOmmlBatch.true-display-native-height-repair: +0ms (3447ms)
2026-09-06T21:18:38.4669403+08:00 pid=67232 [perf] ConvertedOmmlBatch.true-display-native-geometry: +162ms (3609ms)
2026-09-06T21:18:38.4669403+08:00 pid=67232 [perf] ConvertedOmmlBatch.true-display-native-1x3-table: +0ms (3609ms)
2026-09-06T21:18:38.4679407+08:00 pid=67232 [perf] ConvertedOmmlBatch.true-display-direct-number-plan: +1ms (3610ms)
2026-09-06T21:18:38.7267952+08:00 pid=67232 [perf] ConvertedOmmlBatch.true-display-direct-visible-seq: +259ms (3869ms)
2026-09-06T21:18:38.7831789+08:00 pid=67232 [perf] remove-owned-post-table-anchor generated=634:635 original=635:643
2026-09-06T21:18:38.7971804+08:00 pid=67232 [perf] ConvertedOmmlBatch.true-display-native-post-table-spacing: +70ms (3939ms)
2026-09-06T21:18:38.8471787+08:00 pid=67232 [perf] ConvertedOmmlBatch.true-display-native-wrap-identity: +51ms (3990ms)
2026-09-06T21:18:38.8481795+08:00 pid=67232 [perf] ConvertedOmmlBatch.true-display-host: +0ms (3990ms)
2026-09-06T21:18:38.9451806+08:00 pid=67232 [perf] ConvertedOmmlBatch.repair-identity: +97ms (4087ms)
2026-09-06T21:18:39.0501802+08:00 pid=67232 [perf] ConvertedOmmlBatch.locate-target: +106ms (4193ms)
2026-09-06T21:18:39.0590688+08:00 pid=67232 [perf] ConvertedOmmlBatch.true-display-native-resolve-display: +8ms (4201ms)
2026-09-06T21:18:39.0993435+08:00 pid=67232 [perf] ConvertedOmmlBatch.true-display-native-clear-artifacts: +41ms (4242ms)
2026-09-06T21:18:39.1972293+08:00 pid=67232 [perf] ConvertedOmmlBatch.true-display-native-measure-display: +97ms (4339ms)
2026-09-06T21:18:39.2562277+08:00 pid=67232 [perf] ConvertedOmmlBatch.true-display-native-ensure-table: +59ms (4398ms)
2026-09-06T21:18:39.2582289+08:00 pid=67232 [perf] ConvertedOmmlBatch.true-display-native-resolve-table-formula: +3ms (4401ms)
2026-09-06T21:18:39.2592284+08:00 pid=67232 [perf] ConvertedOmmlBatch.true-display-native-height-repair: +0ms (4401ms)
2026-09-06T21:18:39.4018576+08:00 pid=67232 [perf] ConvertedOmmlBatch.true-display-native-geometry: +143ms (4544ms)
2026-09-06T21:18:39.4018576+08:00 pid=67232 [perf] ConvertedOmmlBatch.true-display-native-1x3-table: +0ms (4544ms)
2026-09-06T21:18:39.4018576+08:00 pid=67232 [perf] ConvertedOmmlBatch.true-display-direct-number-plan: +0ms (4544ms)
2026-09-06T21:18:39.6476117+08:00 pid=67232 [perf] ConvertedOmmlBatch.true-display-direct-visible-seq: +245ms (4789ms)
2026-09-06T21:18:39.6982218+08:00 pid=67232 [perf] remove-owned-post-table-anchor generated=386:387 original=387:393
2026-09-06T21:18:39.7112218+08:00 pid=67232 [perf] ConvertedOmmlBatch.true-display-native-post-table-spacing: +64ms (4853ms)
2026-09-06T21:18:39.7525741+08:00 pid=67232 [perf] ConvertedOmmlBatch.true-display-native-wrap-identity: +42ms (4895ms)
2026-09-06T21:18:39.7535739+08:00 pid=67232 [perf] ConvertedOmmlBatch.true-display-host: +0ms (4895ms)
2026-09-06T21:18:39.8411852+08:00 pid=67232 [perf] ConvertedOmmlBatch.repair-identity: +88ms (4983ms)
2026-09-06T21:18:39.9631858+08:00 pid=67232 [perf] ConvertedOmmlBatch.locate-target: +122ms (5105ms)
2026-09-06T21:18:39.9671851+08:00 pid=67232 [perf] ConvertedOmmlBatch.true-display-native-resolve-display: +5ms (5110ms)
2026-09-06T21:18:40.0231875+08:00 pid=67232 [perf] ConvertedOmmlBatch.true-display-native-clear-artifacts: +55ms (5165ms)
2026-09-06T21:18:40.1189094+08:00 pid=67232 [perf] ConvertedOmmlBatch.true-display-native-measure-display: +96ms (5261ms)
2026-09-06T21:18:40.1705466+08:00 pid=67232 [perf] ConvertedOmmlBatch.true-display-native-ensure-table: +52ms (5313ms)
2026-09-06T21:18:40.1725466+08:00 pid=67232 [perf] ConvertedOmmlBatch.true-display-native-resolve-table-formula: +2ms (5315ms)
2026-09-06T21:18:40.1735470+08:00 pid=67232 [perf] ConvertedOmmlBatch.true-display-native-height-repair: +0ms (5315ms)
2026-09-06T21:18:40.3459890+08:00 pid=67232 [perf] ConvertedOmmlBatch.true-display-native-geometry: +173ms (5488ms)
2026-09-06T21:18:40.3459890+08:00 pid=67232 [perf] ConvertedOmmlBatch.true-display-native-1x3-table: +0ms (5488ms)
2026-09-06T21:18:40.3469908+08:00 pid=67232 [perf] ConvertedOmmlBatch.true-display-direct-number-plan: +1ms (5489ms)
2026-09-06T21:18:40.6916948+08:00 pid=67232 [perf] ConvertedOmmlBatch.true-display-direct-visible-seq: +345ms (5834ms)
2026-09-06T21:18:40.7504417+08:00 pid=67232 [perf] remove-owned-post-table-anchor generated=373:374 original=374:375
2026-09-06T21:18:40.7757747+08:00 pid=67232 [perf] ConvertedOmmlBatch.true-display-native-post-table-spacing: +84ms (5918ms)
2026-09-06T21:18:40.8240463+08:00 pid=67232 [perf] ConvertedOmmlBatch.true-display-native-wrap-identity: +48ms (5966ms)
2026-09-06T21:18:40.8240463+08:00 pid=67232 [perf] ConvertedOmmlBatch.true-display-host: +0ms (5966ms)
2026-09-06T21:18:40.9356735+08:00 pid=67232 [perf] ConvertedOmmlBatch.repair-identity: +112ms (6078ms)
2026-09-06T21:18:41.0697810+08:00 pid=67232 [perf] ConvertedOmmlBatch.locate-target: +134ms (6212ms)
2026-09-06T21:18:41.0730104+08:00 pid=67232 [perf] ConvertedOmmlBatch.true-display-native-resolve-display: +3ms (6215ms)
2026-09-06T21:18:41.1188214+08:00 pid=67232 [perf] ConvertedOmmlBatch.true-display-native-clear-artifacts: +46ms (6261ms)
2026-09-06T21:18:41.2048207+08:00 pid=67232 [perf] ConvertedOmmlBatch.true-display-native-measure-display: +86ms (6347ms)
2026-09-06T21:18:41.2568204+08:00 pid=67232 [perf] ConvertedOmmlBatch.true-display-native-ensure-table: +52ms (6399ms)
2026-09-06T21:18:41.2588239+08:00 pid=67232 [perf] ConvertedOmmlBatch.true-display-native-resolve-table-formula: +2ms (6401ms)
2026-09-06T21:18:41.2598216+08:00 pid=67232 [perf] ConvertedOmmlBatch.true-display-native-height-repair: +1ms (6402ms)
2026-09-06T21:18:41.4092881+08:00 pid=67232 [perf] ConvertedOmmlBatch.true-display-native-geometry: +149ms (6551ms)
2026-09-06T21:18:41.4092881+08:00 pid=67232 [perf] ConvertedOmmlBatch.true-display-native-1x3-table: +1ms (6552ms)
2026-09-06T21:18:41.4092881+08:00 pid=67232 [perf] ConvertedOmmlBatch.true-display-direct-number-plan: +0ms (6552ms)
2026-09-06T21:18:41.7124516+08:00 pid=67232 [perf] ConvertedOmmlBatch.true-display-direct-visible-seq: +303ms (6855ms)
2026-09-06T21:18:41.7689451+08:00 pid=67232 [perf] remove-owned-post-table-anchor generated=89:90 original=90:91
2026-09-06T21:18:41.7849481+08:00 pid=67232 [perf] ConvertedOmmlBatch.true-display-native-post-table-spacing: +72ms (6927ms)
2026-09-06T21:18:41.8355118+08:00 pid=67232 [perf] ConvertedOmmlBatch.true-display-native-wrap-identity: +51ms (6978ms)
2026-09-06T21:18:41.8365117+08:00 pid=67232 [perf] ConvertedOmmlBatch.true-display-host: +1ms (6979ms)
2026-09-06T21:18:41.9398940+08:00 pid=67232 [perf] ConvertedOmmlBatch.repair-identity: +103ms (7082ms)
