2026-09-06T10:41:32.7397081+08:00 pid=67956 tid=1 word-addin-loaded pid=67956 assembly=C:\Users\pojian_liao\AppData\Local\VisualTeX\office\remediation-builds\F04BD38B82050C0F1689962721C880B9085F266C3F0993F84A52ABE34D9E9093\VisualTeX.WordVsto.dll mvid=44d48a32-e2f7-4b73-b87d-2dab2699c105
2026-09-06T10:41:33.0511890+08:00 pid=67956 tid=1 hook-started handle=0x12CD8
2026-09-06T10:41:33.2542805+08:00 pid=67956 tid=9 mathtype-native-preview-shared-prewarm-complete
2026-09-06T10:42:02.7313915+08:00 pid=67956 tid=12 left-down x=1190 y=747 wordForeground=False
2026-09-06T10:42:07.6686436+08:00 pid=67956 tid=1 word-undo-begin name=VisualTeX Insert Native OLE Display Formula recording=False level=0
2026-09-06T10:42:07.6696425+08:00 pid=67956 tid=1 word-undo-started name=VisualTeX Insert Native OLE Display Formula recording=True level=1
2026-09-06T10:42:08.0036309+08:00 pid=67956 tid=1 word-undo-end recording=True level=1
2026-09-06T10:42:08.0166309+08:00 pid=67956 tid=17 ribbon-session-operation-released sessionId=cbcbcf9d-011e-4554-a4fd-022e7fa87a48
2026-09-06T10:42:17.0823128+08:00 pid=67956 tid=12 left-down x=2024 y=1163 wordForeground=True
2026-09-06T10:42:18.6266960+08:00 pid=67956 tid=1 word-xml-incomplete-export document=文档60 attempt=1 maths=0/0 oles=0/1
2026-09-06T10:42:18.6847577+08:00 pid=67956 tid=1 word-undo-begin name=VisualTeX Insert Equation Reference recording=False level=0
2026-09-06T10:42:18.6857616+08:00 pid=67956 tid=1 word-undo-started name=VisualTeX Insert Equation Reference recording=True level=1
2026-09-06T10:42:18.6977562+08:00 pid=67956 tid=1 word-undo-end recording=True level=1
2026-09-06T10:42:18.7008675+08:00 pid=67956 tid=1 word-undo-history-recovery original=2 current=3 owned=1
2026-09-06T10:42:18.7213872+08:00 pid=67956 tid=1 format-conversion-recovery afterUndoBodyMatches=True
2026-09-06T10:42:18.7413879+08:00 pid=67956 tid=1 format-conversion-recovery-verified body=True mathFont=True metadata=True variables=True
2026-09-06T10:44:29.1828905+08:00 pid=67956 tid=12 left-down x=1190 y=747 wordForeground=False
2026-09-06T10:44:43.5801711+08:00 pid=67956 tid=12 left-down x=2024 y=1163 wordForeground=True
2026-09-06T10:48:05.1328143+08:00 pid=67956 tid=12 left-down x=791 y=1268 wordForeground=True
2026-09-06T10:48:10.7591841+08:00 pid=67956 tid=12 left-down x=2071 y=1230 wordForeground=False
2026-09-06T10:48:31.9872000+08:00 pid=67956 tid=12 left-down x=111 y=1474 wordForeground=True
2026-09-06T10:48:47.6361831+08:00 pid=67956 tid=12 left-down x=2025 y=1235 wordForeground=False
2026-09-06T10:48:48.6623110+08:00 pid=67956 tid=12 left-down x=1893 y=1130 wordForeground=True
2026-09-06T10:48:49.4581983+08:00 pid=67956 tid=12 left-down x=1897 y=1126 wordForeground=True
2026-09-06T10:48:49.9047677+08:00 pid=67956 tid=12 left-down x=1897 y=1126 wordForeground=True
2026-09-06T10:48:49.9057676+08:00 pid=67956 tid=12 double-click elapsedMs=445.91 withinX=True withinY=True nativeOleTarget=False suppressSecondDown=False dispatchCallback=True
2026-09-06T10:48:50.0029542+08:00 pid=67956 tid=18 callback-begin interceptedNativeOle=False x=1897 y=1126
2026-09-06T10:48:50.0029542+08:00 pid=67956 tid=18 addin-callback-received interceptedNativeOle=False x=1897 y=1126
2026-09-06T10:48:50.0039567+08:00 pid=67956 tid=18 callback-end
2026-09-06T10:48:50.0069543+08:00 pid=67956 tid=1 addin-coordinate-selection formulaId=<null> objectMode=<null>
2026-09-06T10:48:53.7723587+08:00 pid=67956 tid=12 left-down x=1156 y=742 wordForeground=False
2026-09-06T10:48:55.4185714+08:00 pid=67956 tid=12 left-down x=2609 y=687 wordForeground=False
2026-09-06T10:48:57.0658339+08:00 pid=67956 tid=12 left-down x=1819 y=1111 wordForeground=True
2026-09-06T10:48:57.5101170+08:00 pid=67956 tid=12 left-down x=1819 y=1111 wordForeground=True
2026-09-06T10:48:57.5111175+08:00 pid=67956 tid=12 double-click elapsedMs=445.142 withinX=True withinY=True nativeOleTarget=False suppressSecondDown=False dispatchCallback=True
2026-09-06T10:48:57.6131268+08:00 pid=67956 tid=18 callback-begin interceptedNativeOle=False x=1819 y=1111
2026-09-06T10:48:57.6131268+08:00 pid=67956 tid=18 addin-callback-received interceptedNativeOle=False x=1819 y=1111
2026-09-06T10:48:57.6131268+08:00 pid=67956 tid=18 callback-end
2026-09-06T10:48:57.6141291+08:00 pid=67956 tid=1 addin-coordinate-selection formulaId=<null> objectMode=<null>
2026-09-06T10:48:59.8339506+08:00 pid=67956 tid=12 left-down x=1153 y=749 wordForeground=False
2026-09-06T10:49:01.2697703+08:00 pid=67956 tid=12 left-down x=1173 y=746 wordForeground=False
2026-09-06T10:49:02.5536258+08:00 pid=67956 tid=12 left-down x=1173 y=746 wordForeground=False
2026-09-06T10:49:04.3668933+08:00 pid=67956 tid=12 left-down x=2602 y=698 wordForeground=False
2026-09-06T10:49:05.9405429+08:00 pid=67956 tid=12 left-down x=1483 y=1251 wordForeground=True
2026-09-06T10:49:08.2871609+08:00 pid=67956 tid=12 left-down x=1883 y=1126 wordForeground=True
2026-09-06T10:49:09.4912613+08:00 pid=67956 tid=12 left-down x=1243 y=1261 wordForeground=True
2026-09-06T10:49:14.5163281+08:00 pid=67956 tid=12 left-down x=883 y=1241 wordForeground=True
2026-09-06T10:49:17.0127690+08:00 pid=67956 tid=12 left-down x=2108 y=1267 wordForeground=False
2026-09-06T10:49:19.2387419+08:00 pid=67956 tid=12 left-down x=1773 y=689 wordForeground=True
2026-09-06T10:49:21.0412052+08:00 pid=67956 tid=12 left-down x=2148 y=1488 wordForeground=True
2026-09-06T10:49:23.7819544+08:00 pid=67956 tid=12 left-down x=1764 y=686 wordForeground=True
2026-09-06T10:49:26.1075609+08:00 pid=67956 tid=12 left-down x=1903 y=1084 wordForeground=True
2026-09-06T10:49:27.8107947+08:00 pid=67956 tid=12 left-down x=2182 y=1500 wordForeground=True
2026-09-06T10:49:29.2097275+08:00 pid=67956 tid=12 left-down x=2182 y=1500 wordForeground=True
2026-09-06T10:49:32.1555792+08:00 pid=67956 tid=12 left-down x=1852 y=1134 wordForeground=True
2026-09-06T10:49:34.6191436+08:00 pid=67956 tid=12 left-down x=1270 y=663 wordForeground=True
2026-09-06T10:49:37.2010843+08:00 pid=67956 tid=12 left-down x=1252 y=659 wordForeground=False
2026-09-06T10:49:39.3573536+08:00 pid=67956 tid=12 left-down x=1352 y=2123 wordForeground=True
2026-09-06T10:49:40.2432070+08:00 pid=67956 tid=12 left-down x=1440 y=2033 wordForeground=False
2026-09-06T10:49:42.9410263+08:00 pid=67956 tid=12 left-down x=2607 y=696 wordForeground=False
2026-09-06T10:49:44.6563044+08:00 pid=67956 tid=12 left-down x=1324 y=1255 wordForeground=True
2026-09-06T10:49:46.7278512+08:00 pid=67956 tid=12 left-down x=727 y=1092 wordForeground=True
2026-09-06T10:49:48.0555728+08:00 pid=67956 tid=12 left-down x=682 y=1050 wordForeground=False
2026-09-06T10:49:50.0931111+08:00 pid=67956 tid=12 left-down x=1899 y=397 wordForeground=False
2026-09-06T10:49:52.0238063+08:00 pid=67956 tid=12 left-down x=2093 y=1262 wordForeground=False
2026-09-06T10:50:38.8112314+08:00 pid=67956 tid=12 left-down x=1190 y=747 wordForeground=False
2026-09-06T10:50:53.0012483+08:00 pid=67956 tid=12 left-down x=2024 y=1163 wordForeground=True
2026-09-06T10:51:40.4092823+08:00 pid=67956 tid=12 left-down x=779 y=1223 wordForeground=True
2026-09-06T10:51:49.1326469+08:00 pid=67956 tid=12 left-down x=2076 y=1278 wordForeground=False
2026-09-06T10:52:35.3386713+08:00 pid=67956 tid=12 left-down x=1190 y=747 wordForeground=False
2026-09-06T10:52:49.7985847+08:00 pid=67956 tid=12 left-down x=2024 y=1163 wordForeground=True
2026-09-06T10:54:55.4444734+08:00 pid=67956 tid=12 left-down x=736 y=1258 wordForeground=False
2026-09-06T10:54:58.0834006+08:00 pid=67956 tid=12 left-down x=2120 y=899 wordForeground=False
2026-09-06T10:54:58.6673853+08:00 pid=67956 tid=12 left-down x=1190 y=747 wordForeground=False
2026-09-06T10:55:13.7369632+08:00 pid=67956 tid=12 left-down x=2024 y=1163 wordForeground=True
2026-09-06T10:56:55.1451488+08:00 pid=67956 tid=12 left-down x=1190 y=747 wordForeground=False
2026-09-06T10:57:09.7264940+08:00 pid=67956 tid=12 left-down x=2024 y=1163 wordForeground=True
2026-09-06T10:58:00.6425176+08:00 pid=67956 tid=12 left-down x=1140 y=1210 wordForeground=True
2026-09-06T10:58:01.2516838+08:00 pid=67956 tid=12 left-down x=1140 y=1210 wordForeground=True
2026-09-06T10:59:31.5333361+08:00 pid=67956 tid=12 left-down x=846 y=1203 wordForeground=True
2026-09-06T10:59:34.6410113+08:00 pid=67956 tid=12 left-down x=2211 y=1232 wordForeground=False
2026-09-06T10:59:37.3370652+08:00 pid=67956 tid=12 left-down x=1718 y=1090 wordForeground=True
2026-09-06T10:59:38.4292410+08:00 pid=67956 tid=12 left-down x=1634 y=1069 wordForeground=True
2026-09-06T10:59:42.9465709+08:00 pid=67956 tid=12 left-down x=1838 y=818 wordForeground=True
2026-09-06T11:00:21.8383178+08:00 pid=67956 tid=12 left-down x=1155 y=1210 wordForeground=True
2026-09-06T11:00:22.4570676+08:00 pid=67956 tid=12 left-down x=1155 y=1210 wordForeground=True
2026-09-06T11:01:25.7157000+08:00 pid=67956 tid=12 left-down x=1155 y=1060 wordForeground=True
2026-09-06T11:01:26.3540292+08:00 pid=67956 tid=12 left-down x=1155 y=1060 wordForeground=True
2026-09-06T11:03:19.7852821+08:00 pid=67956 tid=12 left-down x=872 y=865 wordForeground=True
2026-09-06T11:03:29.2936632+08:00 pid=67956 tid=12 left-down x=1190 y=747 wordForeground=False
2026-09-06T11:03:44.0070969+08:00 pid=67956 tid=12 left-down x=2024 y=1163 wordForeground=True
2026-09-06T11:04:28.4211505+08:00 pid=67956 tid=12 left-down x=1155 y=1210 wordForeground=True
2026-09-06T11:04:29.0823004+08:00 pid=67956 tid=12 left-down x=1155 y=1210 wordForeground=True
2026-09-06T11:04:48.7019046+08:00 pid=67956 tid=12 left-down x=1838 y=688 wordForeground=True
2026-09-06T11:05:33.0860330+08:00 pid=67956 tid=12 left-down x=1140 y=1207 wordForeground=True
2026-09-06T11:05:33.7090024+08:00 pid=67956 tid=12 left-down x=1140 y=1207 wordForeground=True
2026-09-06T11:06:57.2356049+08:00 pid=67956 tid=12 left-down x=1382 y=1120 wordForeground=False
2026-09-06T11:07:00.0358618+08:00 pid=67956 tid=12 left-down x=2178 y=458 wordForeground=False
2026-09-06T11:07:02.3702454+08:00 pid=67956 tid=12 left-down x=2492 y=460 wordForeground=False
2026-09-06T11:07:52.7787598+08:00 pid=67956 tid=12 left-down x=795 y=1222 wordForeground=True
2026-09-06T11:07:57.5879448+08:00 pid=67956 tid=12 left-down x=2315 y=1180 wordForeground=False
2026-09-06T11:09:30.0624717+08:00 pid=67956 tid=12 left-down x=2178 y=458 wordForeground=False
2026-09-06T11:10:07.2436400+08:00 pid=67956 tid=12 left-down x=1382 y=1120 wordForeground=False
2026-09-06T11:10:09.9758892+08:00 pid=67956 tid=12 left-down x=2492 y=460 wordForeground=False
2026-09-06T11:14:03.3715854+08:00 pid=67956 tid=12 left-down x=1190 y=747 wordForeground=False
2026-09-06T11:14:06.8027529+08:00 pid=67956 tid=12 left-down x=1665 y=747 wordForeground=False
2026-09-06T11:14:21.2597353+08:00 pid=67956 tid=12 left-down x=1190 y=747 wordForeground=False
2026-09-06T11:14:24.6638106+08:00 pid=67956 tid=12 left-down x=1665 y=747 wordForeground=False
2026-09-06T11:14:38.8454229+08:00 pid=67956 tid=12 left-down x=1190 y=747 wordForeground=False
2026-09-06T11:15:51.9291345+08:00 pid=67956 tid=12 left-down x=2024 y=1187 wordForeground=True
2026-09-06T11:17:34.9266788+08:00 pid=67956 tid=12 left-down x=1838 y=774 wordForeground=True
2026-09-06T11:20:19.0619180+08:00 pid=67956 tid=12 left-down x=1072 y=2130 wordForeground=True
2026-09-06T11:20:22.4663510+08:00 pid=67956 tid=12 left-down x=2255 y=1372 wordForeground=False
2026-09-06T11:20:23.6503983+08:00 pid=67956 tid=12 left-down x=2198 y=1441 wordForeground=True
2026-09-06T11:21:15.3890669+08:00 pid=67956 tid=12 left-down x=795 y=1238 wordForeground=True
2026-09-06T11:21:17.6553999+08:00 pid=67956 tid=12 left-down x=2192 y=1367 wordForeground=False
2026-09-06T11:21:18.7908758+08:00 pid=67956 tid=12 left-down x=740 y=1215 wordForeground=True
2026-09-06T11:22:19.8889122+08:00 pid=67956 tid=12 left-down x=1190 y=747 wordForeground=False
2026-09-06T11:22:23.2691127+08:00 pid=67956 tid=12 left-down x=1665 y=747 wordForeground=False
2026-09-06T11:22:37.2098605+08:00 pid=67956 tid=12 left-down x=1190 y=747 wordForeground=False
2026-09-06T11:22:40.8750968+08:00 pid=67956 tid=12 left-down x=1665 y=747 wordForeground=False
2026-09-06T11:22:54.7777998+08:00 pid=67956 tid=12 left-down x=1190 y=747 wordForeground=False
2026-09-06T11:23:11.3458693+08:00 pid=67956 tid=12 left-down x=2024 y=1187 wordForeground=True
2026-09-06T11:24:09.2973276+08:00 pid=67956 tid=12 left-down x=809 y=1245 wordForeground=True
2026-09-06T11:24:16.1833444+08:00 pid=67956 tid=12 left-down x=199 y=1498 wordForeground=False
2026-09-06T11:24:16.9272816+08:00 pid=67956 tid=12 left-down x=206 y=1485 wordForeground=False
2026-09-06T11:24:18.9022422+08:00 pid=67956 tid=12 left-down x=2049 y=1405 wordForeground=False
2026-09-06T11:30:08.5500296+08:00 pid=67956 tid=12 left-down x=1838 y=688 wordForeground=True
2026-09-06T11:30:56.4232264+08:00 pid=67956 tid=12 left-down x=1155 y=1337 wordForeground=True
2026-09-06T11:30:57.0981752+08:00 pid=67956 tid=12 left-down x=1155 y=1337 wordForeground=True
2026-09-06T11:42:00.0589216+08:00 pid=67956 tid=12 left-down x=806 y=1112 wordForeground=False
2026-09-06T11:42:44.2147607+08:00 pid=67956 tid=12 left-down x=239 y=1463 wordForeground=False
2026-09-06T11:42:48.0365184+08:00 pid=67956 tid=12 left-down x=1500 y=1569 wordForeground=False
2026-09-06T11:42:49.4152887+08:00 pid=67956 tid=12 left-down x=661 y=1211 wordForeground=True
2026-09-06T11:42:51.5641117+08:00 pid=67956 tid=12 left-down x=1925 y=1462 wordForeground=False
2026-09-06T11:42:57.4410007+08:00 pid=67956 tid=12 left-down x=1927 y=477 wordForeground=False
2026-09-06T11:43:13.3544256+08:00 pid=67956 tid=12 left-down x=2392 y=184 wordForeground=False
2026-09-06T11:43:16.0734513+08:00 pid=67956 tid=12 left-down x=145 y=94 wordForeground=False
2026-09-06T11:43:19.6763257+08:00 pid=67956 tid=12 left-down x=343 y=307 wordForeground=False
2026-09-06T11:43:22.5587703+08:00 pid=67956 tid=12 left-down x=1441 y=2145 wordForeground=False
2026-09-06T11:43:24.9142308+08:00 pid=67956 tid=12 left-down x=1057 y=2123 wordForeground=False
2026-09-06T11:43:26.1227628+08:00 pid=67956 tid=12 left-down x=1355 y=2138 wordForeground=False
2026-09-06T11:43:40.8355717+08:00 pid=67956 tid=12 left-down x=1076 y=1158 wordForeground=False
2026-09-06T11:43:49.0809060+08:00 pid=67956 tid=12 left-down x=1360 y=2079 wordForeground=False
2026-09-06T11:44:01.6608504+08:00 pid=67956 tid=12 left-down x=1353 y=2049 wordForeground=False
2026-09-06T11:44:04.0175662+08:00 pid=67956 tid=12 left-down x=1902 y=1224 wordForeground=True
2026-09-06T11:44:05.6271146+08:00 pid=67956 tid=12 left-down x=1620 y=1535 wordForeground=True
2026-09-06T11:44:07.7233430+08:00 pid=67956 tid=12 left-down x=880 y=1260 wordForeground=True
2026-09-06T11:48:43.5450878+08:00 pid=67956 tid=12 left-down x=1618 y=1245 wordForeground=True
2026-09-06T11:48:45.6541360+08:00 pid=67956 tid=12 left-down x=788 y=1222 wordForeground=True
2026-09-06T11:48:50.3530384+08:00 pid=67956 tid=12 left-down x=1329 y=1606 wordForeground=True
2026-09-06T11:48:55.2048577+08:00 pid=67956 tid=12 left-down x=780 y=1237 wordForeground=True
2026-09-06T11:48:59.2459594+08:00 pid=67956 tid=12 left-down x=1347 y=1604 wordForeground=False
2026-09-06T11:53:50.6064153+08:00 pid=67956 tid=12 left-down x=1083 y=2146 wordForeground=False
2026-09-06T11:54:07.0961431+08:00 pid=67956 tid=12 left-down x=1984 y=1086 wordForeground=False
2026-09-06T11:56:53.9903735+08:00 pid=67956 tid=12 left-down x=2024 y=1187 wordForeground=True
2026-09-06T11:57:01.7642201+08:00 pid=67956 tid=12 left-down x=1838 y=818 wordForeground=True
2026-09-06T12:09:32.3039787+08:00 pid=67956 tid=12 left-down x=2024 y=1187 wordForeground=True
2026-09-06T12:10:06.6813284+08:00 pid=67956 tid=12 left-down x=1838 y=688 wordForeground=True
2026-09-06T12:10:48.8349057+08:00 pid=67956 tid=12 left-down x=1151 y=1515 wordForeground=True
2026-09-06T12:10:49.3510509+08:00 pid=67956 tid=12 left-down x=1151 y=1515 wordForeground=True
2026-09-06T12:12:07.3964121+08:00 pid=67956 tid=12 left-down x=1838 y=774 wordForeground=True
2026-09-06T12:12:58.7543668+08:00 pid=67956 tid=12 left-down x=1170 y=1320 wordForeground=True
2026-09-06T12:12:59.3277056+08:00 pid=67956 tid=12 left-down x=1170 y=1320 wordForeground=True
2026-09-06T12:16:38.2255083+08:00 pid=67956 tid=12 left-down x=801 y=814 wordForeground=True
2026-09-06T12:16:40.0034884+08:00 pid=67956 tid=12 left-down x=1006 y=849 wordForeground=False
2026-09-06T12:19:29.6606207+08:00 pid=67956 tid=12 left-down x=2024 y=1187 wordForeground=True
2026-09-06T12:19:37.6016533+08:00 pid=67956 tid=12 left-down x=1838 y=688 wordForeground=True
2026-09-06T12:30:32.9006272+08:00 pid=67956 tid=12 left-down x=2024 y=1187 wordForeground=True
2026-09-06T12:36:36.6822991+08:00 pid=67956 tid=12 left-down x=2024 y=1187 wordForeground=True
2026-09-06T12:38:56.2061144+08:00 pid=67956 tid=12 left-down x=2024 y=1187 wordForeground=True
2026-09-06T12:40:48.6724359+08:00 pid=67956 tid=12 left-down x=1838 y=860 wordForeground=True
2026-09-06T12:41:32.5507475+08:00 pid=67956 tid=12 left-down x=1183 y=1627 wordForeground=True
2026-09-06T12:41:33.2325576+08:00 pid=67956 tid=12 left-down x=1183 y=1627 wordForeground=True
2026-09-06T12:42:48.6458961+08:00 pid=67956 tid=12 left-down x=1838 y=732 wordForeground=True
2026-09-06T12:44:29.2421346+08:00 pid=67956 tid=12 left-down x=1838 y=688 wordForeground=True
2026-09-06T12:51:11.5964080+08:00 pid=67956 tid=12 left-down x=1302 y=747 wordForeground=False
2026-09-06T12:52:21.9878109+08:00 pid=67956 tid=12 left-down x=2058 y=1197 wordForeground=True
2026-09-06T12:59:17.0316641+08:00 pid=67956 tid=12 left-down x=1302 y=747 wordForeground=False
2026-09-06T13:00:33.7498356+08:00 pid=67956 tid=12 left-down x=2024 y=1163 wordForeground=True
2026-09-06T13:03:49.8642220+08:00 pid=67956 tid=12 left-down x=846 y=1216 wordForeground=False
2026-09-06T13:04:06.6432601+08:00 pid=67956 tid=12 left-down x=1992 y=1336 wordForeground=True
2026-09-06T13:04:08.6655059+08:00 pid=67956 tid=12 left-down x=1947 y=1234 wordForeground=True
2026-09-06T13:04:10.4522986+08:00 pid=67956 tid=12 left-down x=1796 y=1396 wordForeground=True
2026-09-06T13:04:11.6003283+08:00 pid=67956 tid=12 left-down x=1602 y=1458 wordForeground=True
2026-09-06T13:05:18.5002148+08:00 pid=67956 tid=12 left-down x=851 y=1174 wordForeground=False
2026-09-06T13:06:17.6298625+08:00 pid=67956 tid=12 left-down x=1302 y=747 wordForeground=False
2026-09-06T13:08:48.2467820+08:00 pid=67956 tid=12 left-down x=1302 y=747 wordForeground=True
2026-09-06T13:09:21.6676843+08:00 pid=67956 tid=12 left-down x=807 y=1221 wordForeground=False
2026-09-06T13:09:26.7188475+08:00 pid=67956 tid=12 left-down x=2025 y=1437 wordForeground=True
2026-09-06T13:09:28.2042557+08:00 pid=67956 tid=12 left-down x=1854 y=1262 wordForeground=True
2026-09-06T13:09:29.3319759+08:00 pid=67956 tid=12 left-down x=1605 y=1330 wordForeground=True
2026-09-06T13:11:25.5600977+08:00 pid=67956 tid=12 left-down x=2024 y=1163 wordForeground=True
2026-09-06T13:14:21.7629871+08:00 pid=67956 tid=12 left-down x=801 y=1230 wordForeground=False
2026-09-06T13:14:41.8424379+08:00 pid=67956 tid=12 left-down x=909 y=1354 wordForeground=False
2026-09-06T13:16:13.0737338+08:00 pid=67956 tid=12 left-down x=854 y=1380 wordForeground=False
2026-09-06T13:16:15.1861542+08:00 pid=67956 tid=12 left-down x=1838 y=1436 wordForeground=False
2026-09-06T13:20:48.2458122+08:00 pid=67956 tid=12 left-down x=897 y=1337 wordForeground=False
2026-09-06T13:22:16.6330665+08:00 pid=67956 tid=12 left-down x=1079 y=2134 wordForeground=False
2026-09-06T13:23:31.1740246+08:00 pid=67956 tid=12 left-down x=912 y=1198 wordForeground=False
2026-09-06T13:23:56.4504918+08:00 pid=67956 tid=12 left-down x=300 y=15 wordForeground=False
2026-09-06T13:25:29.4078028+08:00 pid=67956 tid=12 left-down x=832 y=1274 wordForeground=False
2026-09-06T13:28:26.4968793+08:00 pid=67956 tid=12 left-down x=663 y=1262 wordForeground=False
2026-09-06T13:28:53.1340065+08:00 pid=67956 tid=12 left-down x=1317 y=747 wordForeground=False
2026-09-06T13:28:56.5341250+08:00 pid=67956 tid=12 left-down x=1792 y=747 wordForeground=False
2026-09-06T13:29:59.0013543+08:00 pid=67956 tid=12 left-down x=1317 y=747 wordForeground=False
2026-09-06T13:30:02.4461161+08:00 pid=67956 tid=12 left-down x=1792 y=747 wordForeground=False
2026-09-06T13:31:56.8610094+08:00 pid=67956 tid=12 left-down x=2024 y=1187 wordForeground=True
2026-09-06T13:33:21.6145982+08:00 pid=67956 tid=12 left-down x=895 y=904 wordForeground=False
2026-09-06T13:34:33.7655150+08:00 pid=67956 tid=12 left-down x=1838 y=860 wordForeground=True
2026-09-06T13:35:09.0050333+08:00 pid=67956 tid=12 left-down x=766 y=1265 wordForeground=False
2026-09-06T13:40:46.3620653+08:00 pid=67956 tid=12 left-down x=1317 y=747 wordForeground=False
2026-09-06T13:40:49.7786639+08:00 pid=67956 tid=12 left-down x=1792 y=747 wordForeground=False
2026-09-06T13:41:58.1948091+08:00 pid=67956 tid=12 left-down x=1317 y=747 wordForeground=False
2026-09-06T13:42:01.5034392+08:00 pid=67956 tid=12 left-down x=1792 y=747 wordForeground=False
2026-09-06T13:43:10.6509379+08:00 pid=67956 tid=12 left-down x=2024 y=1187 wordForeground=True
2026-09-06T13:51:23.3567370+08:00 pid=67956 tid=12 left-down x=1172 y=1508 wordForeground=True
2026-09-06T13:51:24.0473815+08:00 pid=67956 tid=12 left-down x=1172 y=1508 wordForeground=True
2026-09-06T13:52:14.6544875+08:00 pid=67956 tid=12 left-down x=1172 y=1088 wordForeground=True
2026-09-06T13:52:15.3777241+08:00 pid=67956 tid=12 left-down x=1172 y=1088 wordForeground=True
2026-09-06T13:56:10.8912344+08:00 pid=67956 tid=12 left-down x=1317 y=747 wordForeground=False
2026-09-06T13:56:14.1947588+08:00 pid=67956 tid=12 left-down x=1792 y=747 wordForeground=False
2026-09-06T13:57:06.5258833+08:00 pid=67956 tid=12 left-down x=1317 y=747 wordForeground=False
2026-09-06T13:57:09.9742278+08:00 pid=67956 tid=12 left-down x=1792 y=747 wordForeground=False
2026-09-06T13:58:06.3895149+08:00 pid=67956 tid=12 left-down x=2024 y=1187 wordForeground=True
2026-09-06T14:03:33.1837886+08:00 pid=67956 tid=12 left-down x=1317 y=747 wordForeground=False
2026-09-06T14:03:36.4061077+08:00 pid=67956 tid=12 left-down x=1792 y=747 wordForeground=False
2026-09-06T14:04:16.9036076+08:00 pid=67956 tid=12 left-down x=1317 y=747 wordForeground=False
2026-09-06T14:04:20.3164176+08:00 pid=67956 tid=12 left-down x=1792 y=747 wordForeground=False
2026-09-06T14:05:25.2060603+08:00 pid=67956 tid=12 left-down x=2024 y=1187 wordForeground=True
2026-09-06T14:07:17.2677278+08:00 pid=67956 tid=12 left-down x=1838 y=688 wordForeground=True
2026-09-06T14:08:16.9781319+08:00 pid=67956 tid=12 left-down x=1141 y=1508 wordForeground=True
2026-09-06T14:08:17.5382296+08:00 pid=67956 tid=12 left-down x=1141 y=1508 wordForeground=True
2026-09-06T14:13:47.0349152+08:00 pid=67956 tid=12 left-down x=1141 y=1508 wordForeground=True
2026-09-06T14:13:47.5603879+08:00 pid=67956 tid=12 left-down x=1141 y=1508 wordForeground=True
2026-09-06T14:16:20.7077307+08:00 pid=67956 tid=12 left-down x=1317 y=747 wordForeground=False
2026-09-06T14:16:24.0463816+08:00 pid=67956 tid=12 left-down x=1792 y=747 wordForeground=False
2026-09-06T14:17:35.7241743+08:00 pid=67956 tid=12 left-down x=1317 y=747 wordForeground=False
2026-09-06T14:17:39.2162701+08:00 pid=67956 tid=12 left-down x=1792 y=747 wordForeground=False
2026-09-06T14:18:31.6952330+08:00 pid=67956 tid=12 left-down x=2024 y=1187 wordForeground=True
2026-09-06T14:20:28.7804790+08:00 pid=67956 tid=12 left-down x=1838 y=860 wordForeground=True
2026-09-06T14:21:51.4566923+08:00 pid=67956 tid=12 left-down x=1172 y=1568 wordForeground=True
2026-09-06T14:21:51.9882642+08:00 pid=67956 tid=12 left-down x=1172 y=1568 wordForeground=True
2026-09-06T14:22:33.3161316+08:00 pid=67956 tid=12 left-down x=1382 y=1120 wordForeground=False
2026-09-06T14:22:35.7474524+08:00 pid=67956 tid=12 left-down x=2178 y=458 wordForeground=False
2026-09-06T14:22:38.3360532+08:00 pid=67956 tid=12 left-down x=2492 y=460 wordForeground=False
2026-09-06T14:30:54.9785327+08:00 pid=67956 tid=12 left-down x=1382 y=1120 wordForeground=False
2026-09-06T14:30:57.2530147+08:00 pid=67956 tid=12 left-down x=2178 y=458 wordForeground=False
2026-09-06T14:30:59.5123317+08:00 pid=67956 tid=12 left-down x=2492 y=460 wordForeground=False
2026-09-06T14:32:40.5296019+08:00 pid=67956 tid=12 left-down x=2332 y=460 wordForeground=False
2026-09-06T14:37:41.0601087+08:00 pid=67956 tid=12 left-down x=1382 y=1120 wordForeground=False
2026-09-06T14:37:43.6388012+08:00 pid=67956 tid=12 left-down x=2332 y=460 wordForeground=False
2026-09-06T14:37:46.0514884+08:00 pid=67956 tid=12 left-down x=2492 y=460 wordForeground=False
2026-09-06T14:39:06.7644730+08:00 pid=67956 tid=12 left-down x=2024 y=1259 wordForeground=True
2026-09-06T14:39:15.4076361+08:00 pid=67956 tid=12 left-down x=1838 y=688 wordForeground=True
2026-09-06T14:46:03.0077896+08:00 pid=67956 tid=12 left-down x=1838 y=860 wordForeground=True
2026-09-06T14:46:11.4034163+08:00 pid=67956 tid=12 left-down x=1382 y=1120 wordForeground=False
2026-09-06T14:47:28.0084252+08:00 pid=67956 tid=12 left-down x=2332 y=460 wordForeground=False
2026-09-06T14:47:30.7680406+08:00 pid=67956 tid=12 left-down x=2492 y=460 wordForeground=False
2026-09-06T14:48:36.0219317+08:00 pid=67956 tid=12 left-down x=2024 y=1259 wordForeground=True
2026-09-06T14:48:44.3297512+08:00 pid=67956 tid=12 left-down x=1838 y=688 wordForeground=True
2026-09-06T14:49:32.6731318+08:00 pid=67956 tid=12 left-down x=1136 y=1941 wordForeground=True
2026-09-06T14:49:33.2913942+08:00 pid=67956 tid=12 left-down x=1136 y=1941 wordForeground=True
2026-09-06T14:50:12.8062105+08:00 pid=67956 tid=12 left-down x=1838 y=860 wordForeground=True
2026-09-06T14:53:21.2253689+08:00 pid=67956 tid=12 left-down x=1838 y=688 wordForeground=True
2026-09-06T14:53:30.0903749+08:00 pid=67956 tid=12 left-down x=1382 y=1120 wordForeground=False
2026-09-06T14:53:32.8904300+08:00 pid=67956 tid=12 left-down x=2332 y=460 wordForeground=False
2026-09-06T14:53:35.1678299+08:00 pid=67956 tid=12 left-down x=2492 y=460 wordForeground=False
2026-09-06T14:55:35.5071565+08:00 pid=67956 tid=12 left-down x=2024 y=1187 wordForeground=True
2026-09-06T14:59:40.0939087+08:00 pid=67956 tid=12 left-down x=1776 y=1270 wordForeground=False
2026-09-06T15:07:01.5509242+08:00 pid=67956 tid=12 left-down x=1140 y=1245 wordForeground=True
2026-09-06T15:07:02.0465983+08:00 pid=67956 tid=12 left-down x=1140 y=1245 wordForeground=True
2026-09-06T15:07:02.0476005+08:00 pid=67956 tid=12 double-click elapsedMs=495.711 withinX=True withinY=True nativeOleTarget=False suppressSecondDown=False dispatchCallback=True
2026-09-06T15:07:02.1520428+08:00 pid=67956 tid=18 callback-begin interceptedNativeOle=False x=1140 y=1245
2026-09-06T15:07:02.1520428+08:00 pid=67956 tid=18 addin-callback-received interceptedNativeOle=False x=1140 y=1245
2026-09-06T15:07:02.1520428+08:00 pid=67956 tid=18 callback-end
2026-09-06T15:07:02.1530444+08:00 pid=67956 tid=1 addin-coordinate-selection formulaId=<null> objectMode=<null>
2026-09-06T15:09:35.4612270+08:00 pid=67956 tid=12 left-down x=1776 y=1270 wordForeground=False
2026-09-06T15:21:10.7484917+08:00 pid=67956 tid=12 left-down x=1838 y=688 wordForeground=True
2026-09-06T15:21:35.0705279+08:00 pid=67956 tid=12 left-down x=1382 y=1120 wordForeground=False
2026-09-06T15:21:37.8917042+08:00 pid=67956 tid=12 left-down x=2332 y=460 wordForeground=False
2026-09-06T15:21:40.2276831+08:00 pid=67956 tid=12 left-down x=2492 y=460 wordForeground=False
2026-09-06T15:22:32.5414567+08:00 pid=67956 tid=12 left-down x=2024 y=1187 wordForeground=True
2026-09-06T15:26:36.6968518+08:00 pid=67956 tid=12 left-down x=1140 y=1088 wordForeground=True
2026-09-06T15:26:37.3150078+08:00 pid=67956 tid=12 left-down x=1140 y=1088 wordForeground=True
2026-09-06T15:27:09.2642353+08:00 pid=67956 tid=12 left-down x=1838 y=688 wordForeground=True
2026-09-06T15:27:51.7064108+08:00 pid=67956 tid=12 left-down x=1382 y=1120 wordForeground=False
2026-09-06T15:27:54.5989907+08:00 pid=67956 tid=12 left-down x=2332 y=460 wordForeground=False
2026-09-06T15:27:57.0032894+08:00 pid=67956 tid=12 left-down x=2492 y=460 wordForeground=False
2026-09-06T15:29:57.2681393+08:00 pid=67956 tid=12 left-down x=1776 y=1270 wordForeground=False
2026-09-06T15:30:43.3450100+08:00 pid=67956 tid=12 left-down x=2024 y=1187 wordForeground=True
2026-09-06T15:31:48.5765505+08:00 pid=67956 tid=12 left-down x=698 y=1234 wordForeground=False
2026-09-06T15:31:52.2940450+08:00 pid=67956 tid=12 left-down x=1685 y=1610 wordForeground=True
2026-09-06T15:33:03.4821137+08:00 pid=67956 tid=12 left-down x=1838 y=860 wordForeground=True
2026-09-06T15:33:48.5142435+08:00 pid=67956 tid=12 left-down x=219 y=1479 wordForeground=False
2026-09-06T15:33:54.3558705+08:00 pid=67956 tid=12 left-down x=1323 y=1598 wordForeground=False
2026-09-06T15:35:00.6087336+08:00 pid=67956 tid=12 left-down x=1170 y=1088 wordForeground=True
2026-09-06T15:35:01.2219978+08:00 pid=67956 tid=12 left-down x=1170 y=1088 wordForeground=True
2026-09-06T15:35:43.4327079+08:00 pid=67956 tid=12 left-down x=837 y=1166 wordForeground=False
2026-09-06T15:36:00.2428885+08:00 pid=67956 tid=12 left-down x=2078 y=1366 wordForeground=True
2026-09-06T15:37:05.4450885+08:00 pid=67956 tid=12 left-down x=1776 y=1270 wordForeground=False
2026-09-06T15:46:37.1633303+08:00 pid=67956 tid=12 left-down x=1838 y=688 wordForeground=True
2026-09-06T15:46:45.8161246+08:00 pid=67956 tid=12 left-down x=1382 y=1120 wordForeground=False
2026-09-06T15:46:49.0991372+08:00 pid=67956 tid=12 left-down x=2332 y=460 wordForeground=False
2026-09-06T15:46:51.0900723+08:00 pid=67956 tid=12 left-down x=2492 y=460 wordForeground=False
2026-09-06T15:49:12.9218317+08:00 pid=67956 tid=12 left-down x=1776 y=1270 wordForeground=False
2026-09-06T15:50:00.9279593+08:00 pid=67956 tid=12 left-down x=2024 y=1187 wordForeground=True
2026-09-06T15:50:09.9487902+08:00 pid=67956 tid=12 left-down x=1838 y=860 wordForeground=True
2026-09-06T15:54:09.4415050+08:00 pid=67956 tid=12 left-down x=1170 y=1118 wordForeground=True
2026-09-06T15:54:09.9986174+08:00 pid=67956 tid=12 left-down x=1170 y=1118 wordForeground=True
2026-09-06T15:54:20.5032865+08:00 pid=67956 tid=12 left-down x=1776 y=1270 wordForeground=False
2026-09-06T15:55:19.2595583+08:00 pid=67956 tid=12 left-down x=758 y=1250 wordForeground=False
2026-09-06T15:55:45.2545392+08:00 pid=67956 tid=12 left-down x=820 y=1253 wordForeground=False
2026-09-06T15:55:56.8687328+08:00 pid=67956 tid=12 left-down x=2051 y=1093 wordForeground=True
2026-09-06T15:57:04.8948464+08:00 pid=67956 tid=12 left-down x=763 y=1216 wordForeground=False
2026-09-06T15:57:07.0483512+08:00 pid=67956 tid=12 left-down x=2028 y=1110 wordForeground=True
2026-09-06T15:57:10.0471080+08:00 pid=67956 tid=12 left-down x=770 y=1090 wordForeground=False
2026-09-06T15:57:11.7827647+08:00 pid=67956 tid=12 left-down x=618 y=1046 wordForeground=False
2026-09-06T15:57:15.9049545+08:00 pid=67956 tid=12 left-down x=1892 y=402 wordForeground=False
2026-09-06T15:57:20.8500677+08:00 pid=67956 tid=12 left-down x=1965 y=1091 wordForeground=True
2026-09-06T15:57:24.3010537+08:00 pid=67956 tid=12 left-down x=717 y=1085 wordForeground=False
2026-09-06T15:57:26.5546071+08:00 pid=67956 tid=12 left-down x=620 y=1012 wordForeground=False
2026-09-06T15:57:29.2111468+08:00 pid=67956 tid=12 left-down x=1896 y=398 wordForeground=False
2026-09-06T15:57:33.8295370+08:00 pid=67956 tid=12 left-down x=1979 y=1077 wordForeground=True
2026-09-06T16:04:19.5688912+08:00 pid=67956 tid=12 left-down x=153 y=1448 wordForeground=False
2026-09-06T16:04:22.8540539+08:00 pid=67956 tid=12 left-down x=963 y=1227 wordForeground=False
2026-09-06T16:05:05.5058915+08:00 pid=67956 tid=12 left-down x=1838 y=688 wordForeground=True
2026-09-06T16:05:14.1206141+08:00 pid=67956 tid=12 left-down x=1382 y=1120 wordForeground=False
2026-09-06T16:05:16.8673472+08:00 pid=67956 tid=12 left-down x=2332 y=460 wordForeground=False
2026-09-06T16:05:19.3914923+08:00 pid=67956 tid=12 left-down x=2492 y=460 wordForeground=False
2026-09-06T16:06:52.3969723+08:00 pid=67956 tid=12 left-down x=1776 y=1270 wordForeground=False
2026-09-06T16:08:00.3486981+08:00 pid=67956 tid=12 left-down x=2024 y=1187 wordForeground=True
2026-09-06T16:08:21.0688048+08:00 pid=67956 tid=12 left-down x=1838 y=860 wordForeground=True
2026-09-06T16:12:08.1970672+08:00 pid=67956 tid=12 left-down x=1776 y=1270 wordForeground=False
2026-09-06T16:15:16.1328894+08:00 pid=67956 tid=12 left-down x=772 y=1266 wordForeground=False
2026-09-06T16:15:25.0314100+08:00 pid=67956 tid=12 left-down x=1844 y=1725 wordForeground=True
2026-09-06T16:18:11.7476926+08:00 pid=67956 tid=12 left-down x=1776 y=1270 wordForeground=False
2026-09-06T16:26:34.1288729+08:00 pid=67956 tid=12 left-down x=1382 y=1120 wordForeground=False
2026-09-06T16:26:36.6906500+08:00 pid=67956 tid=12 left-down x=2332 y=460 wordForeground=False
2026-09-06T16:26:39.0318082+08:00 pid=67956 tid=12 left-down x=2492 y=460 wordForeground=False
2026-09-06T16:27:41.3526100+08:00 pid=67956 tid=12 left-down x=713 y=1227 wordForeground=False
2026-09-06T16:27:47.0100093+08:00 pid=67956 tid=12 left-down x=1874 y=1436 wordForeground=True
2026-09-06T16:27:57.7028597+08:00 pid=67956 tid=12 left-down x=700 y=1238 wordForeground=False
2026-09-06T16:28:02.9170068+08:00 pid=67956 tid=12 left-down x=1742 y=1814 wordForeground=True
2026-09-06T16:28:20.3851703+08:00 pid=67956 tid=12 left-down x=2024 y=1187 wordForeground=True
2026-09-06T16:29:40.2457269+08:00 pid=67956 tid=12 left-down x=1172 y=1836 wordForeground=True
2026-09-06T16:29:40.8495343+08:00 pid=67956 tid=12 left-down x=1172 y=1836 wordForeground=True
2026-09-06T16:30:24.9127182+08:00 pid=67956 tid=12 left-down x=739 y=1231 wordForeground=False
2026-09-06T16:30:36.2053141+08:00 pid=67956 tid=12 left-down x=1776 y=1270 wordForeground=False
2026-09-06T16:40:50.5512355+08:00 pid=67956 tid=12 left-down x=1382 y=1120 wordForeground=False
2026-09-06T16:40:53.0222893+08:00 pid=67956 tid=12 left-down x=2332 y=460 wordForeground=False
2026-09-06T16:40:55.5702860+08:00 pid=67956 tid=12 left-down x=2492 y=460 wordForeground=False
2026-09-06T16:43:15.7933282+08:00 pid=67956 tid=12 left-down x=1776 y=1270 wordForeground=False
2026-09-06T16:44:46.6404592+08:00 pid=67956 tid=12 left-down x=2024 y=1187 wordForeground=True
2026-09-06T16:45:51.5379904+08:00 pid=67956 tid=12 left-down x=691 y=1252 wordForeground=False
2026-09-06T16:46:01.1071540+08:00 pid=67956 tid=12 left-down x=191 y=1485 wordForeground=False
2026-09-06T16:46:04.0680833+08:00 pid=67956 tid=12 left-down x=2508 y=1121 wordForeground=True
2026-09-06T16:47:31.8406780+08:00 pid=67956 tid=12 left-down x=776 y=1255 wordForeground=False
2026-09-06T16:47:45.0924798+08:00 pid=67956 tid=12 left-down x=710 y=994 wordForeground=False
2026-09-06T16:47:46.8663219+08:00 pid=67956 tid=12 left-down x=699 y=1023 wordForeground=False
2026-09-06T16:47:48.5542240+08:00 pid=67956 tid=12 left-down x=743 y=1042 wordForeground=False
2026-09-06T16:47:51.0660994+08:00 pid=67956 tid=12 left-down x=764 y=1021 wordForeground=False
2026-09-06T16:47:55.0515707+08:00 pid=67956 tid=12 left-down x=831 y=1077 wordForeground=False
2026-09-06T16:48:05.3661286+08:00 pid=67956 tid=12 left-down x=1046 y=1329 wordForeground=False
2026-09-06T16:48:39.4636078+08:00 pid=67956 tid=12 left-down x=271 y=1440 wordForeground=False
2026-09-06T16:48:41.2494909+08:00 pid=67956 tid=12 left-down x=253 y=1462 wordForeground=False
2026-09-06T16:48:45.0487393+08:00 pid=67956 tid=12 left-down x=270 y=1333 wordForeground=False
2026-09-06T16:48:47.2407019+08:00 pid=67956 tid=12 left-down x=196 y=705 wordForeground=False
2026-09-06T16:48:51.8680237+08:00 pid=67956 tid=12 left-down x=135 y=384 wordForeground=False
2026-09-06T16:58:19.4746688+08:00 pid=67956 tid=12 left-down x=1382 y=1120 wordForeground=False
2026-09-06T16:58:22.4212033+08:00 pid=67956 tid=12 left-down x=2332 y=460 wordForeground=False
2026-09-06T16:58:24.9333924+08:00 pid=67956 tid=12 left-down x=2492 y=460 wordForeground=False
2026-09-06T16:59:24.7713853+08:00 pid=67956 tid=12 left-down x=1776 y=1270 wordForeground=False
2026-09-06T17:00:19.2311939+08:00 pid=67956 tid=12 left-down x=2024 y=1187 wordForeground=True
2026-09-06T17:03:55.0982276+08:00 pid=67956 tid=12 left-down x=711 y=1181 wordForeground=False
2026-09-06T17:04:02.9487617+08:00 pid=67956 tid=12 left-down x=2039 y=1034 wordForeground=True
2026-09-06T17:04:12.5297569+08:00 pid=67956 tid=12 left-down x=759 y=1233 wordForeground=False
2026-09-06T17:06:41.5836540+08:00 pid=67956 tid=12 left-down x=672 y=1256 wordForeground=False
2026-09-06T17:06:50.2636158+08:00 pid=67956 tid=12 left-down x=250 y=1460 wordForeground=False
2026-09-06T17:06:53.2642727+08:00 pid=67956 tid=12 left-down x=902 y=1143 wordForeground=False
2026-09-06T17:08:07.8084382+08:00 pid=67956 tid=12 left-down x=1382 y=1120 wordForeground=False
2026-09-06T17:08:10.3341454+08:00 pid=67956 tid=12 left-down x=2332 y=460 wordForeground=False
2026-09-06T17:08:12.9065893+08:00 pid=67956 tid=12 left-down x=2492 y=460 wordForeground=False
2026-09-06T17:08:28.3451084+08:00 pid=67956 tid=12 left-down x=1776 y=1270 wordForeground=False
2026-09-06T17:08:41.4139904+08:00 pid=67956 tid=12 left-down x=2024 y=1187 wordForeground=True
2026-09-06T17:09:36.6678621+08:00 pid=67956 tid=12 left-down x=841 y=1058 wordForeground=True
2026-09-06T17:10:30.4421551+08:00 pid=67956 tid=12 left-down x=1945 y=1414 wordForeground=True
2026-09-06T17:10:34.7378492+08:00 pid=67956 tid=12 left-down x=782 y=1229 wordForeground=False
2026-09-06T17:10:37.8938070+08:00 pid=67956 tid=12 left-down x=720 y=1078 wordForeground=False
2026-09-06T17:10:41.0467504+08:00 pid=67956 tid=12 left-down x=607 y=974 wordForeground=False
2026-09-06T17:10:44.5475753+08:00 pid=67956 tid=12 left-down x=1871 y=407 wordForeground=False
2026-09-06T17:10:48.6896380+08:00 pid=67956 tid=12 left-down x=2301 y=1453 wordForeground=True
2026-09-06T17:11:37.2534499+08:00 pid=67956 tid=12 left-down x=1776 y=1270 wordForeground=False
2026-09-06T17:13:19.2930921+08:00 pid=67956 tid=12 left-down x=837 y=1224 wordForeground=False
2026-09-06T17:14:15.9249318+08:00 pid=67956 tid=12 left-down x=1838 y=688 wordForeground=True
2026-09-06T17:15:24.4199513+08:00 pid=67956 tid=12 left-down x=1141 y=1087 wordForeground=True
2026-09-06T17:15:24.9201117+08:00 pid=67956 tid=12 left-down x=1141 y=1087 wordForeground=True
2026-09-06T17:16:50.3063228+08:00 pid=67956 tid=12 left-down x=779 y=1278 wordForeground=False
2026-09-06T17:18:49.0148442+08:00 pid=67956 tid=12 left-down x=770 y=1201 wordForeground=False
2026-09-06T17:18:56.1506039+08:00 pid=67956 tid=12 left-down x=2258 y=1350 wordForeground=True
2026-09-06T17:20:34.3708586+08:00 pid=67956 tid=12 left-down x=1382 y=1120 wordForeground=False
2026-09-06T17:20:36.7410947+08:00 pid=67956 tid=12 left-down x=2332 y=460 wordForeground=False
2026-09-06T17:20:39.4203007+08:00 pid=67956 tid=12 left-down x=2492 y=460 wordForeground=False
2026-09-06T17:22:10.6419057+08:00 pid=67956 tid=12 left-down x=1935 y=1345 wordForeground=True
2026-09-06T17:22:13.9219424+08:00 pid=67956 tid=12 left-down x=1808 y=1615 wordForeground=True
2026-09-06T17:23:05.4071928+08:00 pid=67956 tid=12 left-down x=1776 y=1270 wordForeground=False
2026-09-06T17:23:33.4543006+08:00 pid=67956 tid=12 left-down x=2024 y=1187 wordForeground=True
2026-09-06T17:32:01.3045320+08:00 pid=67956 tid=12 left-down x=868 y=930 wordForeground=False
2026-09-06T17:32:13.0270858+08:00 pid=67956 tid=12 left-down x=716 y=707 wordForeground=False
2026-09-06T17:32:15.6263341+08:00 pid=67956 tid=12 left-down x=653 y=533 wordForeground=False
2026-09-06T17:32:18.9444619+08:00 pid=67956 tid=12 left-down x=1891 y=416 wordForeground=False
2026-09-06T17:34:02.2259147+08:00 pid=67956 tid=12 left-down x=1382 y=1120 wordForeground=False
2026-09-06T17:34:05.0757516+08:00 pid=67956 tid=12 left-down x=2332 y=460 wordForeground=False
2026-09-06T17:34:07.7691139+08:00 pid=67956 tid=12 left-down x=2492 y=460 wordForeground=False
2026-09-06T17:35:40.1192376+08:00 pid=67956 tid=12 left-down x=675 y=1190 wordForeground=False
2026-09-06T17:35:46.7157517+08:00 pid=67956 tid=12 left-down x=1961 y=1652 wordForeground=True
2026-09-06T17:35:49.8151497+08:00 pid=67956 tid=12 left-down x=1986 y=1555 wordForeground=True
2026-09-06T17:36:01.8264201+08:00 pid=67956 tid=12 left-down x=1382 y=1120 wordForeground=False
2026-09-06T17:36:04.5807032+08:00 pid=67956 tid=12 left-down x=2332 y=460 wordForeground=False
2026-09-06T17:36:07.2464353+08:00 pid=67956 tid=12 left-down x=2492 y=460 wordForeground=False
2026-09-06T17:38:54.6945790+08:00 pid=67956 tid=12 left-down x=813 y=1058 wordForeground=False
2026-09-06T17:39:06.6012734+08:00 pid=67956 tid=12 left-down x=2050 y=1012 wordForeground=True
2026-09-06T17:39:10.1792285+08:00 pid=67956 tid=12 left-down x=255 y=1492 wordForeground=False
2026-09-06T17:39:13.1145917+08:00 pid=67956 tid=12 left-down x=961 y=1043 wordForeground=False
2026-09-06T17:40:57.8608261+08:00 pid=67956 tid=12 left-down x=1382 y=1120 wordForeground=False
2026-09-06T17:41:00.3401702+08:00 pid=67956 tid=12 left-down x=2332 y=460 wordForeground=False
2026-09-06T17:41:02.4211228+08:00 pid=67956 tid=12 left-down x=2492 y=460 wordForeground=False
2026-09-06T17:41:59.2843066+08:00 pid=67956 tid=12 left-down x=1776 y=1270 wordForeground=False
2026-09-06T17:42:17.5115906+08:00 pid=67956 tid=12 left-down x=2024 y=1187 wordForeground=True
2026-09-06T17:44:01.4025073+08:00 pid=67956 tid=12 left-down x=596 y=1205 wordForeground=False
2026-09-06T17:44:22.1471016+08:00 pid=67956 tid=12 left-down x=2094 y=1018 wordForeground=True
2026-09-06T17:44:25.4217124+08:00 pid=67956 tid=12 left-down x=763 y=1215 wordForeground=False
2026-09-06T17:45:09.8905008+08:00 pid=67956 tid=12 left-down x=737 y=1273 wordForeground=False
2026-09-06T17:45:12.9944272+08:00 pid=67956 tid=12 left-down x=2357 y=1096 wordForeground=False
2026-09-06T17:47:34.4061243+08:00 pid=67956 tid=12 left-down x=894 y=1217 wordForeground=False
2026-09-06T17:47:53.8037701+08:00 pid=67956 tid=12 left-down x=1382 y=1120 wordForeground=False
2026-09-06T17:47:56.3980608+08:00 pid=67956 tid=12 left-down x=2332 y=460 wordForeground=False
2026-09-06T17:47:59.0914242+08:00 pid=67956 tid=12 left-down x=2492 y=460 wordForeground=False
2026-09-06T17:48:44.3844861+08:00 pid=67956 tid=12 left-down x=1776 y=1270 wordForeground=False
2026-09-06T17:48:59.8011093+08:00 pid=67956 tid=12 left-down x=2024 y=1187 wordForeground=True
2026-09-06T17:50:39.7094197+08:00 pid=67956 tid=12 left-down x=836 y=1237 wordForeground=False
2026-09-06T17:50:43.4408251+08:00 pid=67956 tid=12 left-down x=2059 y=1068 wordForeground=True
2026-09-06T17:51:48.9853351+08:00 pid=67956 tid=12 left-down x=607 y=1205 wordForeground=False
2026-09-06T17:51:52.2302775+08:00 pid=67956 tid=12 left-down x=1466 y=1103 wordForeground=False
2026-09-06T17:54:23.8939492+08:00 pid=67956 tid=12 left-down x=1382 y=1120 wordForeground=False
2026-09-06T17:54:27.0964209+08:00 pid=67956 tid=12 left-down x=2332 y=460 wordForeground=False
2026-09-06T17:54:29.9598931+08:00 pid=67956 tid=12 left-down x=2492 y=460 wordForeground=False
2026-09-06T17:55:24.5791147+08:00 pid=67956 tid=12 left-down x=1776 y=1270 wordForeground=False
2026-09-06T17:55:40.2096220+08:00 pid=67956 tid=12 left-down x=2024 y=1211 wordForeground=True
2026-09-06T17:57:00.8736277+08:00 pid=67956 tid=12 left-down x=808 y=1255 wordForeground=False
2026-09-06T17:57:09.9075521+08:00 pid=67956 tid=12 left-down x=1866 y=1723 wordForeground=True
2026-09-06T17:57:19.6690661+08:00 pid=67956 tid=12 left-down x=1905 y=1516 wordForeground=True
2026-09-06T17:58:43.5552867+08:00 pid=67956 tid=12 left-down x=1948 y=1269 wordForeground=True
2026-09-06T17:58:47.2883565+08:00 pid=67956 tid=12 left-down x=1778 y=1476 wordForeground=True
2026-09-06T17:58:51.6024824+08:00 pid=67956 tid=12 left-down x=1141 y=1482 wordForeground=True
2026-09-06T17:58:52.3601249+08:00 pid=67956 tid=12 left-down x=1141 y=1482 wordForeground=True
2026-09-06T17:59:19.2882573+08:00 pid=67956 tid=12 left-down x=1776 y=1270 wordForeground=False
2026-09-06T18:00:01.8368047+08:00 pid=67956 tid=12 left-down x=853 y=1268 wordForeground=False
2026-09-06T18:00:05.2885251+08:00 pid=67956 tid=12 left-down x=2132 y=1445 wordForeground=True
2026-09-06T18:02:53.5965069+08:00 pid=67956 tid=12 left-down x=705 y=1242 wordForeground=False
2026-09-06T18:02:58.4617700+08:00 pid=67956 tid=12 left-down x=2064 y=1539 wordForeground=True
2026-09-06T18:03:23.7487141+08:00 pid=67956 tid=12 left-down x=1776 y=1270 wordForeground=False
2026-09-06T18:08:48.4516245+08:00 pid=67956 tid=12 left-down x=765 y=1027 wordForeground=False
2026-09-06T18:08:52.4085706+08:00 pid=67956 tid=12 left-down x=247 y=1478 wordForeground=False
2026-09-06T18:08:56.1632483+08:00 pid=67956 tid=12 left-down x=664 y=936 wordForeground=False
2026-09-06T18:09:00.2388817+08:00 pid=67956 tid=12 left-down x=1877 y=399 wordForeground=False
2026-09-06T18:11:21.9378305+08:00 pid=67956 tid=12 left-down x=822 y=1270 wordForeground=False
2026-09-06T18:11:31.6725662+08:00 pid=67956 tid=12 left-down x=1265 y=1795 wordForeground=True
2026-09-06T18:13:09.3135666+08:00 pid=67956 tid=12 left-down x=1317 y=747 wordForeground=False
2026-09-06T18:13:11.5426313+08:00 pid=67956 tid=12 left-down x=1602 y=747 wordForeground=False
2026-09-06T18:13:28.1772629+08:00 pid=67956 tid=12 left-down x=1382 y=1120 wordForeground=False
2026-09-06T18:13:31.0315426+08:00 pid=67956 tid=12 left-down x=2332 y=460 wordForeground=False
2026-09-06T18:13:33.6417678+08:00 pid=67956 tid=12 left-down x=2492 y=460 wordForeground=False
2026-09-06T18:14:35.1581012+08:00 pid=67956 tid=12 left-down x=806 y=1212 wordForeground=False
2026-09-06T18:14:52.3630166+08:00 pid=67956 tid=12 left-down x=815 y=1228 wordForeground=False
2026-09-06T18:14:59.1967423+08:00 pid=67956 tid=12 left-down x=2177 y=1494 wordForeground=True
2026-09-06T18:15:03.2002029+08:00 pid=67956 tid=12 left-down x=2100 y=1471 wordForeground=True
2026-09-06T18:15:04.8387428+08:00 pid=67956 tid=12 left-down x=2019 y=1474 wordForeground=True
2026-09-06T18:15:05.1753634+08:00 pid=67956 tid=12 left-down x=2019 y=1475 wordForeground=True
2026-09-06T18:15:05.1753634+08:00 pid=67956 tid=12 double-click elapsedMs=336.557 withinX=True withinY=True nativeOleTarget=False suppressSecondDown=False dispatchCallback=True
2026-09-06T18:15:05.2811524+08:00 pid=67956 tid=17 callback-begin interceptedNativeOle=False x=2019 y=1475
2026-09-06T18:15:05.2811524+08:00 pid=67956 tid=17 addin-callback-received interceptedNativeOle=False x=2019 y=1475
2026-09-06T18:15:05.2821542+08:00 pid=67956 tid=17 callback-end
2026-09-06T18:15:05.2871544+08:00 pid=67956 tid=1 addin-coordinate-selection formulaId=<null> objectMode=<null>
2026-09-06T18:15:13.5859708+08:00 pid=67956 tid=12 left-down x=2639 y=748 wordForeground=True
2026-09-06T18:15:18.3253607+08:00 pid=67956 tid=12 left-down x=835 y=1292 wordForeground=False
2026-09-06T18:15:20.2408895+08:00 pid=67956 tid=12 left-down x=848 y=1359 wordForeground=False
2026-09-06T18:15:22.3407262+08:00 pid=67956 tid=12 left-down x=863 y=1433 wordForeground=False
2026-09-06T18:15:57.6188301+08:00 pid=67956 tid=12 left-down x=218 y=1472 wordForeground=False
2026-09-06T18:18:01.4525125+08:00 pid=67956 tid=12 left-down x=1317 y=747 wordForeground=False
2026-09-06T18:18:19.5041773+08:00 pid=67956 tid=12 left-down x=1382 y=1120 wordForeground=False
2026-09-06T18:18:22.7218294+08:00 pid=67956 tid=12 left-down x=2332 y=460 wordForeground=False
2026-09-06T18:18:25.5256936+08:00 pid=67956 tid=12 left-down x=2492 y=460 wordForeground=False
2026-09-06T18:19:42.4208851+08:00 pid=67956 tid=12 left-down x=1776 y=1270 wordForeground=False
2026-09-06T18:19:56.1610397+08:00 pid=67956 tid=12 left-down x=2024 y=1211 wordForeground=True
2026-09-06T18:22:19.9302017+08:00 pid=67956 tid=12 left-down x=2067 y=1076 wordForeground=True
2026-09-06T18:22:25.9773743+08:00 pid=67956 tid=12 left-down x=1136 y=1362 wordForeground=False
2026-09-06T18:22:56.0575592+08:00 pid=67956 tid=12 left-down x=2228 y=1331 wordForeground=False
2026-09-06T18:23:01.7086236+08:00 pid=67956 tid=12 left-down x=684 y=811 wordForeground=False
2026-09-06T18:23:04.4730016+08:00 pid=67956 tid=12 left-down x=677 y=753 wordForeground=False
2026-09-06T18:23:10.8660749+08:00 pid=67956 tid=12 left-down x=1890 y=411 wordForeground=False
2026-09-06T18:23:16.2488142+08:00 pid=67956 tid=12 left-down x=1381 y=2159 wordForeground=False
2026-09-06T18:23:25.4739939+08:00 pid=67956 tid=12 left-down x=803 y=1363 wordForeground=False
2026-09-06T18:25:28.4880947+08:00 pid=67956 tid=12 left-down x=1245 y=1142 wordForeground=False
2026-09-06T18:25:33.8222328+08:00 pid=67956 tid=12 left-down x=227 y=1461 wordForeground=False
2026-09-06T18:25:39.4295059+08:00 pid=67956 tid=12 left-down x=830 y=1233 wordForeground=False
