2026-09-06T17:34:11.9794639+08:00 pid=85192 [perf] update-numbers.health-fail reason=no-parseable-field-codes
2026-09-06T17:34:12.5336680+08:00 pid=85192 [perf] update-numbers.health-fail reason=no-parseable-field-codes
2026-09-06T17:34:14.5639784+08:00 pid=85192 [perf] Reconcile.adopt-native-hash-copies: +1591ms (1591ms)
2026-09-06T17:34:15.7205668+08:00 pid=85192 [perf] Reconcile.capture-omml-ids: +1157ms (2748ms)
2026-09-06T17:34:16.8342432+08:00 pid=85192 [perf] Reconcile.capture-numbered-locations: +1113ms (3861ms)
2026-09-06T17:34:16.8382411+08:00 pid=85192 [perf] Reconcile.repair-shared-captions: +4ms (3865ms)
2026-09-06T17:34:16.8382411+08:00 pid=85192 [perf] Reconcile.configure-inline-formulas: +1ms (3866ms)
2026-09-06T17:34:17.0967619+08:00 pid=85192 [perf] ConfigureNumbered.native-resolve-display: +6ms (6ms)
2026-09-06T17:34:17.1363740+08:00 pid=85192 [perf] ConfigureNumbered.native-clear-artifacts: +40ms (46ms)
2026-09-06T17:34:17.3181129+08:00 pid=85192 [perf] ConfigureNumbered.native-measure-display: +182ms (228ms)
2026-09-06T17:34:17.3713929+08:00 pid=85192 [perf] ConfigureNumbered.native-ensure-table: +53ms (281ms)
2026-09-06T17:34:17.3739695+08:00 pid=85192 [perf] ConfigureNumbered.native-resolve-table-formula: +2ms (283ms)
2026-09-06T17:34:17.3739695+08:00 pid=85192 [perf] ConfigureNumbered.native-height-repair: +1ms (284ms)
2026-09-06T17:34:17.5406598+08:00 pid=85192 [perf] ConfigureNumbered.native-geometry: +166ms (450ms)
2026-09-06T17:34:17.5406598+08:00 pid=85192 [perf] ConfigureNumbered.native-1x3-table: +0ms (450ms)
2026-09-06T17:34:17.5453372+08:00 pid=85192 [perf] ConfigureNumbered.direct-number-plan: +4ms (454ms)
2026-09-06T17:34:18.0564449+08:00 pid=85192 [perf] ConfigureNumbered.direct-visible-seq: +511ms (965ms)
2026-09-06T17:34:18.1913605+08:00 pid=85192 [perf] ConfigureNumbered.native-post-table-spacing: +136ms (1101ms)
2026-09-06T17:34:18.3634252+08:00 pid=85192 [perf] ConfigureNumbered.native-wrap-identity: +172ms (1273ms)
2026-09-06T17:34:18.5865228+08:00 pid=85192 [perf] ConfigureNumbered.native-resolve-display: +4ms (4ms)
2026-09-06T17:34:18.6390387+08:00 pid=85192 [perf] ConfigureNumbered.native-clear-artifacts: +52ms (56ms)
2026-09-06T17:34:18.8637768+08:00 pid=85192 [perf] ConfigureNumbered.native-measure-display: +224ms (280ms)
2026-09-06T17:34:18.9042298+08:00 pid=85192 [perf] ConfigureNumbered.native-ensure-table: +41ms (321ms)
2026-09-06T17:34:18.9072393+08:00 pid=85192 [perf] ConfigureNumbered.native-resolve-table-formula: +3ms (324ms)
2026-09-06T17:34:18.9072393+08:00 pid=85192 [perf] ConfigureNumbered.native-height-repair: +0ms (324ms)
2026-09-06T17:34:19.0977012+08:00 pid=85192 [perf] ConfigureNumbered.native-geometry: +191ms (515ms)
2026-09-06T17:34:19.0987004+08:00 pid=85192 [perf] ConfigureNumbered.native-1x3-table: +0ms (515ms)
2026-09-06T17:34:19.0997035+08:00 pid=85192 [perf] ConfigureNumbered.direct-number-plan: +1ms (516ms)
2026-09-06T17:34:19.6029625+08:00 pid=85192 [perf] ConfigureNumbered.direct-visible-seq: +503ms (1019ms)
2026-09-06T17:34:19.7288533+08:00 pid=85192 [perf] ConfigureNumbered.native-post-table-spacing: +127ms (1146ms)
2026-09-06T17:34:19.8753782+08:00 pid=85192 [perf] ConfigureNumbered.native-wrap-identity: +146ms (1292ms)
2026-09-06T17:34:20.1030139+08:00 pid=85192 [perf] ConfigureNumbered.native-resolve-display: +3ms (3ms)
2026-09-06T17:34:20.1428823+08:00 pid=85192 [perf] ConfigureNumbered.native-clear-artifacts: +40ms (43ms)
2026-09-06T17:34:20.3477236+08:00 pid=85192 [perf] ConfigureNumbered.native-measure-display: +205ms (248ms)
2026-09-06T17:34:20.3915915+08:00 pid=85192 [perf] ConfigureNumbered.native-ensure-table: +44ms (292ms)
2026-09-06T17:34:20.3925915+08:00 pid=85192 [perf] ConfigureNumbered.native-resolve-table-formula: +2ms (294ms)
2026-09-06T17:34:20.3935914+08:00 pid=85192 [perf] ConfigureNumbered.native-height-repair: +0ms (294ms)
2026-09-06T17:34:20.5967692+08:00 pid=85192 [perf] ConfigureNumbered.native-geometry: +203ms (497ms)
2026-09-06T17:34:20.5967692+08:00 pid=85192 [perf] ConfigureNumbered.native-1x3-table: +0ms (497ms)
2026-09-06T17:34:20.5977676+08:00 pid=85192 [perf] ConfigureNumbered.direct-number-plan: +2ms (499ms)
2026-09-06T17:34:21.1505593+08:00 pid=85192 [perf] ConfigureNumbered.direct-visible-seq: +552ms (1051ms)
2026-09-06T17:34:21.2899348+08:00 pid=85192 [perf] ConfigureNumbered.native-post-table-spacing: +139ms (1190ms)
2026-09-06T17:34:21.4414607+08:00 pid=85192 [perf] ConfigureNumbered.native-wrap-identity: +152ms (1342ms)
2026-09-06T17:34:21.6787906+08:00 pid=85192 [perf] ConfigureNumbered.native-resolve-display: +6ms (6ms)
2026-09-06T17:34:21.7144541+08:00 pid=85192 [perf] ConfigureNumbered.native-clear-artifacts: +35ms (41ms)
2026-09-06T17:34:21.9103098+08:00 pid=85192 [perf] ConfigureNumbered.native-measure-display: +195ms (236ms)
2026-09-06T17:34:22.0268794+08:00 pid=85192 [perf] ConfigureNumbered.native-ensure-table: +117ms (353ms)
2026-09-06T17:34:22.0318798+08:00 pid=85192 [perf] ConfigureNumbered.native-resolve-table-formula: +6ms (359ms)
2026-09-06T17:34:22.0328794+08:00 pid=85192 [perf] ConfigureNumbered.native-height-repair: +0ms (359ms)
2026-09-06T17:34:22.2315291+08:00 pid=85192 [perf] ConfigureNumbered.native-geometry: +199ms (558ms)
2026-09-06T17:34:22.2315291+08:00 pid=85192 [perf] ConfigureNumbered.native-1x3-table: +0ms (558ms)
2026-09-06T17:34:22.2325295+08:00 pid=85192 [perf] ConfigureNumbered.direct-number-plan: +1ms (559ms)
2026-09-06T17:34:22.8040597+08:00 pid=85192 [perf] ConfigureNumbered.direct-visible-seq: +571ms (1130ms)
2026-09-06T17:34:22.9364031+08:00 pid=85192 [perf] ConfigureNumbered.native-post-table-spacing: +133ms (1263ms)
2026-09-06T17:34:23.0793920+08:00 pid=85192 [perf] ConfigureNumbered.native-wrap-identity: +143ms (1406ms)
2026-09-06T17:34:23.3094465+08:00 pid=85192 [perf] ConfigureNumbered.native-resolve-display: +4ms (4ms)
2026-09-06T17:34:23.3421545+08:00 pid=85192 [perf] ConfigureNumbered.native-clear-artifacts: +34ms (38ms)
2026-09-06T17:34:23.5238202+08:00 pid=85192 [perf] ConfigureNumbered.native-measure-display: +181ms (219ms)
2026-09-06T17:34:23.5656218+08:00 pid=85192 [perf] ConfigureNumbered.native-ensure-table: +42ms (261ms)
2026-09-06T17:34:23.5676245+08:00 pid=85192 [perf] ConfigureNumbered.native-resolve-table-formula: +2ms (263ms)
2026-09-06T17:34:23.5676245+08:00 pid=85192 [perf] ConfigureNumbered.native-height-repair: +0ms (263ms)
2026-09-06T17:34:23.7754789+08:00 pid=85192 [perf] ConfigureNumbered.native-geometry: +208ms (471ms)
2026-09-06T17:34:23.7764756+08:00 pid=85192 [perf] ConfigureNumbered.native-1x3-table: +1ms (472ms)
2026-09-06T17:34:23.7774776+08:00 pid=85192 [perf] ConfigureNumbered.direct-number-plan: +1ms (473ms)
2026-09-06T17:34:24.3256775+08:00 pid=85192 [perf] ConfigureNumbered.direct-visible-seq: +548ms (1021ms)
2026-09-06T17:34:24.4897501+08:00 pid=85192 [perf] ConfigureNumbered.native-wrap-identity: +165ms (1186ms)
2026-09-06T17:34:24.4907500+08:00 pid=85192 [perf] Reconcile.configure-omml-formulas: +7652ms (11518ms)
2026-09-06T17:34:24.4917520+08:00 pid=85192 [perf] Reconcile.number-format-preference: +1ms (11519ms)
2026-09-06T17:34:24.5022725+08:00 pid=85192 [perf] Reconcile.remove-orphan-artifacts: +11ms (11530ms)
2026-09-06T17:34:24.5082725+08:00 pid=85192 [perf] Reconcile.rebuild-number-bookmarks-1: +6ms (11536ms)
2026-09-06T17:34:25.0138212+08:00 pid=85192 [perf] Reconcile.update-native-sequences: +506ms (12042ms)
2026-09-06T17:34:25.0158222+08:00 pid=85192 [perf] Reconcile.rebuild-number-bookmarks-2: +2ms (12044ms)
2026-09-06T17:34:25.0418195+08:00 pid=85192 [perf] Reconcile.update-main-story-fields: +25ms (12069ms)
2026-09-06T17:34:25.0418195+08:00 pid=85192 [perf] Reconcile.update-inline-number-fields: +1ms (12070ms)
2026-09-06T17:34:28.2653644+08:00 pid=85192 [perf] Reconcile.update-omml-number-fields: +3223ms (15293ms)
2026-09-06T17:34:28.2728832+08:00 pid=85192 [perf] Reconcile.update-cross-references: +8ms (15301ms)
2026-09-06T17:36:10.6865337+08:00 pid=85192 [perf] update-numbers.health-fail reason=no-parseable-field-codes
2026-09-06T17:36:11.2509819+08:00 pid=85192 [perf] update-numbers.health-fail reason=no-parseable-field-codes
2026-09-06T17:36:13.4609237+08:00 pid=85192 [perf] Reconcile.adopt-native-hash-copies: +1718ms (1718ms)
2026-09-06T17:36:14.6148518+08:00 pid=85192 [perf] Reconcile.capture-omml-ids: +1154ms (2872ms)
2026-09-06T17:36:15.8421303+08:00 pid=85192 [perf] Reconcile.capture-numbered-locations: +1228ms (4100ms)
2026-09-06T17:36:15.8451296+08:00 pid=85192 [perf] Reconcile.repair-shared-captions: +3ms (4103ms)
2026-09-06T17:36:15.8451296+08:00 pid=85192 [perf] Reconcile.configure-inline-formulas: +0ms (4103ms)
2026-09-06T17:36:16.0908200+08:00 pid=85192 [perf] ConfigureNumbered.native-resolve-display: +3ms (3ms)
2026-09-06T17:36:16.1386782+08:00 pid=85192 [perf] ConfigureNumbered.native-clear-artifacts: +48ms (51ms)
2026-09-06T17:36:16.3370502+08:00 pid=85192 [perf] ConfigureNumbered.native-measure-display: +198ms (249ms)
2026-09-06T17:36:16.3858861+08:00 pid=85192 [perf] ConfigureNumbered.native-ensure-table: +49ms (298ms)
2026-09-06T17:36:16.3898891+08:00 pid=85192 [perf] ConfigureNumbered.native-resolve-table-formula: +4ms (302ms)
2026-09-06T17:36:16.3898891+08:00 pid=85192 [perf] ConfigureNumbered.native-height-repair: +1ms (303ms)
2026-09-06T17:36:16.5685509+08:00 pid=85192 [perf] ConfigureNumbered.native-geometry: +178ms (481ms)
2026-09-06T17:36:16.5685509+08:00 pid=85192 [perf] ConfigureNumbered.native-1x3-table: +0ms (481ms)
2026-09-06T17:36:16.5695523+08:00 pid=85192 [perf] ConfigureNumbered.direct-number-plan: +1ms (482ms)
2026-09-06T17:36:17.1978423+08:00 pid=85192 [perf] ConfigureNumbered.direct-visible-seq: +628ms (1110ms)
2026-09-06T17:36:17.3375543+08:00 pid=85192 [perf] ConfigureNumbered.native-post-table-spacing: +140ms (1250ms)
2026-09-06T17:36:17.5092203+08:00 pid=85192 [perf] ConfigureNumbered.native-wrap-identity: +172ms (1422ms)
2026-09-06T17:36:17.7638497+08:00 pid=85192 [perf] ConfigureNumbered.native-resolve-display: +4ms (4ms)
2026-09-06T17:36:17.8213257+08:00 pid=85192 [perf] ConfigureNumbered.native-clear-artifacts: +58ms (62ms)
2026-09-06T17:36:18.0342654+08:00 pid=85192 [perf] ConfigureNumbered.native-measure-display: +213ms (275ms)
2026-09-06T17:36:18.0955748+08:00 pid=85192 [perf] ConfigureNumbered.native-ensure-table: +62ms (337ms)
2026-09-06T17:36:18.1005741+08:00 pid=85192 [perf] ConfigureNumbered.native-resolve-table-formula: +5ms (342ms)
2026-09-06T17:36:18.1015725+08:00 pid=85192 [perf] ConfigureNumbered.native-height-repair: +0ms (342ms)
2026-09-06T17:36:18.3215654+08:00 pid=85192 [perf] ConfigureNumbered.native-geometry: +220ms (562ms)
2026-09-06T17:36:18.3215654+08:00 pid=85192 [perf] ConfigureNumbered.native-1x3-table: +1ms (563ms)
2026-09-06T17:36:18.3255637+08:00 pid=85192 [perf] ConfigureNumbered.direct-number-plan: +3ms (566ms)
2026-09-06T17:36:18.9533405+08:00 pid=85192 [perf] ConfigureNumbered.direct-visible-seq: +628ms (1194ms)
2026-09-06T17:36:19.0973818+08:00 pid=85192 [perf] ConfigureNumbered.native-post-table-spacing: +145ms (1339ms)
2026-09-06T17:36:19.3076532+08:00 pid=85192 [perf] ConfigureNumbered.native-wrap-identity: +209ms (1548ms)
2026-09-06T17:36:19.5843664+08:00 pid=85192 [perf] ConfigureNumbered.native-resolve-display: +5ms (5ms)
2026-09-06T17:36:19.6406806+08:00 pid=85192 [perf] ConfigureNumbered.native-clear-artifacts: +56ms (61ms)
2026-09-06T17:36:19.8688143+08:00 pid=85192 [perf] ConfigureNumbered.native-measure-display: +228ms (289ms)
2026-09-06T17:36:19.9298163+08:00 pid=85192 [perf] ConfigureNumbered.native-ensure-table: +62ms (351ms)
2026-09-06T17:36:19.9338184+08:00 pid=85192 [perf] ConfigureNumbered.native-resolve-table-formula: +3ms (354ms)
2026-09-06T17:36:19.9338184+08:00 pid=85192 [perf] ConfigureNumbered.native-height-repair: +1ms (355ms)
2026-09-06T17:36:20.1582356+08:00 pid=85192 [perf] ConfigureNumbered.native-geometry: +224ms (579ms)
2026-09-06T17:36:20.1582356+08:00 pid=85192 [perf] ConfigureNumbered.native-1x3-table: +0ms (579ms)
2026-09-06T17:36:20.1602312+08:00 pid=85192 [perf] ConfigureNumbered.direct-number-plan: +2ms (581ms)
2026-09-06T17:36:20.8053078+08:00 pid=85192 [perf] ConfigureNumbered.direct-visible-seq: +645ms (1226ms)
2026-09-06T17:36:20.9605287+08:00 pid=85192 [perf] ConfigureNumbered.native-post-table-spacing: +155ms (1381ms)
2026-09-06T17:36:21.1522743+08:00 pid=85192 [perf] ConfigureNumbered.native-wrap-identity: +192ms (1573ms)
2026-09-06T17:36:21.4039309+08:00 pid=85192 [perf] ConfigureNumbered.native-resolve-display: +5ms (5ms)
2026-09-06T17:36:21.4464792+08:00 pid=85192 [perf] ConfigureNumbered.native-clear-artifacts: +42ms (47ms)
2026-09-06T17:36:21.6576593+08:00 pid=85192 [perf] ConfigureNumbered.native-measure-display: +212ms (259ms)
2026-09-06T17:36:21.7183409+08:00 pid=85192 [perf] ConfigureNumbered.native-ensure-table: +60ms (319ms)
2026-09-06T17:36:21.7223787+08:00 pid=85192 [perf] ConfigureNumbered.native-resolve-table-formula: +5ms (324ms)
2026-09-06T17:36:21.7233797+08:00 pid=85192 [perf] ConfigureNumbered.native-height-repair: +0ms (324ms)
2026-09-06T17:36:21.9571697+08:00 pid=85192 [perf] ConfigureNumbered.native-geometry: +235ms (559ms)
2026-09-06T17:36:21.9581686+08:00 pid=85192 [perf] ConfigureNumbered.native-1x3-table: +0ms (559ms)
2026-09-06T17:36:21.9581686+08:00 pid=85192 [perf] ConfigureNumbered.direct-number-plan: +1ms (560ms)
2026-09-06T17:36:22.6511360+08:00 pid=85192 [perf] ConfigureNumbered.direct-visible-seq: +692ms (1252ms)
2026-09-06T17:36:22.8058939+08:00 pid=85192 [perf] ConfigureNumbered.native-post-table-spacing: +155ms (1407ms)
2026-09-06T17:36:23.0017578+08:00 pid=85192 [perf] ConfigureNumbered.native-wrap-identity: +196ms (1603ms)
2026-09-06T17:36:23.2646248+08:00 pid=85192 [perf] ConfigureNumbered.native-resolve-display: +5ms (5ms)
2026-09-06T17:36:23.3116232+08:00 pid=85192 [perf] ConfigureNumbered.native-clear-artifacts: +47ms (52ms)
2026-09-06T17:36:23.5140250+08:00 pid=85192 [perf] ConfigureNumbered.native-measure-display: +202ms (254ms)
2026-09-06T17:36:23.5730272+08:00 pid=85192 [perf] ConfigureNumbered.native-ensure-table: +59ms (313ms)
2026-09-06T17:36:23.5780251+08:00 pid=85192 [perf] ConfigureNumbered.native-resolve-table-formula: +5ms (318ms)
2026-09-06T17:36:23.5780251+08:00 pid=85192 [perf] ConfigureNumbered.native-height-repair: +1ms (319ms)
2026-09-06T17:36:23.8076585+08:00 pid=85192 [perf] ConfigureNumbered.native-geometry: +229ms (548ms)
2026-09-06T17:36:23.8076585+08:00 pid=85192 [perf] ConfigureNumbered.native-1x3-table: +0ms (548ms)
2026-09-06T17:36:23.8096602+08:00 pid=85192 [perf] ConfigureNumbered.direct-number-plan: +2ms (550ms)
2026-09-06T17:36:24.4819537+08:00 pid=85192 [perf] ConfigureNumbered.direct-visible-seq: +672ms (1222ms)
2026-09-06T17:36:24.6555815+08:00 pid=85192 [perf] ConfigureNumbered.native-wrap-identity: +174ms (1396ms)
2026-09-06T17:36:24.6565800+08:00 pid=85192 [perf] Reconcile.configure-omml-formulas: +8811ms (12914ms)
2026-09-06T17:36:24.6585816+08:00 pid=85192 [perf] Reconcile.number-format-preference: +2ms (12916ms)
2026-09-06T17:36:24.6685808+08:00 pid=85192 [perf] Reconcile.remove-orphan-artifacts: +10ms (12926ms)
2026-09-06T17:36:24.6730817+08:00 pid=85192 [perf] Reconcile.rebuild-number-bookmarks-1: +4ms (12930ms)
2026-09-06T17:36:25.1964426+08:00 pid=85192 [perf] Reconcile.update-native-sequences: +524ms (13454ms)
2026-09-06T17:36:25.1994430+08:00 pid=85192 [perf] Reconcile.rebuild-number-bookmarks-2: +3ms (13457ms)
2026-09-06T17:36:25.2314454+08:00 pid=85192 [perf] Reconcile.update-main-story-fields: +32ms (13489ms)
2026-09-06T17:36:25.2314454+08:00 pid=85192 [perf] Reconcile.update-inline-number-fields: +0ms (13489ms)
