SESSION|a3f0cc2a-4340-47d2-84aa-2e221ad19d8c|doc=文档153|mode=create|object=wordOmml|display=block|numbered=False|status=failed|error=System.IO.InvalidDataException: Reference number bookmark 'VTEqNum_9c1479442a5d4b6089c88da72b17c73f' is missing.
   在 VisualTeX.WordVsto.WordEquationReferenceFields.ResolveNavigationBookmark(Document document, String numberBookmarkName)
   在 VisualTeX.WordVsto.WordEquationReferenceFields.UpdateNavigationTarget(Document document, Field outerField, String numberBookmarkName)
   在 VisualTeX.WordVsto.WordEquationReferenceFields.UpdateNavigableReferences(Document document, ISet`1 targetBookmarkNames)
   在 VisualTeX.WordVsto.WordEquationReferenceFields.UpdateReferences(Document document, ISet`1 targetBookmarkNames)
   在 VisualTeX.WordVsto.WordFormulaService.ApplyFormulaFormatConversionPlan(WordFormulaFormatConversionPlan plan, IReadOnlyDictionary`2 prepared)
   在 VisualTeX.WordVsto.OfficeUiDispatcher.<>c__DisplayClass4_0`1.<InvokeAsync>g__Execute|0()
--- 引发异常的上一位置中堆栈跟踪的末尾 ---
   在 System.Runtime.ExceptionServices.ExceptionDispatchInfo.Throw()
   在 System.Runtime.CompilerServices.TaskAwaiter.HandleNonSuccessAndDebuggerNotification(Task task)
   在 System.Runtime.CompilerServices.ConfiguredTaskAwaitable`1.ConfiguredTaskAwaiter.GetResult()
   在 VisualTeX.WordVsto.ThisAddIn.<ConvertFormulaFormatAsync>d__165.MoveNext()
SESSION|7cb13e23-130b-49b8-999d-8526c6fda079|doc=文档153|mode=create|object=wordOmml|display=block|numbered=False|status=failed|error=System.IO.InvalidDataException: Reference number bookmark 'VTEqNum_9c1479442a5d4b6089c88da72b17c73f' is missing.
   在 VisualTeX.WordVsto.WordEquationReferenceFields.ResolveNavigationBookmark(Document document, String numberBookmarkName)
   在 VisualTeX.WordVsto.WordEquationReferenceFields.UpdateNavigationTarget(Document document, Field outerField, String numberBookmarkName)
   在 VisualTeX.WordVsto.WordEquationReferenceFields.UpdateNavigableReferences(Document document, ISet`1 targetBookmarkNames)
   在 VisualTeX.WordVsto.WordEquationReferenceFields.UpdateReferences(Document document, ISet`1 targetBookmarkNames)
   在 VisualTeX.WordVsto.WordFormulaService.ApplyFormulaFormatConversionPlan(WordFormulaFormatConversionPlan plan, IReadOnlyDictionary`2 prepared)
   在 VisualTeX.WordVsto.OfficeUiDispatcher.<>c__DisplayClass4_0`1.<InvokeAsync>g__Execute|0()
--- 引发异常的上一位置中堆栈跟踪的末尾 ---
   在 System.Runtime.ExceptionServices.ExceptionDispatchInfo.Throw()
   在 System.Runtime.CompilerServices.TaskAwaiter.HandleNonSuccessAndDebuggerNotification(Task task)
   在 System.Runtime.CompilerServices.ConfiguredTaskAwaitable`1.ConfiguredTaskAwaiter.GetResult()
   在 VisualTeX.WordVsto.ThisAddIn.<ConvertFormulaFormatAsync>d__165.MoveNext()
SESSION|f037e143-01fc-47e3-ae17-8bec35803f60|doc=文档153|mode=create|object=wordOmml|display=block|numbered=False|status=failed|error=System.IO.InvalidDataException: Reference number bookmark 'VTEqNum_9c1479442a5d4b6089c88da72b17c73f' is missing.
   在 VisualTeX.WordVsto.WordEquationReferenceFields.ResolveNavigationBookmark(Document document, String numberBookmarkName)
   在 VisualTeX.WordVsto.WordEquationReferenceFields.UpdateNavigationTarget(Document document, Field outerField, String numberBookmarkName)
   在 VisualTeX.WordVsto.WordEquationReferenceFields.UpdateNavigableReferences(Document document, ISet`1 targetBookmarkNames)
   在 VisualTeX.WordVsto.WordEquationReferenceFields.UpdateReferences(Document document, ISet`1 targetBookmarkNames)
   在 VisualTeX.WordVsto.WordFormulaService.ApplyFormulaFormatConversionPlan(WordFormulaFormatConversionPlan plan, IReadOnlyDictionary`2 prepared)
   在 VisualTeX.WordVsto.OfficeUiDispatcher.<>c__DisplayClass4_0`1.<InvokeAsync>g__Execute|0()
--- 引发异常的上一位置中堆栈跟踪的末尾 ---
   在 System.Runtime.ExceptionServices.ExceptionDispatchInfo.Throw()
   在 System.Runtime.CompilerServices.TaskAwaiter.HandleNonSuccessAndDebuggerNotification(Task task)
   在 System.Runtime.CompilerServices.ConfiguredTaskAwaitable`1.ConfiguredTaskAwaiter.GetResult()
   在 VisualTeX.WordVsto.ThisAddIn.<ConvertFormulaFormatAsync>d__165.MoveNext()
SESSION|80a51562-1934-4bec-90f2-5e47577951e4|doc=文档153|mode=create|object=wordOmml|display=block|numbered=False|status=failed|error=System.IO.InvalidDataException: Reference number bookmark 'VTEqNum_9c1479442a5d4b6089c88da72b17c73f' is missing.
   在 VisualTeX.WordVsto.WordEquationReferenceFields.ResolveNavigationBookmark(Document document, String numberBookmarkName)
   在 VisualTeX.WordVsto.WordEquationReferenceFields.UpdateNavigationTarget(Document document, Field outerField, String numberBookmarkName)
   在 VisualTeX.WordVsto.WordEquationReferenceFields.UpdateNavigableReferences(Document document, ISet`1 targetBookmarkNames)
   在 VisualTeX.WordVsto.WordEquationReferenceFields.UpdateReferences(Document document, ISet`1 targetBookmarkNames)
   在 VisualTeX.WordVsto.WordFormulaService.ApplyFormulaFormatConversionPlan(WordFormulaFormatConversionPlan plan, IReadOnlyDictionary`2 prepared)
   在 VisualTeX.WordVsto.OfficeUiDispatcher.<>c__DisplayClass4_0`1.<InvokeAsync>g__Execute|0()
--- 引发异常的上一位置中堆栈跟踪的末尾 ---
   在 System.Runtime.ExceptionServices.ExceptionDispatchInfo.Throw()
   在 System.Runtime.CompilerServices.TaskAwaiter.HandleNonSuccessAndDebuggerNotification(Task task)
   在 System.Runtime.CompilerServices.ConfiguredTaskAwaitable`1.ConfiguredTaskAwaiter.GetResult()
   在 VisualTeX.WordVsto.ThisAddIn.<ConvertFormulaFormatAsync>d__165.MoveNext()
SESSION|3805eefd-0532-485f-ab61-b7f9160d0569|doc=文档153|mode=create|object=wordOmml|display=block|numbered=False|status=failed|error=System.IO.InvalidDataException: Reference number bookmark 'VTEqNum_9c1479442a5d4b6089c88da72b17c73f' is missing.
   在 VisualTeX.WordVsto.WordEquationReferenceFields.ResolveNavigationBookmark(Document document, String numberBookmarkName)
   在 VisualTeX.WordVsto.WordEquationReferenceFields.UpdateNavigationTarget(Document document, Field outerField, String numberBookmarkName)
   在 VisualTeX.WordVsto.WordEquationReferenceFields.UpdateNavigableReferences(Document document, ISet`1 targetBookmarkNames)
   在 VisualTeX.WordVsto.WordEquationReferenceFields.UpdateReferences(Document document, ISet`1 targetBookmarkNames)
   在 VisualTeX.WordVsto.WordFormulaService.ApplyFormulaFormatConversionPlan(WordFormulaFormatConversionPlan plan, IReadOnlyDictionary`2 prepared)
   在 VisualTeX.WordVsto.OfficeUiDispatcher.<>c__DisplayClass4_0`1.<InvokeAsync>g__Execute|0()
--- 引发异常的上一位置中堆栈跟踪的末尾 ---
   在 System.Runtime.ExceptionServices.ExceptionDispatchInfo.Throw()
   在 System.Runtime.CompilerServices.TaskAwaiter.HandleNonSuccessAndDebuggerNotification(Task task)
   在 System.Runtime.CompilerServices.ConfiguredTaskAwaitable`1.ConfiguredTaskAwaiter.GetResult()
   在 VisualTeX.WordVsto.ThisAddIn.<ConvertFormulaFormatAsync>d__165.MoveNext()
SESSION|b3b285ba-7ec0-4a50-97a2-089fea743f8c|doc=文档153|mode=create|object=wordOmml|display=inline|numbered=False|status=failed|error=System.IO.InvalidDataException: Reference number bookmark 'VTEqNum_9c1479442a5d4b6089c88da72b17c73f' is missing.
   在 VisualTeX.WordVsto.WordEquationReferenceFields.ResolveNavigationBookmark(Document document, String numberBookmarkName)
   在 VisualTeX.WordVsto.WordEquationReferenceFields.UpdateNavigationTarget(Document document, Field outerField, String numberBookmarkName)
   在 VisualTeX.WordVsto.WordEquationReferenceFields.UpdateNavigableReferences(Document document, ISet`1 targetBookmarkNames)
   在 VisualTeX.WordVsto.WordEquationReferenceFields.UpdateReferences(Document document, ISet`1 targetBookmarkNames)
   在 VisualTeX.WordVsto.WordFormulaService.ApplyFormulaFormatConversionPlan(WordFormulaFormatConversionPlan plan, IReadOnlyDictionary`2 prepared)
   在 VisualTeX.WordVsto.OfficeUiDispatcher.<>c__DisplayClass4_0`1.<InvokeAsync>g__Execute|0()
--- 引发异常的上一位置中堆栈跟踪的末尾 ---
   在 System.Runtime.ExceptionServices.ExceptionDispatchInfo.Throw()
   在 System.Runtime.CompilerServices.TaskAwaiter.HandleNonSuccessAndDebuggerNotification(Task task)
   在 System.Runtime.CompilerServices.ConfiguredTaskAwaitable`1.ConfiguredTaskAwaiter.GetResult()
   在 VisualTeX.WordVsto.ThisAddIn.<ConvertFormulaFormatAsync>d__165.MoveNext()
SESSION|c9fc7f88-7cf9-42b3-9d77-de948d506fff|doc=文档153|mode=create|object=wordOmml|display=block|numbered=False|status=failed|error=System.IO.InvalidDataException: Reference number bookmark 'VTEqNum_9c1479442a5d4b6089c88da72b17c73f' is missing.
   在 VisualTeX.WordVsto.WordEquationReferenceFields.ResolveNavigationBookmark(Document document, String numberBookmarkName)
   在 VisualTeX.WordVsto.WordEquationReferenceFields.UpdateNavigationTarget(Document document, Field outerField, String numberBookmarkName)
   在 VisualTeX.WordVsto.WordEquationReferenceFields.UpdateNavigableReferences(Document document, ISet`1 targetBookmarkNames)
   在 VisualTeX.WordVsto.WordEquationReferenceFields.UpdateReferences(Document document, ISet`1 targetBookmarkNames)
   在 VisualTeX.WordVsto.WordFormulaService.ApplyFormulaFormatConversionPlan(WordFormulaFormatConversionPlan plan, IReadOnlyDictionary`2 prepared)
   在 VisualTeX.WordVsto.OfficeUiDispatcher.<>c__DisplayClass4_0`1.<InvokeAsync>g__Execute|0()
--- 引发异常的上一位置中堆栈跟踪的末尾 ---
   在 System.Runtime.ExceptionServices.ExceptionDispatchInfo.Throw()
   在 System.Runtime.CompilerServices.TaskAwaiter.HandleNonSuccessAndDebuggerNotification(Task task)
   在 System.Runtime.CompilerServices.ConfiguredTaskAwaitable`1.ConfiguredTaskAwaiter.GetResult()
   在 VisualTeX.WordVsto.ThisAddIn.<ConvertFormulaFormatAsync>d__165.MoveNext()
SESSION|f3389a5a-6d39-4376-945a-84676a53b674|doc=文档153|mode=edit|object=nativeOle|display=block|numbered=True|status=completed|error=
{
    "path":  "C:\\Users\\pojian_liao\\AppData\\Local\\VisualTeX\\visualtex.exe",
    "sha256":  "3029A2FC92F646FABEAE17B4B7A2CF8820DA63DE926089F294A1086AD167F729",
    "process":  "visualtex"
}
