2026-09-06T10:52:08.5241891+08:00 pid=27764 tid=1 word-addin-loaded pid=27764 assembly=C:\Users\pojian_liao\AppData\Local\VisualTeX\office\remediation-builds\CCFDE9BD17E4FDDBF4E60640677C80C4D5079EA651AA61B428C5B5017D5CCC7A\VisualTeX.WordVsto.dll mvid=68ede432-c15e-4291-9994-1fb37fb10189
2026-09-06T10:52:08.9337825+08:00 pid=27764 tid=1 hook-started handle=0x23240
2026-09-06T10:52:09.1399169+08:00 pid=27764 tid=10 mathtype-native-preview-shared-prewarm-complete
2026-09-06T10:52:35.2101025+08:00 pid=27764 tid=12 left-down x=1190 y=747 wordForeground=False
2026-09-06T10:52:40.2244067+08:00 pid=27764 tid=1 word-undo-begin name=VisualTeX Insert Native OLE Display Formula recording=False level=0
2026-09-06T10:52:40.2254073+08:00 pid=27764 tid=1 word-undo-started name=VisualTeX Insert Native OLE Display Formula recording=True level=1
2026-09-06T10:52:40.4900786+08:00 pid=27764 tid=1 word-undo-end recording=True level=1
2026-09-06T10:52:40.5020778+08:00 pid=27764 tid=16 ribbon-session-operation-released sessionId=38d86336-7acf-49e2-bc73-a8d2142973e1
2026-09-06T10:52:49.7075756+08:00 pid=27764 tid=12 left-down x=2024 y=1163 wordForeground=True
2026-09-06T10:52:51.4606493+08:00 pid=27764 tid=1 word-xml-incomplete-export document=文档75 attempt=1 maths=0/0 oles=0/1
2026-09-06T10:52:51.5178343+08:00 pid=27764 tid=1 word-undo-begin name=VisualTeX Insert Equation Reference recording=False level=0
2026-09-06T10:52:51.5178343+08:00 pid=27764 tid=1 word-undo-started name=VisualTeX Insert Equation Reference recording=True level=1
2026-09-06T10:52:51.5498333+08:00 pid=27764 tid=1 word-undo-end recording=True level=1
2026-09-06T10:54:55.3420359+08:00 pid=27764 tid=12 left-down x=736 y=1258 wordForeground=False
2026-09-06T10:54:57.9841029+08:00 pid=27764 tid=12 left-down x=2120 y=899 wordForeground=False
2026-09-06T10:54:58.5593833+08:00 pid=27764 tid=12 left-down x=1190 y=747 wordForeground=False
2026-09-06T10:55:13.6224689+08:00 pid=27764 tid=12 left-down x=2024 y=1163 wordForeground=True
2026-09-06T10:56:54.9707392+08:00 pid=27764 tid=12 left-down x=1190 y=747 wordForeground=False
2026-09-06T10:57:09.6309275+08:00 pid=27764 tid=12 left-down x=2024 y=1163 wordForeground=True
2026-09-06T10:58:00.5424774+08:00 pid=27764 tid=12 left-down x=1140 y=1210 wordForeground=True
2026-09-06T10:58:01.1484191+08:00 pid=27764 tid=12 left-down x=1140 y=1210 wordForeground=True
2026-09-06T10:59:31.4463363+08:00 pid=27764 tid=12 left-down x=846 y=1203 wordForeground=True
2026-09-06T10:59:34.5469728+08:00 pid=27764 tid=12 left-down x=2211 y=1232 wordForeground=False
2026-09-06T10:59:37.2410636+08:00 pid=27764 tid=12 left-down x=1718 y=1090 wordForeground=True
2026-09-06T10:59:38.2405710+08:00 pid=27764 tid=12 left-down x=1634 y=1069 wordForeground=True
2026-09-06T10:59:42.7782717+08:00 pid=27764 tid=12 left-down x=1838 y=818 wordForeground=True
2026-09-06T11:00:21.7393178+08:00 pid=27764 tid=12 left-down x=1155 y=1210 wordForeground=True
2026-09-06T11:00:22.3418657+08:00 pid=27764 tid=12 left-down x=1155 y=1210 wordForeground=True
2026-09-06T11:01:25.6206376+08:00 pid=27764 tid=12 left-down x=1155 y=1060 wordForeground=True
2026-09-06T11:01:26.2516224+08:00 pid=27764 tid=12 left-down x=1155 y=1060 wordForeground=True
2026-09-06T11:03:19.6427612+08:00 pid=27764 tid=12 left-down x=872 y=865 wordForeground=True
2026-09-06T11:03:29.1820371+08:00 pid=27764 tid=12 left-down x=1190 y=747 wordForeground=False
2026-09-06T11:03:43.9103042+08:00 pid=27764 tid=12 left-down x=2024 y=1163 wordForeground=True
2026-09-06T11:04:28.3251533+08:00 pid=27764 tid=12 left-down x=1155 y=1210 wordForeground=True
2026-09-06T11:04:28.9727503+08:00 pid=27764 tid=12 left-down x=1155 y=1210 wordForeground=True
2026-09-06T11:04:48.5195742+08:00 pid=27764 tid=12 left-down x=1838 y=688 wordForeground=True
2026-09-06T11:05:32.9830765+08:00 pid=27764 tid=12 left-down x=1140 y=1207 wordForeground=True
2026-09-06T11:05:33.6154271+08:00 pid=27764 tid=12 left-down x=1140 y=1207 wordForeground=True
2026-09-06T11:06:57.1413046+08:00 pid=27764 tid=12 left-down x=1382 y=1120 wordForeground=False
2026-09-06T11:06:59.9132910+08:00 pid=27764 tid=12 left-down x=2178 y=458 wordForeground=False
2026-09-06T11:07:02.1513717+08:00 pid=27764 tid=12 left-down x=2492 y=460 wordForeground=False
2026-09-06T11:07:52.6921940+08:00 pid=27764 tid=12 left-down x=795 y=1222 wordForeground=True
2026-09-06T11:07:57.4738973+08:00 pid=27764 tid=12 left-down x=2315 y=1180 wordForeground=False
2026-09-06T11:09:29.9715196+08:00 pid=27764 tid=12 left-down x=2178 y=458 wordForeground=False
2026-09-06T11:10:07.1646403+08:00 pid=27764 tid=12 left-down x=1382 y=1120 wordForeground=False
2026-09-06T11:10:09.8334623+08:00 pid=27764 tid=12 left-down x=2492 y=460 wordForeground=False
2026-09-06T11:14:03.2485884+08:00 pid=27764 tid=12 left-down x=1190 y=747 wordForeground=False
2026-09-06T11:14:06.7022164+08:00 pid=27764 tid=12 left-down x=1665 y=747 wordForeground=False
2026-09-06T11:14:21.1052068+08:00 pid=27764 tid=12 left-down x=1190 y=747 wordForeground=False
2026-09-06T11:14:24.4881375+08:00 pid=27764 tid=12 left-down x=1665 y=747 wordForeground=False
2026-09-06T11:14:38.7519302+08:00 pid=27764 tid=12 left-down x=1190 y=747 wordForeground=False
2026-09-06T11:15:51.8471346+08:00 pid=27764 tid=12 left-down x=2024 y=1187 wordForeground=True
2026-09-06T11:17:34.7377937+08:00 pid=27764 tid=12 left-down x=1838 y=774 wordForeground=True
2026-09-06T11:20:18.9719252+08:00 pid=27764 tid=12 left-down x=1072 y=2130 wordForeground=True
2026-09-06T11:20:22.3677295+08:00 pid=27764 tid=12 left-down x=2255 y=1372 wordForeground=False
2026-09-06T11:20:23.5410056+08:00 pid=27764 tid=12 left-down x=2198 y=1441 wordForeground=True
2026-09-06T11:21:15.2901162+08:00 pid=27764 tid=12 left-down x=795 y=1238 wordForeground=True
2026-09-06T11:21:17.5539767+08:00 pid=27764 tid=12 left-down x=2192 y=1367 wordForeground=False
2026-09-06T11:21:18.6910906+08:00 pid=27764 tid=12 left-down x=740 y=1215 wordForeground=True
2026-09-06T11:22:19.7145701+08:00 pid=27764 tid=12 left-down x=1190 y=747 wordForeground=False
2026-09-06T11:22:23.1711138+08:00 pid=27764 tid=12 left-down x=1665 y=747 wordForeground=False
2026-09-06T11:22:37.1069674+08:00 pid=27764 tid=12 left-down x=1190 y=747 wordForeground=False
2026-09-06T11:22:40.7230969+08:00 pid=27764 tid=12 left-down x=1665 y=747 wordForeground=False
2026-09-06T11:22:54.6682338+08:00 pid=27764 tid=12 left-down x=1190 y=747 wordForeground=False
2026-09-06T11:23:11.2448730+08:00 pid=27764 tid=12 left-down x=2024 y=1187 wordForeground=True
2026-09-06T11:24:09.2033270+08:00 pid=27764 tid=12 left-down x=809 y=1245 wordForeground=True
2026-09-06T11:24:16.0462220+08:00 pid=27764 tid=12 left-down x=199 y=1498 wordForeground=False
2026-09-06T11:24:16.8286592+08:00 pid=27764 tid=12 left-down x=206 y=1485 wordForeground=False
2026-09-06T11:24:18.8068747+08:00 pid=27764 tid=12 left-down x=2049 y=1405 wordForeground=False
2026-09-06T11:30:08.4132554+08:00 pid=27764 tid=12 left-down x=1838 y=688 wordForeground=True
2026-09-06T11:30:56.3197968+08:00 pid=27764 tid=12 left-down x=1155 y=1337 wordForeground=True
2026-09-06T11:30:56.9705750+08:00 pid=27764 tid=12 left-down x=1155 y=1337 wordForeground=True
2026-09-06T11:41:59.9698338+08:00 pid=27764 tid=12 left-down x=806 y=1112 wordForeground=True
2026-09-06T11:42:44.1118384+08:00 pid=27764 tid=12 left-down x=239 y=1463 wordForeground=False
2026-09-06T11:42:47.9318103+08:00 pid=27764 tid=12 left-down x=1500 y=1569 wordForeground=False
2026-09-06T11:42:49.3096093+08:00 pid=27764 tid=12 left-down x=661 y=1211 wordForeground=True
2026-09-06T11:42:51.4577476+08:00 pid=27764 tid=12 left-down x=1925 y=1462 wordForeground=False
2026-09-06T11:42:57.3391923+08:00 pid=27764 tid=12 left-down x=1927 y=477 wordForeground=False
2026-09-06T11:43:13.1766559+08:00 pid=27764 tid=12 left-down x=2392 y=184 wordForeground=False
2026-09-06T11:43:15.9758175+08:00 pid=27764 tid=12 left-down x=145 y=94 wordForeground=False
2026-09-06T11:43:19.6353261+08:00 pid=27764 tid=12 left-down x=343 y=307 wordForeground=False
2026-09-06T11:43:22.5177694+08:00 pid=27764 tid=12 left-down x=1441 y=2145 wordForeground=False
2026-09-06T11:43:24.8712239+08:00 pid=27764 tid=12 left-down x=1057 y=2123 wordForeground=False
2026-09-06T11:43:26.0656246+08:00 pid=27764 tid=12 left-down x=1355 y=2138 wordForeground=False
2026-09-06T11:43:40.7935576+08:00 pid=27764 tid=12 left-down x=1076 y=1158 wordForeground=False
2026-09-06T11:43:49.0358795+08:00 pid=27764 tid=12 left-down x=1360 y=2079 wordForeground=False
2026-09-06T11:44:01.5579963+08:00 pid=27764 tid=12 left-down x=1353 y=2049 wordForeground=False
2026-09-06T11:44:03.9715662+08:00 pid=27764 tid=12 left-down x=1902 y=1224 wordForeground=True
2026-09-06T11:44:05.5701146+08:00 pid=27764 tid=12 left-down x=1620 y=1535 wordForeground=True
2026-09-06T11:44:07.6659181+08:00 pid=27764 tid=12 left-down x=880 y=1260 wordForeground=True
2026-09-06T11:48:43.4685550+08:00 pid=27764 tid=12 left-down x=1618 y=1245 wordForeground=True
2026-09-06T11:48:45.5761349+08:00 pid=27764 tid=12 left-down x=788 y=1222 wordForeground=True
2026-09-06T11:48:50.2897221+08:00 pid=27764 tid=12 left-down x=1329 y=1606 wordForeground=True
2026-09-06T11:48:55.1493110+08:00 pid=27764 tid=12 left-down x=780 y=1237 wordForeground=True
2026-09-06T11:48:59.1878250+08:00 pid=27764 tid=12 left-down x=1347 y=1604 wordForeground=False
2026-09-06T11:53:50.5704153+08:00 pid=27764 tid=12 left-down x=1083 y=2146 wordForeground=True
2026-09-06T11:54:07.0478164+08:00 pid=27764 tid=12 left-down x=1984 y=1086 wordForeground=False
2026-09-06T11:56:53.9254942+08:00 pid=27764 tid=12 left-down x=2024 y=1187 wordForeground=True
2026-09-06T11:57:01.6615800+08:00 pid=27764 tid=12 left-down x=1838 y=818 wordForeground=True
2026-09-06T12:09:32.2449802+08:00 pid=27764 tid=12 left-down x=2024 y=1187 wordForeground=True
2026-09-06T12:10:06.6264801+08:00 pid=27764 tid=12 left-down x=1838 y=688 wordForeground=True
2026-09-06T12:10:48.7910407+08:00 pid=27764 tid=12 left-down x=1151 y=1515 wordForeground=True
2026-09-06T12:10:49.3080507+08:00 pid=27764 tid=12 left-down x=1151 y=1515 wordForeground=True
2026-09-06T12:12:07.3384115+08:00 pid=27764 tid=12 left-down x=1838 y=774 wordForeground=True
2026-09-06T12:12:58.7129304+08:00 pid=27764 tid=12 left-down x=1170 y=1320 wordForeground=True
2026-09-06T12:12:59.2661373+08:00 pid=27764 tid=12 left-down x=1170 y=1320 wordForeground=True
2026-09-06T12:16:38.1776208+08:00 pid=27764 tid=12 left-down x=801 y=814 wordForeground=True
2026-09-06T12:16:39.9568957+08:00 pid=27764 tid=12 left-down x=1006 y=849 wordForeground=False
2026-09-06T12:19:29.6001098+08:00 pid=27764 tid=12 left-down x=2024 y=1187 wordForeground=True
2026-09-06T12:19:37.5249344+08:00 pid=27764 tid=12 left-down x=1838 y=688 wordForeground=True
2026-09-06T12:30:32.8176273+08:00 pid=27764 tid=12 left-down x=2024 y=1187 wordForeground=True
2026-09-06T12:36:36.6393018+08:00 pid=27764 tid=12 left-down x=2024 y=1187 wordForeground=True
2026-09-06T12:38:56.1461143+08:00 pid=27764 tid=12 left-down x=2024 y=1187 wordForeground=True
2026-09-06T12:40:48.6136864+08:00 pid=27764 tid=12 left-down x=1838 y=860 wordForeground=True
2026-09-06T12:41:32.5057494+08:00 pid=27764 tid=12 left-down x=1183 y=1627 wordForeground=True
2026-09-06T12:41:33.1715616+08:00 pid=27764 tid=12 left-down x=1183 y=1627 wordForeground=True
2026-09-06T12:42:48.5912227+08:00 pid=27764 tid=12 left-down x=1838 y=732 wordForeground=True
2026-09-06T12:44:29.1981274+08:00 pid=27764 tid=12 left-down x=1838 y=688 wordForeground=True
2026-09-06T12:51:11.5528306+08:00 pid=27764 tid=12 left-down x=1302 y=747 wordForeground=False
2026-09-06T12:52:21.9458109+08:00 pid=27764 tid=12 left-down x=2058 y=1197 wordForeground=True
2026-09-06T12:59:16.9496653+08:00 pid=27764 tid=12 left-down x=1302 y=747 wordForeground=False
2026-09-06T13:00:33.6919658+08:00 pid=27764 tid=12 left-down x=2024 y=1163 wordForeground=True
2026-09-06T13:03:49.7958534+08:00 pid=27764 tid=12 left-down x=846 y=1216 wordForeground=False
2026-09-06T13:04:06.5767336+08:00 pid=27764 tid=12 left-down x=1992 y=1336 wordForeground=True
2026-09-06T13:04:08.6138837+08:00 pid=27764 tid=12 left-down x=1947 y=1234 wordForeground=True
2026-09-06T13:04:10.3907058+08:00 pid=27764 tid=12 left-down x=1796 y=1396 wordForeground=True
2026-09-06T13:04:11.5503282+08:00 pid=27764 tid=12 left-down x=1602 y=1458 wordForeground=True
2026-09-06T13:05:18.4194852+08:00 pid=27764 tid=12 left-down x=851 y=1174 wordForeground=False
2026-09-06T13:06:17.5395858+08:00 pid=27764 tid=12 left-down x=1302 y=747 wordForeground=False
2026-09-06T13:08:48.1548402+08:00 pid=27764 tid=12 left-down x=1302 y=747 wordForeground=True
2026-09-06T13:09:21.6190718+08:00 pid=27764 tid=12 left-down x=807 y=1221 wordForeground=False
2026-09-06T13:09:26.6542863+08:00 pid=27764 tid=12 left-down x=2025 y=1437 wordForeground=True
2026-09-06T13:09:28.1549699+08:00 pid=27764 tid=12 left-down x=1854 y=1262 wordForeground=True
2026-09-06T13:09:29.2853665+08:00 pid=27764 tid=12 left-down x=1605 y=1330 wordForeground=True
2026-09-06T13:11:25.5100982+08:00 pid=27764 tid=12 left-down x=2024 y=1163 wordForeground=True
2026-09-06T13:14:21.6977686+08:00 pid=27764 tid=12 left-down x=801 y=1230 wordForeground=False
2026-09-06T13:14:41.7182485+08:00 pid=27764 tid=12 left-down x=909 y=1354 wordForeground=False
2026-09-06T13:16:13.0176730+08:00 pid=27764 tid=12 left-down x=854 y=1380 wordForeground=False
2026-09-06T13:16:15.0681107+08:00 pid=27764 tid=12 left-down x=1838 y=1436 wordForeground=False
2026-09-06T13:20:48.1113627+08:00 pid=27764 tid=12 left-down x=897 y=1337 wordForeground=False
2026-09-06T13:22:16.6320642+08:00 pid=27764 tid=12 left-down x=1079 y=2134 wordForeground=True
2026-09-06T13:23:31.0538535+08:00 pid=27764 tid=12 left-down x=912 y=1198 wordForeground=True
2026-09-06T13:23:56.3967825+08:00 pid=27764 tid=12 left-down x=300 y=15 wordForeground=False
2026-09-06T13:25:29.3620269+08:00 pid=27764 tid=12 left-down x=832 y=1274 wordForeground=False
2026-09-06T13:28:26.4134870+08:00 pid=27764 tid=12 left-down x=663 y=1262 wordForeground=False
2026-09-06T13:28:53.0591139+08:00 pid=27764 tid=12 left-down x=1317 y=747 wordForeground=False
2026-09-06T13:28:56.4185116+08:00 pid=27764 tid=12 left-down x=1792 y=747 wordForeground=False
2026-09-06T13:29:58.9373431+08:00 pid=27764 tid=12 left-down x=1317 y=747 wordForeground=False
2026-09-06T13:30:02.3918559+08:00 pid=27764 tid=12 left-down x=1792 y=747 wordForeground=False
2026-09-06T13:31:56.7933099+08:00 pid=27764 tid=12 left-down x=2024 y=1187 wordForeground=True
2026-09-06T13:33:21.5598384+08:00 pid=27764 tid=12 left-down x=895 y=904 wordForeground=False
2026-09-06T13:34:33.7055504+08:00 pid=27764 tid=12 left-down x=1838 y=860 wordForeground=True
2026-09-06T13:35:08.9454143+08:00 pid=27764 tid=12 left-down x=766 y=1265 wordForeground=False
2026-09-06T13:40:46.3003618+08:00 pid=27764 tid=12 left-down x=1317 y=747 wordForeground=False
2026-09-06T13:40:49.7310802+08:00 pid=27764 tid=12 left-down x=1792 y=747 wordForeground=False
2026-09-06T13:41:58.1478103+08:00 pid=27764 tid=12 left-down x=1317 y=747 wordForeground=False
2026-09-06T13:42:01.4575158+08:00 pid=27764 tid=12 left-down x=1792 y=747 wordForeground=False
2026-09-06T13:43:10.6019219+08:00 pid=27764 tid=12 left-down x=2024 y=1187 wordForeground=True
2026-09-06T13:51:23.2947359+08:00 pid=27764 tid=12 left-down x=1172 y=1508 wordForeground=True
2026-09-06T13:51:23.9643809+08:00 pid=27764 tid=12 left-down x=1172 y=1508 wordForeground=True
2026-09-06T13:52:14.6084895+08:00 pid=27764 tid=12 left-down x=1172 y=1088 wordForeground=True
2026-09-06T13:52:15.3167556+08:00 pid=27764 tid=12 left-down x=1172 y=1088 wordForeground=True
2026-09-06T13:56:10.8270953+08:00 pid=27764 tid=12 left-down x=1317 y=747 wordForeground=False
2026-09-06T13:56:14.1333199+08:00 pid=27764 tid=12 left-down x=1792 y=747 wordForeground=False
2026-09-06T13:57:06.4748831+08:00 pid=27764 tid=12 left-down x=1317 y=747 wordForeground=False
2026-09-06T13:57:09.9257827+08:00 pid=27764 tid=12 left-down x=1792 y=747 wordForeground=False
2026-09-06T13:58:06.3275138+08:00 pid=27764 tid=12 left-down x=2024 y=1187 wordForeground=True
2026-09-06T14:03:33.0795274+08:00 pid=27764 tid=12 left-down x=1317 y=747 wordForeground=False
2026-09-06T14:03:36.3197703+08:00 pid=27764 tid=12 left-down x=1792 y=747 wordForeground=False
2026-09-06T14:04:16.8345184+08:00 pid=27764 tid=12 left-down x=1317 y=747 wordForeground=False
2026-09-06T14:04:20.2634208+08:00 pid=27764 tid=12 left-down x=1792 y=747 wordForeground=False
2026-09-06T14:05:25.0861360+08:00 pid=27764 tid=12 left-down x=2024 y=1187 wordForeground=True
2026-09-06T14:07:17.2173625+08:00 pid=27764 tid=12 left-down x=1838 y=688 wordForeground=True
2026-09-06T14:08:16.8991569+08:00 pid=27764 tid=12 left-down x=1141 y=1508 wordForeground=True
2026-09-06T14:08:17.4825432+08:00 pid=27764 tid=12 left-down x=1141 y=1508 wordForeground=True
2026-09-06T14:13:46.9543141+08:00 pid=27764 tid=12 left-down x=1141 y=1508 wordForeground=True
2026-09-06T14:13:47.5076750+08:00 pid=27764 tid=12 left-down x=1141 y=1508 wordForeground=True
2026-09-06T14:16:20.6291058+08:00 pid=27764 tid=12 left-down x=1317 y=747 wordForeground=False
2026-09-06T14:16:23.9806288+08:00 pid=27764 tid=12 left-down x=1792 y=747 wordForeground=False
2026-09-06T14:17:35.6199566+08:00 pid=27764 tid=12 left-down x=1317 y=747 wordForeground=False
2026-09-06T14:17:39.1581785+08:00 pid=27764 tid=12 left-down x=1792 y=747 wordForeground=False
2026-09-06T14:18:31.6432111+08:00 pid=27764 tid=12 left-down x=2024 y=1187 wordForeground=True
2026-09-06T14:20:28.7154784+08:00 pid=27764 tid=12 left-down x=1838 y=860 wordForeground=True
2026-09-06T14:21:51.3826928+08:00 pid=27764 tid=12 left-down x=1172 y=1568 wordForeground=True
2026-09-06T14:21:51.9212631+08:00 pid=27764 tid=12 left-down x=1172 y=1568 wordForeground=True
2026-09-06T14:22:33.2431322+08:00 pid=27764 tid=12 left-down x=1382 y=1120 wordForeground=False
2026-09-06T14:22:35.6571709+08:00 pid=27764 tid=12 left-down x=2178 y=458 wordForeground=False
2026-09-06T14:22:38.2835567+08:00 pid=27764 tid=12 left-down x=2492 y=460 wordForeground=False
2026-09-06T14:30:54.9065324+08:00 pid=27764 tid=12 left-down x=1382 y=1120 wordForeground=False
2026-09-06T14:30:57.1660136+08:00 pid=27764 tid=12 left-down x=2178 y=458 wordForeground=False
2026-09-06T14:30:59.4626067+08:00 pid=27764 tid=12 left-down x=2492 y=460 wordForeground=False
2026-09-06T14:32:40.4798843+08:00 pid=27764 tid=12 left-down x=2332 y=460 wordForeground=False
2026-09-06T14:37:40.9809759+08:00 pid=27764 tid=12 left-down x=1382 y=1120 wordForeground=False
2026-09-06T14:37:43.5722829+08:00 pid=27764 tid=12 left-down x=2332 y=460 wordForeground=False
2026-09-06T14:37:45.9848116+08:00 pid=27764 tid=12 left-down x=2492 y=460 wordForeground=False
2026-09-06T14:39:06.7137668+08:00 pid=27764 tid=12 left-down x=2024 y=1259 wordForeground=True
2026-09-06T14:39:15.2975819+08:00 pid=27764 tid=12 left-down x=1838 y=688 wordForeground=True
2026-09-06T14:46:02.8581417+08:00 pid=27764 tid=12 left-down x=1838 y=860 wordForeground=True
2026-09-06T14:46:11.3314733+08:00 pid=27764 tid=12 left-down x=1382 y=1120 wordForeground=False
2026-09-06T14:47:27.9544248+08:00 pid=27764 tid=12 left-down x=2332 y=460 wordForeground=False
2026-09-06T14:47:30.7160384+08:00 pid=27764 tid=12 left-down x=2492 y=460 wordForeground=False
2026-09-06T14:48:35.9099303+08:00 pid=27764 tid=12 left-down x=2024 y=1259 wordForeground=True
2026-09-06T14:48:44.2561266+08:00 pid=27764 tid=12 left-down x=1838 y=688 wordForeground=True
2026-09-06T14:49:32.6011296+08:00 pid=27764 tid=12 left-down x=1136 y=1941 wordForeground=True
2026-09-06T14:49:33.2217771+08:00 pid=27764 tid=12 left-down x=1136 y=1941 wordForeground=True
2026-09-06T14:50:12.7513498+08:00 pid=27764 tid=12 left-down x=1838 y=860 wordForeground=True
2026-09-06T14:53:21.1474097+08:00 pid=27764 tid=12 left-down x=1838 y=688 wordForeground=True
2026-09-06T14:53:30.0027193+08:00 pid=27764 tid=12 left-down x=1382 y=1120 wordForeground=False
2026-09-06T14:53:32.7765432+08:00 pid=27764 tid=12 left-down x=2332 y=460 wordForeground=False
2026-09-06T14:53:35.1148299+08:00 pid=27764 tid=12 left-down x=2492 y=460 wordForeground=False
2026-09-06T14:55:35.4531565+08:00 pid=27764 tid=12 left-down x=2024 y=1187 wordForeground=True
2026-09-06T14:59:40.0256679+08:00 pid=27764 tid=12 left-down x=1776 y=1270 wordForeground=False
2026-09-06T15:07:01.4519240+08:00 pid=27764 tid=12 left-down x=1140 y=1245 wordForeground=True
2026-09-06T15:07:01.9429809+08:00 pid=27764 tid=12 left-down x=1140 y=1245 wordForeground=True
2026-09-06T15:07:01.9439788+08:00 pid=27764 tid=12 double-click elapsedMs=491.016 withinX=True withinY=True nativeOleTarget=False suppressSecondDown=False dispatchCallback=True
2026-09-06T15:07:02.0458991+08:00 pid=27764 tid=19 callback-begin interceptedNativeOle=False x=1140 y=1245
2026-09-06T15:07:02.0465983+08:00 pid=27764 tid=19 addin-callback-received interceptedNativeOle=False x=1140 y=1245
2026-09-06T15:07:02.0476005+08:00 pid=27764 tid=19 callback-end
2026-09-06T15:07:02.0525974+08:00 pid=27764 tid=1 addin-coordinate-selection formulaId=<null> objectMode=<null>
2026-09-06T15:09:35.3948449+08:00 pid=27764 tid=12 left-down x=1776 y=1270 wordForeground=False
2026-09-06T15:21:10.5788764+08:00 pid=27764 tid=12 left-down x=1838 y=688 wordForeground=True
2026-09-06T15:21:35.0093279+08:00 pid=27764 tid=12 left-down x=1382 y=1120 wordForeground=False
2026-09-06T15:21:37.8247048+08:00 pid=27764 tid=12 left-down x=2332 y=460 wordForeground=False
2026-09-06T15:21:40.1753439+08:00 pid=27764 tid=12 left-down x=2492 y=460 wordForeground=False
2026-09-06T15:22:32.4766158+08:00 pid=27764 tid=12 left-down x=2024 y=1187 wordForeground=True
2026-09-06T15:26:36.6248525+08:00 pid=27764 tid=12 left-down x=1140 y=1088 wordForeground=True
2026-09-06T15:26:37.2450651+08:00 pid=27764 tid=12 left-down x=1140 y=1088 wordForeground=True
2026-09-06T15:27:09.1442335+08:00 pid=27764 tid=12 left-down x=1838 y=688 wordForeground=True
2026-09-06T15:27:51.6131765+08:00 pid=27764 tid=12 left-down x=1382 y=1120 wordForeground=False
2026-09-06T15:27:54.5248674+08:00 pid=27764 tid=12 left-down x=2332 y=460 wordForeground=False
2026-09-06T15:27:56.8904122+08:00 pid=27764 tid=12 left-down x=2492 y=460 wordForeground=False
2026-09-06T15:29:57.1464040+08:00 pid=27764 tid=12 left-down x=1776 y=1270 wordForeground=False
2026-09-06T15:30:43.1977187+08:00 pid=27764 tid=12 left-down x=2024 y=1187 wordForeground=True
2026-09-06T15:31:48.4978222+08:00 pid=27764 tid=12 left-down x=698 y=1234 wordForeground=False
2026-09-06T15:31:52.2384007+08:00 pid=27764 tid=12 left-down x=1685 y=1610 wordForeground=True
2026-09-06T15:33:03.3800176+08:00 pid=27764 tid=12 left-down x=1838 y=860 wordForeground=True
2026-09-06T15:33:48.4105336+08:00 pid=27764 tid=12 left-down x=219 y=1479 wordForeground=False
2026-09-06T15:33:54.3538691+08:00 pid=27764 tid=12 left-down x=1323 y=1598 wordForeground=False
2026-09-06T15:35:00.4796051+08:00 pid=27764 tid=12 left-down x=1170 y=1088 wordForeground=True
2026-09-06T15:35:01.1409974+08:00 pid=27764 tid=12 left-down x=1170 y=1088 wordForeground=True
2026-09-06T15:35:43.3727089+08:00 pid=27764 tid=12 left-down x=837 y=1166 wordForeground=False
2026-09-06T15:36:00.1480529+08:00 pid=27764 tid=12 left-down x=2078 y=1366 wordForeground=True
2026-09-06T15:37:05.3402187+08:00 pid=27764 tid=12 left-down x=1776 y=1270 wordForeground=False
2026-09-06T15:46:37.0893208+08:00 pid=27764 tid=12 left-down x=1838 y=688 wordForeground=True
2026-09-06T15:46:45.7588389+08:00 pid=27764 tid=12 left-down x=1382 y=1120 wordForeground=False
2026-09-06T15:46:48.9526497+08:00 pid=27764 tid=12 left-down x=2332 y=460 wordForeground=False
2026-09-06T15:46:50.9881978+08:00 pid=27764 tid=12 left-down x=2492 y=460 wordForeground=False
2026-09-06T15:49:12.8518309+08:00 pid=27764 tid=12 left-down x=1776 y=1270 wordForeground=False
2026-09-06T15:50:00.8205310+08:00 pid=27764 tid=12 left-down x=2024 y=1187 wordForeground=True
2026-09-06T15:50:09.8915231+08:00 pid=27764 tid=12 left-down x=1838 y=860 wordForeground=True
2026-09-06T15:54:09.3457600+08:00 pid=27764 tid=12 left-down x=1170 y=1118 wordForeground=True
2026-09-06T15:54:09.9466355+08:00 pid=27764 tid=12 left-down x=1170 y=1118 wordForeground=True
2026-09-06T15:54:20.4446443+08:00 pid=27764 tid=12 left-down x=1776 y=1270 wordForeground=False
2026-09-06T15:55:19.1881289+08:00 pid=27764 tid=12 left-down x=758 y=1250 wordForeground=False
2026-09-06T15:55:45.1230675+08:00 pid=27764 tid=12 left-down x=820 y=1253 wordForeground=False
2026-09-06T15:55:56.7832289+08:00 pid=27764 tid=12 left-down x=2051 y=1093 wordForeground=True
2026-09-06T15:57:04.8348455+08:00 pid=27764 tid=12 left-down x=763 y=1216 wordForeground=False
2026-09-06T15:57:06.9813623+08:00 pid=27764 tid=12 left-down x=2028 y=1110 wordForeground=True
2026-09-06T15:57:09.9914353+08:00 pid=27764 tid=12 left-down x=770 y=1090 wordForeground=False
2026-09-06T15:57:11.7017530+08:00 pid=27764 tid=12 left-down x=618 y=1046 wordForeground=False
2026-09-06T15:57:15.8229324+08:00 pid=27764 tid=12 left-down x=1892 y=402 wordForeground=False
2026-09-06T15:57:20.7001768+08:00 pid=27764 tid=12 left-down x=1965 y=1091 wordForeground=True
2026-09-06T15:57:24.2264129+08:00 pid=27764 tid=12 left-down x=717 y=1085 wordForeground=False
2026-09-06T15:57:26.4275305+08:00 pid=27764 tid=12 left-down x=620 y=1012 wordForeground=False
2026-09-06T15:57:29.1301457+08:00 pid=27764 tid=12 left-down x=1896 y=398 wordForeground=False
2026-09-06T15:57:33.7725361+08:00 pid=27764 tid=12 left-down x=1979 y=1077 wordForeground=True
2026-09-06T16:04:19.4668207+08:00 pid=27764 tid=12 left-down x=153 y=1448 wordForeground=False
2026-09-06T16:04:22.7708297+08:00 pid=27764 tid=12 left-down x=963 y=1227 wordForeground=False
2026-09-06T16:05:05.4513079+08:00 pid=27764 tid=12 left-down x=1838 y=688 wordForeground=True
2026-09-06T16:05:14.0128990+08:00 pid=27764 tid=12 left-down x=1382 y=1120 wordForeground=False
2026-09-06T16:05:16.8122433+08:00 pid=27764 tid=12 left-down x=2332 y=460 wordForeground=False
2026-09-06T16:05:19.3149082+08:00 pid=27764 tid=12 left-down x=2492 y=460 wordForeground=False
2026-09-06T16:06:52.3369423+08:00 pid=27764 tid=12 left-down x=1776 y=1270 wordForeground=False
2026-09-06T16:08:00.2113421+08:00 pid=27764 tid=12 left-down x=2024 y=1187 wordForeground=True
2026-09-06T16:08:20.9161108+08:00 pid=27764 tid=12 left-down x=1838 y=860 wordForeground=True
2026-09-06T16:12:08.1017612+08:00 pid=27764 tid=12 left-down x=1776 y=1270 wordForeground=False
2026-09-06T16:15:15.9993158+08:00 pid=27764 tid=12 left-down x=772 y=1266 wordForeground=False
2026-09-06T16:15:24.9204100+08:00 pid=27764 tid=12 left-down x=1844 y=1725 wordForeground=True
2026-09-06T16:18:11.6489248+08:00 pid=27764 tid=12 left-down x=1776 y=1270 wordForeground=False
2026-09-06T16:26:34.0044124+08:00 pid=27764 tid=12 left-down x=1382 y=1120 wordForeground=False
2026-09-06T16:26:36.5446422+08:00 pid=27764 tid=12 left-down x=2332 y=460 wordForeground=False
2026-09-06T16:26:38.8811689+08:00 pid=27764 tid=12 left-down x=2492 y=460 wordForeground=False
2026-09-06T16:27:41.2028349+08:00 pid=27764 tid=12 left-down x=713 y=1227 wordForeground=False
2026-09-06T16:27:46.9357897+08:00 pid=27764 tid=12 left-down x=1874 y=1436 wordForeground=True
2026-09-06T16:27:57.6110781+08:00 pid=27764 tid=12 left-down x=700 y=1238 wordForeground=False
2026-09-06T16:28:02.8075000+08:00 pid=27764 tid=12 left-down x=1742 y=1814 wordForeground=True
2026-09-06T16:28:20.2620395+08:00 pid=27764 tid=12 left-down x=2024 y=1187 wordForeground=True
2026-09-06T16:29:40.0961546+08:00 pid=27764 tid=12 left-down x=1172 y=1836 wordForeground=True
2026-09-06T16:29:40.6652895+08:00 pid=27764 tid=12 left-down x=1172 y=1836 wordForeground=True
2026-09-06T16:30:24.8248738+08:00 pid=27764 tid=12 left-down x=739 y=1231 wordForeground=False
2026-09-06T16:30:36.0710369+08:00 pid=27764 tid=12 left-down x=1776 y=1270 wordForeground=False
2026-09-06T16:40:50.4672356+08:00 pid=27764 tid=12 left-down x=1382 y=1120 wordForeground=False
2026-09-06T16:40:52.9572952+08:00 pid=27764 tid=12 left-down x=2332 y=460 wordForeground=False
2026-09-06T16:40:55.4778430+08:00 pid=27764 tid=12 left-down x=2492 y=460 wordForeground=False
2026-09-06T16:43:15.7213226+08:00 pid=27764 tid=12 left-down x=1776 y=1270 wordForeground=False
2026-09-06T16:44:46.5743181+08:00 pid=27764 tid=12 left-down x=2024 y=1187 wordForeground=True
2026-09-06T16:45:51.4497650+08:00 pid=27764 tid=12 left-down x=691 y=1252 wordForeground=False
2026-09-06T16:46:01.0303711+08:00 pid=27764 tid=12 left-down x=191 y=1485 wordForeground=False
2026-09-06T16:46:03.9306274+08:00 pid=27764 tid=12 left-down x=2508 y=1121 wordForeground=True
2026-09-06T16:47:31.7766787+08:00 pid=27764 tid=12 left-down x=776 y=1255 wordForeground=False
2026-09-06T16:47:44.9644439+08:00 pid=27764 tid=12 left-down x=710 y=994 wordForeground=False
2026-09-06T16:47:46.8057253+08:00 pid=27764 tid=12 left-down x=699 y=1023 wordForeground=False
2026-09-06T16:47:48.4772854+08:00 pid=27764 tid=12 left-down x=743 y=1042 wordForeground=False
2026-09-06T16:47:50.9704835+08:00 pid=27764 tid=12 left-down x=764 y=1021 wordForeground=False
2026-09-06T16:47:54.9959766+08:00 pid=27764 tid=12 left-down x=831 y=1077 wordForeground=False
2026-09-06T16:48:05.3080682+08:00 pid=27764 tid=12 left-down x=1046 y=1329 wordForeground=False
2026-09-06T16:48:39.3807375+08:00 pid=27764 tid=12 left-down x=271 y=1440 wordForeground=False
2026-09-06T16:48:41.1724909+08:00 pid=27764 tid=12 left-down x=253 y=1462 wordForeground=False
2026-09-06T16:48:44.9367234+08:00 pid=27764 tid=12 left-down x=270 y=1333 wordForeground=False
2026-09-06T16:48:47.1805592+08:00 pid=27764 tid=12 left-down x=196 y=705 wordForeground=False
2026-09-06T16:48:51.7116797+08:00 pid=27764 tid=12 left-down x=135 y=384 wordForeground=False
2026-09-06T16:58:19.3564478+08:00 pid=27764 tid=12 left-down x=1382 y=1120 wordForeground=False
2026-09-06T16:58:22.3352033+08:00 pid=27764 tid=12 left-down x=2332 y=460 wordForeground=False
2026-09-06T16:58:24.8308904+08:00 pid=27764 tid=12 left-down x=2492 y=460 wordForeground=False
2026-09-06T16:59:24.6409339+08:00 pid=27764 tid=12 left-down x=1776 y=1270 wordForeground=False
2026-09-06T17:00:19.1646693+08:00 pid=27764 tid=12 left-down x=2024 y=1187 wordForeground=True
2026-09-06T17:03:55.0332460+08:00 pid=27764 tid=12 left-down x=711 y=1181 wordForeground=False
2026-09-06T17:04:02.8588407+08:00 pid=27764 tid=12 left-down x=2039 y=1034 wordForeground=True
2026-09-06T17:04:12.4141141+08:00 pid=27764 tid=12 left-down x=759 y=1233 wordForeground=False
2026-09-06T17:06:41.4885041+08:00 pid=27764 tid=12 left-down x=672 y=1256 wordForeground=False
2026-09-06T17:06:50.1787301+08:00 pid=27764 tid=12 left-down x=250 y=1460 wordForeground=False
2026-09-06T17:06:53.1107879+08:00 pid=27764 tid=12 left-down x=902 y=1143 wordForeground=False
2026-09-06T17:08:07.6978699+08:00 pid=27764 tid=12 left-down x=1382 y=1120 wordForeground=False
2026-09-06T17:08:10.2611454+08:00 pid=27764 tid=12 left-down x=2332 y=460 wordForeground=False
2026-09-06T17:08:12.8440978+08:00 pid=27764 tid=12 left-down x=2492 y=460 wordForeground=False
2026-09-06T17:08:28.2601237+08:00 pid=27764 tid=12 left-down x=1776 y=1270 wordForeground=False
2026-09-06T17:08:41.3526943+08:00 pid=27764 tid=12 left-down x=2024 y=1187 wordForeground=True
2026-09-06T17:09:36.4728434+08:00 pid=27764 tid=12 left-down x=841 y=1058 wordForeground=True
2026-09-06T17:10:30.3591544+08:00 pid=27764 tid=12 left-down x=1945 y=1414 wordForeground=True
2026-09-06T17:10:34.6448508+08:00 pid=27764 tid=12 left-down x=782 y=1229 wordForeground=False
2026-09-06T17:10:37.8118062+08:00 pid=27764 tid=12 left-down x=720 y=1078 wordForeground=False
2026-09-06T17:10:40.9696136+08:00 pid=27764 tid=12 left-down x=607 y=974 wordForeground=False
2026-09-06T17:10:44.4819528+08:00 pid=27764 tid=12 left-down x=1871 y=407 wordForeground=False
2026-09-06T17:10:48.5760633+08:00 pid=27764 tid=12 left-down x=2301 y=1453 wordForeground=True
2026-09-06T17:11:37.1474671+08:00 pid=27764 tid=12 left-down x=1776 y=1270 wordForeground=False
2026-09-06T17:13:19.2320245+08:00 pid=27764 tid=12 left-down x=837 y=1224 wordForeground=False
2026-09-06T17:14:15.8170458+08:00 pid=27764 tid=12 left-down x=1838 y=688 wordForeground=True
2026-09-06T17:15:24.3071909+08:00 pid=27764 tid=12 left-down x=1141 y=1087 wordForeground=True
2026-09-06T17:15:24.8169115+08:00 pid=27764 tid=12 left-down x=1141 y=1087 wordForeground=True
2026-09-06T17:16:50.1963225+08:00 pid=27764 tid=12 left-down x=779 y=1278 wordForeground=False
2026-09-06T17:18:48.9455074+08:00 pid=27764 tid=12 left-down x=770 y=1201 wordForeground=False
2026-09-06T17:18:56.0621395+08:00 pid=27764 tid=12 left-down x=2258 y=1350 wordForeground=True
2026-09-06T17:20:34.2157415+08:00 pid=27764 tid=12 left-down x=1382 y=1120 wordForeground=False
2026-09-06T17:20:36.6379079+08:00 pid=27764 tid=12 left-down x=2332 y=460 wordForeground=False
2026-09-06T17:20:39.3203013+08:00 pid=27764 tid=12 left-down x=2492 y=460 wordForeground=False
2026-09-06T17:22:10.5563320+08:00 pid=27764 tid=12 left-down x=1935 y=1345 wordForeground=True
2026-09-06T17:22:13.8489424+08:00 pid=27764 tid=12 left-down x=1808 y=1615 wordForeground=True
2026-09-06T17:23:05.2179668+08:00 pid=27764 tid=12 left-down x=1776 y=1270 wordForeground=False
2026-09-06T17:23:33.3578704+08:00 pid=27764 tid=12 left-down x=2024 y=1187 wordForeground=True
2026-09-06T17:32:01.2364295+08:00 pid=27764 tid=12 left-down x=868 y=930 wordForeground=False
2026-09-06T17:32:12.9337613+08:00 pid=27764 tid=12 left-down x=716 y=707 wordForeground=False
2026-09-06T17:32:15.4717899+08:00 pid=27764 tid=12 left-down x=653 y=533 wordForeground=False
2026-09-06T17:32:18.8096626+08:00 pid=27764 tid=12 left-down x=1891 y=416 wordForeground=False
2026-09-06T17:34:02.1209088+08:00 pid=27764 tid=12 left-down x=1382 y=1120 wordForeground=False
2026-09-06T17:34:04.9703645+08:00 pid=27764 tid=12 left-down x=2332 y=460 wordForeground=False
2026-09-06T17:34:07.6905184+08:00 pid=27764 tid=12 left-down x=2492 y=460 wordForeground=False
2026-09-06T17:35:39.9758627+08:00 pid=27764 tid=12 left-down x=675 y=1190 wordForeground=False
2026-09-06T17:35:46.6309952+08:00 pid=27764 tid=12 left-down x=1961 y=1652 wordForeground=True
2026-09-06T17:35:49.7391507+08:00 pid=27764 tid=12 left-down x=1986 y=1555 wordForeground=True
2026-09-06T17:36:01.6941074+08:00 pid=27764 tid=12 left-down x=1382 y=1120 wordForeground=False
2026-09-06T17:36:04.4702184+08:00 pid=27764 tid=12 left-down x=2332 y=460 wordForeground=False
2026-09-06T17:36:07.1205139+08:00 pid=27764 tid=12 left-down x=2492 y=460 wordForeground=False
2026-09-06T17:38:54.5410174+08:00 pid=27764 tid=12 left-down x=813 y=1058 wordForeground=False
2026-09-06T17:39:06.4966653+08:00 pid=27764 tid=12 left-down x=2050 y=1012 wordForeground=True
2026-09-06T17:39:10.0972121+08:00 pid=27764 tid=12 left-down x=255 y=1492 wordForeground=False
2026-09-06T17:39:13.0147301+08:00 pid=27764 tid=12 left-down x=961 y=1043 wordForeground=False
2026-09-06T17:40:57.7438835+08:00 pid=27764 tid=12 left-down x=1382 y=1120 wordForeground=False
2026-09-06T17:41:00.1925909+08:00 pid=27764 tid=12 left-down x=2332 y=460 wordForeground=False
2026-09-06T17:41:02.3449466+08:00 pid=27764 tid=12 left-down x=2492 y=460 wordForeground=False
2026-09-06T17:41:59.0731073+08:00 pid=27764 tid=12 left-down x=1776 y=1270 wordForeground=False
2026-09-06T17:42:17.3401844+08:00 pid=27764 tid=12 left-down x=2024 y=1187 wordForeground=True
2026-09-06T17:44:01.3163223+08:00 pid=27764 tid=12 left-down x=596 y=1205 wordForeground=False
2026-09-06T17:44:22.0477926+08:00 pid=27764 tid=12 left-down x=2094 y=1018 wordForeground=True
2026-09-06T17:44:25.3376155+08:00 pid=27764 tid=12 left-down x=763 y=1215 wordForeground=False
2026-09-06T17:45:09.7628531+08:00 pid=27764 tid=12 left-down x=737 y=1273 wordForeground=False
2026-09-06T17:45:12.9924280+08:00 pid=27764 tid=12 left-down x=2357 y=1096 wordForeground=False
2026-09-06T17:47:34.3218801+08:00 pid=27764 tid=12 left-down x=894 y=1217 wordForeground=False
2026-09-06T17:47:53.6397876+08:00 pid=27764 tid=12 left-down x=1382 y=1120 wordForeground=False
2026-09-06T17:47:56.3317167+08:00 pid=27764 tid=12 left-down x=2332 y=460 wordForeground=False
2026-09-06T17:47:59.0096096+08:00 pid=27764 tid=12 left-down x=2492 y=460 wordForeground=False
2026-09-06T17:48:44.2726553+08:00 pid=27764 tid=12 left-down x=1776 y=1270 wordForeground=False
2026-09-06T17:48:59.6891614+08:00 pid=27764 tid=12 left-down x=2024 y=1187 wordForeground=True
2026-09-06T17:50:39.6210404+08:00 pid=27764 tid=12 left-down x=836 y=1237 wordForeground=False
2026-09-06T17:50:43.3562275+08:00 pid=27764 tid=12 left-down x=2059 y=1068 wordForeground=True
2026-09-06T17:51:48.8614534+08:00 pid=27764 tid=12 left-down x=607 y=1205 wordForeground=False
2026-09-06T17:51:52.1069240+08:00 pid=27764 tid=12 left-down x=1466 y=1103 wordForeground=False
2026-09-06T17:54:23.7624551+08:00 pid=27764 tid=12 left-down x=1382 y=1120 wordForeground=False
2026-09-06T17:54:27.0090892+08:00 pid=27764 tid=12 left-down x=2332 y=460 wordForeground=False
2026-09-06T17:54:29.8055568+08:00 pid=27764 tid=12 left-down x=2492 y=460 wordForeground=False
2026-09-06T17:55:24.4358243+08:00 pid=27764 tid=12 left-down x=1776 y=1270 wordForeground=False
2026-09-06T17:55:40.1430064+08:00 pid=27764 tid=12 left-down x=2024 y=1211 wordForeground=True
2026-09-06T17:57:00.7812267+08:00 pid=27764 tid=12 left-down x=808 y=1255 wordForeground=False
2026-09-06T17:57:09.8136857+08:00 pid=27764 tid=12 left-down x=1866 y=1723 wordForeground=True
2026-09-06T17:57:19.5776621+08:00 pid=27764 tid=12 left-down x=1905 y=1516 wordForeground=True
2026-09-06T17:58:43.4509187+08:00 pid=27764 tid=12 left-down x=1948 y=1269 wordForeground=True
2026-09-06T17:58:47.2206326+08:00 pid=27764 tid=12 left-down x=1778 y=1476 wordForeground=True
2026-09-06T17:58:51.3889996+08:00 pid=27764 tid=12 left-down x=1141 y=1482 wordForeground=True
2026-09-06T17:58:52.2645569+08:00 pid=27764 tid=12 left-down x=1141 y=1482 wordForeground=True
2026-09-06T17:59:19.1084993+08:00 pid=27764 tid=12 left-down x=1776 y=1270 wordForeground=False
2026-09-06T18:00:01.7668047+08:00 pid=27764 tid=12 left-down x=853 y=1268 wordForeground=False
2026-09-06T18:00:05.1976874+08:00 pid=27764 tid=12 left-down x=2132 y=1445 wordForeground=True
2026-09-06T18:02:53.4876784+08:00 pid=27764 tid=12 left-down x=705 y=1242 wordForeground=False
2026-09-06T18:02:58.3315083+08:00 pid=27764 tid=12 left-down x=2064 y=1539 wordForeground=True
2026-09-06T18:03:23.6301457+08:00 pid=27764 tid=12 left-down x=1776 y=1270 wordForeground=False
2026-09-06T18:08:48.2459537+08:00 pid=27764 tid=12 left-down x=765 y=1027 wordForeground=False
2026-09-06T18:08:52.3371575+08:00 pid=27764 tid=12 left-down x=247 y=1478 wordForeground=False
2026-09-06T18:08:56.0556879+08:00 pid=27764 tid=12 left-down x=664 y=936 wordForeground=False
2026-09-06T18:09:00.1269546+08:00 pid=27764 tid=12 left-down x=1877 y=399 wordForeground=False
2026-09-06T18:11:21.8117380+08:00 pid=27764 tid=12 left-down x=822 y=1270 wordForeground=False
2026-09-06T18:11:31.5637440+08:00 pid=27764 tid=12 left-down x=1265 y=1795 wordForeground=True
2026-09-06T18:13:09.1663962+08:00 pid=27764 tid=12 left-down x=1317 y=747 wordForeground=False
2026-09-06T18:13:11.4636321+08:00 pid=27764 tid=12 left-down x=1602 y=747 wordForeground=False
2026-09-06T18:13:28.0385528+08:00 pid=27764 tid=12 left-down x=1382 y=1120 wordForeground=False
2026-09-06T18:13:30.9545438+08:00 pid=27764 tid=12 left-down x=2332 y=460 wordForeground=False
2026-09-06T18:13:33.4249850+08:00 pid=27764 tid=12 left-down x=2492 y=460 wordForeground=False
2026-09-06T18:14:35.0730663+08:00 pid=27764 tid=12 left-down x=806 y=1212 wordForeground=False
2026-09-06T18:14:52.2732469+08:00 pid=27764 tid=12 left-down x=815 y=1228 wordForeground=False
2026-09-06T18:14:59.0801419+08:00 pid=27764 tid=12 left-down x=2177 y=1494 wordForeground=True
2026-09-06T18:15:03.0406456+08:00 pid=27764 tid=12 left-down x=2100 y=1471 wordForeground=True
2026-09-06T18:15:04.7021559+08:00 pid=27764 tid=12 left-down x=2019 y=1474 wordForeground=True
2026-09-06T18:15:05.0022158+08:00 pid=27764 tid=12 left-down x=2019 y=1475 wordForeground=True
2026-09-06T18:15:05.0042154+08:00 pid=27764 tid=12 double-click elapsedMs=300.646 withinX=True withinY=True nativeOleTarget=False suppressSecondDown=False dispatchCallback=True
2026-09-06T18:15:05.1108429+08:00 pid=27764 tid=17 callback-begin interceptedNativeOle=False x=2019 y=1475
2026-09-06T18:15:05.1108429+08:00 pid=27764 tid=17 addin-callback-received interceptedNativeOle=False x=2019 y=1475
2026-09-06T18:15:05.1113497+08:00 pid=27764 tid=17 callback-end
2026-09-06T18:15:05.1113497+08:00 pid=27764 tid=1 addin-coordinate-selection formulaId=<null> objectMode=<null>
2026-09-06T18:15:13.4353477+08:00 pid=27764 tid=12 left-down x=2639 y=748 wordForeground=True
2026-09-06T18:15:18.2356798+08:00 pid=27764 tid=12 left-down x=835 y=1292 wordForeground=False
2026-09-06T18:15:20.1596160+08:00 pid=27764 tid=12 left-down x=848 y=1359 wordForeground=False
2026-09-06T18:15:22.2704394+08:00 pid=27764 tid=12 left-down x=863 y=1433 wordForeground=False
2026-09-06T18:15:57.5270644+08:00 pid=27764 tid=12 left-down x=218 y=1472 wordForeground=False
2026-09-06T18:18:01.3676213+08:00 pid=27764 tid=12 left-down x=1317 y=747 wordForeground=False
2026-09-06T18:18:19.3898463+08:00 pid=27764 tid=12 left-down x=1382 y=1120 wordForeground=False
2026-09-06T18:18:22.6350241+08:00 pid=27764 tid=12 left-down x=2332 y=460 wordForeground=False
2026-09-06T18:18:25.4340091+08:00 pid=27764 tid=12 left-down x=2492 y=460 wordForeground=False
2026-09-06T18:19:42.3123152+08:00 pid=27764 tid=12 left-down x=1776 y=1270 wordForeground=False
2026-09-06T18:19:56.0770300+08:00 pid=27764 tid=12 left-down x=2024 y=1211 wordForeground=True
2026-09-06T18:22:19.8606297+08:00 pid=27764 tid=12 left-down x=2067 y=1076 wordForeground=True
2026-09-06T18:22:25.8151891+08:00 pid=27764 tid=12 left-down x=1136 y=1362 wordForeground=False
2026-09-06T18:22:56.0565593+08:00 pid=27764 tid=12 left-down x=2228 y=1331 wordForeground=False
2026-09-06T18:23:01.7076987+08:00 pid=27764 tid=12 left-down x=684 y=811 wordForeground=False
2026-09-06T18:23:04.4014040+08:00 pid=27764 tid=12 left-down x=677 y=753 wordForeground=False
2026-09-06T18:23:10.7480737+08:00 pid=27764 tid=12 left-down x=1890 y=411 wordForeground=False
2026-09-06T18:23:16.2378143+08:00 pid=27764 tid=12 left-down x=1381 y=2159 wordForeground=False
2026-09-06T18:23:25.4006680+08:00 pid=27764 tid=12 left-down x=803 y=1363 wordForeground=False
2026-09-06T18:25:28.4027686+08:00 pid=27764 tid=12 left-down x=1245 y=1142 wordForeground=False
2026-09-06T18:25:33.7132323+08:00 pid=27764 tid=12 left-down x=227 y=1461 wordForeground=False
2026-09-06T18:25:39.2310649+08:00 pid=27764 tid=12 left-down x=830 y=1233 wordForeground=False
