2026-09-06T17:40:39.8452611+08:00 pid=87408 tid=1 word-addin-loaded pid=87408 assembly=C:\Users\pojian_liao\AppData\Local\VisualTeX\office\remediation-builds\7EDE567B9F8804F48389AC66C781A4D593C4E97309FC57D5138C2B951A9BBCD8\VisualTeX.WordVsto.dll mvid=69aa0d21-b827-4f95-82fe-39da71b2a29e
2026-09-06T17:40:40.3370895+08:00 pid=87408 tid=1 hook-started handle=0x26D25
2026-09-06T17:40:40.5984209+08:00 pid=87408 tid=10 mathtype-native-preview-shared-prewarm-complete
2026-09-06T17:40:51.1102998+08:00 pid=87408 tid=1 bulk-import bulk-import-start
2026-09-06T17:40:51.1962972+08:00 pid=87408 tid=5 bulk-import bulk-import-ui-created sessionId=08cdae60-54fb-4ccc-ad96-58dd67d7086a
2026-09-06T17:40:51.2012998+08:00 pid=87408 tid=5 bulk-import bulk-import-ui-opened sessionId=08cdae60-54fb-4ccc-ad96-58dd67d7086a
2026-09-06T17:40:55.1235714+08:00 pid=87408 tid=12 left-down x=1382 y=1120 wordForeground=False
2026-09-06T17:40:58.1778866+08:00 pid=87408 tid=12 left-down x=2332 y=460 wordForeground=False
2026-09-06T17:41:00.5519016+08:00 pid=87408 tid=12 left-down x=2492 y=460 wordForeground=False
2026-09-06T17:41:03.6880465+08:00 pid=87408 tid=11 bulk-import bulk-import-ui-finished sessionId=08cdae60-54fb-4ccc-ad96-58dd67d7086a status=committing error=<null>
2026-09-06T17:41:03.7010470+08:00 pid=87408 tid=11 bulk-import parsed blocks=15 formulas=6 mode=Omml fontSizePt=10.5
2026-09-06T17:41:03.7202265+08:00 pid=87408 tid=11 bulk-import render-prepare index=1/6 display=inline latex=\sqrt{E-u\left(x\right)}=\frac{1}{f\left(\omega\right)v_{ph}\left(\omega,x\right)}
2026-09-06T17:41:03.7232262+08:00 pid=87408 tid=11 bulk-import converter-create display=inline mode=wordOmml latex=\sqrt{E-u\left(x\right)}=\frac{1}{f\left(\omega\right)v_{ph}\left(\omega,x\right)}
2026-09-06T17:41:03.7322271+08:00 pid=87408 tid=14 bulk-import converter-created sessionId=4b85da01-d576-4459-a28f-28827e71cb5f
2026-09-06T17:41:03.7332263+08:00 pid=87408 tid=14 bulk-import render-prepare index=2/6 display=block latex=\begin{cases}\frac{\mathrm{d}}{\mathrm{d}\omega}\left(\omega f\left(\omega\right)\right)=0 \\ \frac{\omega f\left(\omega\right)}{2}\frac{\mathrm{d}E\left(\omega\right)}{\mathrm{d}\omega}=\sqrt{\frac{m}{2}} \end{cases}
2026-09-06T17:41:03.7342264+08:00 pid=87408 tid=14 bulk-import converter-create display=block mode=wordOmml latex=\begin{cases}\frac{\mathrm{d}}{\mathrm{d}\omega}\left(\omega f\left(\omega\right)\right)=0 \\ \frac{\omega f\left(\omega\right)}{2}\frac{\mathrm{d}E\left(\omega\right)}{\mathrm{d}\omega}=\sqrt{\frac{m}{2}} \end{cases}
2026-09-06T17:41:03.7382266+08:00 pid=87408 tid=11 bulk-import converter-created sessionId=f1fb1930-fba7-41f5-8fad-2961848830d0
2026-09-06T17:41:03.7392267+08:00 pid=87408 tid=11 bulk-import render-prepare index=3/6 display=block latex=\sqrt{\frac{m}{2\left(E\left(\omega\right)-U\right)}}=\frac{\mathrm{d}}{\mathrm{d}\omega}\left(\omega\cdot f\left(\omega\right)\sqrt{\left(E\left(\omega\right)-U\right)}\right)
2026-09-06T17:41:03.7392267+08:00 pid=87408 tid=11 bulk-import converter-create display=block mode=wordOmml latex=\sqrt{\frac{m}{2\left(E\left(\omega\right)-U\right)}}=\frac{\mathrm{d}}{\mathrm{d}\omega}\left(\omega\cdot f\left(\omega\right)\sqrt{\left(E\left(\omega\right)-U\right)}\right)
2026-09-06T17:41:03.7432263+08:00 pid=87408 tid=14 bulk-import converter-created sessionId=b6adbcf0-2eee-4c26-a8c9-361bdf942e0f
2026-09-06T17:41:03.7442267+08:00 pid=87408 tid=14 bulk-import render-prepare index=4/6 display=block latex=i\hbar \frac{\partial}{\partial t}\psi(\mathbf{r},t) = \left[ -\frac{\hbar^2}{2m}\nabla^2 + V(\mathbf{r},t) \right]\psi(\mathbf{r},t)
2026-09-06T17:41:03.7442267+08:00 pid=87408 tid=14 bulk-import converter-create display=block mode=wordOmml latex=i\hbar \frac{\partial}{\partial t}\psi(\mathbf{r},t) = \left[ -\frac{\hbar^2}{2m}\nabla^2 + V(\mathbf{r},t) \right]\psi(\mathbf{r},t)
2026-09-06T17:41:03.7482259+08:00 pid=87408 tid=11 bulk-import converter-created sessionId=b46aa909-9309-40cb-a7b3-01a073d9163c
2026-09-06T17:41:03.7482259+08:00 pid=87408 tid=11 bulk-import render-prepare index=5/6 display=block latex=\frac{\partial}{\partial t}\psi ^*\left( \vec{r} \right) \psi \left( \vec{r} \right) =\frac{i\hbar}{2m}\nabla \cdot \left[ \psi ^*\left( \vec{r} \right) \nabla \psi \left( \vec{r} \right) -\psi \left( \vec{r} \right) \nabla \psi ^*\left( r \right) \right]
2026-09-06T17:41:03.7492269+08:00 pid=87408 tid=11 bulk-import converter-create display=block mode=wordOmml latex=\frac{\partial}{\partial t}\psi ^*\left( \vec{r} \right) \psi \left( \vec{r} \right) =\frac{i\hbar}{2m}\nabla \cdot \left[ \psi ^*\left( \vec{r} \right) \nabla \psi \left( \vec{r} \right) -\psi \left( \vec{r} \right) \nabla \psi ^*\left( r \right) \right]
2026-09-06T17:41:03.7522264+08:00 pid=87408 tid=14 bulk-import converter-created sessionId=aa56b819-2a4e-41d7-8de7-e84ae77401c9
2026-09-06T17:41:03.7532263+08:00 pid=87408 tid=14 bulk-import render-prepare index=6/6 display=block latex=\frac{\partial}{\partial t}\rho \left( \vec{r},t \right) +\nabla \cdot \vec{j}=0
2026-09-06T17:41:03.7532263+08:00 pid=87408 tid=14 bulk-import converter-create display=block mode=wordOmml latex=\frac{\partial}{\partial t}\rho \left( \vec{r},t \right) +\nabla \cdot \vec{j}=0
2026-09-06T17:41:03.7583168+08:00 pid=87408 tid=11 bulk-import converter-created sessionId=0d6be26f-1b5c-4543-a599-9126ae799dde
2026-09-06T17:41:03.7588482+08:00 pid=87408 tid=11 bulk-import render-batch-start unique=6 total=6
2026-09-06T17:41:03.7974994+08:00 pid=87408 tid=14 bulk-import render-batch-item sessionId=4b85da01-d576-4459-a28f-28827e71cb5f status=committing display=inline
2026-09-06T17:41:03.8004990+08:00 pid=87408 tid=11 bulk-import render-batch-item sessionId=f1fb1930-fba7-41f5-8fad-2961848830d0 status=committing display=block
2026-09-06T17:41:03.8054991+08:00 pid=87408 tid=14 bulk-import render-batch-item sessionId=b6adbcf0-2eee-4c26-a8c9-361bdf942e0f status=committing display=block
2026-09-06T17:41:03.8271037+08:00 pid=87408 tid=14 bulk-import render-batch-item sessionId=b46aa909-9309-40cb-a7b3-01a073d9163c status=committing display=block
2026-09-06T17:41:03.9208476+08:00 pid=87408 tid=14 bulk-import render-batch-item sessionId=aa56b819-2a4e-41d7-8de7-e84ae77401c9 status=committing display=block
2026-09-06T17:41:03.9228463+08:00 pid=87408 tid=11 bulk-import render-batch-item sessionId=0d6be26f-1b5c-4543-a599-9126ae799dde status=committing display=block
2026-09-06T17:41:03.9238466+08:00 pid=87408 tid=11 bulk-import render-batch-complete unique=6 elapsedMs=164
2026-09-06T17:41:04.0529398+08:00 pid=87408 tid=1 word-undo-begin name=VisualTeX 批量导入 recording=False level=0
2026-09-06T17:41:04.0529398+08:00 pid=87408 tid=1 word-undo-started name=VisualTeX 批量导入 recording=True level=1
2026-09-06T17:41:06.2448314+08:00 pid=87408 tid=1 word-xml-incomplete-export document=文档149 attempt=1 maths=0/6 oles=0/0
2026-09-06T17:41:23.5580922+08:00 pid=87408 tid=1 bulk-import-ole-identities-finalized repaired=0
2026-09-06T17:41:23.5590910+08:00 pid=87408 tid=1 word-undo-end recording=False level=0
2026-09-06T17:41:23.5590910+08:00 pid=87408 tid=13 bulk-import bulk-insert-complete blocks=15 formulas=6 elapsedMs=19633
2026-09-06T17:41:23.5600928+08:00 pid=87408 tid=13 bulk-import bulk-import-complete blocks=15 formulas=6 elapsedMs=32448
2026-09-06T17:41:23.5600928+08:00 pid=87408 tid=13 bulk-import bulk-operation-gate-released
2026-09-06T17:41:23.6111030+08:00 pid=87408 tid=24 office-session-finalization-complete sessions=7 completed=True
2026-09-06T17:41:57.0084362+08:00 pid=87408 tid=12 left-down x=1776 y=1270 wordForeground=False
2026-09-06T17:42:01.2051966+08:00 pid=87408 tid=1 word-undo-begin name=VisualTeX Convert or Update Word OMML Formula recording=False level=0
2026-09-06T17:42:01.2071990+08:00 pid=87408 tid=1 word-undo-started name=VisualTeX Convert or Update Word OMML Formula recording=True level=1
2026-09-06T17:42:01.2151964+08:00 pid=87408 tid=1 format-conversion-subperf [perf] ReplaceOmml.locate-target: +10ms (10ms total)
2026-09-06T17:42:01.5479641+08:00 pid=87408 tid=1 format-conversion-subperf [perf] ReplaceOmml.source-range-resolve: +333ms (343ms total)
2026-09-06T17:42:01.5713590+08:00 pid=87408 tid=1 format-conversion-subperf [perf] ReplaceOmml.rollback-capture: +23ms (366ms total)
2026-09-06T17:42:02.9406388+08:00 pid=87408 tid=1 format-conversion-subperf [perf] ReplaceOmml.direct-host-health: +1369ms (1735ms total)
2026-09-06T17:42:02.9416393+08:00 pid=87408 tid=1 format-conversion-subperf [perf] ReplaceOmml.direct-content-prep: +2ms (1737ms total)
2026-09-06T17:42:02.9446398+08:00 pid=87408 tid=1 format-conversion-subperf [perf] ReplaceOmml.resolve-source: +2ms (1739ms total)
2026-09-06T17:42:02.9966409+08:00 pid=87408 tid=1 format-conversion-subperf [perf] ReplaceOmml.insert-native-omml: +52ms (1791ms total)
2026-09-06T17:42:03.0178835+08:00 pid=87408 tid=1 format-conversion-subperf [perf] ReplaceOmml.validate-native-omml: +21ms (1812ms total)
2026-09-06T17:42:03.2507453+08:00 pid=87408 tid=1 format-conversion-subperf [perf] ReplaceOmml.stamp-fingerprint: +233ms (2045ms total)
2026-09-06T17:42:03.3712560+08:00 pid=87408 tid=1 format-conversion-subperf [perf] ReplaceOmml.wrap-formula-anchor: +121ms (2166ms total)
2026-09-06T17:42:03.3722577+08:00 pid=87408 tid=1 format-conversion-subperf [perf] ReplaceOmml.protect-source-metadata: +1ms (2167ms total)
2026-09-06T17:42:03.3722577+08:00 pid=87408 tid=1 format-conversion-subperf [perf] ReplaceOmml.reconcile: +0ms (2167ms total)
2026-09-06T17:42:03.5173375+08:00 pid=87408 tid=1 format-conversion-subperf [perf] ReplaceOmml.final-identity-resolve: +145ms (2312ms total)
2026-09-06T17:42:03.5183385+08:00 pid=87408 tid=1 format-conversion-subperf [perf] ReplaceOmml.final-identity-fingerprint: +1ms (2313ms total)
2026-09-06T17:42:03.5183385+08:00 pid=87408 tid=1 format-conversion-subperf [perf] ReplaceOmml.final-identity-anchor: +0ms (2313ms total)
2026-09-06T17:42:03.5273372+08:00 pid=87408 tid=1 format-conversion-subperf [perf] ReplaceOmml.final-identity-metadata: +9ms (2322ms total)
2026-09-06T17:42:03.5283376+08:00 pid=87408 tid=1 format-conversion-subperf [perf] ReplaceOmml.finalize-identity: +1ms (2323ms total)
2026-09-06T17:42:03.5283376+08:00 pid=87408 tid=1 format-conversion-subperf [perf] ReplaceOmml.prepare-result: +0ms (2323ms total)
2026-09-06T17:42:03.6553579+08:00 pid=87408 tid=1 format-conversion-subperf [perf] ReplaceOmml.restore-view: +127ms (2450ms total)
2026-09-06T17:42:03.6553579+08:00 pid=87408 tid=1 format-conversion-subperf [perf] ReplaceOmml.restore-screen-updating: +0ms (2450ms total)
2026-09-06T17:42:03.6563577+08:00 pid=87408 tid=1 word-undo-end recording=False level=0
2026-09-06T17:42:03.6563577+08:00 pid=87408 tid=1 format-conversion-subperf [perf] ReplaceOmml.end-undo: +1ms (2451ms total)
2026-09-06T17:42:03.6563577+08:00 pid=87408 tid=1 format-conversion-subperf [perf] ReplaceOmml.release-rcws: +0ms (2451ms total)
2026-09-06T17:42:03.6603568+08:00 pid=87408 tid=26 ribbon-session-operation-released sessionId=815bac23-cec9-4177-a0c7-48f941885e6c
2026-09-06T17:42:15.4779532+08:00 pid=87408 tid=12 left-down x=2024 y=1187 wordForeground=True
2026-09-06T17:42:18.3481736+08:00 pid=87408 tid=1 word-undo-begin name=VisualTeX Insert Equation Reference recording=False level=0
2026-09-06T17:42:18.3491726+08:00 pid=87408 tid=1 word-undo-started name=VisualTeX Insert Equation Reference recording=True level=1
2026-09-06T17:42:18.6187899+08:00 pid=87408 tid=1 word-undo-end recording=True level=1
2026-09-06T17:42:18.6197903+08:00 pid=87408 tid=1 reference-insertion-complete target=VisualTeX 公式 (2)
2026-09-06T17:42:37.9186160+08:00 pid=87408 tid=1 format-conversion-start sourceMode=wordOmml targetMode=mathTypeOle wholeDocument=True
2026-09-06T17:42:41.8135121+08:00 pid=87408 tid=1 format-conversion-plan sourceMode=wordOmml targetMode=mathTypeOle targets=6
2026-09-06T17:42:45.4661015+08:00 pid=87408 tid=1 format-conversion-render-bypass sourceMode=wordOmml targetMode=mathTypeOle targets=6 reason=source-mathml-ready
2026-09-06T17:42:46.1107017+08:00 pid=87408 tid=1 format-conversion-native-preview-batch-complete formulas=6 elapsedMs=622
2026-09-06T17:42:46.1107997+08:00 pid=87408 tid=1 format-conversion-word-apply-start sourceMode=wordOmml targetMode=mathTypeOle targets=6
2026-09-06T17:42:48.1727634+08:00 pid=87408 tid=1 format-conversion-runtime assembly=C:\Users\pojian_liao\AppData\Local\VisualTeX\office\remediation-builds\7EDE567B9F8804F48389AC66C781A4D593C4E97309FC57D5138C2B951A9BBCD8\VisualTeX.WordVsto.dll source=wordOmml target=mathTypeOle targetIsVisualTeX=False targetIsMathType=True
2026-09-06T17:42:48.2147634+08:00 pid=87408 tid=1 format-conversion-reference-aliases-captured sourceMode=wordOmml formulaId=8260ae5a-f1c0-49a6-be31-9300a31b9bb6 aliases=VTEqNum_8260ae5af1c049a6be319300a31b9bb6
2026-09-06T17:42:48.3758662+08:00 pid=87408 tid=1 format-conversion-reference-counts-fast-path source=wordOmml formulas=5
2026-09-06T17:42:49.3953084+08:00 pid=87408 tid=1 word-undo-begin name=VisualTeX Convert Formula Format recording=False level=0
2026-09-06T17:42:49.3953084+08:00 pid=87408 tid=1 word-undo-started name=VisualTeX Convert Formula Format recording=True level=1
2026-09-06T17:42:49.3963184+08:00 pid=87408 tid=1 format-conversion-undo-state stage=before-preferences document=文档149 recording=True level=1
2026-09-06T17:42:49.3963184+08:00 pid=87408 tid=1 format-conversion-transaction-start targets=6
2026-09-06T17:42:49.3973170+08:00 pid=87408 tid=1 format-conversion-undo-state stage=after-preferences document=文档149 recording=True level=1
2026-09-06T17:42:49.3973170+08:00 pid=87408 tid=1 format-conversion-undo-state stage=before-source-delete document=文档149 recording=True level=1
2026-09-06T17:42:50.2305066+08:00 pid=87408 tid=1 format-conversion-direct-numbered-omml-delete formulaId=b88ed384-cfa4-429c-b1aa-1910af6a1427 start=577
2026-09-06T17:42:50.2305066+08:00 pid=87408 tid=1 format-conversion-perf stage=delete-source-host formulaId=b88ed384-cfa4-429c-b1aa-1910af6a1427 numbered=True deltaMs=833 totalMs=833
2026-09-06T17:42:50.2305066+08:00 pid=87408 tid=1 format-conversion-undo-state stage=after-source-delete document=文档149 recording=False level=0
2026-09-06T17:42:50.2856986+08:00 pid=87408 tid=1 word-undo-begin name=VisualTeX Insert MathType OLE Numbered Display Formula recording=False level=0
2026-09-06T17:42:50.2856986+08:00 pid=87408 tid=1 word-undo-started name=VisualTeX Insert MathType OLE Numbered Display Formula recording=True level=1
2026-09-06T17:42:50.3961797+08:00 pid=87408 tid=1 mathtype-insert-perf stage=resolve-insertion numbered=True inline=False deltaMs=110 totalMs=110
2026-09-06T17:42:50.3991799+08:00 pid=87408 tid=1 mathtype-insert-perf stage=clear-incomplete-number-row numbered=True inline=False deltaMs=3 totalMs=113
2026-09-06T17:42:50.4011804+08:00 pid=87408 tid=1 mathtype-insert-perf stage=number-template-heading-state numbered=True inline=False deltaMs=2 totalMs=115
2026-09-06T17:42:50.4041794+08:00 pid=87408 tid=1 mathtype-insert-perf stage=prepare-display-row numbered=True inline=False deltaMs=3 totalMs=118
2026-09-06T17:42:50.4251807+08:00 pid=87408 tid=1 mathtype-insert-perf stage=build-flat-opc numbered=True inline=False deltaMs=21 totalMs=139
2026-09-06T17:42:50.4261800+08:00 pid=87408 tid=1 mathtype-insert-perf stage=pre-insert-bookkeeping numbered=True inline=False deltaMs=1 totalMs=140
2026-09-06T17:42:50.4813899+08:00 pid=87408 tid=1 mathtype-insert-perf stage=insert-flat-opc numbered=True inline=False deltaMs=55 totalMs=195
2026-09-06T17:42:50.6645640+08:00 pid=87408 tid=1 mathtype-insert-perf stage=resolve-new-shape numbered=True inline=False deltaMs=183 totalMs=378
2026-09-06T17:42:50.6665630+08:00 pid=87408 tid=1 mathtype-insert-perf stage=set-shape-geometry numbered=True inline=False deltaMs=2 totalMs=380
2026-09-06T17:42:50.6665630+08:00 pid=87408 tid=1 mathtype-insert-perf stage=repair-inline-paragraph numbered=True inline=False deltaMs=1 totalMs=381
2026-09-06T17:42:50.6675630+08:00 pid=87408 tid=1 mathtype-insert-perf stage=refresh-native-shape numbered=True inline=False deltaMs=0 totalMs=381
2026-09-06T17:42:50.9033894+08:00 pid=87408 tid=1 mathtype-insert-perf stage=bind-created-object-identity numbered=True inline=False deltaMs=236 totalMs=617
2026-09-06T17:42:50.9033894+08:00 pid=87408 tid=1 mathtype-insert-perf stage=complete numbered=True inline=False deltaMs=0 totalMs=617
2026-09-06T17:42:50.9043890+08:00 pid=87408 tid=1 word-undo-end recording=True level=1
2026-09-06T17:42:50.9043890+08:00 pid=87408 tid=1 format-conversion-perf stage=insert-target formulaId=b88ed384-cfa4-429c-b1aa-1910af6a1427 numbered=True deltaMs=674 totalMs=1507
2026-09-06T17:42:50.9053895+08:00 pid=87408 tid=1 format-conversion-undo-state stage=after-target-insert document=文档149 recording=False level=0
2026-09-06T17:42:50.9083890+08:00 pid=87408 tid=1 format-conversion-bookmarked-target-stable formulaId=b88ed384-cfa4-429c-b1aa-1910af6a1427 bookmark=VTMT_5a47b5c33f634a16b8d20a99e6aa9538 range=578:604 elapsedMs=1
2026-09-06T17:42:50.9103895+08:00 pid=87408 tid=1 format-conversion-direct-managed-omml-metadata-deleted formulaId=b88ed384-cfa4-429c-b1aa-1910af6a1427 numbered=True
2026-09-06T17:42:50.9103895+08:00 pid=87408 tid=1 format-conversion-perf stage=verify-target formulaId=b88ed384-cfa4-429c-b1aa-1910af6a1427 numbered=True deltaMs=5 totalMs=1512
2026-09-06T17:42:50.9123888+08:00 pid=87408 tid=1 format-conversion-undo-state stage=before-source-delete document=文档149 recording=False level=0
2026-09-06T17:42:52.0657290+08:00 pid=87408 tid=1 format-conversion-direct-numbered-omml-delete formulaId=6a5fede0-7971-4879-9ef9-2085d04a26bd start=425
2026-09-06T17:42:52.0668226+08:00 pid=87408 tid=1 format-conversion-perf stage=delete-source-host formulaId=6a5fede0-7971-4879-9ef9-2085d04a26bd numbered=True deltaMs=1154 totalMs=1154
2026-09-06T17:42:52.0677302+08:00 pid=87408 tid=1 format-conversion-undo-state stage=after-source-delete document=文档149 recording=False level=0
2026-09-06T17:42:52.1745076+08:00 pid=87408 tid=1 word-undo-begin name=VisualTeX Insert MathType OLE Numbered Display Formula recording=False level=0
2026-09-06T17:42:52.1755082+08:00 pid=87408 tid=1 word-undo-started name=VisualTeX Insert MathType OLE Numbered Display Formula recording=True level=1
2026-09-06T17:42:52.2752091+08:00 pid=87408 tid=1 mathtype-insert-perf stage=resolve-insertion numbered=True inline=False deltaMs=101 totalMs=101
2026-09-06T17:42:52.2762082+08:00 pid=87408 tid=1 mathtype-insert-perf stage=clear-incomplete-number-row numbered=True inline=False deltaMs=0 totalMs=101
2026-09-06T17:42:52.2762082+08:00 pid=87408 tid=1 mathtype-insert-perf stage=number-template-heading-state numbered=True inline=False deltaMs=0 totalMs=101
2026-09-06T17:42:52.2772086+08:00 pid=87408 tid=1 mathtype-insert-perf stage=prepare-display-row numbered=True inline=False deltaMs=1 totalMs=102
2026-09-06T17:42:52.2832085+08:00 pid=87408 tid=1 mathtype-insert-perf stage=build-flat-opc numbered=True inline=False deltaMs=7 totalMs=109
2026-09-06T17:42:52.2842083+08:00 pid=87408 tid=1 mathtype-insert-perf stage=pre-insert-bookkeeping numbered=True inline=False deltaMs=0 totalMs=109
2026-09-06T17:42:52.3361158+08:00 pid=87408 tid=1 mathtype-insert-perf stage=insert-flat-opc numbered=True inline=False deltaMs=52 totalMs=161
2026-09-06T17:42:52.3371159+08:00 pid=87408 tid=1 mathtype-insert-perf stage=resolve-new-shape numbered=True inline=False deltaMs=1 totalMs=162
2026-09-06T17:42:52.3381156+08:00 pid=87408 tid=1 mathtype-insert-perf stage=set-shape-geometry numbered=True inline=False deltaMs=1 totalMs=163
2026-09-06T17:42:52.3381156+08:00 pid=87408 tid=1 mathtype-insert-perf stage=repair-inline-paragraph numbered=True inline=False deltaMs=0 totalMs=163
2026-09-06T17:42:52.3381156+08:00 pid=87408 tid=1 mathtype-insert-perf stage=refresh-native-shape numbered=True inline=False deltaMs=1 totalMs=164
2026-09-06T17:42:52.4209276+08:00 pid=87408 tid=1 mathtype-insert-perf stage=bind-created-object-identity numbered=True inline=False deltaMs=82 totalMs=246
2026-09-06T17:42:52.4219259+08:00 pid=87408 tid=1 mathtype-insert-perf stage=complete numbered=True inline=False deltaMs=1 totalMs=247
2026-09-06T17:42:52.4219259+08:00 pid=87408 tid=1 word-undo-end recording=True level=1
2026-09-06T17:42:52.4229275+08:00 pid=87408 tid=1 format-conversion-perf stage=insert-target formulaId=6a5fede0-7971-4879-9ef9-2085d04a26bd numbered=True deltaMs=357 totalMs=1511
2026-09-06T17:42:52.4239289+08:00 pid=87408 tid=1 format-conversion-undo-state stage=after-target-insert document=文档149 recording=False level=0
2026-09-06T17:42:52.4269274+08:00 pid=87408 tid=1 format-conversion-bookmarked-target-stable formulaId=6a5fede0-7971-4879-9ef9-2085d04a26bd bookmark=VTMT_a2434e7fc1af4a048d8665d967b3c5a2 range=426:452 elapsedMs=2
2026-09-06T17:42:52.4279275+08:00 pid=87408 tid=1 format-conversion-direct-managed-omml-metadata-deleted formulaId=6a5fede0-7971-4879-9ef9-2085d04a26bd numbered=True
2026-09-06T17:42:52.4289273+08:00 pid=87408 tid=1 format-conversion-perf stage=verify-target formulaId=6a5fede0-7971-4879-9ef9-2085d04a26bd numbered=True deltaMs=6 totalMs=1517
2026-09-06T17:42:52.4309275+08:00 pid=87408 tid=1 format-conversion-undo-state stage=before-source-delete document=文档149 recording=False level=0
2026-09-06T17:42:53.3743099+08:00 pid=87408 tid=1 format-conversion-direct-numbered-omml-delete formulaId=f0c0f8ff-6dee-49c7-b1f2-5bc622b186da start=307
2026-09-06T17:42:53.3753090+08:00 pid=87408 tid=1 format-conversion-perf stage=delete-source-host formulaId=f0c0f8ff-6dee-49c7-b1f2-5bc622b186da numbered=True deltaMs=944 totalMs=944
2026-09-06T17:42:53.3763096+08:00 pid=87408 tid=1 format-conversion-undo-state stage=after-source-delete document=文档149 recording=False level=0
2026-09-06T17:42:53.4569892+08:00 pid=87408 tid=1 word-undo-begin name=VisualTeX Insert MathType OLE Numbered Display Formula recording=False level=0
2026-09-06T17:42:53.4579876+08:00 pid=87408 tid=1 word-undo-started name=VisualTeX Insert MathType OLE Numbered Display Formula recording=True level=1
2026-09-06T17:42:53.5397186+08:00 pid=87408 tid=1 mathtype-insert-perf stage=resolve-insertion numbered=True inline=False deltaMs=82 totalMs=82
2026-09-06T17:42:53.5397186+08:00 pid=87408 tid=1 mathtype-insert-perf stage=clear-incomplete-number-row numbered=True inline=False deltaMs=0 totalMs=82
2026-09-06T17:42:53.5397186+08:00 pid=87408 tid=1 mathtype-insert-perf stage=number-template-heading-state numbered=True inline=False deltaMs=1 totalMs=83
2026-09-06T17:42:53.5407188+08:00 pid=87408 tid=1 mathtype-insert-perf stage=prepare-display-row numbered=True inline=False deltaMs=1 totalMs=84
2026-09-06T17:42:53.5497185+08:00 pid=87408 tid=1 mathtype-insert-perf stage=build-flat-opc numbered=True inline=False deltaMs=8 totalMs=92
2026-09-06T17:42:53.5499869+08:00 pid=87408 tid=1 mathtype-insert-perf stage=pre-insert-bookkeeping numbered=True inline=False deltaMs=0 totalMs=92
2026-09-06T17:42:53.5982150+08:00 pid=87408 tid=1 mathtype-insert-perf stage=insert-flat-opc numbered=True inline=False deltaMs=49 totalMs=141
2026-09-06T17:42:53.5992169+08:00 pid=87408 tid=1 mathtype-insert-perf stage=resolve-new-shape numbered=True inline=False deltaMs=1 totalMs=142
2026-09-06T17:42:53.6002158+08:00 pid=87408 tid=1 mathtype-insert-perf stage=set-shape-geometry numbered=True inline=False deltaMs=1 totalMs=143
2026-09-06T17:42:53.6012151+08:00 pid=87408 tid=1 mathtype-insert-perf stage=repair-inline-paragraph numbered=True inline=False deltaMs=0 totalMs=143
2026-09-06T17:42:53.6015439+08:00 pid=87408 tid=1 mathtype-insert-perf stage=refresh-native-shape numbered=True inline=False deltaMs=1 totalMs=144
2026-09-06T17:42:53.6656881+08:00 pid=87408 tid=1 mathtype-insert-perf stage=bind-created-object-identity numbered=True inline=False deltaMs=64 totalMs=208
2026-09-06T17:42:53.6656881+08:00 pid=87408 tid=1 mathtype-insert-perf stage=complete numbered=True inline=False deltaMs=0 totalMs=208
2026-09-06T17:42:53.6666878+08:00 pid=87408 tid=1 word-undo-end recording=True level=1
2026-09-06T17:42:53.6666878+08:00 pid=87408 tid=1 format-conversion-perf stage=insert-target formulaId=f0c0f8ff-6dee-49c7-b1f2-5bc622b186da numbered=True deltaMs=292 totalMs=1236
2026-09-06T17:42:53.6676883+08:00 pid=87408 tid=1 format-conversion-undo-state stage=after-target-insert document=文档149 recording=False level=0
2026-09-06T17:42:53.6688455+08:00 pid=87408 tid=1 format-conversion-bookmarked-target-stable formulaId=f0c0f8ff-6dee-49c7-b1f2-5bc622b186da bookmark=VTMT_6993dcc2468346868187bfe09211b014 range=308:334 elapsedMs=1
2026-09-06T17:42:53.6708505+08:00 pid=87408 tid=1 format-conversion-direct-managed-omml-metadata-deleted formulaId=f0c0f8ff-6dee-49c7-b1f2-5bc622b186da numbered=True
2026-09-06T17:42:53.6708505+08:00 pid=87408 tid=1 format-conversion-perf stage=verify-target formulaId=f0c0f8ff-6dee-49c7-b1f2-5bc622b186da numbered=True deltaMs=4 totalMs=1240
2026-09-06T17:42:53.6718506+08:00 pid=87408 tid=1 format-conversion-undo-state stage=before-source-delete document=文档149 recording=False level=0
2026-09-06T17:42:54.5666490+08:00 pid=87408 tid=1 omml-xml-incomplete-export formulaId= attempt=1 range=219:230
2026-09-06T17:42:54.8318061+08:00 pid=87408 tid=1 format-conversion-item-failed stage=delete-source formulaId=8260ae5a-f1c0-49a6-be31-9300a31b9bb6 latex=E=mc^{2} error=System.IO.InvalidDataException: The numbered OMML row for 8260ae5a-f1c0-49a6-be31-9300a31b9bb6 no longer matches its captured formula content.
   在 VisualTeX.WordVsto.WordOmmlFormulaStore.ResolveEquationIdentity(Document document, Bookmark bookmark, String formulaId, FormulaMetadata metadata, Boolean captureCurrentContent)
   在 VisualTeX.WordVsto.WordOmmlFormulaStore.GetEquationRange(Bookmark bookmark)
   在 VisualTeX.WordVsto.WordEquationNumbering.RemoveFormulaNumberingArtifacts(Document document, String formulaId, Boolean preserveNativeCaptionParagraph, Range replacingCompleteHost)
   在 VisualTeX.WordVsto.WordFormulaService.DeleteSingleManagedNumberedOmmlSourceDirect(Document document, WordFormulaFormatConversionTarget target, IReadOnlyDictionary`2 knownReferenceCounts, Boolean preserveCrossReferences)
   在 VisualTeX.WordVsto.WordFormulaService.ApplyFormulaFormatConversionPlan(WordFormulaFormatConversionPlan plan, IReadOnlyDictionary`2 prepared)
2026-09-06T17:42:54.8318061+08:00 pid=87408 tid=1 format-conversion-undo-state stage=failure-before-end document=文档149 recording=False level=0
2026-09-06T17:42:54.8328062+08:00 pid=87408 tid=1 format-conversion-undo-state stage=failure-after-end document=文档149 recording=False level=0
2026-09-06T17:42:55.9052405+08:00 pid=87408 tid=1 word-undo-history-recovery original=1010 current=1104 owned=94
2026-09-06T17:43:04.1192210+08:00 pid=87408 tid=1 format-conversion-recovery afterUndoBodyMatches=True
2026-09-06T17:43:04.1850170+08:00 pid=87408 tid=1 format-conversion-recovery-verified body=True mathFont=True metadata=True variables=True
2026-09-06T17:43:04.1850170+08:00 pid=87408 tid=1 format-conversion-rollback-verified targets=6 error=System.IO.InvalidDataException: The numbered OMML row for 8260ae5a-f1c0-49a6-be31-9300a31b9bb6 no longer matches its captured formula content.
   在 VisualTeX.WordVsto.WordOmmlFormulaStore.ResolveEquationIdentity(Document document, Bookmark bookmark, String formulaId, FormulaMetadata metadata, Boolean captureCurrentContent)
   在 VisualTeX.WordVsto.WordOmmlFormulaStore.GetEquationRange(Bookmark bookmark)
   在 VisualTeX.WordVsto.WordEquationNumbering.RemoveFormulaNumberingArtifacts(Document document, String formulaId, Boolean preserveNativeCaptionParagraph, Range replacingCompleteHost)
   在 VisualTeX.WordVsto.WordFormulaService.DeleteSingleManagedNumberedOmmlSourceDirect(Document document, WordFormulaFormatConversionTarget target, IReadOnlyDictionary`2 knownReferenceCounts, Boolean preserveCrossReferences)
   在 VisualTeX.WordVsto.WordFormulaService.ApplyFormulaFormatConversionPlan(WordFormulaFormatConversionPlan plan, IReadOnlyDictionary`2 prepared)
2026-09-06T17:43:04.1880174+08:00 pid=87408 tid=1 format-conversion-failed sourceMode=wordOmml targetMode=mathTypeOle error=System.IO.InvalidDataException: The numbered OMML row for 8260ae5a-f1c0-49a6-be31-9300a31b9bb6 no longer matches its captured formula content.
   在 VisualTeX.WordVsto.WordOmmlFormulaStore.ResolveEquationIdentity(Document document, Bookmark bookmark, String formulaId, FormulaMetadata metadata, Boolean captureCurrentContent)
   在 VisualTeX.WordVsto.WordOmmlFormulaStore.GetEquationRange(Bookmark bookmark)
   在 VisualTeX.WordVsto.WordEquationNumbering.RemoveFormulaNumberingArtifacts(Document document, String formulaId, Boolean preserveNativeCaptionParagraph, Range replacingCompleteHost)
   在 VisualTeX.WordVsto.WordFormulaService.DeleteSingleManagedNumberedOmmlSourceDirect(Document document, WordFormulaFormatConversionTarget target, IReadOnlyDictionary`2 knownReferenceCounts, Boolean preserveCrossReferences)
   在 VisualTeX.WordVsto.WordFormulaService.ApplyFormulaFormatConversionPlan(WordFormulaFormatConversionPlan plan, IReadOnlyDictionary`2 prepared)
   在 VisualTeX.WordVsto.OfficeUiDispatcher.<>c__DisplayClass4_0`1.<InvokeAsync>g__Execute|0()
--- 引发异常的上一位置中堆栈跟踪的末尾 ---
   在 System.Runtime.ExceptionServices.ExceptionDispatchInfo.Throw()
   在 System.Runtime.CompilerServices.TaskAwaiter.HandleNonSuccessAndDebuggerNotification(Task task)
   在 System.Runtime.CompilerServices.ConfiguredTaskAwaitable`1.ConfiguredTaskAwaiter.GetResult()
   在 VisualTeX.WordVsto.ThisAddIn.<ConvertFormulaFormatAsync>d__165.MoveNext()
2026-09-06T17:43:59.5444490+08:00 pid=87408 tid=12 left-down x=596 y=1205 wordForeground=True
2026-09-06T17:44:20.3618728+08:00 pid=87408 tid=12 left-down x=2094 y=1018 wordForeground=False
2026-09-06T17:44:23.8507254+08:00 pid=87408 tid=12 left-down x=763 y=1215 wordForeground=True
2026-09-06T17:45:07.5344400+08:00 pid=87408 tid=12 left-down x=737 y=1273 wordForeground=True
2026-09-06T17:45:12.6924491+08:00 pid=87408 tid=12 left-down x=2357 y=1096 wordForeground=False
2026-09-06T17:47:32.4914828+08:00 pid=87408 tid=12 left-down x=894 y=1217 wordForeground=True
2026-09-06T17:47:51.6317342+08:00 pid=87408 tid=12 left-down x=1382 y=1120 wordForeground=False
2026-09-06T17:47:54.5670333+08:00 pid=87408 tid=12 left-down x=2332 y=460 wordForeground=False
2026-09-06T17:47:57.2524665+08:00 pid=87408 tid=12 left-down x=2492 y=460 wordForeground=False
2026-09-06T17:48:42.5100418+08:00 pid=87408 tid=12 left-down x=1776 y=1270 wordForeground=False
2026-09-06T17:48:57.9194370+08:00 pid=87408 tid=12 left-down x=2024 y=1187 wordForeground=True
2026-09-06T17:50:37.6199641+08:00 pid=87408 tid=12 left-down x=836 y=1237 wordForeground=True
2026-09-06T17:50:41.6873225+08:00 pid=87408 tid=12 left-down x=2059 y=1068 wordForeground=False
2026-09-06T17:51:46.9890123+08:00 pid=87408 tid=12 left-down x=607 y=1205 wordForeground=True
2026-09-06T17:51:50.4593831+08:00 pid=87408 tid=12 left-down x=1466 y=1103 wordForeground=False
2026-09-06T17:54:21.9584586+08:00 pid=87408 tid=12 left-down x=1382 y=1120 wordForeground=False
2026-09-06T17:54:25.3228651+08:00 pid=87408 tid=12 left-down x=2332 y=460 wordForeground=False
2026-09-06T17:54:27.8960580+08:00 pid=87408 tid=12 left-down x=2492 y=460 wordForeground=False
2026-09-06T17:55:22.6394159+08:00 pid=87408 tid=12 left-down x=1776 y=1270 wordForeground=False
2026-09-06T17:55:38.2941735+08:00 pid=87408 tid=12 left-down x=2024 y=1211 wordForeground=True
2026-09-06T17:56:58.9932639+08:00 pid=87408 tid=12 left-down x=808 y=1255 wordForeground=True
2026-09-06T17:57:08.0668893+08:00 pid=87408 tid=12 left-down x=1866 y=1723 wordForeground=False
2026-09-06T17:57:17.8357652+08:00 pid=87408 tid=12 left-down x=1905 y=1516 wordForeground=True
2026-09-06T17:58:41.8888888+08:00 pid=87408 tid=12 left-down x=1948 y=1269 wordForeground=True
2026-09-06T17:58:45.6149873+08:00 pid=87408 tid=12 left-down x=1778 y=1476 wordForeground=True
2026-09-06T17:58:49.4769273+08:00 pid=87408 tid=12 left-down x=1141 y=1482 wordForeground=True
2026-09-06T17:58:50.1260324+08:00 pid=87408 tid=12 left-down x=1141 y=1482 wordForeground=True
2026-09-06T17:59:16.8871723+08:00 pid=87408 tid=12 left-down x=1776 y=1270 wordForeground=False
2026-09-06T17:59:59.8721161+08:00 pid=87408 tid=12 left-down x=853 y=1268 wordForeground=True
2026-09-06T18:00:03.5608951+08:00 pid=87408 tid=12 left-down x=2132 y=1445 wordForeground=False
2026-09-06T18:02:51.6640185+08:00 pid=87408 tid=12 left-down x=705 y=1242 wordForeground=True
2026-09-06T18:02:56.0619020+08:00 pid=87408 tid=12 left-down x=2064 y=1539 wordForeground=True
2026-09-06T18:03:21.5448961+08:00 pid=87408 tid=12 left-down x=1776 y=1270 wordForeground=False
2026-09-06T18:08:46.1865801+08:00 pid=87408 tid=12 left-down x=765 y=1027 wordForeground=True
2026-09-06T18:08:50.6445964+08:00 pid=87408 tid=12 left-down x=247 y=1478 wordForeground=False
2026-09-06T18:08:54.3924916+08:00 pid=87408 tid=12 left-down x=664 y=936 wordForeground=False
2026-09-06T18:08:58.3549298+08:00 pid=87408 tid=12 left-down x=1877 y=399 wordForeground=False
2026-09-06T18:11:19.9887298+08:00 pid=87408 tid=12 left-down x=822 y=1270 wordForeground=True
2026-09-06T18:11:29.8875551+08:00 pid=87408 tid=12 left-down x=1265 y=1795 wordForeground=False
2026-09-06T18:13:06.9999546+08:00 pid=87408 tid=12 left-down x=1317 y=747 wordForeground=False
2026-09-06T18:13:09.6018979+08:00 pid=87408 tid=12 left-down x=1602 y=747 wordForeground=False
2026-09-06T18:13:25.8813576+08:00 pid=87408 tid=12 left-down x=1382 y=1120 wordForeground=False
2026-09-06T18:13:29.1872385+08:00 pid=87408 tid=12 left-down x=2332 y=460 wordForeground=False
2026-09-06T18:13:31.6646181+08:00 pid=87408 tid=12 left-down x=2492 y=460 wordForeground=False
2026-09-06T18:14:33.1191795+08:00 pid=87408 tid=12 left-down x=806 y=1212 wordForeground=False
2026-09-06T18:14:50.0343018+08:00 pid=87408 tid=12 left-down x=815 y=1228 wordForeground=True
2026-09-06T18:14:57.2009174+08:00 pid=87408 tid=12 left-down x=2177 y=1494 wordForeground=False
2026-09-06T18:15:00.7658145+08:00 pid=87408 tid=12 left-down x=2100 y=1471 wordForeground=True
2026-09-06T18:15:02.5728328+08:00 pid=87408 tid=12 left-down x=2019 y=1474 wordForeground=True
2026-09-06T18:15:03.1982013+08:00 pid=87408 tid=12 left-down x=2019 y=1475 wordForeground=True
2026-09-06T18:15:11.4107682+08:00 pid=87408 tid=12 left-down x=2639 y=748 wordForeground=False
2026-09-06T18:15:16.0698457+08:00 pid=87408 tid=12 left-down x=835 y=1292 wordForeground=True
2026-09-06T18:15:18.5934484+08:00 pid=87408 tid=12 left-down x=848 y=1359 wordForeground=False
2026-09-06T18:15:20.5439525+08:00 pid=87408 tid=12 left-down x=863 y=1433 wordForeground=False
2026-09-06T18:15:55.8261471+08:00 pid=87408 tid=12 left-down x=218 y=1472 wordForeground=False
2026-09-06T18:17:59.4600515+08:00 pid=87408 tid=12 left-down x=1317 y=747 wordForeground=False
2026-09-06T18:18:17.4863046+08:00 pid=87408 tid=12 left-down x=1382 y=1120 wordForeground=False
2026-09-06T18:18:20.8861570+08:00 pid=87408 tid=12 left-down x=2332 y=460 wordForeground=False
2026-09-06T18:18:23.4584411+08:00 pid=87408 tid=12 left-down x=2492 y=460 wordForeground=False
2026-09-06T18:19:40.3466511+08:00 pid=87408 tid=12 left-down x=1776 y=1270 wordForeground=False
2026-09-06T18:19:54.2488838+08:00 pid=87408 tid=12 left-down x=2024 y=1211 wordForeground=True
2026-09-06T18:22:18.0364206+08:00 pid=87408 tid=12 left-down x=2067 y=1076 wordForeground=True
2026-09-06T18:22:24.0342645+08:00 pid=87408 tid=12 left-down x=1136 y=1362 wordForeground=True
2026-09-06T18:22:55.9929028+08:00 pid=87408 tid=12 left-down x=2228 y=1331 wordForeground=False
2026-09-06T18:23:01.6980455+08:00 pid=87408 tid=12 left-down x=684 y=811 wordForeground=False
2026-09-06T18:23:02.6255300+08:00 pid=87408 tid=12 left-down x=677 y=753 wordForeground=False
2026-09-06T18:23:08.6067068+08:00 pid=87408 tid=12 left-down x=1890 y=411 wordForeground=False
2026-09-06T18:23:16.1154026+08:00 pid=87408 tid=12 left-down x=1381 y=2159 wordForeground=False
2026-09-06T18:23:23.5790035+08:00 pid=87408 tid=12 left-down x=803 y=1363 wordForeground=False
2026-09-06T18:25:26.2248292+08:00 pid=87408 tid=12 left-down x=1245 y=1142 wordForeground=False
2026-09-06T18:25:31.6710819+08:00 pid=87408 tid=12 left-down x=227 y=1461 wordForeground=False
2026-09-06T18:25:37.0180618+08:00 pid=87408 tid=12 left-down x=830 y=1233 wordForeground=False
