<?xml version="1.0" encoding="utf-8"?>
<TestRun id="272be135-46bc-4528-bd6d-9942999e04ed" name="pojian_liao@DESKTOP-VM8VUAQ 2026-09-06 09:59:58" runUser="DESKTOP-VM8VUAQ\CodexSandboxOffline" xmlns="http://microsoft.com/schemas/VisualStudio/TeamTest/2010">
  <Times creation="2026-09-06T09:59:58.1284963+08:00" queuing="2026-09-06T09:59:58.1284965+08:00" start="2026-09-06T09:59:57.7490360+08:00" finish="2026-09-06T09:59:58.1423437+08:00" />
  <TestSettings name="default" id="c681a043-8ad1-4eea-8d7e-c3ee527c3a6d">
    <Deployment runDeploymentRoot="pojian_liao_DESKTOP-VM8VUAQ_2026-09-06_09_59_58" />
  </TestSettings>
  <Results>
    <UnitTestResult executionId="c3c5b35a-5b47-4df4-872b-e3983e2cd42f" testId="87762f89-0cc3-368b-f63b-de38807bb0cf" testName="VisualTeX.WindowsOffice.Tests.WordOmmlConversionIdentityTests.DisplacedAnchorCannotOverwriteFollowingFormulaFingerprint" computerName="DESKTOP-VM8VUAQ" duration="00:00:00.0017613" startTime="2026-09-06T09:59:58.1132361+08:00" endTime="2026-09-06T09:59:58.1132361+08:00" testType="13cdc9d9-ddb5-4fa4-a97d-d965ccfc6d4b" outcome="Passed" testListId="8c84fa94-04c1-424b-9868-57a2d4851a1d" relativeResultsDirectory="c3c5b35a-5b47-4df4-872b-e3983e2cd42f" />
    <UnitTestResult executionId="39783993-a364-4f85-8e42-122bdd270db6" testId="2a4ffc0d-ee9a-a587-fff8-b634dc854540" testName="VisualTeX.WindowsOffice.Tests.WordOmmlImportSignatureTests.LiteralTextDoesNotFoldUnicodeMinusIntoHyphen" computerName="DESKTOP-VM8VUAQ" duration="00:00:00.0001869" startTime="2026-09-06T09:59:58.1132045+08:00" endTime="2026-09-06T09:59:58.1132045+08:00" testType="13cdc9d9-ddb5-4fa4-a97d-d965ccfc6d4b" outcome="Passed" testListId="8c84fa94-04c1-424b-9868-57a2d4851a1d" relativeResultsDirectory="39783993-a364-4f85-8e42-122bdd270db6" />
    <UnitTestResult executionId="4bde2e4a-e42a-4462-8013-18c010a19f2d" testId="f592b08a-36e6-8edf-78d5-e9e8f0247f11" testName="VisualTeX.WindowsOffice.Tests.WordOmmlConversionIdentityTests.NumberedRowContentMismatchCannotRecoverFromAnotherRow" computerName="DESKTOP-VM8VUAQ" duration="00:00:00.0002413" startTime="2026-09-06T09:59:58.1132823+08:00" endTime="2026-09-06T09:59:58.1132824+08:00" testType="13cdc9d9-ddb5-4fa4-a97d-d965ccfc6d4b" outcome="Passed" testListId="8c84fa94-04c1-424b-9868-57a2d4851a1d" relativeResultsDirectory="4bde2e4a-e42a-4462-8013-18c010a19f2d" />
    <UnitTestResult executionId="7c3818eb-0011-49b4-9c06-b3f36fe5698e" testId="cf9f381b-71c3-6159-b820-0d10e3c7ed0b" testName="VisualTeX.WindowsOffice.Tests.WordOmmlImportSignatureTests.FormulaContentChangesRemainDistinct(from: &quot;2&quot;, to: &quot;3&quot;)" computerName="DESKTOP-VM8VUAQ" duration="00:00:00.0002544" startTime="2026-09-06T09:59:58.0998928+08:00" endTime="2026-09-06T09:59:58.0998929+08:00" testType="13cdc9d9-ddb5-4fa4-a97d-d965ccfc6d4b" outcome="Passed" testListId="8c84fa94-04c1-424b-9868-57a2d4851a1d" relativeResultsDirectory="7c3818eb-0011-49b4-9c06-b3f36fe5698e" />
    <UnitTestResult executionId="1c29bbf3-ecee-42ff-8df2-6b261e97f273" testId="1f92c8bb-3e6b-5e25-429b-a5c9011302b9" testName="VisualTeX.WindowsOffice.Tests.WordOmmlConversionIdentityTests.CollapsedAnchorInSameParagraphOwnsItsFormula" computerName="DESKTOP-VM8VUAQ" duration="00:00:00.0003172" startTime="2026-09-06T09:59:58.1132669+08:00" endTime="2026-09-06T09:59:58.1132669+08:00" testType="13cdc9d9-ddb5-4fa4-a97d-d965ccfc6d4b" outcome="Passed" testListId="8c84fa94-04c1-424b-9868-57a2d4851a1d" relativeResultsDirectory="1c29bbf3-ecee-42ff-8df2-6b261e97f273" />
    <UnitTestResult executionId="4affb237-1318-4b21-aaf8-b74a106bff1c" testId="ffec085e-72ce-774b-d1a2-e6f9ca5272fb" testName="VisualTeX.WindowsOffice.Tests.WordOmmlImportSignatureTests.FormulaContentChangesRemainDistinct(from: &quot;sSup&quot;, to: &quot;sSub&quot;)" computerName="DESKTOP-VM8VUAQ" duration="00:00:00.0000725" startTime="2026-09-06T09:59:58.0999792+08:00" endTime="2026-09-06T09:59:58.0999793+08:00" testType="13cdc9d9-ddb5-4fa4-a97d-d965ccfc6d4b" outcome="Passed" testListId="8c84fa94-04c1-424b-9868-57a2d4851a1d" relativeResultsDirectory="4affb237-1318-4b21-aaf8-b74a106bff1c" />
    <UnitTestResult executionId="351eecda-3ebc-499d-9354-c634dfd3a4a1" testId="a9c52240-f398-4134-3a96-31cf62e5a1b8" testName="VisualTeX.WindowsOffice.Tests.WordOmmlImportSignatureTests.ChangedOperatorOrLimitCannotClaimTheSourceIdentity" computerName="DESKTOP-VM8VUAQ" duration="00:00:00.0004032" startTime="2026-09-06T09:59:58.1130938+08:00" endTime="2026-09-06T09:59:58.1130939+08:00" testType="13cdc9d9-ddb5-4fa4-a97d-d965ccfc6d4b" outcome="Passed" testListId="8c84fa94-04c1-424b-9868-57a2d4851a1d" relativeResultsDirectory="351eecda-3ebc-499d-9354-c634dfd3a4a1" />
    <UnitTestResult executionId="9ff7706a-d31c-4d12-919b-1b76b5f8765f" testId="90682b9f-0472-f191-f47d-fd303f5ba08a" testName="VisualTeX.WindowsOffice.Tests.WordUndoHistorySnapshotTests.SplitRecordsIncludeAllNewActionsAndPreserveOlderUserActions" computerName="DESKTOP-VM8VUAQ" duration="00:00:00.0015395" startTime="2026-09-06T09:59:58.0993398+08:00" endTime="2026-09-06T09:59:58.0993399+08:00" testType="13cdc9d9-ddb5-4fa4-a97d-d965ccfc6d4b" outcome="Passed" testListId="8c84fa94-04c1-424b-9868-57a2d4851a1d" relativeResultsDirectory="9ff7706a-d31c-4d12-919b-1b76b5f8765f" />
    <UnitTestResult executionId="39d74e1f-c934-42d4-851c-d1e496a44017" testId="faf0209c-31ad-ac94-4c64-99dc2fa7ea81" testName="VisualTeX.WindowsOffice.Tests.WordOmmlConversionIdentityTests.TwoAnchorsCannotClaimOneEquation" computerName="DESKTOP-VM8VUAQ" duration="00:00:00.0002359" startTime="2026-09-06T09:59:58.1132978+08:00" endTime="2026-09-06T09:59:58.1132978+08:00" testType="13cdc9d9-ddb5-4fa4-a97d-d965ccfc6d4b" outcome="Passed" testListId="8c84fa94-04c1-424b-9868-57a2d4851a1d" relativeResultsDirectory="39d74e1f-c934-42d4-851c-d1e496a44017" />
    <UnitTestResult executionId="e32495d6-418e-4b32-bb86-51a2c39bb885" testId="6048db59-6873-b11e-57b2-861e20b8ffd4" testName="VisualTeX.WindowsOffice.Tests.WordUndoHistorySnapshotTests.NoMutationDoesNotUndoAUserAction" computerName="DESKTOP-VM8VUAQ" duration="00:00:00.0000586" startTime="2026-09-06T09:59:58.0994950+08:00" endTime="2026-09-06T09:59:58.0994950+08:00" testType="13cdc9d9-ddb5-4fa4-a97d-d965ccfc6d4b" outcome="Passed" testListId="8c84fa94-04c1-424b-9868-57a2d4851a1d" relativeResultsDirectory="e32495d6-418e-4b32-bb86-51a2c39bb885" />
    <UnitTestResult executionId="9c26ac5d-f51f-4f32-a94f-d9fe6b7f9977" testId="ad349cbc-b513-12ab-3515-5a7766312f75" testName="VisualTeX.WindowsOffice.Tests.WordOmmlConversionIdentityTests.IdenticalContentsRemainDistinctThroughNumberedRowIdentity" computerName="DESKTOP-VM8VUAQ" duration="00:00:00.0003846" startTime="2026-09-06T09:59:58.1132529+08:00" endTime="2026-09-06T09:59:58.1132530+08:00" testType="13cdc9d9-ddb5-4fa4-a97d-d965ccfc6d4b" outcome="Passed" testListId="8c84fa94-04c1-424b-9868-57a2d4851a1d" relativeResultsDirectory="9c26ac5d-f51f-4f32-a94f-d9fe6b7f9977" />
    <UnitTestResult executionId="367ef5e9-70ce-4531-85f3-4ea0a22af333" testId="409a259b-dce4-7bdc-8980-fd2d080d0519" testName="VisualTeX.WindowsOffice.Tests.WordOmmlImportSignatureTests.WordControlFormattingAndEmptyPropertiesPreserveImportedContent" computerName="DESKTOP-VM8VUAQ" duration="00:00:00.0002335" startTime="2026-09-06T09:59:58.1131867+08:00" endTime="2026-09-06T09:59:58.1131867+08:00" testType="13cdc9d9-ddb5-4fa4-a97d-d965ccfc6d4b" outcome="Passed" testListId="8c84fa94-04c1-424b-9868-57a2d4851a1d" relativeResultsDirectory="367ef5e9-70ce-4531-85f3-4ea0a22af333" />
    <UnitTestResult executionId="0652666d-48eb-4e21-8b1d-e6e2d5e50359" testId="01ce8360-529f-e8ea-410e-31785b11bd8a" testName="VisualTeX.WindowsOffice.Tests.WordOmmlImportSignatureTests.FormulaContentChangesRemainDistinct(from: &quot;x&quot;, to: &quot;y&quot;)" computerName="DESKTOP-VM8VUAQ" duration="00:00:00.0057183" startTime="2026-09-06T09:59:58.0996037+08:00" endTime="2026-09-06T09:59:58.0996038+08:00" testType="13cdc9d9-ddb5-4fa4-a97d-d965ccfc6d4b" outcome="Passed" testListId="8c84fa94-04c1-424b-9868-57a2d4851a1d" relativeResultsDirectory="0652666d-48eb-4e21-8b1d-e6e2d5e50359" />
    <UnitTestResult executionId="ad87bf2f-d3a5-4393-bbb5-93394cea89ea" testId="6b765091-880e-c286-3583-b7328159c092" testName="VisualTeX.WindowsOffice.Tests.WordOmmlConversionIdentityTests.DriftRecoveryRequiresGlobalUniqueness" computerName="DESKTOP-VM8VUAQ" duration="00:00:00.0063508" startTime="2026-09-06T09:59:58.1002514+08:00" endTime="2026-09-06T09:59:58.1002515+08:00" testType="13cdc9d9-ddb5-4fa4-a97d-d965ccfc6d4b" outcome="Passed" testListId="8c84fa94-04c1-424b-9868-57a2d4851a1d" relativeResultsDirectory="ad87bf2f-d3a5-4393-bbb5-93394cea89ea" />
    <UnitTestResult executionId="6aa7cbaa-8c01-4221-ac64-038e3628dc33" testId="8457de94-55e3-7360-d96d-17e1226aa4ba" testName="VisualTeX.WindowsOffice.Tests.WordOmmlImportSignatureTests.DefaultIntegralAndMathematicalMinusHaveEquivalentWordEncodings" computerName="DESKTOP-VM8VUAQ" duration="00:00:00.0001505" startTime="2026-09-06T09:59:58.1132200+08:00" endTime="2026-09-06T09:59:58.1132201+08:00" testType="13cdc9d9-ddb5-4fa4-a97d-d965ccfc6d4b" outcome="Passed" testListId="8c84fa94-04c1-424b-9868-57a2d4851a1d" relativeResultsDirectory="6aa7cbaa-8c01-4221-ac64-038e3628dc33" />
    <UnitTestResult executionId="e2b7a437-efcd-4136-8cdd-e5a009a4213c" testId="5f58328e-0452-e779-b293-150b48d9acaa" testName="VisualTeX.WindowsOffice.Tests.WordUndoHistorySnapshotTests.TruncatedOrReorderedHistoryCannotBeUndone" computerName="DESKTOP-VM8VUAQ" duration="00:00:00.0024478" startTime="2026-09-06T09:59:58.0976322+08:00" endTime="2026-09-06T09:59:58.0976393+08:00" testType="13cdc9d9-ddb5-4fa4-a97d-d965ccfc6d4b" outcome="Passed" testListId="8c84fa94-04c1-424b-9868-57a2d4851a1d" relativeResultsDirectory="e2b7a437-efcd-4136-8cdd-e5a009a4213c" />
    <UnitTestResult executionId="8ca4bf8e-36f7-4f9f-934d-2dd9458932a5" testId="96a4329a-01d3-54a1-e8ce-ac48556cad7e" testName="VisualTeX.WindowsOffice.Tests.WordOmmlImportSignatureTests.OnOffLexicalFormsAreEquivalentButOppositeValuesRemainDistinct" computerName="DESKTOP-VM8VUAQ" duration="00:00:00.0006767" startTime="2026-09-06T09:59:58.1006737+08:00" endTime="2026-09-06T09:59:58.1006737+08:00" testType="13cdc9d9-ddb5-4fa4-a97d-d965ccfc6d4b" outcome="Passed" testListId="8c84fa94-04c1-424b-9868-57a2d4851a1d" relativeResultsDirectory="8ca4bf8e-36f7-4f9f-934d-2dd9458932a5" />
  </Results>
  <TestDefinitions>
    <UnitTest name="VisualTeX.WindowsOffice.Tests.WordOmmlConversionIdentityTests.CollapsedAnchorInSameParagraphOwnsItsFormula" storage="c:\users\pojian_liao\desktop\devspace\visualtex1.2.3-reference-3d207d7\apps\windows\src-windows\visualtex.windowsoffice.tests\bin\debug\net8.0-windows\visualtex.windowsoffice.tests.dll" id="1f92c8bb-3e6b-5e25-429b-a5c9011302b9">
      <Execution id="1c29bbf3-ecee-42ff-8df2-6b261e97f273" />
      <TestMethod codeBase="C:\Users\pojian_liao\Desktop\devspace\visualtex1.2.3-reference-3d207d7\apps\windows\src-windows\VisualTeX.WindowsOffice.Tests\bin\Debug\net8.0-windows\VisualTeX.WindowsOffice.Tests.dll" adapterTypeName="executor://xunit/VsTestRunner2/netcoreapp" className="VisualTeX.WindowsOffice.Tests.WordOmmlConversionIdentityTests" name="CollapsedAnchorInSameParagraphOwnsItsFormula" />
    </UnitTest>
    <UnitTest name="VisualTeX.WindowsOffice.Tests.WordOmmlImportSignatureTests.FormulaContentChangesRemainDistinct(from: &quot;sSup&quot;, to: &quot;sSub&quot;)" storage="c:\users\pojian_liao\desktop\devspace\visualtex1.2.3-reference-3d207d7\apps\windows\src-windows\visualtex.windowsoffice.tests\bin\debug\net8.0-windows\visualtex.windowsoffice.tests.dll" id="ffec085e-72ce-774b-d1a2-e6f9ca5272fb">
      <Execution id="4affb237-1318-4b21-aaf8-b74a106bff1c" />
      <TestMethod codeBase="C:\Users\pojian_liao\Desktop\devspace\visualtex1.2.3-reference-3d207d7\apps\windows\src-windows\VisualTeX.WindowsOffice.Tests\bin\Debug\net8.0-windows\VisualTeX.WindowsOffice.Tests.dll" adapterTypeName="executor://xunit/VsTestRunner2/netcoreapp" className="VisualTeX.WindowsOffice.Tests.WordOmmlImportSignatureTests" name="FormulaContentChangesRemainDistinct" />
    </UnitTest>
    <UnitTest name="VisualTeX.WindowsOffice.Tests.WordUndoHistorySnapshotTests.SplitRecordsIncludeAllNewActionsAndPreserveOlderUserActions" storage="c:\users\pojian_liao\desktop\devspace\visualtex1.2.3-reference-3d207d7\apps\windows\src-windows\visualtex.windowsoffice.tests\bin\debug\net8.0-windows\visualtex.windowsoffice.tests.dll" id="90682b9f-0472-f191-f47d-fd303f5ba08a">
      <Execution id="9ff7706a-d31c-4d12-919b-1b76b5f8765f" />
      <TestMethod codeBase="C:\Users\pojian_liao\Desktop\devspace\visualtex1.2.3-reference-3d207d7\apps\windows\src-windows\VisualTeX.WindowsOffice.Tests\bin\Debug\net8.0-windows\VisualTeX.WindowsOffice.Tests.dll" adapterTypeName="executor://xunit/VsTestRunner2/netcoreapp" className="VisualTeX.WindowsOffice.Tests.WordUndoHistorySnapshotTests" name="SplitRecordsIncludeAllNewActionsAndPreserveOlderUserActions" />
    </UnitTest>
    <UnitTest name="VisualTeX.WindowsOffice.Tests.WordOmmlConversionIdentityTests.DriftRecoveryRequiresGlobalUniqueness" storage="c:\users\pojian_liao\desktop\devspace\visualtex1.2.3-reference-3d207d7\apps\windows\src-windows\visualtex.windowsoffice.tests\bin\debug\net8.0-windows\visualtex.windowsoffice.tests.dll" id="6b765091-880e-c286-3583-b7328159c092">
      <Execution id="ad87bf2f-d3a5-4393-bbb5-93394cea89ea" />
      <TestMethod codeBase="C:\Users\pojian_liao\Desktop\devspace\visualtex1.2.3-reference-3d207d7\apps\windows\src-windows\VisualTeX.WindowsOffice.Tests\bin\Debug\net8.0-windows\VisualTeX.WindowsOffice.Tests.dll" adapterTypeName="executor://xunit/VsTestRunner2/netcoreapp" className="VisualTeX.WindowsOffice.Tests.WordOmmlConversionIdentityTests" name="DriftRecoveryRequiresGlobalUniqueness" />
    </UnitTest>
    <UnitTest name="VisualTeX.WindowsOffice.Tests.WordOmmlImportSignatureTests.OnOffLexicalFormsAreEquivalentButOppositeValuesRemainDistinct" storage="c:\users\pojian_liao\desktop\devspace\visualtex1.2.3-reference-3d207d7\apps\windows\src-windows\visualtex.windowsoffice.tests\bin\debug\net8.0-windows\visualtex.windowsoffice.tests.dll" id="96a4329a-01d3-54a1-e8ce-ac48556cad7e">
      <Execution id="8ca4bf8e-36f7-4f9f-934d-2dd9458932a5" />
      <TestMethod codeBase="C:\Users\pojian_liao\Desktop\devspace\visualtex1.2.3-reference-3d207d7\apps\windows\src-windows\VisualTeX.WindowsOffice.Tests\bin\Debug\net8.0-windows\VisualTeX.WindowsOffice.Tests.dll" adapterTypeName="executor://xunit/VsTestRunner2/netcoreapp" className="VisualTeX.WindowsOffice.Tests.WordOmmlImportSignatureTests" name="OnOffLexicalFormsAreEquivalentButOppositeValuesRemainDistinct" />
    </UnitTest>
    <UnitTest name="VisualTeX.WindowsOffice.Tests.WordUndoHistorySnapshotTests.NoMutationDoesNotUndoAUserAction" storage="c:\users\pojian_liao\desktop\devspace\visualtex1.2.3-reference-3d207d7\apps\windows\src-windows\visualtex.windowsoffice.tests\bin\debug\net8.0-windows\visualtex.windowsoffice.tests.dll" id="6048db59-6873-b11e-57b2-861e20b8ffd4">
      <Execution id="e32495d6-418e-4b32-bb86-51a2c39bb885" />
      <TestMethod codeBase="C:\Users\pojian_liao\Desktop\devspace\visualtex1.2.3-reference-3d207d7\apps\windows\src-windows\VisualTeX.WindowsOffice.Tests\bin\Debug\net8.0-windows\VisualTeX.WindowsOffice.Tests.dll" adapterTypeName="executor://xunit/VsTestRunner2/netcoreapp" className="VisualTeX.WindowsOffice.Tests.WordUndoHistorySnapshotTests" name="NoMutationDoesNotUndoAUserAction" />
    </UnitTest>
    <UnitTest name="VisualTeX.WindowsOffice.Tests.WordOmmlConversionIdentityTests.NumberedRowContentMismatchCannotRecoverFromAnotherRow" storage="c:\users\pojian_liao\desktop\devspace\visualtex1.2.3-reference-3d207d7\apps\windows\src-windows\visualtex.windowsoffice.tests\bin\debug\net8.0-windows\visualtex.windowsoffice.tests.dll" id="f592b08a-36e6-8edf-78d5-e9e8f0247f11">
      <Execution id="4bde2e4a-e42a-4462-8013-18c010a19f2d" />
      <TestMethod codeBase="C:\Users\pojian_liao\Desktop\devspace\visualtex1.2.3-reference-3d207d7\apps\windows\src-windows\VisualTeX.WindowsOffice.Tests\bin\Debug\net8.0-windows\VisualTeX.WindowsOffice.Tests.dll" adapterTypeName="executor://xunit/VsTestRunner2/netcoreapp" className="VisualTeX.WindowsOffice.Tests.WordOmmlConversionIdentityTests" name="NumberedRowContentMismatchCannotRecoverFromAnotherRow" />
    </UnitTest>
    <UnitTest name="VisualTeX.WindowsOffice.Tests.WordOmmlImportSignatureTests.ChangedOperatorOrLimitCannotClaimTheSourceIdentity" storage="c:\users\pojian_liao\desktop\devspace\visualtex1.2.3-reference-3d207d7\apps\windows\src-windows\visualtex.windowsoffice.tests\bin\debug\net8.0-windows\visualtex.windowsoffice.tests.dll" id="a9c52240-f398-4134-3a96-31cf62e5a1b8">
      <Execution id="351eecda-3ebc-499d-9354-c634dfd3a4a1" />
      <TestMethod codeBase="C:\Users\pojian_liao\Desktop\devspace\visualtex1.2.3-reference-3d207d7\apps\windows\src-windows\VisualTeX.WindowsOffice.Tests\bin\Debug\net8.0-windows\VisualTeX.WindowsOffice.Tests.dll" adapterTypeName="executor://xunit/VsTestRunner2/netcoreapp" className="VisualTeX.WindowsOffice.Tests.WordOmmlImportSignatureTests" name="ChangedOperatorOrLimitCannotClaimTheSourceIdentity" />
    </UnitTest>
    <UnitTest name="VisualTeX.WindowsOffice.Tests.WordOmmlConversionIdentityTests.DisplacedAnchorCannotOverwriteFollowingFormulaFingerprint" storage="c:\users\pojian_liao\desktop\devspace\visualtex1.2.3-reference-3d207d7\apps\windows\src-windows\visualtex.windowsoffice.tests\bin\debug\net8.0-windows\visualtex.windowsoffice.tests.dll" id="87762f89-0cc3-368b-f63b-de38807bb0cf">
      <Execution id="c3c5b35a-5b47-4df4-872b-e3983e2cd42f" />
      <TestMethod codeBase="C:\Users\pojian_liao\Desktop\devspace\visualtex1.2.3-reference-3d207d7\apps\windows\src-windows\VisualTeX.WindowsOffice.Tests\bin\Debug\net8.0-windows\VisualTeX.WindowsOffice.Tests.dll" adapterTypeName="executor://xunit/VsTestRunner2/netcoreapp" className="VisualTeX.WindowsOffice.Tests.WordOmmlConversionIdentityTests" name="DisplacedAnchorCannotOverwriteFollowingFormulaFingerprint" />
    </UnitTest>
    <UnitTest name="VisualTeX.WindowsOffice.Tests.WordOmmlImportSignatureTests.DefaultIntegralAndMathematicalMinusHaveEquivalentWordEncodings" storage="c:\users\pojian_liao\desktop\devspace\visualtex1.2.3-reference-3d207d7\apps\windows\src-windows\visualtex.windowsoffice.tests\bin\debug\net8.0-windows\visualtex.windowsoffice.tests.dll" id="8457de94-55e3-7360-d96d-17e1226aa4ba">
      <Execution id="6aa7cbaa-8c01-4221-ac64-038e3628dc33" />
      <TestMethod codeBase="C:\Users\pojian_liao\Desktop\devspace\visualtex1.2.3-reference-3d207d7\apps\windows\src-windows\VisualTeX.WindowsOffice.Tests\bin\Debug\net8.0-windows\VisualTeX.WindowsOffice.Tests.dll" adapterTypeName="executor://xunit/VsTestRunner2/netcoreapp" className="VisualTeX.WindowsOffice.Tests.WordOmmlImportSignatureTests" name="DefaultIntegralAndMathematicalMinusHaveEquivalentWordEncodings" />
    </UnitTest>
    <UnitTest name="VisualTeX.WindowsOffice.Tests.WordOmmlImportSignatureTests.WordControlFormattingAndEmptyPropertiesPreserveImportedContent" storage="c:\users\pojian_liao\desktop\devspace\visualtex1.2.3-reference-3d207d7\apps\windows\src-windows\visualtex.windowsoffice.tests\bin\debug\net8.0-windows\visualtex.windowsoffice.tests.dll" id="409a259b-dce4-7bdc-8980-fd2d080d0519">
      <Execution id="367ef5e9-70ce-4531-85f3-4ea0a22af333" />
      <TestMethod codeBase="C:\Users\pojian_liao\Desktop\devspace\visualtex1.2.3-reference-3d207d7\apps\windows\src-windows\VisualTeX.WindowsOffice.Tests\bin\Debug\net8.0-windows\VisualTeX.WindowsOffice.Tests.dll" adapterTypeName="executor://xunit/VsTestRunner2/netcoreapp" className="VisualTeX.WindowsOffice.Tests.WordOmmlImportSignatureTests" name="WordControlFormattingAndEmptyPropertiesPreserveImportedContent" />
    </UnitTest>
    <UnitTest name="VisualTeX.WindowsOffice.Tests.WordOmmlConversionIdentityTests.TwoAnchorsCannotClaimOneEquation" storage="c:\users\pojian_liao\desktop\devspace\visualtex1.2.3-reference-3d207d7\apps\windows\src-windows\visualtex.windowsoffice.tests\bin\debug\net8.0-windows\visualtex.windowsoffice.tests.dll" id="faf0209c-31ad-ac94-4c64-99dc2fa7ea81">
      <Execution id="39d74e1f-c934-42d4-851c-d1e496a44017" />
      <TestMethod codeBase="C:\Users\pojian_liao\Desktop\devspace\visualtex1.2.3-reference-3d207d7\apps\windows\src-windows\VisualTeX.WindowsOffice.Tests\bin\Debug\net8.0-windows\VisualTeX.WindowsOffice.Tests.dll" adapterTypeName="executor://xunit/VsTestRunner2/netcoreapp" className="VisualTeX.WindowsOffice.Tests.WordOmmlConversionIdentityTests" name="TwoAnchorsCannotClaimOneEquation" />
    </UnitTest>
    <UnitTest name="VisualTeX.WindowsOffice.Tests.WordOmmlImportSignatureTests.FormulaContentChangesRemainDistinct(from: &quot;x&quot;, to: &quot;y&quot;)" storage="c:\users\pojian_liao\desktop\devspace\visualtex1.2.3-reference-3d207d7\apps\windows\src-windows\visualtex.windowsoffice.tests\bin\debug\net8.0-windows\visualtex.windowsoffice.tests.dll" id="01ce8360-529f-e8ea-410e-31785b11bd8a">
      <Execution id="0652666d-48eb-4e21-8b1d-e6e2d5e50359" />
      <TestMethod codeBase="C:\Users\pojian_liao\Desktop\devspace\visualtex1.2.3-reference-3d207d7\apps\windows\src-windows\VisualTeX.WindowsOffice.Tests\bin\Debug\net8.0-windows\VisualTeX.WindowsOffice.Tests.dll" adapterTypeName="executor://xunit/VsTestRunner2/netcoreapp" className="VisualTeX.WindowsOffice.Tests.WordOmmlImportSignatureTests" name="FormulaContentChangesRemainDistinct" />
    </UnitTest>
    <UnitTest name="VisualTeX.WindowsOffice.Tests.WordOmmlImportSignatureTests.FormulaContentChangesRemainDistinct(from: &quot;2&quot;, to: &quot;3&quot;)" storage="c:\users\pojian_liao\desktop\devspace\visualtex1.2.3-reference-3d207d7\apps\windows\src-windows\visualtex.windowsoffice.tests\bin\debug\net8.0-windows\visualtex.windowsoffice.tests.dll" id="cf9f381b-71c3-6159-b820-0d10e3c7ed0b">
      <Execution id="7c3818eb-0011-49b4-9c06-b3f36fe5698e" />
      <TestMethod codeBase="C:\Users\pojian_liao\Desktop\devspace\visualtex1.2.3-reference-3d207d7\apps\windows\src-windows\VisualTeX.WindowsOffice.Tests\bin\Debug\net8.0-windows\VisualTeX.WindowsOffice.Tests.dll" adapterTypeName="executor://xunit/VsTestRunner2/netcoreapp" className="VisualTeX.WindowsOffice.Tests.WordOmmlImportSignatureTests" name="FormulaContentChangesRemainDistinct" />
    </UnitTest>
    <UnitTest name="VisualTeX.WindowsOffice.Tests.WordOmmlImportSignatureTests.LiteralTextDoesNotFoldUnicodeMinusIntoHyphen" storage="c:\users\pojian_liao\desktop\devspace\visualtex1.2.3-reference-3d207d7\apps\windows\src-windows\visualtex.windowsoffice.tests\bin\debug\net8.0-windows\visualtex.windowsoffice.tests.dll" id="2a4ffc0d-ee9a-a587-fff8-b634dc854540">
      <Execution id="39783993-a364-4f85-8e42-122bdd270db6" />
      <TestMethod codeBase="C:\Users\pojian_liao\Desktop\devspace\visualtex1.2.3-reference-3d207d7\apps\windows\src-windows\VisualTeX.WindowsOffice.Tests\bin\Debug\net8.0-windows\VisualTeX.WindowsOffice.Tests.dll" adapterTypeName="executor://xunit/VsTestRunner2/netcoreapp" className="VisualTeX.WindowsOffice.Tests.WordOmmlImportSignatureTests" name="LiteralTextDoesNotFoldUnicodeMinusIntoHyphen" />
    </UnitTest>
    <UnitTest name="VisualTeX.WindowsOffice.Tests.WordOmmlConversionIdentityTests.IdenticalContentsRemainDistinctThroughNumberedRowIdentity" storage="c:\users\pojian_liao\desktop\devspace\visualtex1.2.3-reference-3d207d7\apps\windows\src-windows\visualtex.windowsoffice.tests\bin\debug\net8.0-windows\visualtex.windowsoffice.tests.dll" id="ad349cbc-b513-12ab-3515-5a7766312f75">
      <Execution id="9c26ac5d-f51f-4f32-a94f-d9fe6b7f9977" />
      <TestMethod codeBase="C:\Users\pojian_liao\Desktop\devspace\visualtex1.2.3-reference-3d207d7\apps\windows\src-windows\VisualTeX.WindowsOffice.Tests\bin\Debug\net8.0-windows\VisualTeX.WindowsOffice.Tests.dll" adapterTypeName="executor://xunit/VsTestRunner2/netcoreapp" className="VisualTeX.WindowsOffice.Tests.WordOmmlConversionIdentityTests" name="IdenticalContentsRemainDistinctThroughNumberedRowIdentity" />
    </UnitTest>
    <UnitTest name="VisualTeX.WindowsOffice.Tests.WordUndoHistorySnapshotTests.TruncatedOrReorderedHistoryCannotBeUndone" storage="c:\users\pojian_liao\desktop\devspace\visualtex1.2.3-reference-3d207d7\apps\windows\src-windows\visualtex.windowsoffice.tests\bin\debug\net8.0-windows\visualtex.windowsoffice.tests.dll" id="5f58328e-0452-e779-b293-150b48d9acaa">
      <Execution id="e2b7a437-efcd-4136-8cdd-e5a009a4213c" />
      <TestMethod codeBase="C:\Users\pojian_liao\Desktop\devspace\visualtex1.2.3-reference-3d207d7\apps\windows\src-windows\VisualTeX.WindowsOffice.Tests\bin\Debug\net8.0-windows\VisualTeX.WindowsOffice.Tests.dll" adapterTypeName="executor://xunit/VsTestRunner2/netcoreapp" className="VisualTeX.WindowsOffice.Tests.WordUndoHistorySnapshotTests" name="TruncatedOrReorderedHistoryCannotBeUndone" />
    </UnitTest>
  </TestDefinitions>
  <TestEntries>
    <TestEntry testId="87762f89-0cc3-368b-f63b-de38807bb0cf" executionId="c3c5b35a-5b47-4df4-872b-e3983e2cd42f" testListId="8c84fa94-04c1-424b-9868-57a2d4851a1d" />
    <TestEntry testId="2a4ffc0d-ee9a-a587-fff8-b634dc854540" executionId="39783993-a364-4f85-8e42-122bdd270db6" testListId="8c84fa94-04c1-424b-9868-57a2d4851a1d" />
    <TestEntry testId="f592b08a-36e6-8edf-78d5-e9e8f0247f11" executionId="4bde2e4a-e42a-4462-8013-18c010a19f2d" testListId="8c84fa94-04c1-424b-9868-57a2d4851a1d" />
    <TestEntry testId="cf9f381b-71c3-6159-b820-0d10e3c7ed0b" executionId="7c3818eb-0011-49b4-9c06-b3f36fe5698e" testListId="8c84fa94-04c1-424b-9868-57a2d4851a1d" />
    <TestEntry testId="1f92c8bb-3e6b-5e25-429b-a5c9011302b9" executionId="1c29bbf3-ecee-42ff-8df2-6b261e97f273" testListId="8c84fa94-04c1-424b-9868-57a2d4851a1d" />
    <TestEntry testId="ffec085e-72ce-774b-d1a2-e6f9ca5272fb" executionId="4affb237-1318-4b21-aaf8-b74a106bff1c" testListId="8c84fa94-04c1-424b-9868-57a2d4851a1d" />
    <TestEntry testId="a9c52240-f398-4134-3a96-31cf62e5a1b8" executionId="351eecda-3ebc-499d-9354-c634dfd3a4a1" testListId="8c84fa94-04c1-424b-9868-57a2d4851a1d" />
    <TestEntry testId="90682b9f-0472-f191-f47d-fd303f5ba08a" executionId="9ff7706a-d31c-4d12-919b-1b76b5f8765f" testListId="8c84fa94-04c1-424b-9868-57a2d4851a1d" />
    <TestEntry testId="faf0209c-31ad-ac94-4c64-99dc2fa7ea81" executionId="39d74e1f-c934-42d4-851c-d1e496a44017" testListId="8c84fa94-04c1-424b-9868-57a2d4851a1d" />
    <TestEntry testId="6048db59-6873-b11e-57b2-861e20b8ffd4" executionId="e32495d6-418e-4b32-bb86-51a2c39bb885" testListId="8c84fa94-04c1-424b-9868-57a2d4851a1d" />
    <TestEntry testId="ad349cbc-b513-12ab-3515-5a7766312f75" executionId="9c26ac5d-f51f-4f32-a94f-d9fe6b7f9977" testListId="8c84fa94-04c1-424b-9868-57a2d4851a1d" />
    <TestEntry testId="409a259b-dce4-7bdc-8980-fd2d080d0519" executionId="367ef5e9-70ce-4531-85f3-4ea0a22af333" testListId="8c84fa94-04c1-424b-9868-57a2d4851a1d" />
    <TestEntry testId="01ce8360-529f-e8ea-410e-31785b11bd8a" executionId="0652666d-48eb-4e21-8b1d-e6e2d5e50359" testListId="8c84fa94-04c1-424b-9868-57a2d4851a1d" />
    <TestEntry testId="6b765091-880e-c286-3583-b7328159c092" executionId="ad87bf2f-d3a5-4393-bbb5-93394cea89ea" testListId="8c84fa94-04c1-424b-9868-57a2d4851a1d" />
    <TestEntry testId="8457de94-55e3-7360-d96d-17e1226aa4ba" executionId="6aa7cbaa-8c01-4221-ac64-038e3628dc33" testListId="8c84fa94-04c1-424b-9868-57a2d4851a1d" />
    <TestEntry testId="5f58328e-0452-e779-b293-150b48d9acaa" executionId="e2b7a437-efcd-4136-8cdd-e5a009a4213c" testListId="8c84fa94-04c1-424b-9868-57a2d4851a1d" />
    <TestEntry testId="96a4329a-01d3-54a1-e8ce-ac48556cad7e" executionId="8ca4bf8e-36f7-4f9f-934d-2dd9458932a5" testListId="8c84fa94-04c1-424b-9868-57a2d4851a1d" />
  </TestEntries>
  <TestLists>
    <TestList name="列表中未列出的结果" id="8c84fa94-04c1-424b-9868-57a2d4851a1d" />
    <TestList name="所有已加载的结果" id="19431567-8539-422a-85d7-44ee4e166bda" />
  </TestLists>
  <ResultSummary outcome="Completed">
    <Counters total="17" executed="17" passed="17" failed="0" error="0" timeout="0" aborted="0" inconclusive="0" passedButRunAborted="0" notRunnable="0" notExecuted="0" disconnected="0" warning="0" completed="0" inProgress="0" pending="0" />
    <Output>
      <StdOut>[xUnit.net 00:00:00.00] xUnit.net VSTest Adapter v2.8.2+699d445a1a (64-bit .NET 8.0.29)&#xD;
[xUnit.net 00:00:00.04]   Discovering: VisualTeX.WindowsOffice.Tests&#xD;
[xUnit.net 00:00:00.08]   Discovered:  VisualTeX.WindowsOffice.Tests&#xD;
[xUnit.net 00:00:00.09]   Starting:    VisualTeX.WindowsOffice.Tests&#xD;
[xUnit.net 00:00:00.13]   Finished:    VisualTeX.WindowsOffice.Tests&#xD;
</StdOut>
    </Output>
  </ResultSummary>
</TestRun>